name: model.layers.0.self_attn.q_proj.weight, type: torch.int8, ratio: 0.0254885982722044, diff: 1696.2906494140625, norm: 66550.9609375
name: model.layers.0.self_attn.k_proj.weight, type: torch.int8, ratio: 0.018897131085395813, diff: 641.1302490234375, norm: 33927.38671875
name: model.layers.0.self_attn.v_proj.weight, type: torch.int8, ratio: 0.01646699756383896, diff: 640.5575561523438, norm: 38899.47265625
name: model.layers.0.self_attn.o_proj.weight, type: torch.int8, ratio: 0.01587466523051262, diff: 1537.4908447265625, norm: 96851.859375
name: model.layers.0.mlp.gate_proj.weight, type: torch.int8, ratio: 0.023564321920275688, diff: 3858.619384765625, norm: 163748.375
name: model.layers.0.mlp.up_proj.weight, type: torch.int8, ratio: 0.020487001165747643, diff: 4064.3447265625, norm: 198386.515625
name: model.layers.0.mlp.down_proj.weight, type: torch.int8, ratio: 0.016138441860675812, diff: 3357.8505859375, norm: 208065.34375
name: model.layers.0.input_layernorm.weight, type: torch.float16, ratio: 0.0, diff: 0.0, norm: 6.300511837005615
name: model.layers.0.post_attention_layernorm.weight, type: torch.float16, ratio: 0.0, diff: 0.0, norm: 7.523930549621582
name: model.layers.1.self_attn.q_proj.weight, type: torch.int8, ratio: 0.0418657511472702, diff: 1588.15234375, norm: 37934.40625
name: model.layers.1.self_attn.k_proj.weight, type: torch.int8, ratio: 0.0404205322265625, diff: 601.5679321289062, norm: 14882.7314453125
name: model.layers.1.self_attn.v_proj.weight, type: torch.int8, ratio: 0.024581527337431908, diff: 610.128662109375, norm: 24820.6171875
name: model.layers.1.self_attn.o_proj.weight, type: torch.int8, ratio: 0.014058390632271767, diff: 1532.8291015625, norm: 109033.0390625
name: model.layers.1.mlp.gate_proj.weight, type: torch.int8, ratio: 0.0398867093026638, diff: 3025.70263671875, norm: 75857.4140625
name: model.layers.1.mlp.up_proj.weight, type: torch.int8, ratio: 0.026432113721966743, diff: 3365.09521484375, norm: 127310.8671875
name: model.layers.1.mlp.down_proj.weight, type: torch.int8, ratio: 0.022700129076838493, diff: 4142.59521484375, norm: 182492.140625
name: model.layers.1.input_layernorm.weight, type: torch.float16, ratio: 0.0, diff: 0.0, norm: 5.893723487854004
name: model.layers.1.post_attention_layernorm.weight, type: torch.float16, ratio: 0.0, diff: 0.0, norm: 8.99150562286377
name: model.layers.2.self_attn.q_proj.weight, type: torch.int8, ratio: 0.022672152146697044, diff: 1308.3443603515625, norm: 57707.109375
name: model.layers.2.self_attn.k_proj.weight, type: torch.int8, ratio: 0.02617613412439823, diff: 494.8292541503906, norm: 18903.83203125
name: model.layers.2.self_attn.v_proj.weight, type: torch.int8, ratio: 0.01639244146645069, diff: 494.19732666015625, norm: 30147.876953125
name: model.layers.2.self_attn.o_proj.weight, type: torch.int8, ratio: 0.011973659507930279, diff: 1339.3721923828125, norm: 111859.8828125
name: model.layers.2.mlp.gate_proj.weight, type: torch.int8, ratio: 0.03466354310512543, diff: 2831.661376953125, norm: 81689.8984375
name: model.layers.2.mlp.up_proj.weight, type: torch.int8, ratio: 0.020083457231521606, diff: 2988.31640625, norm: 148794.921875
name: model.layers.2.mlp.down_proj.weight, type: torch.int8, ratio: 0.014788744039833546, diff: 3059.59912109375, norm: 206887.015625
name: model.layers.2.input_layernorm.weight, type: torch.float16, ratio: 0.0, diff: 0.0, norm: 7.552173614501953
name: model.layers.2.post_attention_layernorm.weight, type: torch.float16, ratio: 0.0, diff: 0.0, norm: 8.777153968811035
name: model.layers.3.self_attn.q_proj.weight, type: torch.int8, ratio: 0.023584702983498573, diff: 1302.611572265625, norm: 55231.20703125
name: model.layers.3.self_attn.k_proj.weight, type: torch.int8, ratio: 0.027737541124224663, diff: 492.09246826171875, norm: 17741.02734375
name: model.layers.3.self_attn.v_proj.weight, type: torch.int8, ratio: 0.01869865506887436, diff: 492.61444091796875, norm: 26344.9140625
name: model.layers.3.self_attn.o_proj.weight, type: torch.int8, ratio: 0.011891243048012257, diff: 1262.185791015625, norm: 106144.140625
name: model.layers.3.mlp.gate_proj.weight, type: torch.int8, ratio: 0.025421863421797752, diff: 3019.576904296875, norm: 118778.7421875
name: model.layers.3.mlp.up_proj.weight, type: torch.int8, ratio: 0.014260057359933853, diff: 3020.09228515625, norm: 211786.828125
name: model.layers.3.mlp.down_proj.weight, type: torch.int8, ratio: 0.013605289161205292, diff: 2982.032958984375, norm: 219181.890625
name: model.layers.3.input_layernorm.weight, type: torch.float16, ratio: 0.0, diff: 0.0, norm: 7.053050994873047
name: model.layers.3.post_attention_layernorm.weight, type: torch.float16, ratio: 0.0, diff: 0.0, norm: 9.109797477722168
name: model.layers.4.self_attn.q_proj.weight, type: torch.int8, ratio: 0.023188501596450806, diff: 1309.866455078125, norm: 56487.7578125
name: model.layers.4.self_attn.k_proj.weight, type: torch.int8, ratio: 0.025844551622867584, diff: 495.5269775390625, norm: 19173.36328125
name: model.layers.4.self_attn.v_proj.weight, type: torch.int8, ratio: 0.01740349642932415, diff: 494.6261291503906, norm: 28421.078125
name: model.layers.4.self_attn.o_proj.weight, type: torch.int8, ratio: 0.01098023634403944, diff: 1193.4559326171875, norm: 108691.28125
name: model.layers.4.mlp.gate_proj.weight, type: torch.int8, ratio: 0.027498610317707062, diff: 3024.66650390625, norm: 109993.4296875
name: model.layers.4.mlp.up_proj.weight, type: torch.int8, ratio: 0.013229938223958015, diff: 3026.497314453125, norm: 228761.265625
name: model.layers.4.mlp.down_proj.weight, type: torch.int8, ratio: 0.009249616414308548, diff: 2088.9814453125, norm: 225845.1875
name: model.layers.4.input_layernorm.weight, type: torch.float16, ratio: 0.0, diff: 0.0, norm: 7.125995635986328
name: model.layers.4.post_attention_layernorm.weight, type: torch.float16, ratio: 0.0, diff: 0.0, norm: 8.933754920959473
name: model.layers.5.self_attn.q_proj.weight, type: torch.int8, ratio: 0.01958623342216015, diff: 1308.721923828125, norm: 66818.4609375
name: model.layers.5.self_attn.k_proj.weight, type: torch.int8, ratio: 0.02133076824247837, diff: 495.1686706542969, norm: 23213.822265625
name: model.layers.5.self_attn.v_proj.weight, type: torch.int8, ratio: 0.016058392822742462, diff: 494.2651062011719, norm: 30779.23828125
name: model.layers.5.self_attn.o_proj.weight, type: torch.int8, ratio: 0.010306754149496555, diff: 1158.593505859375, norm: 112411.09375
name: model.layers.5.mlp.gate_proj.weight, type: torch.int8, ratio: 0.03157549351453781, diff: 3009.79833984375, norm: 95320.7109375
name: model.layers.5.mlp.up_proj.weight, type: torch.int8, ratio: 0.01339018251746893, diff: 3012.695556640625, norm: 224992.875
name: model.layers.5.mlp.down_proj.weight, type: torch.int8, ratio: 0.012959717772901058, diff: 2919.7529296875, norm: 225294.484375
name: model.layers.5.input_layernorm.weight, type: torch.float16, ratio: 0.0, diff: 0.0, norm: 7.6103291511535645
name: model.layers.5.post_attention_layernorm.weight, type: torch.float16, ratio: 0.0, diff: 0.0, norm: 9.059097290039062
name: model.layers.6.self_attn.q_proj.weight, type: torch.int8, ratio: 0.021931670606136322, diff: 1311.6162109375, norm: 59804.6640625
name: model.layers.6.self_attn.k_proj.weight, type: torch.int8, ratio: 0.023786207661032677, diff: 495.2807312011719, norm: 20822.181640625
name: model.layers.6.self_attn.v_proj.weight, type: torch.int8, ratio: 0.016514984890818596, diff: 495.7065734863281, norm: 30015.5625
name: model.layers.6.self_attn.o_proj.weight, type: torch.int8, ratio: 0.01116643100976944, diff: 1224.555419921875, norm: 109663.9921875
name: model.layers.6.mlp.gate_proj.weight, type: torch.int8, ratio: 0.018881144002079964, diff: 3024.2138671875, norm: 160171.109375
name: model.layers.6.mlp.up_proj.weight, type: torch.int8, ratio: 0.011665062047541142, diff: 3025.4765625, norm: 259362.234375
name: model.layers.6.mlp.down_proj.weight, type: torch.int8, ratio: 0.014478218741714954, diff: 3292.766357421875, norm: 227428.96875
name: model.layers.6.input_layernorm.weight, type: torch.float16, ratio: 0.0, diff: 0.0, norm: 7.414433002471924
name: model.layers.6.post_attention_layernorm.weight, type: torch.float16, ratio: 0.0, diff: 0.0, norm: 8.232597351074219
name: model.layers.7.self_attn.q_proj.weight, type: torch.int8, ratio: 0.020414508879184723, diff: 1322.0283203125, norm: 64759.25390625
name: model.layers.7.self_attn.k_proj.weight, type: torch.int8, ratio: 0.026427701115608215, diff: 500.3608703613281, norm: 18933.197265625
name: model.layers.7.self_attn.v_proj.weight, type: torch.int8, ratio: 0.01613454893231392, diff: 500.0, norm: 30989.400390625
name: model.layers.7.self_attn.o_proj.weight, type: torch.int8, ratio: 0.011183738708496094, diff: 1215.2032470703125, norm: 108658.046875
name: model.layers.7.mlp.gate_proj.weight, type: torch.int8, ratio: 0.015701964497566223, diff: 3042.0751953125, norm: 193738.5
name: model.layers.7.mlp.up_proj.weight, type: torch.int8, ratio: 0.011908970773220062, diff: 3042.554931640625, norm: 255484.296875
name: model.layers.7.mlp.down_proj.weight, type: torch.int8, ratio: 0.012775245122611523, diff: 2894.03466796875, norm: 226534.5625
name: model.layers.7.input_layernorm.weight, type: torch.float16, ratio: 0.0, diff: 0.0, norm: 7.885835647583008
name: model.layers.7.post_attention_layernorm.weight, type: torch.float16, ratio: 0.0, diff: 0.0, norm: 8.201855659484863
name: model.layers.8.self_attn.q_proj.weight, type: torch.int8, ratio: 0.020786302164196968, diff: 1327.88330078125, norm: 63882.61328125
name: model.layers.8.self_attn.k_proj.weight, type: torch.int8, ratio: 0.023915385827422142, diff: 501.1706237792969, norm: 20955.9921875
name: model.layers.8.self_attn.v_proj.weight, type: torch.int8, ratio: 0.016448412090539932, diff: 502.3813171386719, norm: 30542.84765625
name: model.layers.8.self_attn.o_proj.weight, type: torch.int8, ratio: 0.010896306484937668, diff: 1163.6103515625, norm: 106789.4296875
name: model.layers.8.mlp.gate_proj.weight, type: torch.int8, ratio: 0.01610296219587326, diff: 3072.58349609375, norm: 190808.59375
name: model.layers.8.mlp.up_proj.weight, type: torch.int8, ratio: 0.011786840856075287, diff: 3074.63720703125, norm: 260853.375
name: model.layers.8.mlp.down_proj.weight, type: torch.int8, ratio: 0.013258990831673145, diff: 3001.9501953125, norm: 226408.640625
name: model.layers.8.input_layernorm.weight, type: torch.float16, ratio: 0.0, diff: 0.0, norm: 8.299869537353516
name: model.layers.8.post_attention_layernorm.weight, type: torch.float16, ratio: 0.0, diff: 0.0, norm: 8.655384063720703
name: model.layers.9.self_attn.q_proj.weight, type: torch.int8, ratio: 0.022310614585876465, diff: 1337.313720703125, norm: 59940.6953125
name: model.layers.9.self_attn.k_proj.weight, type: torch.int8, ratio: 0.026414398103952408, diff: 504.5304870605469, norm: 19100.5859375
name: model.layers.9.self_attn.v_proj.weight, type: torch.int8, ratio: 0.01635012775659561, diff: 506.21142578125, norm: 30960.701171875
name: model.layers.9.self_attn.o_proj.weight, type: torch.int8, ratio: 0.01168234646320343, diff: 1265.4398193359375, norm: 108320.6875
name: model.layers.9.mlp.gate_proj.weight, type: torch.int8, ratio: 0.025641700252890587, diff: 3097.84033203125, norm: 120812.59375
name: model.layers.9.mlp.up_proj.weight, type: torch.int8, ratio: 0.011949743144214153, diff: 3100.2216796875, norm: 259438.359375
name: model.layers.9.mlp.down_proj.weight, type: torch.int8, ratio: 0.01311405748128891, diff: 2983.1494140625, norm: 227477.21875
name: model.layers.9.input_layernorm.weight, type: torch.float16, ratio: 0.0, diff: 0.0, norm: 8.649894714355469
name: model.layers.9.post_attention_layernorm.weight, type: torch.float16, ratio: 0.0, diff: 0.0, norm: 9.649954795837402
name: model.layers.10.self_attn.q_proj.weight, type: torch.int8, ratio: 0.021172650158405304, diff: 1444.0799560546875, norm: 68204.96875
name: model.layers.10.self_attn.k_proj.weight, type: torch.int8, ratio: 0.02487841621041298, diff: 544.1846923828125, norm: 21873.767578125
name: model.layers.10.self_attn.v_proj.weight, type: torch.int8, ratio: 0.01641196757555008, diff: 546.0448608398438, norm: 33271.140625
name: model.layers.10.self_attn.o_proj.weight, type: torch.int8, ratio: 0.013368256390094757, diff: 1426.311279296875, norm: 106693.890625
name: model.layers.10.mlp.gate_proj.weight, type: torch.int8, ratio: 0.015019405633211136, diff: 3296.53662109375, norm: 219485.15625
name: model.layers.10.mlp.up_proj.weight, type: torch.int8, ratio: 0.01292139571160078, diff: 3299.001708984375, norm: 255313.109375
name: model.layers.10.mlp.down_proj.weight, type: torch.int8, ratio: 0.013199422508478165, diff: 2982.763427734375, norm: 225976.8125
name: model.layers.10.input_layernorm.weight, type: torch.float16, ratio: 0.0, diff: 0.0, norm: 8.745315551757812
name: model.layers.10.post_attention_layernorm.weight, type: torch.float16, ratio: 0.0, diff: 0.0, norm: 9.270892143249512
name: model.layers.11.self_attn.q_proj.weight, type: torch.int8, ratio: 0.020316269248723984, diff: 1338.03662109375, norm: 65860.3515625
name: model.layers.11.self_attn.k_proj.weight, type: torch.int8, ratio: 0.023815395310521126, diff: 505.27716064453125, norm: 21216.408203125
name: model.layers.11.self_attn.v_proj.weight, type: torch.int8, ratio: 0.01596708595752716, diff: 505.25439453125, norm: 31643.49609375
name: model.layers.11.self_attn.o_proj.weight, type: torch.int8, ratio: 0.012251291424036026, diff: 1340.809814453125, norm: 109442.328125
name: model.layers.11.mlp.gate_proj.weight, type: torch.int8, ratio: 0.013335715048015118, diff: 3103.606689453125, norm: 232728.9375
name: model.layers.11.mlp.up_proj.weight, type: torch.int8, ratio: 0.01229009311646223, diff: 3104.25634765625, norm: 252582.0
name: model.layers.11.mlp.down_proj.weight, type: torch.int8, ratio: 0.012989446520805359, diff: 2965.18408203125, norm: 228276.40625
name: model.layers.11.input_layernorm.weight, type: torch.float16, ratio: 0.0, diff: 0.0, norm: 9.367526054382324
name: model.layers.11.post_attention_layernorm.weight, type: torch.float16, ratio: 0.0, diff: 0.0, norm: 9.853924751281738
name: model.layers.12.self_attn.q_proj.weight, type: torch.int8, ratio: 0.022159870713949203, diff: 1422.113525390625, norm: 64175.171875
name: model.layers.12.self_attn.k_proj.weight, type: torch.int8, ratio: 0.025783300399780273, diff: 537.6783447265625, norm: 20853.744140625
name: model.layers.12.self_attn.v_proj.weight, type: torch.int8, ratio: 0.018431801348924637, diff: 537.3164672851562, norm: 29151.599609375
name: model.layers.12.self_attn.o_proj.weight, type: torch.int8, ratio: 0.012002373114228249, diff: 1346.0623779296875, norm: 112149.6875
name: model.layers.12.mlp.gate_proj.weight, type: torch.int8, ratio: 0.014967145398259163, diff: 3176.861572265625, norm: 212255.671875
name: model.layers.12.mlp.up_proj.weight, type: torch.int8, ratio: 0.012818432413041592, diff: 3178.604736328125, norm: 247971.40625
name: model.layers.12.mlp.down_proj.weight, type: torch.int8, ratio: 0.01481801737099886, diff: 3201.119140625, norm: 216028.84375
name: model.layers.12.input_layernorm.weight, type: torch.float16, ratio: 0.0, diff: 0.0, norm: 9.752612113952637
name: model.layers.12.post_attention_layernorm.weight, type: torch.float16, ratio: 0.0, diff: 0.0, norm: 10.075998306274414
name: model.layers.13.self_attn.q_proj.weight, type: torch.int8, ratio: 0.020347528159618378, diff: 1367.041015625, norm: 67184.625
name: model.layers.13.self_attn.k_proj.weight, type: torch.int8, ratio: 0.024229779839515686, diff: 517.269775390625, norm: 21348.513671875
name: model.layers.13.self_attn.v_proj.weight, type: torch.int8, ratio: 0.018442688509821892, diff: 517.3789672851562, norm: 28053.337890625
name: model.layers.13.self_attn.o_proj.weight, type: torch.int8, ratio: 0.013016889803111553, diff: 1365.4603271484375, norm: 104899.125
name: model.layers.13.mlp.gate_proj.weight, type: torch.int8, ratio: 0.01466304063796997, diff: 3089.498291015625, norm: 210699.703125
name: model.layers.13.mlp.up_proj.weight, type: torch.int8, ratio: 0.012555357068777084, diff: 3090.73193359375, norm: 246168.375
name: model.layers.13.mlp.down_proj.weight, type: torch.int8, ratio: 0.01366905216127634, diff: 3029.111572265625, norm: 221603.625
name: model.layers.13.input_layernorm.weight, type: torch.float16, ratio: 0.0, diff: 0.0, norm: 10.028325080871582
name: model.layers.13.post_attention_layernorm.weight, type: torch.float16, ratio: 0.0, diff: 0.0, norm: 10.085537910461426
name: model.layers.14.self_attn.q_proj.weight, type: torch.int8, ratio: 0.021129773929715157, diff: 1317.937744140625, norm: 62373.48828125
name: model.layers.14.self_attn.k_proj.weight, type: torch.int8, ratio: 0.02394610270857811, diff: 498.3241882324219, norm: 20810.2421875
name: model.layers.14.self_attn.v_proj.weight, type: torch.int8, ratio: 0.017158156260848045, diff: 498.7013244628906, norm: 29064.97265625
name: model.layers.14.self_attn.o_proj.weight, type: torch.int8, ratio: 0.012716766446828842, diff: 1325.89892578125, norm: 104263.84375
name: model.layers.14.mlp.gate_proj.weight, type: torch.int8, ratio: 0.014292082749307156, diff: 3000.369384765625, norm: 209932.265625
name: model.layers.14.mlp.up_proj.weight, type: torch.int8, ratio: 0.012204953469336033, diff: 3001.031982421875, norm: 245886.390625
name: model.layers.14.mlp.down_proj.weight, type: torch.int8, ratio: 0.014586237259209156, diff: 3110.8876953125, norm: 213275.546875
name: model.layers.14.input_layernorm.weight, type: torch.float16, ratio: 0.0, diff: 0.0, norm: 10.441604614257812
name: model.layers.14.post_attention_layernorm.weight, type: torch.float16, ratio: 0.0, diff: 0.0, norm: 10.486221313476562
name: model.layers.15.self_attn.q_proj.weight, type: torch.int8, ratio: 0.02052667923271656, diff: 1298.1417236328125, norm: 63241.6796875
name: model.layers.15.self_attn.k_proj.weight, type: torch.int8, ratio: 0.023672152310609818, diff: 490.1244812011719, norm: 20704.685546875
name: model.layers.15.self_attn.v_proj.weight, type: torch.int8, ratio: 0.017458166927099228, diff: 490.6332702636719, norm: 28103.3671875
name: model.layers.15.self_attn.o_proj.weight, type: torch.int8, ratio: 0.012550021521747112, diff: 1382.156982421875, norm: 110131.84375
name: model.layers.15.mlp.gate_proj.weight, type: torch.int8, ratio: 0.014255614951252937, diff: 2967.202392578125, norm: 208142.71875
name: model.layers.15.mlp.up_proj.weight, type: torch.int8, ratio: 0.012429729104042053, diff: 2968.497802734375, norm: 238822.40625
name: model.layers.15.mlp.down_proj.weight, type: torch.int8, ratio: 0.013934635557234287, diff: 3090.382080078125, norm: 221777.03125
name: model.layers.15.input_layernorm.weight, type: torch.float16, ratio: 0.0, diff: 0.0, norm: 10.341140747070312
name: model.layers.15.post_attention_layernorm.weight, type: torch.float16, ratio: 0.0, diff: 0.0, norm: 10.822914123535156
name: model.layers.16.self_attn.q_proj.weight, type: torch.int8, ratio: 0.02019587904214859, diff: 1290.814453125, norm: 63914.74609375
name: model.layers.16.self_attn.k_proj.weight, type: torch.int8, ratio: 0.02475178800523281, diff: 488.2069091796875, norm: 19724.107421875
name: model.layers.16.self_attn.v_proj.weight, type: torch.int8, ratio: 0.015687095001339912, diff: 488.1823425292969, norm: 31119.99609375
name: model.layers.16.self_attn.o_proj.weight, type: torch.int8, ratio: 0.012841402553021908, diff: 1350.987060546875, norm: 105205.5703125
name: model.layers.16.mlp.gate_proj.weight, type: torch.int8, ratio: 0.01333093922585249, diff: 2917.087158203125, norm: 218820.828125
name: model.layers.16.mlp.up_proj.weight, type: torch.int8, ratio: 0.011913279071450233, diff: 2918.53955078125, norm: 244982.046875
name: model.layers.16.mlp.down_proj.weight, type: torch.int8, ratio: 0.013719027861952782, diff: 3099.9140625, norm: 225957.265625
name: model.layers.16.input_layernorm.weight, type: torch.float16, ratio: 0.0, diff: 0.0, norm: 10.782501220703125
name: model.layers.16.post_attention_layernorm.weight, type: torch.float16, ratio: 0.0, diff: 0.0, norm: 10.554300308227539
name: model.layers.17.self_attn.q_proj.weight, type: torch.int8, ratio: 0.018569588661193848, diff: 1274.7890625, norm: 68649.2890625
name: model.layers.17.self_attn.k_proj.weight, type: torch.int8, ratio: 0.02123350277543068, diff: 481.84228515625, norm: 22692.548828125
name: model.layers.17.self_attn.v_proj.weight, type: torch.int8, ratio: 0.016275174915790558, diff: 481.94500732421875, norm: 29612.27734375
name: model.layers.17.self_attn.o_proj.weight, type: torch.int8, ratio: 0.01270728837698698, diff: 1339.253173828125, norm: 105392.5234375
name: model.layers.17.mlp.gate_proj.weight, type: torch.int8, ratio: 0.01371066179126501, diff: 2888.236328125, norm: 210656.234375
name: model.layers.17.mlp.up_proj.weight, type: torch.int8, ratio: 0.011946843937039375, diff: 2889.668701171875, norm: 241877.15625
name: model.layers.17.mlp.down_proj.weight, type: torch.int8, ratio: 0.01420754287391901, diff: 3101.12451171875, norm: 218273.109375
name: model.layers.17.input_layernorm.weight, type: torch.float16, ratio: 0.0, diff: 0.0, norm: 10.604601860046387
name: model.layers.17.post_attention_layernorm.weight, type: torch.float16, ratio: 0.0, diff: 0.0, norm: 10.428431510925293
name: model.layers.18.self_attn.q_proj.weight, type: torch.int8, ratio: 0.018704667687416077, diff: 1269.98193359375, norm: 67896.5234375
name: model.layers.18.self_attn.k_proj.weight, type: torch.int8, ratio: 0.022605450823903084, diff: 479.6915588378906, norm: 21220.171875
name: model.layers.18.self_attn.v_proj.weight, type: torch.int8, ratio: 0.015869269147515297, diff: 480.5351257324219, norm: 30280.861328125
name: model.layers.18.self_attn.o_proj.weight, type: torch.int8, ratio: 0.013638953678309917, diff: 1391.47119140625, norm: 102021.84375
name: model.layers.18.mlp.gate_proj.weight, type: torch.int8, ratio: 0.014718796126544476, diff: 2897.396484375, norm: 196850.09375
name: model.layers.18.mlp.up_proj.weight, type: torch.int8, ratio: 0.012046155519783497, diff: 2898.983642578125, norm: 240656.328125
name: model.layers.18.mlp.down_proj.weight, type: torch.int8, ratio: 0.014687377028167248, diff: 3260.11279296875, norm: 221966.984375
name: model.layers.18.input_layernorm.weight, type: torch.float16, ratio: 0.0, diff: 0.0, norm: 10.139490127563477
name: model.layers.18.post_attention_layernorm.weight, type: torch.float16, ratio: 0.0, diff: 0.0, norm: 10.551302909851074
name: model.layers.19.self_attn.q_proj.weight, type: torch.int8, ratio: 0.018164120614528656, diff: 1275.54541015625, norm: 70223.3515625
name: model.layers.19.self_attn.k_proj.weight, type: torch.int8, ratio: 0.02285848557949066, diff: 481.4779357910156, norm: 21063.421875
name: model.layers.19.self_attn.v_proj.weight, type: torch.int8, ratio: 0.016196666285395622, diff: 482.7421569824219, norm: 29805.03125
name: model.layers.19.self_attn.o_proj.weight, type: torch.int8, ratio: 0.01267074141651392, diff: 1375.5770263671875, norm: 108563.265625
name: model.layers.19.mlp.gate_proj.weight, type: torch.int8, ratio: 0.015439411625266075, diff: 2906.449951171875, norm: 188248.75
name: model.layers.19.mlp.up_proj.weight, type: torch.int8, ratio: 0.012193090282380581, diff: 2907.82275390625, norm: 238481.1875
name: model.layers.19.mlp.down_proj.weight, type: torch.int8, ratio: 0.014588036574423313, diff: 3296.96142578125, norm: 226004.46875
name: model.layers.19.input_layernorm.weight, type: torch.float16, ratio: 0.0, diff: 0.0, norm: 10.169716835021973
name: model.layers.19.post_attention_layernorm.weight, type: torch.float16, ratio: 0.0, diff: 0.0, norm: 10.34539794921875
name: model.layers.20.self_attn.q_proj.weight, type: torch.int8, ratio: 0.017684318125247955, diff: 1286.6639404296875, norm: 72757.3359375
name: model.layers.20.self_attn.k_proj.weight, type: torch.int8, ratio: 0.023058198392391205, diff: 485.46575927734375, norm: 21053.93359375
name: model.layers.20.self_attn.v_proj.weight, type: torch.int8, ratio: 0.016485875472426414, diff: 486.4360046386719, norm: 29506.228515625
name: model.layers.20.self_attn.o_proj.weight, type: torch.int8, ratio: 0.012052885256707668, diff: 1344.2469482421875, norm: 111529.0546875
name: model.layers.20.mlp.gate_proj.weight, type: torch.int8, ratio: 0.01602383889257908, diff: 2942.652099609375, norm: 183642.140625
name: model.layers.20.mlp.up_proj.weight, type: torch.int8, ratio: 0.012898624874651432, diff: 2944.371826171875, norm: 228270.203125
name: model.layers.20.mlp.down_proj.weight, type: torch.int8, ratio: 0.015270043164491653, diff: 3463.06201171875, norm: 226787.96875
name: model.layers.20.input_layernorm.weight, type: torch.float16, ratio: 0.0, diff: 0.0, norm: 9.979437828063965
name: model.layers.20.post_attention_layernorm.weight, type: torch.float16, ratio: 0.0, diff: 0.0, norm: 9.953225135803223
name: model.layers.21.self_attn.q_proj.weight, type: torch.int8, ratio: 0.018963007256388664, diff: 1306.4984130859375, norm: 68897.21875
name: model.layers.21.self_attn.k_proj.weight, type: torch.int8, ratio: 0.02676417864859104, diff: 494.22869873046875, norm: 18466.05078125
name: model.layers.21.self_attn.v_proj.weight, type: torch.int8, ratio: 0.017741072922945023, diff: 493.3021240234375, norm: 27805.65234375
name: model.layers.21.self_attn.o_proj.weight, type: torch.int8, ratio: 0.013210541568696499, diff: 1380.85693359375, norm: 104526.8984375
name: model.layers.21.mlp.gate_proj.weight, type: torch.int8, ratio: 0.017490744590759277, diff: 2999.33349609375, norm: 171481.1875
name: model.layers.21.mlp.up_proj.weight, type: torch.int8, ratio: 0.012929138727486134, diff: 3002.6435546875, norm: 232238.484375
name: model.layers.21.mlp.down_proj.weight, type: torch.int8, ratio: 0.015034012496471405, diff: 3463.494873046875, norm: 230377.28125
name: model.layers.21.input_layernorm.weight, type: torch.float16, ratio: 0.0, diff: 0.0, norm: 9.477113723754883
name: model.layers.21.post_attention_layernorm.weight, type: torch.float16, ratio: 0.0, diff: 0.0, norm: 9.582084655761719
name: model.layers.22.self_attn.q_proj.weight, type: torch.int8, ratio: 0.019670281559228897, diff: 1316.238525390625, norm: 66915.0859375
name: model.layers.22.self_attn.k_proj.weight, type: torch.int8, ratio: 0.025528207421302795, diff: 496.9597473144531, norm: 19467.083984375
name: model.layers.22.self_attn.v_proj.weight, type: torch.int8, ratio: 0.022882092744112015, diff: 497.38616943359375, norm: 21736.91796875
name: model.layers.22.self_attn.o_proj.weight, type: torch.int8, ratio: 0.012224165722727776, diff: 1389.2353515625, norm: 113646.640625
name: model.layers.22.mlp.gate_proj.weight, type: torch.int8, ratio: 0.018535172566771507, diff: 3000.31787109375, norm: 161871.59375
name: model.layers.22.mlp.up_proj.weight, type: torch.int8, ratio: 0.013349158689379692, diff: 3002.183349609375, norm: 224896.828125
name: model.layers.22.mlp.down_proj.weight, type: torch.int8, ratio: 0.01524615753442049, diff: 3540.69677734375, norm: 232235.359375
name: model.layers.22.input_layernorm.weight, type: torch.float16, ratio: 0.0, diff: 0.0, norm: 8.861602783203125
name: model.layers.22.post_attention_layernorm.weight, type: torch.float16, ratio: 0.0, diff: 0.0, norm: 9.292244911193848
name: model.layers.23.self_attn.q_proj.weight, type: torch.int8, ratio: 0.019788365811109543, diff: 1317.0550537109375, norm: 66557.0390625
name: model.layers.23.self_attn.k_proj.weight, type: torch.int8, ratio: 0.025892224162817, diff: 497.08953857421875, norm: 19198.41015625
name: model.layers.23.self_attn.v_proj.weight, type: torch.int8, ratio: 0.021796053275465965, diff: 498.1535949707031, norm: 22855.220703125
name: model.layers.23.self_attn.o_proj.weight, type: torch.int8, ratio: 0.012120766565203667, diff: 1368.4107666015625, norm: 112898.0390625
name: model.layers.23.mlp.gate_proj.weight, type: torch.int8, ratio: 0.01929464563727379, diff: 3019.789794921875, norm: 156509.21875
name: model.layers.23.mlp.up_proj.weight, type: torch.int8, ratio: 0.012998766265809536, diff: 3022.17578125, norm: 232497.125
name: model.layers.23.mlp.down_proj.weight, type: torch.int8, ratio: 0.015462029725313187, diff: 3648.198486328125, norm: 235945.640625
name: model.layers.23.input_layernorm.weight, type: torch.float16, ratio: 0.0, diff: 0.0, norm: 8.421672821044922
name: model.layers.23.post_attention_layernorm.weight, type: torch.float16, ratio: 0.0, diff: 0.0, norm: 9.242090225219727
name: model.layers.24.self_attn.q_proj.weight, type: torch.int8, ratio: 0.01784028857946396, diff: 1311.6798095703125, norm: 73523.4609375
name: model.layers.24.self_attn.k_proj.weight, type: torch.int8, ratio: 0.02153528481721878, diff: 496.3033447265625, norm: 23046.0546875
name: model.layers.24.self_attn.v_proj.weight, type: torch.int8, ratio: 0.019106430932879448, diff: 495.04241943359375, norm: 25909.728515625
name: model.layers.24.self_attn.o_proj.weight, type: torch.int8, ratio: 0.011847603134810925, diff: 1352.5767822265625, norm: 114164.59375
name: model.layers.24.mlp.gate_proj.weight, type: torch.int8, ratio: 0.017330152913928032, diff: 3000.874755859375, norm: 173159.15625
name: model.layers.24.mlp.up_proj.weight, type: torch.int8, ratio: 0.012959305197000504, diff: 3002.109375, norm: 231656.65625
name: model.layers.24.mlp.down_proj.weight, type: torch.int8, ratio: 0.01563841477036476, diff: 3678.83740234375, norm: 235243.625
name: model.layers.24.input_layernorm.weight, type: torch.float16, ratio: 0.0, diff: 0.0, norm: 8.51918888092041
name: model.layers.24.post_attention_layernorm.weight, type: torch.float16, ratio: 0.0, diff: 0.0, norm: 9.15062427520752
name: model.layers.25.self_attn.q_proj.weight, type: torch.int8, ratio: 0.01892646960914135, diff: 1316.4293212890625, norm: 69554.9296875
name: model.layers.25.self_attn.k_proj.weight, type: torch.int8, ratio: 0.025325560942292213, diff: 497.18408203125, norm: 19631.7109375
name: model.layers.25.self_attn.v_proj.weight, type: torch.int8, ratio: 0.020206211134791374, diff: 497.0885314941406, norm: 24600.779296875
name: model.layers.25.self_attn.o_proj.weight, type: torch.int8, ratio: 0.01223814394325018, diff: 1381.2298583984375, norm: 112862.6875
name: model.layers.25.mlp.gate_proj.weight, type: torch.int8, ratio: 0.016639919951558113, diff: 2985.21240234375, norm: 179400.65625
name: model.layers.25.mlp.up_proj.weight, type: torch.int8, ratio: 0.012775300070643425, diff: 2986.42138671875, norm: 233765.265625
name: model.layers.25.mlp.down_proj.weight, type: torch.int8, ratio: 0.015990829095244408, diff: 3724.59619140625, norm: 232920.765625
name: model.layers.25.input_layernorm.weight, type: torch.float16, ratio: 0.0, diff: 0.0, norm: 8.558429718017578
name: model.layers.25.post_attention_layernorm.weight, type: torch.float16, ratio: 0.0, diff: 0.0, norm: 9.431126594543457
name: model.layers.26.self_attn.q_proj.weight, type: torch.int8, ratio: 0.02318529598414898, diff: 1318.32275390625, norm: 56860.29296875
name: model.layers.26.self_attn.k_proj.weight, type: torch.int8, ratio: 0.0246575977653265, diff: 498.7083435058594, norm: 20225.341796875
name: model.layers.26.self_attn.v_proj.weight, type: torch.int8, ratio: 0.026957157999277115, diff: 497.3298645019531, norm: 18448.8984375
name: model.layers.26.self_attn.o_proj.weight, type: torch.int8, ratio: 0.012799435295164585, diff: 1419.89892578125, norm: 110934.5
name: model.layers.26.mlp.gate_proj.weight, type: torch.int8, ratio: 0.017029661685228348, diff: 2961.398681640625, norm: 173896.515625
name: model.layers.26.mlp.up_proj.weight, type: torch.int8, ratio: 0.013397255912423134, diff: 2963.3173828125, norm: 221188.390625
name: model.layers.26.mlp.down_proj.weight, type: torch.int8, ratio: 0.01623554341495037, diff: 3757.284912109375, norm: 231423.421875
name: model.layers.26.input_layernorm.weight, type: torch.float16, ratio: 0.0, diff: 0.0, norm: 8.875765800476074
name: model.layers.26.post_attention_layernorm.weight, type: torch.float16, ratio: 0.0, diff: 0.0, norm: 9.763919830322266
name: model.layers.27.self_attn.q_proj.weight, type: torch.int8, ratio: 0.025159817188978195, diff: 1321.4805908203125, norm: 52523.45703125
name: model.layers.27.self_attn.k_proj.weight, type: torch.int8, ratio: 0.024401266127824783, diff: 499.0370788574219, norm: 20451.27734375
name: model.layers.27.self_attn.v_proj.weight, type: torch.int8, ratio: 0.04104093462228775, diff: 499.10418701171875, norm: 12161.130859375
name: model.layers.27.self_attn.o_proj.weight, type: torch.int8, ratio: 0.01283726654946804, diff: 1389.0565185546875, norm: 108205.0078125
name: model.layers.27.mlp.gate_proj.weight, type: torch.int8, ratio: 0.02155197784304619, diff: 2971.844970703125, norm: 137891.984375
name: model.layers.27.mlp.up_proj.weight, type: torch.int8, ratio: 0.014567996375262737, diff: 2972.14599609375, norm: 204018.859375
name: model.layers.27.mlp.down_proj.weight, type: torch.int8, ratio: 0.014444399625062943, diff: 3199.460693359375, norm: 221501.8125
name: model.layers.27.input_layernorm.weight, type: torch.float16, ratio: 0.0, diff: 0.0, norm: 8.494882583618164
name: model.layers.27.post_attention_layernorm.weight, type: torch.float16, ratio: 0.0, diff: 0.0, norm: 11.229966163635254
