name: model.layers.0.self_attn.q_proj.weight, type: torch.int8, ratio: 0.02612227573990822, diff: 1731.760986328125, norm: 66294.4140625
name: model.layers.0.self_attn.k_proj.weight, type: torch.int8, ratio: 0.019630562514066696, diff: 664.5554809570312, norm: 33853.10546875
name: model.layers.0.self_attn.v_proj.weight, type: torch.int8, ratio: 0.019002655521035194, diff: 738.2079467773438, norm: 38847.62109375
name: model.layers.0.self_attn.o_proj.weight, type: torch.int8, ratio: 0.0165391955524683, diff: 1601.4705810546875, norm: 96828.8125
name: model.layers.0.mlp.gate_proj.weight, type: torch.int8, ratio: 0.02413961850106716, diff: 3949.8076171875, norm: 163623.453125
name: model.layers.0.mlp.up_proj.weight, type: torch.int8, ratio: 0.021184172481298447, diff: 4198.896484375, norm: 198209.140625
name: model.layers.0.mlp.down_proj.weight, type: torch.int8, ratio: 0.01665673404932022, diff: 3465.03369140625, norm: 208026.0
name: model.layers.0.input_layernorm.weight, type: torch.float16, ratio: 0.008042287081480026, diff: 0.05063709616661072, norm: 6.296355247497559
name: model.layers.0.post_attention_layernorm.weight, type: torch.float16, ratio: 0.4270859658718109, diff: 3.2046754360198975, norm: 7.503583908081055
name: model.layers.1.self_attn.q_proj.weight, type: torch.int8, ratio: 0.0423102043569088, diff: 1603.7010498046875, norm: 37903.41015625
name: model.layers.1.self_attn.k_proj.weight, type: torch.int8, ratio: 0.04098625108599663, diff: 609.0820922851562, norm: 14860.6435546875
name: model.layers.1.self_attn.v_proj.weight, type: torch.int8, ratio: 0.026354912668466568, diff: 653.1049194335938, norm: 24781.14453125
name: model.layers.1.self_attn.o_proj.weight, type: torch.int8, ratio: 0.014653748832643032, diff: 1597.3853759765625, norm: 109008.6484375
name: model.layers.1.mlp.gate_proj.weight, type: torch.int8, ratio: 0.04042266309261322, diff: 3062.87060546875, norm: 75771.125
name: model.layers.1.mlp.up_proj.weight, type: torch.int8, ratio: 0.027187786996364594, diff: 3455.747314453125, norm: 127106.609375
name: model.layers.1.mlp.down_proj.weight, type: torch.int8, ratio: 0.023178162053227425, diff: 4228.82568359375, norm: 182448.703125
name: model.layers.1.input_layernorm.weight, type: torch.float16, ratio: 0.04953726381063461, diff: 0.29160159826278687, norm: 5.886509895324707
name: model.layers.1.post_attention_layernorm.weight, type: torch.float16, ratio: 0.00019554918981157243, diff: 0.001753167831338942, norm: 8.965354919433594
name: model.layers.2.self_attn.q_proj.weight, type: torch.int8, ratio: 0.023607643321156502, diff: 1356.76708984375, norm: 57471.515625
name: model.layers.2.self_attn.k_proj.weight, type: torch.int8, ratio: 0.027059780433773994, diff: 510.2734680175781, norm: 18857.265625
name: model.layers.2.self_attn.v_proj.weight, type: torch.int8, ratio: 0.019243402406573296, diff: 578.9032592773438, norm: 30083.20703125
name: model.layers.2.self_attn.o_proj.weight, type: torch.int8, ratio: 0.012772737070918083, diff: 1428.4659423828125, norm: 111837.109375
name: model.layers.2.mlp.gate_proj.weight, type: torch.int8, ratio: 0.03538193181157112, diff: 2885.9638671875, norm: 81566.03125
name: model.layers.2.mlp.up_proj.weight, type: torch.int8, ratio: 0.021185148507356644, diff: 3148.220703125, norm: 148605.078125
name: model.layers.2.mlp.down_proj.weight, type: torch.int8, ratio: 0.01538292970508337, diff: 3182.054931640625, norm: 206856.234375
name: model.layers.2.input_layernorm.weight, type: torch.float16, ratio: 0.03624529764056206, diff: 0.27300840616226196, norm: 7.532243251800537
name: model.layers.2.post_attention_layernorm.weight, type: torch.float16, ratio: 0.001949366764165461, diff: 0.017054373398423195, norm: 8.748673439025879
name: model.layers.3.self_attn.q_proj.weight, type: torch.int8, ratio: 0.024470407515764236, diff: 1349.18896484375, norm: 55135.53125
name: model.layers.3.self_attn.k_proj.weight, type: torch.int8, ratio: 0.028593119233846664, diff: 506.8125915527344, norm: 17724.984375
name: model.layers.3.self_attn.v_proj.weight, type: torch.int8, ratio: 0.0217802245169878, diff: 573.4221801757812, norm: 26327.65234375
name: model.layers.3.self_attn.o_proj.weight, type: torch.int8, ratio: 0.013148335739970207, diff: 1395.0792236328125, norm: 106103.1015625
name: model.layers.3.mlp.gate_proj.weight, type: torch.int8, ratio: 0.02635704167187214, diff: 3126.369873046875, norm: 118616.1171875
name: model.layers.3.mlp.up_proj.weight, type: torch.int8, ratio: 0.015610913746058941, diff: 3307.935546875, norm: 211898.90625
name: model.layers.3.mlp.down_proj.weight, type: torch.int8, ratio: 0.014296125620603561, diff: 3133.204833984375, norm: 219164.609375
name: model.layers.3.input_layernorm.weight, type: torch.float16, ratio: 0.03612178564071655, diff: 0.2541947066783905, norm: 7.0371575355529785
name: model.layers.3.post_attention_layernorm.weight, type: torch.float16, ratio: 5.6192035117419437e-05, diff: 0.0005102006252855062, norm: 9.07958984375
name: model.layers.4.self_attn.q_proj.weight, type: torch.int8, ratio: 0.024074725806713104, diff: 1364.0552978515625, norm: 56659.2265625
name: model.layers.4.self_attn.k_proj.weight, type: torch.int8, ratio: 0.027411386370658875, diff: 526.8624267578125, norm: 19220.568359375
name: model.layers.4.self_attn.v_proj.weight, type: torch.int8, ratio: 0.02277425117790699, diff: 647.130615234375, norm: 28415.01171875
name: model.layers.4.self_attn.o_proj.weight, type: torch.int8, ratio: 0.01236913911998272, diff: 1343.9486083984375, norm: 108653.3671875
name: model.layers.4.mlp.gate_proj.weight, type: torch.int8, ratio: 0.028089413419365883, diff: 3117.414794921875, norm: 110981.84375
name: model.layers.4.mlp.up_proj.weight, type: torch.int8, ratio: 0.014602528885006905, diff: 3345.901123046875, norm: 229131.625
name: model.layers.4.mlp.down_proj.weight, type: torch.int8, ratio: 0.011082937940955162, diff: 2502.757080078125, norm: 225820.71875
name: model.layers.4.input_layernorm.weight, type: torch.float16, ratio: 0.011550398543477058, diff: 0.08218538761138916, norm: 7.115372180938721
name: model.layers.4.post_attention_layernorm.weight, type: torch.float16, ratio: 0.0003619575873017311, diff: 0.0032203325536102057, norm: 8.896988868713379
name: model.layers.5.self_attn.q_proj.weight, type: torch.int8, ratio: 0.020572734996676445, diff: 1378.397216796875, norm: 67001.1640625
name: model.layers.5.self_attn.k_proj.weight, type: torch.int8, ratio: 0.022604405879974365, diff: 524.9647827148438, norm: 23224.001953125
name: model.layers.5.self_attn.v_proj.weight, type: torch.int8, ratio: 0.01872219145298004, diff: 576.8908081054688, norm: 30813.2109375
name: model.layers.5.self_attn.o_proj.weight, type: torch.int8, ratio: 0.011611430905759335, diff: 1304.87158203125, norm: 112378.1875
name: model.layers.5.mlp.gate_proj.weight, type: torch.int8, ratio: 0.032061707228422165, diff: 3077.318359375, norm: 95981.109375
name: model.layers.5.mlp.up_proj.weight, type: torch.int8, ratio: 0.015020303428173065, diff: 3386.18701171875, norm: 225440.65625
name: model.layers.5.mlp.down_proj.weight, type: torch.int8, ratio: 0.013966831378638744, diff: 3146.2890625, norm: 225268.640625
name: model.layers.5.input_layernorm.weight, type: torch.float16, ratio: 0.006230230908840895, diff: 0.04738594591617584, norm: 7.605808734893799
name: model.layers.5.post_attention_layernorm.weight, type: torch.float16, ratio: 2.9911414458183572e-05, diff: 0.00026995554799214005, norm: 9.025168418884277
name: model.layers.6.self_attn.q_proj.weight, type: torch.int8, ratio: 0.022813614457845688, diff: 1367.052978515625, norm: 59922.68359375
name: model.layers.6.self_attn.k_proj.weight, type: torch.int8, ratio: 0.02487645484507084, diff: 518.8583374023438, norm: 20857.40625
name: model.layers.6.self_attn.v_proj.weight, type: torch.int8, ratio: 0.019069315865635872, diff: 572.767822265625, norm: 30036.09765625
name: model.layers.6.self_attn.o_proj.weight, type: torch.int8, ratio: 0.012549828737974167, diff: 1375.77099609375, norm: 109624.6796875
name: model.layers.6.mlp.gate_proj.weight, type: torch.int8, ratio: 0.019874343648552895, diff: 3186.79931640625, norm: 160347.40625
name: model.layers.6.mlp.up_proj.weight, type: torch.int8, ratio: 0.013214916922152042, diff: 3425.85546875, norm: 259241.546875
name: model.layers.6.mlp.down_proj.weight, type: torch.int8, ratio: 0.015074795112013817, diff: 3428.123779296875, norm: 227407.65625
name: model.layers.6.input_layernorm.weight, type: torch.float16, ratio: 0.004076352808624506, diff: 0.030168605968356133, norm: 7.400882244110107
name: model.layers.6.post_attention_layernorm.weight, type: torch.float16, ratio: 0.002302068518474698, diff: 0.018904993310570717, norm: 8.212176322937012
name: model.layers.7.self_attn.q_proj.weight, type: torch.int8, ratio: 0.021378817036747932, diff: 1384.7403564453125, norm: 64771.609375
name: model.layers.7.self_attn.k_proj.weight, type: torch.int8, ratio: 0.02734081633388996, diff: 517.3509521484375, norm: 18922.29296875
name: model.layers.7.self_attn.v_proj.weight, type: torch.int8, ratio: 0.01831928640604019, diff: 568.2614135742188, norm: 31019.84375
name: model.layers.7.self_attn.o_proj.weight, type: torch.int8, ratio: 0.012896225787699223, diff: 1400.45458984375, norm: 108594.140625
name: model.layers.7.mlp.gate_proj.weight, type: torch.int8, ratio: 0.016762230545282364, diff: 3260.276611328125, norm: 194501.359375
name: model.layers.7.mlp.up_proj.weight, type: torch.int8, ratio: 0.013332396745681763, diff: 3405.107421875, norm: 255401.0
name: model.layers.7.mlp.down_proj.weight, type: torch.int8, ratio: 0.013628101907670498, diff: 3086.98095703125, norm: 226515.84375
name: model.layers.7.input_layernorm.weight, type: torch.float16, ratio: 0.0003945098433177918, diff: 0.00310957501642406, norm: 7.88212251663208
name: model.layers.7.post_attention_layernorm.weight, type: torch.float16, ratio: 0.015058633871376514, diff: 0.12336549162864685, norm: 8.192342758178711
name: model.layers.8.self_attn.q_proj.weight, type: torch.int8, ratio: 0.021768586710095406, diff: 1390.761962890625, norm: 63888.484375
name: model.layers.8.self_attn.k_proj.weight, type: torch.int8, ratio: 0.02509688399732113, diff: 526.6441040039062, norm: 20984.44140625
name: model.layers.8.self_attn.v_proj.weight, type: torch.int8, ratio: 0.01932283118367195, diff: 590.6674194335938, norm: 30568.3671875
name: model.layers.8.self_attn.o_proj.weight, type: torch.int8, ratio: 0.012616761960089207, diff: 1346.700439453125, norm: 106738.9921875
name: model.layers.8.mlp.gate_proj.weight, type: torch.int8, ratio: 0.017220625653862953, diff: 3282.0615234375, norm: 190588.984375
name: model.layers.8.mlp.up_proj.weight, type: torch.int8, ratio: 0.013088679872453213, diff: 3413.229736328125, norm: 260777.234375
name: model.layers.8.mlp.down_proj.weight, type: torch.int8, ratio: 0.014023183844983578, diff: 3174.711669921875, norm: 226390.21875
name: model.layers.8.input_layernorm.weight, type: torch.float16, ratio: 0.00025443185586482286, diff: 0.0021123092155903578, norm: 8.30206298828125
name: model.layers.8.post_attention_layernorm.weight, type: torch.float16, ratio: 0.0034783203154802322, diff: 0.030097438022494316, norm: 8.652865409851074
name: model.layers.9.self_attn.q_proj.weight, type: torch.int8, ratio: 0.023212138563394547, diff: 1394.907470703125, norm: 60093.87890625
name: model.layers.9.self_attn.k_proj.weight, type: torch.int8, ratio: 0.027526797726750374, diff: 525.7898559570312, norm: 19101.017578125
name: model.layers.9.self_attn.v_proj.weight, type: torch.int8, ratio: 0.018582288175821304, diff: 574.4432373046875, norm: 30913.482421875
name: model.layers.9.self_attn.o_proj.weight, type: torch.int8, ratio: 0.013272427022457123, diff: 1436.786376953125, norm: 108253.4765625
name: model.layers.9.mlp.gate_proj.weight, type: torch.int8, ratio: 0.02648724988102913, diff: 3198.20849609375, norm: 120745.2109375
name: model.layers.9.mlp.up_proj.weight, type: torch.int8, ratio: 0.013408311642706394, diff: 3477.32763671875, norm: 259341.203125
name: model.layers.9.mlp.down_proj.weight, type: torch.int8, ratio: 0.013936550356447697, diff: 3169.99755859375, norm: 227459.265625
name: model.layers.9.input_layernorm.weight, type: torch.float16, ratio: 0.0013087179977446795, diff: 0.01134219765663147, norm: 8.666647911071777
name: model.layers.9.post_attention_layernorm.weight, type: torch.float16, ratio: 0.00019971563597209752, diff: 0.0019265778828412294, norm: 9.646605491638184
name: model.layers.10.self_attn.q_proj.weight, type: torch.int8, ratio: 0.021910514682531357, diff: 1499.416259765625, norm: 68433.640625
name: model.layers.10.self_attn.k_proj.weight, type: torch.int8, ratio: 0.025717753916978836, diff: 563.51220703125, norm: 21911.408203125
name: model.layers.10.self_attn.v_proj.weight, type: torch.int8, ratio: 0.018457911908626556, diff: 612.7283325195312, norm: 33195.97265625
name: model.layers.10.self_attn.o_proj.weight, type: torch.int8, ratio: 0.014528630301356316, diff: 1549.2640380859375, norm: 106635.2421875
name: model.layers.10.mlp.gate_proj.weight, type: torch.int8, ratio: 0.015936583280563354, diff: 3501.393798828125, norm: 219707.9375
name: model.layers.10.mlp.up_proj.weight, type: torch.int8, ratio: 0.01387119758874178, diff: 3538.502197265625, norm: 255097.09375
name: model.layers.10.mlp.down_proj.weight, type: torch.int8, ratio: 0.013935340568423271, diff: 3148.86669921875, norm: 225962.671875
name: model.layers.10.input_layernorm.weight, type: torch.float16, ratio: 0.00021101394668221474, diff: 0.0018426054157316685, norm: 8.732150077819824
name: model.layers.10.post_attention_layernorm.weight, type: torch.float16, ratio: 0.00023741928453091532, diff: 0.0021988048683851957, norm: 9.261273384094238
name: model.layers.11.self_attn.q_proj.weight, type: torch.int8, ratio: 0.021275831386446953, diff: 1402.52587890625, norm: 65921.0859375
name: model.layers.11.self_attn.k_proj.weight, type: torch.int8, ratio: 0.02486959472298622, diff: 527.3101806640625, norm: 21203.005859375
name: model.layers.11.self_attn.v_proj.weight, type: torch.int8, ratio: 0.018819143995642662, diff: 595.1033325195312, norm: 31622.23046875
name: model.layers.11.self_attn.o_proj.weight, type: torch.int8, ratio: 0.013500873930752277, diff: 1476.88623046875, norm: 109391.8984375
name: model.layers.11.mlp.gate_proj.weight, type: torch.int8, ratio: 0.01434467826038599, diff: 3350.519287109375, norm: 233572.28125
name: model.layers.11.mlp.up_proj.weight, type: torch.int8, ratio: 0.013361216522753239, diff: 3374.704345703125, norm: 252574.640625
name: model.layers.11.mlp.down_proj.weight, type: torch.int8, ratio: 0.013704029843211174, diff: 3128.08154296875, norm: 228259.984375
name: model.layers.11.input_layernorm.weight, type: torch.float16, ratio: 0.00021557814034167677, diff: 0.002016413025557995, norm: 9.353513717651367
name: model.layers.11.post_attention_layernorm.weight, type: torch.float16, ratio: 0.0019633073825389147, diff: 0.019321978092193604, norm: 9.841545104980469
name: model.layers.12.self_attn.q_proj.weight, type: torch.int8, ratio: 0.02308972179889679, diff: 1479.5445556640625, norm: 64078.05859375
name: model.layers.12.self_attn.k_proj.weight, type: torch.int8, ratio: 0.02674044482409954, diff: 556.5060424804688, norm: 20811.3984375
name: model.layers.12.self_attn.v_proj.weight, type: torch.int8, ratio: 0.021033670753240585, diff: 613.79638671875, norm: 29181.609375
name: model.layers.12.self_attn.o_proj.weight, type: torch.int8, ratio: 0.013168759644031525, diff: 1476.2208251953125, norm: 112100.21875
name: model.layers.12.mlp.gate_proj.weight, type: torch.int8, ratio: 0.01609809324145317, diff: 3387.053955078125, norm: 210400.9375
name: model.layers.12.mlp.up_proj.weight, type: torch.int8, ratio: 0.013862947933375835, diff: 3434.011474609375, norm: 247711.484375
name: model.layers.12.mlp.down_proj.weight, type: torch.int8, ratio: 0.015515444800257683, diff: 3351.50537109375, norm: 216010.90625
name: model.layers.12.input_layernorm.weight, type: torch.float16, ratio: 0.00022684734722133726, diff: 0.0022121560759842396, norm: 9.751738548278809
name: model.layers.12.post_attention_layernorm.weight, type: torch.float16, ratio: 0.0017459460068494081, diff: 0.017580680549144745, norm: 10.069429397583008
name: model.layers.13.self_attn.q_proj.weight, type: torch.int8, ratio: 0.021388210356235504, diff: 1437.1134033203125, norm: 67191.8515625
name: model.layers.13.self_attn.k_proj.weight, type: torch.int8, ratio: 0.025219131261110306, diff: 538.042724609375, norm: 21334.705078125
name: model.layers.13.self_attn.v_proj.weight, type: torch.int8, ratio: 0.02078951895236969, diff: 583.7139892578125, norm: 28077.3203125
name: model.layers.13.self_attn.o_proj.weight, type: torch.int8, ratio: 0.014306061901152134, diff: 1499.7960205078125, norm: 104836.3984375
name: model.layers.13.mlp.gate_proj.weight, type: torch.int8, ratio: 0.015751123428344727, diff: 3305.089599609375, norm: 209831.984375
name: model.layers.13.mlp.up_proj.weight, type: torch.int8, ratio: 0.013627059757709503, diff: 3353.21044921875, norm: 246069.984375
name: model.layers.13.mlp.down_proj.weight, type: torch.int8, ratio: 0.014411159791052341, diff: 3193.3662109375, norm: 221589.8125
name: model.layers.13.input_layernorm.weight, type: torch.float16, ratio: 0.0009214321617037058, diff: 0.009234949946403503, norm: 10.022387504577637
name: model.layers.13.post_attention_layernorm.weight, type: torch.float16, ratio: 0.0006900482694618404, diff: 0.006951062008738518, norm: 10.073298454284668
name: model.layers.14.self_attn.q_proj.weight, type: torch.int8, ratio: 0.02226257137954235, diff: 1387.3658447265625, norm: 62318.3125
name: model.layers.14.self_attn.k_proj.weight, type: torch.int8, ratio: 0.02543269656598568, diff: 530.4290771484375, norm: 20856.1875
name: model.layers.14.self_attn.v_proj.weight, type: torch.int8, ratio: 0.020847918465733528, diff: 605.0950317382812, norm: 29024.2421875
name: model.layers.14.self_attn.o_proj.weight, type: torch.int8, ratio: 0.01401097048074007, diff: 1460.096923828125, norm: 104210.9765625
name: model.layers.14.mlp.gate_proj.weight, type: torch.int8, ratio: 0.015428312122821808, diff: 3231.861328125, norm: 209476.015625
name: model.layers.14.mlp.up_proj.weight, type: torch.int8, ratio: 0.013354158028960228, diff: 3282.12255859375, norm: 245775.328125
name: model.layers.14.mlp.down_proj.weight, type: torch.int8, ratio: 0.015343701466917992, diff: 3272.230224609375, norm: 213262.109375
name: model.layers.14.input_layernorm.weight, type: torch.float16, ratio: 0.0001991701719816774, diff: 0.002075475873425603, norm: 10.420616149902344
name: model.layers.14.post_attention_layernorm.weight, type: torch.float16, ratio: 0.0018908933270722628, diff: 0.019796043634414673, norm: 10.469148635864258
name: model.layers.15.self_attn.q_proj.weight, type: torch.int8, ratio: 0.021696602925658226, diff: 1370.465576171875, norm: 63164.984375
name: model.layers.15.self_attn.k_proj.weight, type: torch.int8, ratio: 0.025134051218628883, diff: 519.5911865234375, norm: 20672.798828125
name: model.layers.15.self_attn.v_proj.weight, type: torch.int8, ratio: 0.02059679478406906, diff: 577.9334106445312, norm: 28059.38671875
name: model.layers.15.self_attn.o_proj.weight, type: torch.int8, ratio: 0.013602841645479202, diff: 1497.5350341796875, norm: 110089.8671875
name: model.layers.15.mlp.gate_proj.weight, type: torch.int8, ratio: 0.015375299379229546, diff: 3202.141357421875, norm: 208265.296875
name: model.layers.15.mlp.up_proj.weight, type: torch.int8, ratio: 0.01357255782932043, diff: 3240.737548828125, norm: 238771.328125
name: model.layers.15.mlp.down_proj.weight, type: torch.int8, ratio: 0.014677740633487701, diff: 3254.97998046875, norm: 221763.015625
name: model.layers.15.input_layernorm.weight, type: torch.float16, ratio: 0.00022434981656260788, diff: 0.002316322410479188, norm: 10.324601173400879
name: model.layers.15.post_attention_layernorm.weight, type: torch.float16, ratio: 0.002739913761615753, diff: 0.02962179109454155, norm: 10.811212539672852
name: model.layers.16.self_attn.q_proj.weight, type: torch.int8, ratio: 0.021370353177189827, diff: 1365.66796875, norm: 63904.7890625
name: model.layers.16.self_attn.k_proj.weight, type: torch.int8, ratio: 0.02633373625576496, diff: 518.5614624023438, norm: 19691.90625
name: model.layers.16.self_attn.v_proj.weight, type: torch.int8, ratio: 0.019357504323124886, diff: 601.686767578125, norm: 31082.869140625
name: model.layers.16.self_attn.o_proj.weight, type: torch.int8, ratio: 0.01421820092946291, diff: 1494.93505859375, norm: 105142.3515625
name: model.layers.16.mlp.gate_proj.weight, type: torch.int8, ratio: 0.014561782591044903, diff: 3175.54736328125, norm: 218074.078125
name: model.layers.16.mlp.up_proj.weight, type: torch.int8, ratio: 0.013094089925289154, diff: 3206.68359375, norm: 244895.484375
name: model.layers.16.mlp.down_proj.weight, type: torch.int8, ratio: 0.014407512731850147, diff: 3255.311279296875, norm: 225945.40625
name: model.layers.16.input_layernorm.weight, type: torch.float16, ratio: 0.00021726950944866985, diff: 0.002342621795833111, norm: 10.782100677490234
name: model.layers.16.post_attention_layernorm.weight, type: torch.float16, ratio: 0.0010751483496278524, diff: 0.011356383562088013, norm: 10.562620162963867
name: model.layers.17.self_attn.q_proj.weight, type: torch.int8, ratio: 0.019834542647004128, diff: 1361.3089599609375, norm: 68633.2421875
name: model.layers.17.self_attn.k_proj.weight, type: torch.int8, ratio: 0.022931214421987534, diff: 518.5065307617188, norm: 22611.384765625
name: model.layers.17.self_attn.v_proj.weight, type: torch.int8, ratio: 0.019193561747670174, diff: 567.5279541015625, norm: 29568.662109375
name: model.layers.17.self_attn.o_proj.weight, type: torch.int8, ratio: 0.01411211583763361, diff: 1486.4241943359375, norm: 105329.6484375
name: model.layers.17.mlp.gate_proj.weight, type: torch.int8, ratio: 0.014960926957428455, diff: 3146.23779296875, norm: 210296.984375
name: model.layers.17.mlp.up_proj.weight, type: torch.int8, ratio: 0.013184958137571812, diff: 3190.70361328125, norm: 241995.734375
name: model.layers.17.mlp.down_proj.weight, type: torch.int8, ratio: 0.014953226782381535, diff: 3263.667236328125, norm: 218258.390625
name: model.layers.17.input_layernorm.weight, type: torch.float16, ratio: 0.00018158458988182247, diff: 0.0019306137692183256, norm: 10.632035255432129
name: model.layers.17.post_attention_layernorm.weight, type: torch.float16, ratio: 0.001282203826121986, diff: 0.01342123281210661, norm: 10.467315673828125
name: model.layers.18.self_attn.q_proj.weight, type: torch.int8, ratio: 0.019971275702118874, diff: 1351.2845458984375, norm: 67661.40625
name: model.layers.18.self_attn.k_proj.weight, type: torch.int8, ratio: 0.024366749450564384, diff: 514.3179931640625, norm: 21107.369140625
name: model.layers.18.self_attn.v_proj.weight, type: torch.int8, ratio: 0.01825633831322193, diff: 553.65966796875, norm: 30326.984375
name: model.layers.18.self_attn.o_proj.weight, type: torch.int8, ratio: 0.014761141501367092, diff: 1505.1754150390625, norm: 101968.765625
name: model.layers.18.mlp.gate_proj.weight, type: torch.int8, ratio: 0.01598510891199112, diff: 3139.25244140625, norm: 196386.0625
name: model.layers.18.mlp.up_proj.weight, type: torch.int8, ratio: 0.013321715407073498, diff: 3203.3984375, norm: 240464.40625
name: model.layers.18.mlp.down_proj.weight, type: torch.int8, ratio: 0.015339003875851631, diff: 3404.5732421875, norm: 221955.296875
name: model.layers.18.input_layernorm.weight, type: torch.float16, ratio: 0.00018749867740552872, diff: 0.0019061885541304946, norm: 10.166410446166992
name: model.layers.18.post_attention_layernorm.weight, type: torch.float16, ratio: 0.011697028763592243, diff: 0.12409213185310364, norm: 10.608859062194824
name: model.layers.19.self_attn.q_proj.weight, type: torch.int8, ratio: 0.019414586946368217, diff: 1357.58642578125, norm: 69926.1015625
name: model.layers.19.self_attn.k_proj.weight, type: torch.int8, ratio: 0.02465285360813141, diff: 514.8009033203125, norm: 20882.0
name: model.layers.19.self_attn.v_proj.weight, type: torch.int8, ratio: 0.01855103299021721, diff: 550.6741333007812, norm: 29684.28515625
name: model.layers.19.self_attn.o_proj.weight, type: torch.int8, ratio: 0.014017291367053986, diff: 1520.7615966796875, norm: 108491.828125
name: model.layers.19.mlp.gate_proj.weight, type: torch.int8, ratio: 0.01672821305692196, diff: 3137.087646484375, norm: 187532.75
name: model.layers.19.mlp.up_proj.weight, type: torch.int8, ratio: 0.013615231029689312, diff: 3241.34130859375, norm: 238067.296875
name: model.layers.19.mlp.down_proj.weight, type: torch.int8, ratio: 0.015190519392490387, diff: 3432.97265625, norm: 225994.421875
name: model.layers.19.input_layernorm.weight, type: torch.float16, ratio: 0.00012107354996260256, diff: 0.0012374680954962969, norm: 10.220796585083008
name: model.layers.19.post_attention_layernorm.weight, type: torch.float16, ratio: 0.0017539986874908209, diff: 0.01828918419778347, norm: 10.427136421203613
name: model.layers.20.self_attn.q_proj.weight, type: torch.int8, ratio: 0.019010469317436218, diff: 1375.635498046875, norm: 72361.9921875
name: model.layers.20.self_attn.k_proj.weight, type: torch.int8, ratio: 0.024821048602461815, diff: 518.12451171875, norm: 20874.400390625
name: model.layers.20.self_attn.v_proj.weight, type: torch.int8, ratio: 0.018323399126529694, diff: 539.2476196289062, norm: 29429.453125
name: model.layers.20.self_attn.o_proj.weight, type: torch.int8, ratio: 0.013506539165973663, diff: 1505.3863525390625, norm: 111456.109375
name: model.layers.20.mlp.gate_proj.weight, type: torch.int8, ratio: 0.017400654032826424, diff: 3164.512451171875, norm: 181861.703125
name: model.layers.20.mlp.up_proj.weight, type: torch.int8, ratio: 0.014573351480066776, diff: 3309.459716796875, norm: 227089.8125
name: model.layers.20.mlp.down_proj.weight, type: torch.int8, ratio: 0.015807513147592545, diff: 3584.739990234375, norm: 226774.453125
name: model.layers.20.input_layernorm.weight, type: torch.float16, ratio: 8.527569298166782e-05, diff: 0.000858874642290175, norm: 10.07174015045166
name: model.layers.20.post_attention_layernorm.weight, type: torch.float16, ratio: 0.0013079766649752855, diff: 0.013161622919142246, norm: 10.062582015991211
name: model.layers.21.self_attn.q_proj.weight, type: torch.int8, ratio: 0.02016596496105194, diff: 1382.8800048828125, norm: 68574.9453125
name: model.layers.21.self_attn.k_proj.weight, type: torch.int8, ratio: 0.028498534113168716, diff: 521.1707763671875, norm: 18287.634765625
name: model.layers.21.self_attn.v_proj.weight, type: torch.int8, ratio: 0.019407207146286964, diff: 536.387939453125, norm: 27638.595703125
name: model.layers.21.self_attn.o_proj.weight, type: torch.int8, ratio: 0.014364893548190594, diff: 1500.6241455078125, norm: 104464.6875
name: model.layers.21.mlp.gate_proj.weight, type: torch.int8, ratio: 0.018763868138194084, diff: 3178.625732421875, norm: 169401.40625
name: model.layers.21.mlp.up_proj.weight, type: torch.int8, ratio: 0.014511837624013424, diff: 3343.15185546875, norm: 230374.125
name: model.layers.21.mlp.down_proj.weight, type: torch.int8, ratio: 0.015556461177766323, diff: 3583.69970703125, norm: 230367.28125
name: model.layers.21.input_layernorm.weight, type: torch.float16, ratio: 5.5000855354592204e-05, diff: 0.0005270360270515084, norm: 9.582324028015137
name: model.layers.21.post_attention_layernorm.weight, type: torch.float16, ratio: 0.002102818340063095, diff: 0.020380448549985886, norm: 9.691967964172363
name: model.layers.22.self_attn.q_proj.weight, type: torch.int8, ratio: 0.02083277329802513, diff: 1389.297607421875, norm: 66688.078125
name: model.layers.22.self_attn.k_proj.weight, type: torch.int8, ratio: 0.027449345216155052, diff: 530.513916015625, norm: 19327.015625
name: model.layers.22.self_attn.v_proj.weight, type: torch.int8, ratio: 0.024349460378289223, diff: 526.115966796875, norm: 21606.884765625
name: model.layers.22.self_attn.o_proj.weight, type: torch.int8, ratio: 0.013483011163771152, diff: 1531.215576171875, norm: 113566.2890625
name: model.layers.22.mlp.gate_proj.weight, type: torch.int8, ratio: 0.019825121387839317, diff: 3161.18115234375, norm: 159453.3125
name: model.layers.22.mlp.up_proj.weight, type: torch.int8, ratio: 0.014698666520416737, diff: 3270.572509765625, norm: 222508.109375
name: model.layers.22.mlp.down_proj.weight, type: torch.int8, ratio: 0.0157015323638916, diff: 3646.291748046875, norm: 232225.21875
name: model.layers.22.input_layernorm.weight, type: torch.float16, ratio: 5.1020324463024735e-05, diff: 0.0004565540875773877, norm: 8.948474884033203
name: model.layers.22.post_attention_layernorm.weight, type: torch.float16, ratio: 0.006289379671216011, diff: 0.05896087735891342, norm: 9.374672889709473
name: model.layers.23.self_attn.q_proj.weight, type: torch.int8, ratio: 0.020905273035168648, diff: 1384.63671875, norm: 66233.8515625
name: model.layers.23.self_attn.k_proj.weight, type: torch.int8, ratio: 0.027523057535290718, diff: 523.6229858398438, norm: 19024.884765625
name: model.layers.23.self_attn.v_proj.weight, type: torch.int8, ratio: 0.022981872782111168, diff: 521.19384765625, norm: 22678.4765625
name: model.layers.23.self_attn.o_proj.weight, type: torch.int8, ratio: 0.013460331596434116, diff: 1518.5345458984375, norm: 112815.5390625
name: model.layers.23.mlp.gate_proj.weight, type: torch.int8, ratio: 0.020572690293192863, diff: 3168.677978515625, norm: 154023.515625
name: model.layers.23.mlp.up_proj.weight, type: torch.int8, ratio: 0.014225353486835957, diff: 3274.20947265625, norm: 230167.171875
name: model.layers.23.mlp.down_proj.weight, type: torch.int8, ratio: 0.01592310704290867, diff: 3756.859619140625, norm: 235937.59375
name: model.layers.23.input_layernorm.weight, type: torch.float16, ratio: 2.9331080440897495e-05, diff: 0.0002490970946382731, norm: 8.492598533630371
name: model.layers.23.post_attention_layernorm.weight, type: torch.float16, ratio: 0.0005020447424612939, diff: 0.004673501010984182, norm: 9.30893325805664
name: model.layers.24.self_attn.q_proj.weight, type: torch.int8, ratio: 0.019029956310987473, diff: 1392.4560546875, norm: 73171.796875
name: model.layers.24.self_attn.k_proj.weight, type: torch.int8, ratio: 0.023175280541181564, diff: 531.0235595703125, norm: 22913.361328125
name: model.layers.24.self_attn.v_proj.weight, type: torch.int8, ratio: 0.020246241241693497, diff: 521.7374877929688, norm: 25769.59765625
name: model.layers.24.self_attn.o_proj.weight, type: torch.int8, ratio: 0.0131678506731987, diff: 1502.229736328125, norm: 114083.140625
name: model.layers.24.mlp.gate_proj.weight, type: torch.int8, ratio: 0.018746519461274147, diff: 3197.80859375, norm: 170581.453125
name: model.layers.24.mlp.up_proj.weight, type: torch.int8, ratio: 0.014240926131606102, diff: 3270.873779296875, norm: 229681.25
name: model.layers.24.mlp.down_proj.weight, type: torch.int8, ratio: 0.0160690788179636, diff: 3779.990234375, norm: 235233.796875
name: model.layers.24.input_layernorm.weight, type: torch.float16, ratio: 3.2966821891022846e-05, diff: 0.00028300838312134147, norm: 8.58464241027832
name: model.layers.24.post_attention_layernorm.weight, type: torch.float16, ratio: 0.0004767823265865445, diff: 0.004390615504235029, norm: 9.208847045898438
name: model.layers.25.self_attn.q_proj.weight, type: torch.int8, ratio: 0.02010403387248516, diff: 1389.302734375, norm: 69105.671875
name: model.layers.25.self_attn.k_proj.weight, type: torch.int8, ratio: 0.027044104412198067, diff: 527.6087646484375, norm: 19509.197265625
name: model.layers.25.self_attn.v_proj.weight, type: torch.int8, ratio: 0.021610844880342484, diff: 529.2456665039062, norm: 24489.818359375
name: model.layers.25.self_attn.o_proj.weight, type: torch.int8, ratio: 0.013342934660613537, diff: 1504.8927001953125, norm: 112785.734375
name: model.layers.25.mlp.gate_proj.weight, type: torch.int8, ratio: 0.018022185191512108, diff: 3194.056884765625, norm: 177229.171875
name: model.layers.25.mlp.up_proj.weight, type: torch.int8, ratio: 0.014167234301567078, diff: 3279.12255859375, norm: 231458.203125
name: model.layers.25.mlp.down_proj.weight, type: torch.int8, ratio: 0.016522157937288284, diff: 3848.235595703125, norm: 232913.625
name: model.layers.25.input_layernorm.weight, type: torch.float16, ratio: 2.387193489994388e-05, diff: 0.0002054277283605188, norm: 8.60540771484375
name: model.layers.25.post_attention_layernorm.weight, type: torch.float16, ratio: 0.0027569166850298643, diff: 0.026201846078038216, norm: 9.504039764404297
name: model.layers.26.self_attn.q_proj.weight, type: torch.int8, ratio: 0.02435982972383499, diff: 1382.8868408203125, norm: 56769.1484375
name: model.layers.26.self_attn.k_proj.weight, type: torch.int8, ratio: 0.027497095987200737, diff: 553.764404296875, norm: 20139.013671875
name: model.layers.26.self_attn.v_proj.weight, type: torch.int8, ratio: 0.027831310406327248, diff: 514.0982666015625, norm: 18471.939453125
name: model.layers.26.self_attn.o_proj.weight, type: torch.int8, ratio: 0.01367182657122612, diff: 1515.7147216796875, norm: 110864.1015625
name: model.layers.26.mlp.gate_proj.weight, type: torch.int8, ratio: 0.018467361107468605, diff: 3158.617919921875, norm: 171037.859375
name: model.layers.26.mlp.up_proj.weight, type: torch.int8, ratio: 0.014930108562111855, diff: 3259.6474609375, norm: 218327.109375
name: model.layers.26.mlp.down_proj.weight, type: torch.int8, ratio: 0.016843022778630257, diff: 3897.787353515625, norm: 231418.515625
name: model.layers.26.input_layernorm.weight, type: torch.float16, ratio: 9.272087481804192e-05, diff: 0.000828659045509994, norm: 8.937135696411133
name: model.layers.26.post_attention_layernorm.weight, type: torch.float16, ratio: 0.0013365928316488862, diff: 0.01318571250885725, norm: 9.865167617797852
name: model.layers.27.self_attn.q_proj.weight, type: torch.int8, ratio: 0.026659058406949043, diff: 1396.046875, norm: 52366.69921875
name: model.layers.27.self_attn.k_proj.weight, type: torch.int8, ratio: 0.027620041742920876, diff: 562.8339233398438, norm: 20377.736328125
name: model.layers.27.self_attn.v_proj.weight, type: torch.int8, ratio: 0.04202532023191452, diff: 511.3540954589844, norm: 12167.76171875
name: model.layers.27.self_attn.o_proj.weight, type: torch.int8, ratio: 0.013976134359836578, diff: 1511.1551513671875, norm: 108123.96875
name: model.layers.27.mlp.gate_proj.weight, type: torch.int8, ratio: 0.02240387350320816, diff: 3105.17236328125, norm: 138599.796875
name: model.layers.27.mlp.up_proj.weight, type: torch.int8, ratio: 0.016106601804494858, diff: 3263.01025390625, norm: 202588.375
name: model.layers.27.mlp.down_proj.weight, type: torch.int8, ratio: 0.01495138555765152, diff: 3311.640625, norm: 221493.890625
name: model.layers.27.input_layernorm.weight, type: torch.float16, ratio: 7.093759631970897e-05, diff: 0.0006046505877748132, norm: 8.523696899414062
name: model.layers.27.post_attention_layernorm.weight, type: torch.float16, ratio: 0.0030359127558767796, diff: 0.03384416177868843, norm: 11.14793586730957
