name: model.layers.0.self_attn.q_proj.weight, type: torch.int8, ratio: 0.13663022220134735, diff: 9324.81640625, norm: 68248.5625
name: model.layers.0.self_attn.k_proj.weight, type: torch.int8, ratio: 0.09283073246479034, diff: 3189.07080078125, norm: 34353.609375
name: model.layers.0.self_attn.v_proj.weight, type: torch.int8, ratio: 0.15785802900791168, diff: 6195.0087890625, norm: 39244.1796875
name: model.layers.0.self_attn.o_proj.weight, type: torch.int8, ratio: 0.3988347351551056, diff: 38562.56640625, norm: 96688.0859375
name: model.layers.0.mlp.gate_proj.weight, type: torch.int8, ratio: 0.13911032676696777, diff: 22823.40625, norm: 164066.953125
name: model.layers.0.mlp.up_proj.weight, type: torch.int8, ratio: 0.16865622997283936, diff: 33540.203125, norm: 198867.265625
name: model.layers.0.mlp.down_proj.weight, type: torch.int8, ratio: 0.14562299847602844, diff: 30250.095703125, norm: 207728.84375
name: model.layers.0.input_layernorm.weight, type: torch.float16, ratio: 0.059201404452323914, diff: 0.37893998622894287, norm: 6.4008612632751465
name: model.layers.0.post_attention_layernorm.weight, type: torch.float16, ratio: 0.03293737396597862, diff: 0.2555227279663086, norm: 7.757835865020752
name: model.layers.1.self_attn.q_proj.weight, type: torch.int8, ratio: 0.14758029580116272, diff: 5601.4296875, norm: 37955.1328125
name: model.layers.1.self_attn.k_proj.weight, type: torch.int8, ratio: 0.12573938071727753, diff: 1879.9561767578125, norm: 14951.212890625
name: model.layers.1.self_attn.v_proj.weight, type: torch.int8, ratio: 0.14625245332717896, diff: 3623.2001953125, norm: 24773.603515625
name: model.layers.1.self_attn.o_proj.weight, type: torch.int8, ratio: 0.3908154368400574, diff: 42553.12109375, norm: 108882.90625
name: model.layers.1.mlp.gate_proj.weight, type: torch.int8, ratio: 0.10372646898031235, diff: 8041.490234375, norm: 77525.921875
name: model.layers.1.mlp.up_proj.weight, type: torch.int8, ratio: 0.11927073448896408, diff: 15299.51953125, norm: 128275.5546875
name: model.layers.1.mlp.down_proj.weight, type: torch.int8, ratio: 0.1358203887939453, diff: 24768.59375, norm: 182362.859375
name: model.layers.1.input_layernorm.weight, type: torch.float16, ratio: 0.4233459532260895, diff: 2.517366409301758, norm: 5.946357727050781
name: model.layers.1.post_attention_layernorm.weight, type: torch.float16, ratio: 0.020398680120706558, diff: 0.1846787929534912, norm: 9.053467750549316
name: model.layers.2.self_attn.q_proj.weight, type: torch.int8, ratio: 0.1452852487564087, diff: 8428.115234375, norm: 58010.8125
name: model.layers.2.self_attn.k_proj.weight, type: torch.int8, ratio: 0.10707147419452667, diff: 2035.3717041015625, norm: 19009.466796875
name: model.layers.2.self_attn.v_proj.weight, type: torch.int8, ratio: 0.16270168125629425, diff: 4903.53759765625, norm: 30138.2109375
name: model.layers.2.self_attn.o_proj.weight, type: torch.int8, ratio: 0.39029353857040405, diff: 43626.1953125, norm: 111777.90625
name: model.layers.2.mlp.gate_proj.weight, type: torch.int8, ratio: 0.1090155690908432, diff: 9091.8798828125, norm: 83399.828125
name: model.layers.2.mlp.up_proj.weight, type: torch.int8, ratio: 0.1275903880596161, diff: 19483.12890625, norm: 152700.59375
name: model.layers.2.mlp.down_proj.weight, type: torch.int8, ratio: 0.13623523712158203, diff: 28190.109375, norm: 206922.296875
name: model.layers.2.input_layernorm.weight, type: torch.float16, ratio: 0.3445037305355072, diff: 2.5923805236816406, norm: 7.524970531463623
name: model.layers.2.post_attention_layernorm.weight, type: torch.float16, ratio: 0.020814038813114166, diff: 0.18376877903938293, norm: 8.829078674316406
name: model.layers.3.self_attn.q_proj.weight, type: torch.int8, ratio: 0.15201498568058014, diff: 8435.970703125, norm: 55494.3359375
name: model.layers.3.self_attn.k_proj.weight, type: torch.int8, ratio: 0.10744638741016388, diff: 1889.63720703125, norm: 17586.791015625
name: model.layers.3.self_attn.v_proj.weight, type: torch.int8, ratio: 0.14644037187099457, diff: 3845.236328125, norm: 26258.033203125
name: model.layers.3.self_attn.o_proj.weight, type: torch.int8, ratio: 0.38859033584594727, diff: 41189.671875, norm: 105997.671875
name: model.layers.3.mlp.gate_proj.weight, type: torch.int8, ratio: 0.11402968317270279, diff: 14232.294921875, norm: 124812.1953125
name: model.layers.3.mlp.up_proj.weight, type: torch.int8, ratio: 0.12804950773715973, diff: 27773.693359375, norm: 216898.09375
name: model.layers.3.mlp.down_proj.weight, type: torch.int8, ratio: 0.1339370310306549, diff: 29303.611328125, norm: 218786.484375
name: model.layers.3.input_layernorm.weight, type: torch.float16, ratio: 0.07508478313684464, diff: 0.5358365178108215, norm: 7.136419296264648
name: model.layers.3.post_attention_layernorm.weight, type: torch.float16, ratio: 0.023956377059221268, diff: 0.2222660481929779, norm: 9.277949333190918
name: model.layers.4.self_attn.q_proj.weight, type: torch.int8, ratio: 0.1776474565267563, diff: 10241.76953125, norm: 57652.21484375
name: model.layers.4.self_attn.k_proj.weight, type: torch.int8, ratio: 0.16130268573760986, diff: 3144.230712890625, norm: 19492.736328125
name: model.layers.4.self_attn.v_proj.weight, type: torch.int8, ratio: 0.14900808036327362, diff: 4213.87841796875, norm: 28279.529296875
name: model.layers.4.self_attn.o_proj.weight, type: torch.int8, ratio: 0.38663339614868164, diff: 42031.77734375, norm: 108712.2265625
name: model.layers.4.mlp.gate_proj.weight, type: torch.int8, ratio: 0.11843834072351456, diff: 12913.0693359375, norm: 109027.78125
name: model.layers.4.mlp.up_proj.weight, type: torch.int8, ratio: 0.13448981940746307, diff: 31144.48046875, norm: 231575.0
name: model.layers.4.mlp.down_proj.weight, type: torch.int8, ratio: 0.13738127052783966, diff: 30978.13671875, norm: 225490.25
name: model.layers.4.input_layernorm.weight, type: torch.float16, ratio: 1.780171275138855, diff: 12.872217178344727, norm: 7.230886936187744
name: model.layers.4.post_attention_layernorm.weight, type: torch.float16, ratio: 0.021292956545948982, diff: 0.19268004596233368, norm: 9.049003601074219
name: model.layers.5.self_attn.q_proj.weight, type: torch.int8, ratio: 0.1628625988960266, diff: 10923.25, norm: 67070.34375
name: model.layers.5.self_attn.k_proj.weight, type: torch.int8, ratio: 0.15818791091442108, diff: 3676.98486328125, norm: 23244.412109375
name: model.layers.5.self_attn.v_proj.weight, type: torch.int8, ratio: 0.1394447684288025, diff: 4269.63232421875, norm: 30618.8046875
name: model.layers.5.self_attn.o_proj.weight, type: torch.int8, ratio: 0.38712430000305176, diff: 43536.0390625, norm: 112460.1015625
name: model.layers.5.mlp.gate_proj.weight, type: torch.int8, ratio: 0.12701837718486786, diff: 11850.8125, norm: 93299.984375
name: model.layers.5.mlp.up_proj.weight, type: torch.int8, ratio: 0.13084392249584198, diff: 29740.37109375, norm: 227296.53125
name: model.layers.5.mlp.down_proj.weight, type: torch.int8, ratio: 0.13358831405639648, diff: 30085.580078125, norm: 225211.15625
name: model.layers.5.input_layernorm.weight, type: torch.float16, ratio: 0.0882200077176094, diff: 0.6795885562896729, norm: 7.703338146209717
name: model.layers.5.post_attention_layernorm.weight, type: torch.float16, ratio: 0.02259012684226036, diff: 0.20782151818275452, norm: 9.199661254882812
name: model.layers.6.self_attn.q_proj.weight, type: torch.int8, ratio: 0.15522007644176483, diff: 9505.822265625, norm: 61240.93359375
name: model.layers.6.self_attn.k_proj.weight, type: torch.int8, ratio: 0.1287274956703186, diff: 2708.984130859375, norm: 21044.33203125
name: model.layers.6.self_attn.v_proj.weight, type: torch.int8, ratio: 0.12961213290691376, diff: 3893.98486328125, norm: 30043.365234375
name: model.layers.6.self_attn.o_proj.weight, type: torch.int8, ratio: 0.38510456681251526, diff: 42206.90234375, norm: 109598.5546875
name: model.layers.6.mlp.gate_proj.weight, type: torch.int8, ratio: 0.1484803408384323, diff: 23440.26953125, norm: 157867.828125
name: model.layers.6.mlp.up_proj.weight, type: torch.int8, ratio: 0.13719956576824188, diff: 35542.44140625, norm: 259056.515625
name: model.layers.6.mlp.down_proj.weight, type: torch.int8, ratio: 0.14212805032730103, diff: 32265.544921875, norm: 227017.421875
name: model.layers.6.input_layernorm.weight, type: torch.float16, ratio: 0.053549885749816895, diff: 0.4059133529663086, norm: 7.580097675323486
name: model.layers.6.post_attention_layernorm.weight, type: torch.float16, ratio: 0.019512569531798363, diff: 0.16472932696342468, norm: 8.442215919494629
name: model.layers.7.self_attn.q_proj.weight, type: torch.int8, ratio: 0.16478204727172852, diff: 10913.8125, norm: 66231.8046875
name: model.layers.7.self_attn.k_proj.weight, type: torch.int8, ratio: 0.15212984383106232, diff: 2904.038330078125, norm: 19089.208984375
name: model.layers.7.self_attn.v_proj.weight, type: torch.int8, ratio: 0.11335396021604538, diff: 3514.340087890625, norm: 31003.240234375
name: model.layers.7.self_attn.o_proj.weight, type: torch.int8, ratio: 0.3824068009853363, diff: 41529.203125, norm: 108599.5390625
name: model.layers.7.mlp.gate_proj.weight, type: torch.int8, ratio: 0.14821039140224457, diff: 28356.580078125, norm: 191326.53125
name: model.layers.7.mlp.up_proj.weight, type: torch.int8, ratio: 0.13699409365653992, diff: 35021.1796875, norm: 255640.078125
name: model.layers.7.mlp.down_proj.weight, type: torch.int8, ratio: 0.1415780484676361, diff: 32049.076171875, norm: 226370.375
name: model.layers.7.input_layernorm.weight, type: torch.float16, ratio: 0.8912498354911804, diff: 7.251804828643799, norm: 8.136669158935547
name: model.layers.7.post_attention_layernorm.weight, type: torch.float16, ratio: 0.020703453570604324, diff: 0.17544050514698029, norm: 8.473973274230957
name: model.layers.8.self_attn.q_proj.weight, type: torch.int8, ratio: 0.17010828852653503, diff: 11007.4599609375, norm: 64708.546875
name: model.layers.8.self_attn.k_proj.weight, type: torch.int8, ratio: 0.16036665439605713, diff: 3318.08447265625, norm: 20690.61328125
name: model.layers.8.self_attn.v_proj.weight, type: torch.int8, ratio: 0.1307430863380432, diff: 3987.44189453125, norm: 30498.30078125
name: model.layers.8.self_attn.o_proj.weight, type: torch.int8, ratio: 0.3834969401359558, diff: 41006.16015625, norm: 106926.953125
name: model.layers.8.mlp.gate_proj.weight, type: torch.int8, ratio: 0.150944322347641, diff: 28319.767578125, norm: 187617.3125
name: model.layers.8.mlp.up_proj.weight, type: torch.int8, ratio: 0.13718432188034058, diff: 35619.85546875, norm: 259649.609375
name: model.layers.8.mlp.down_proj.weight, type: torch.int8, ratio: 0.142222061753273, diff: 32177.533203125, norm: 226248.546875
name: model.layers.8.input_layernorm.weight, type: torch.float16, ratio: 0.3971928358078003, diff: 3.4408419132232666, norm: 8.6628999710083
name: model.layers.8.post_attention_layernorm.weight, type: torch.float16, ratio: 0.022491900250315666, diff: 0.20540422201156616, norm: 9.132364273071289
name: model.layers.9.self_attn.q_proj.weight, type: torch.int8, ratio: 0.17853212356567383, diff: 10673.8271484375, norm: 59786.58984375
name: model.layers.9.self_attn.k_proj.weight, type: torch.int8, ratio: 0.17009276151657104, diff: 3145.50341796875, norm: 18492.87109375
name: model.layers.9.self_attn.v_proj.weight, type: torch.int8, ratio: 0.11161118745803833, diff: 3477.04150390625, norm: 31153.162109375
name: model.layers.9.self_attn.o_proj.weight, type: torch.int8, ratio: 0.3833303153514862, diff: 41511.79296875, norm: 108292.484375
name: model.layers.9.mlp.gate_proj.weight, type: torch.int8, ratio: 0.1588500589132309, diff: 18988.455078125, norm: 119536.96875
name: model.layers.9.mlp.up_proj.weight, type: torch.int8, ratio: 0.14009778201580048, diff: 36218.078125, norm: 258519.984375
name: model.layers.9.mlp.down_proj.weight, type: torch.int8, ratio: 0.1405479609966278, diff: 31929.1640625, norm: 227176.296875
name: model.layers.9.input_layernorm.weight, type: torch.float16, ratio: 0.03446981683373451, diff: 0.31606513261795044, norm: 9.169330596923828
name: model.layers.9.post_attention_layernorm.weight, type: torch.float16, ratio: 0.023958081379532814, diff: 0.24640952050685883, norm: 10.285027503967285
name: model.layers.10.self_attn.q_proj.weight, type: torch.int8, ratio: 0.16684967279434204, diff: 11448.1806640625, norm: 68613.7421875
name: model.layers.10.self_attn.k_proj.weight, type: torch.int8, ratio: 0.1496405303478241, diff: 3232.818359375, norm: 21603.89453125
name: model.layers.10.self_attn.v_proj.weight, type: torch.int8, ratio: 0.1277848482131958, diff: 4257.80419921875, norm: 33320.1015625
name: model.layers.10.self_attn.o_proj.weight, type: torch.int8, ratio: 0.3815194070339203, diff: 40698.09375, norm: 106673.71875
name: model.layers.10.mlp.gate_proj.weight, type: torch.int8, ratio: 0.15769414603710175, diff: 34248.15625, norm: 217180.90625
name: model.layers.10.mlp.up_proj.weight, type: torch.int8, ratio: 0.1383538544178009, diff: 35183.02734375, norm: 254297.421875
name: model.layers.10.mlp.down_proj.weight, type: torch.int8, ratio: 0.14244720339775085, diff: 32165.830078125, norm: 225808.796875
name: model.layers.10.input_layernorm.weight, type: torch.float16, ratio: 0.4952733814716339, diff: 4.554689407348633, norm: 9.196313858032227
name: model.layers.10.post_attention_layernorm.weight, type: torch.float16, ratio: 0.01759447529911995, diff: 0.17288993299007416, norm: 9.826375961303711
name: model.layers.11.self_attn.q_proj.weight, type: torch.int8, ratio: 0.1683739870786667, diff: 11062.451171875, norm: 65701.6640625
name: model.layers.11.self_attn.k_proj.weight, type: torch.int8, ratio: 0.15368443727493286, diff: 3175.2451171875, norm: 20660.810546875
name: model.layers.11.self_attn.v_proj.weight, type: torch.int8, ratio: 0.1382671296596527, diff: 4331.04150390625, norm: 31323.724609375
name: model.layers.11.self_attn.o_proj.weight, type: torch.int8, ratio: 0.3827572464942932, diff: 41904.46875, norm: 109480.5390625
name: model.layers.11.mlp.gate_proj.weight, type: torch.int8, ratio: 0.1609555333852768, diff: 37227.1484375, norm: 231288.40625
name: model.layers.11.mlp.up_proj.weight, type: torch.int8, ratio: 0.14255845546722412, diff: 36033.09375, norm: 252760.140625
name: model.layers.11.mlp.down_proj.weight, type: torch.int8, ratio: 0.1473953276872635, diff: 33624.16796875, norm: 228122.34375
name: model.layers.11.input_layernorm.weight, type: torch.float16, ratio: 0.42104583978652954, diff: 4.195985794067383, norm: 9.96562671661377
name: model.layers.11.post_attention_layernorm.weight, type: torch.float16, ratio: 0.023519180715084076, diff: 0.25079622864723206, norm: 10.66347599029541
name: model.layers.12.self_attn.q_proj.weight, type: torch.int8, ratio: 0.17379441857337952, diff: 10964.9970703125, norm: 63091.76953125
name: model.layers.12.self_attn.k_proj.weight, type: torch.int8, ratio: 0.15925487875938416, diff: 3182.85693359375, norm: 19985.9296875
name: model.layers.12.self_attn.v_proj.weight, type: torch.int8, ratio: 0.13176529109477997, diff: 3885.91650390625, norm: 29491.19921875
name: model.layers.12.self_attn.o_proj.weight, type: torch.int8, ratio: 0.38509687781333923, diff: 43176.75390625, norm: 112119.203125
name: model.layers.12.mlp.gate_proj.weight, type: torch.int8, ratio: 0.1633194237947464, diff: 31344.5234375, norm: 191921.59375
name: model.layers.12.mlp.up_proj.weight, type: torch.int8, ratio: 0.14549893140792847, diff: 35602.01171875, norm: 244689.171875
name: model.layers.12.mlp.down_proj.weight, type: torch.int8, ratio: 0.1478714793920517, diff: 31984.7578125, norm: 216301.0625
name: model.layers.12.input_layernorm.weight, type: torch.float16, ratio: 0.3310805857181549, diff: 3.4991812705993652, norm: 10.568971633911133
name: model.layers.12.post_attention_layernorm.weight, type: torch.float16, ratio: 0.01925131306052208, diff: 0.2134523242712021, norm: 11.087676048278809
name: model.layers.13.self_attn.q_proj.weight, type: torch.int8, ratio: 0.1795743852853775, diff: 11900.1826171875, norm: 66268.8203125
name: model.layers.13.self_attn.k_proj.weight, type: torch.int8, ratio: 0.16000710427761078, diff: 3245.435302734375, norm: 20283.0703125
name: model.layers.13.self_attn.v_proj.weight, type: torch.int8, ratio: 0.1164139062166214, diff: 3303.300048828125, norm: 28375.4765625
name: model.layers.13.self_attn.o_proj.weight, type: torch.int8, ratio: 0.3860803246498108, diff: 40508.88671875, norm: 104923.46875
name: model.layers.13.mlp.gate_proj.weight, type: torch.int8, ratio: 0.16647888720035553, diff: 33688.41015625, norm: 202358.453125
name: model.layers.13.mlp.up_proj.weight, type: torch.int8, ratio: 0.14766637980937958, diff: 36368.6875, norm: 246289.5625
name: model.layers.13.mlp.down_proj.weight, type: torch.int8, ratio: 0.14932790398597717, diff: 33096.88671875, norm: 221639.0
name: model.layers.13.input_layernorm.weight, type: torch.float16, ratio: 0.32586145401000977, diff: 3.574099063873291, norm: 10.968154907226562
name: model.layers.13.post_attention_layernorm.weight, type: torch.float16, ratio: 0.022297294810414314, diff: 0.251770943403244, norm: 11.291546821594238
name: model.layers.14.self_attn.q_proj.weight, type: torch.int8, ratio: 0.21001818776130676, diff: 12798.36328125, norm: 60939.30859375
name: model.layers.14.self_attn.k_proj.weight, type: torch.int8, ratio: 0.22598469257354736, diff: 4437.19140625, norm: 19634.919921875
name: model.layers.14.self_attn.v_proj.weight, type: torch.int8, ratio: 0.1341674029827118, diff: 3886.46875, norm: 28967.30859375
name: model.layers.14.self_attn.o_proj.weight, type: torch.int8, ratio: 0.38877347111701965, diff: 40596.2265625, norm: 104421.2890625
name: model.layers.14.mlp.gate_proj.weight, type: torch.int8, ratio: 0.16997677087783813, diff: 34193.6640625, norm: 201166.6875
name: model.layers.14.mlp.up_proj.weight, type: torch.int8, ratio: 0.1492329090833664, diff: 36681.140625, norm: 245797.921875
name: model.layers.14.mlp.down_proj.weight, type: torch.int8, ratio: 0.1499728262424469, diff: 32016.18359375, norm: 213479.890625
name: model.layers.14.input_layernorm.weight, type: torch.float16, ratio: 0.7473560571670532, diff: 8.576620101928711, norm: 11.47594928741455
name: model.layers.14.post_attention_layernorm.weight, type: torch.float16, ratio: 0.02061508409678936, diff: 0.24563321471214294, norm: 11.915217399597168
name: model.layers.15.self_attn.q_proj.weight, type: torch.int8, ratio: 0.20436178147792816, diff: 12817.16015625, norm: 62717.98828125
name: model.layers.15.self_attn.k_proj.weight, type: torch.int8, ratio: 0.1766613870859146, diff: 3535.241455078125, norm: 20011.3984375
name: model.layers.15.self_attn.v_proj.weight, type: torch.int8, ratio: 0.12683644890785217, diff: 3494.824462890625, norm: 27553.787109375
name: model.layers.15.self_attn.o_proj.weight, type: torch.int8, ratio: 0.38640403747558594, diff: 42588.78515625, norm: 110218.2734375
name: model.layers.15.mlp.gate_proj.weight, type: torch.int8, ratio: 0.16944308578968048, diff: 33679.10546875, norm: 198763.53125
name: model.layers.15.mlp.up_proj.weight, type: torch.int8, ratio: 0.14958131313323975, diff: 35662.6796875, norm: 238416.6875
name: model.layers.15.mlp.down_proj.weight, type: torch.int8, ratio: 0.15193472802639008, diff: 33740.234375, norm: 222070.578125
name: model.layers.15.input_layernorm.weight, type: torch.float16, ratio: 2.2202160358428955, diff: 25.70263671875, norm: 11.576637268066406
name: model.layers.15.post_attention_layernorm.weight, type: torch.float16, ratio: 0.021222328767180443, diff: 0.2620995342731476, norm: 12.350177764892578
name: model.layers.16.self_attn.q_proj.weight, type: torch.int8, ratio: 0.20983706414699554, diff: 12603.5986328125, norm: 60063.73828125
name: model.layers.16.self_attn.k_proj.weight, type: torch.int8, ratio: 0.21908144652843475, diff: 3972.51220703125, norm: 18132.58203125
name: model.layers.16.self_attn.v_proj.weight, type: torch.int8, ratio: 0.12218733876943588, diff: 3807.625732421875, norm: 31162.1953125
name: model.layers.16.self_attn.o_proj.weight, type: torch.int8, ratio: 0.3886201083660126, diff: 40921.5078125, norm: 105299.515625
name: model.layers.16.mlp.gate_proj.weight, type: torch.int8, ratio: 0.17315822839736938, diff: 35949.08984375, norm: 207608.328125
name: model.layers.16.mlp.up_proj.weight, type: torch.int8, ratio: 0.15341287851333618, diff: 37739.20703125, norm: 245997.640625
name: model.layers.16.mlp.down_proj.weight, type: torch.int8, ratio: 0.15528926253318787, diff: 35157.80859375, norm: 226402.0625
name: model.layers.16.input_layernorm.weight, type: torch.float16, ratio: 0.11372410506010056, diff: 1.3633066415786743, norm: 11.987842559814453
name: model.layers.16.post_attention_layernorm.weight, type: torch.float16, ratio: 0.02307761460542679, diff: 0.2834087610244751, norm: 12.280678749084473
name: model.layers.17.self_attn.q_proj.weight, type: torch.int8, ratio: 0.20812943577766418, diff: 13673.125, norm: 65695.296875
name: model.layers.17.self_attn.k_proj.weight, type: torch.int8, ratio: 0.1947215348482132, diff: 4176.9560546875, norm: 21450.919921875
name: model.layers.17.self_attn.v_proj.weight, type: torch.int8, ratio: 0.12319544702768326, diff: 3599.618408203125, norm: 29218.76171875
name: model.layers.17.self_attn.o_proj.weight, type: torch.int8, ratio: 0.3881398141384125, diff: 40878.96875, norm: 105320.21875
name: model.layers.17.mlp.gate_proj.weight, type: torch.int8, ratio: 0.1728534698486328, diff: 34610.421875, norm: 200229.828125
name: model.layers.17.mlp.up_proj.weight, type: torch.int8, ratio: 0.15204481780529022, diff: 36748.80859375, norm: 241697.203125
name: model.layers.17.mlp.down_proj.weight, type: torch.int8, ratio: 0.15549445152282715, diff: 34013.6328125, norm: 218744.984375
name: model.layers.17.input_layernorm.weight, type: torch.float16, ratio: 1.1515562534332275, diff: 13.813283920288086, norm: 11.995318412780762
name: model.layers.17.post_attention_layernorm.weight, type: torch.float16, ratio: 0.0221034437417984, diff: 0.2698955833911896, norm: 12.210567474365234
name: model.layers.18.self_attn.q_proj.weight, type: torch.int8, ratio: 0.20737482607364655, diff: 13538.283203125, norm: 65284.12109375
name: model.layers.18.self_attn.k_proj.weight, type: torch.int8, ratio: 0.19175125658512115, diff: 3834.2685546875, norm: 19996.0546875
name: model.layers.18.self_attn.v_proj.weight, type: torch.int8, ratio: 0.10634402930736542, diff: 3234.648681640625, norm: 30416.833984375
name: model.layers.18.self_attn.o_proj.weight, type: torch.int8, ratio: 0.3853253126144409, diff: 39222.1328125, norm: 101789.6640625
name: model.layers.18.mlp.gate_proj.weight, type: torch.int8, ratio: 0.1724129617214203, diff: 31759.70703125, norm: 184207.1875
name: model.layers.18.mlp.up_proj.weight, type: torch.int8, ratio: 0.1499261111021042, diff: 35506.125, norm: 236824.15625
name: model.layers.18.mlp.down_proj.weight, type: torch.int8, ratio: 0.14955133199691772, diff: 33236.80859375, norm: 222243.484375
name: model.layers.18.input_layernorm.weight, type: torch.float16, ratio: 0.1567639708518982, diff: 1.789337158203125, norm: 11.41421127319336
name: model.layers.18.post_attention_layernorm.weight, type: torch.float16, ratio: 0.022359589114785194, diff: 0.274900883436203, norm: 12.294541358947754
name: model.layers.19.self_attn.q_proj.weight, type: torch.int8, ratio: 0.20953921973705292, diff: 13517.6708984375, norm: 64511.4140625
name: model.layers.19.self_attn.k_proj.weight, type: torch.int8, ratio: 0.24611616134643555, diff: 4840.55126953125, norm: 19667.75
name: model.layers.19.self_attn.v_proj.weight, type: torch.int8, ratio: 0.10293399542570114, diff: 2973.510986328125, norm: 28887.55078125
name: model.layers.19.self_attn.o_proj.weight, type: torch.int8, ratio: 0.387136310338974, diff: 42037.98828125, norm: 108587.046875
name: model.layers.19.mlp.gate_proj.weight, type: torch.int8, ratio: 0.17155364155769348, diff: 30124.076171875, norm: 175595.671875
name: model.layers.19.mlp.up_proj.weight, type: torch.int8, ratio: 0.14881816506385803, diff: 34298.890625, norm: 230475.171875
name: model.layers.19.mlp.down_proj.weight, type: torch.int8, ratio: 0.14903368055820465, diff: 33678.3671875, norm: 225978.21875
name: model.layers.19.input_layernorm.weight, type: torch.float16, ratio: 0.1767539083957672, diff: 1.9649574756622314, norm: 11.116910934448242
name: model.layers.19.post_attention_layernorm.weight, type: torch.float16, ratio: 0.025757011026144028, diff: 0.3077102601528168, norm: 11.946660041809082
name: model.layers.20.self_attn.q_proj.weight, type: torch.int8, ratio: 0.19963398575782776, diff: 13713.2080078125, norm: 68691.75
name: model.layers.20.self_attn.k_proj.weight, type: torch.int8, ratio: 0.19605150818824768, diff: 3850.61328125, norm: 19640.82421875
name: model.layers.20.self_attn.v_proj.weight, type: torch.int8, ratio: 0.10686299949884415, diff: 3030.27197265625, norm: 28356.60546875
name: model.layers.20.self_attn.o_proj.weight, type: torch.int8, ratio: 0.3872736096382141, diff: 43234.68359375, norm: 111638.6015625
name: model.layers.20.mlp.gate_proj.weight, type: torch.int8, ratio: 0.16984927654266357, diff: 28597.06640625, norm: 168367.3125
name: model.layers.20.mlp.up_proj.weight, type: torch.int8, ratio: 0.14774000644683838, diff: 31983.89453125, norm: 216487.703125
name: model.layers.20.mlp.down_proj.weight, type: torch.int8, ratio: 0.14909695088863373, diff: 33860.28515625, norm: 227102.46875
name: model.layers.20.input_layernorm.weight, type: torch.float16, ratio: 0.23664753139019012, diff: 2.6181888580322266, norm: 11.063664436340332
name: model.layers.20.post_attention_layernorm.weight, type: torch.float16, ratio: 0.02455746755003929, diff: 0.2811739444732666, norm: 11.449630737304688
name: model.layers.21.self_attn.q_proj.weight, type: torch.int8, ratio: 0.22668413817882538, diff: 14242.51171875, norm: 62829.76953125
name: model.layers.21.self_attn.k_proj.weight, type: torch.int8, ratio: 0.22266007959842682, diff: 3760.433349609375, norm: 16888.673828125
name: model.layers.21.self_attn.v_proj.weight, type: torch.int8, ratio: 0.09660220146179199, diff: 2605.340576171875, norm: 26969.78515625
name: model.layers.21.self_attn.o_proj.weight, type: torch.int8, ratio: 0.38681790232658386, diff: 40456.5625, norm: 104588.1328125
name: model.layers.21.mlp.gate_proj.weight, type: torch.int8, ratio: 0.16784559190273285, diff: 25635.443359375, norm: 152732.296875
name: model.layers.21.mlp.up_proj.weight, type: torch.int8, ratio: 0.14402852952480316, diff: 29770.822265625, norm: 206700.875
name: model.layers.21.mlp.down_proj.weight, type: torch.int8, ratio: 0.14597105979919434, diff: 33644.37109375, norm: 230486.578125
name: model.layers.21.input_layernorm.weight, type: torch.float16, ratio: 0.27550315856933594, diff: 2.8751635551452637, norm: 10.43604564666748
name: model.layers.21.post_attention_layernorm.weight, type: torch.float16, ratio: 0.024520860984921455, diff: 0.26756909489631653, norm: 10.911896705627441
name: model.layers.22.self_attn.q_proj.weight, type: torch.int8, ratio: 0.24457445740699768, diff: 15186.314453125, norm: 62092.8046875
name: model.layers.22.self_attn.k_proj.weight, type: torch.int8, ratio: 0.27882957458496094, diff: 4999.76611328125, norm: 17931.26171875
name: model.layers.22.self_attn.v_proj.weight, type: torch.int8, ratio: 0.09225356578826904, diff: 1937.5628662109375, norm: 21002.580078125
name: model.layers.22.self_attn.o_proj.weight, type: torch.int8, ratio: 0.391733855009079, diff: 44651.77734375, norm: 113984.984375
name: model.layers.22.mlp.gate_proj.weight, type: torch.int8, ratio: 0.16603749990463257, diff: 24521.3046875, norm: 147685.34375
name: model.layers.22.mlp.up_proj.weight, type: torch.int8, ratio: 0.14268340170383453, diff: 29760.875, norm: 208579.796875
name: model.layers.22.mlp.down_proj.weight, type: torch.int8, ratio: 0.14225655794143677, diff: 33030.484375, norm: 232189.546875
name: model.layers.22.input_layernorm.weight, type: torch.float16, ratio: 0.19067589938640594, diff: 1.8721072673797607, norm: 9.818268775939941
name: model.layers.22.post_attention_layernorm.weight, type: torch.float16, ratio: 0.02260669693350792, diff: 0.23587194085121155, norm: 10.433719635009766
name: model.layers.23.self_attn.q_proj.weight, type: torch.int8, ratio: 0.23107506334781647, diff: 14468.0849609375, norm: 62612.05859375
name: model.layers.23.self_attn.k_proj.weight, type: torch.int8, ratio: 0.2429347187280655, diff: 4337.326171875, norm: 17853.875
name: model.layers.23.self_attn.v_proj.weight, type: torch.int8, ratio: 0.09488555043935776, diff: 2073.535400390625, norm: 21853.015625
name: model.layers.23.self_attn.o_proj.weight, type: torch.int8, ratio: 0.387170672416687, diff: 43728.99609375, norm: 112945.0078125
name: model.layers.23.mlp.gate_proj.weight, type: torch.int8, ratio: 0.16264185309410095, diff: 23553.578125, norm: 144818.671875
name: model.layers.23.mlp.up_proj.weight, type: torch.int8, ratio: 0.13833913207054138, diff: 30662.423828125, norm: 221646.78125
name: model.layers.23.mlp.down_proj.weight, type: torch.int8, ratio: 0.13828736543655396, diff: 32619.880859375, norm: 235884.75
name: model.layers.23.input_layernorm.weight, type: torch.float16, ratio: 0.16369660198688507, diff: 1.5140118598937988, norm: 9.248889923095703
name: model.layers.23.post_attention_layernorm.weight, type: torch.float16, ratio: 0.05469376593828201, diff: 0.5591556429862976, norm: 10.223388671875
name: model.layers.24.self_attn.q_proj.weight, type: torch.int8, ratio: 0.21788859367370605, diff: 15261.3427734375, norm: 70041.953125
name: model.layers.24.self_attn.k_proj.weight, type: torch.int8, ratio: 0.25088226795196533, diff: 5442.2177734375, norm: 21692.318359375
name: model.layers.24.self_attn.v_proj.weight, type: torch.int8, ratio: 0.1080821081995964, diff: 2674.38134765625, norm: 24743.978515625
name: model.layers.24.self_attn.o_proj.weight, type: torch.int8, ratio: 0.3844192624092102, diff: 43914.42578125, norm: 114235.7578125
name: model.layers.24.mlp.gate_proj.weight, type: torch.int8, ratio: 0.16339316964149475, diff: 27116.1953125, norm: 165956.71875
name: model.layers.24.mlp.up_proj.weight, type: torch.int8, ratio: 0.13928808271884918, diff: 31601.673828125, norm: 226879.953125
name: model.layers.24.mlp.down_proj.weight, type: torch.int8, ratio: 0.1380492001771927, diff: 32498.68359375, norm: 235413.78125
name: model.layers.24.input_layernorm.weight, type: torch.float16, ratio: 0.08861033618450165, diff: 0.8142910599708557, norm: 9.18957233428955
name: model.layers.24.post_attention_layernorm.weight, type: torch.float16, ratio: 0.021800078451633453, diff: 0.21855346858501434, norm: 10.025352478027344
name: model.layers.25.self_attn.q_proj.weight, type: torch.int8, ratio: 0.22114387154579163, diff: 14783.552734375, norm: 66850.3828125
name: model.layers.25.self_attn.k_proj.weight, type: torch.int8, ratio: 0.24760860204696655, diff: 4465.87841796875, norm: 18036.0390625
name: model.layers.25.self_attn.v_proj.weight, type: torch.int8, ratio: 0.08589193224906921, diff: 2061.249755859375, norm: 23998.17578125
name: model.layers.25.self_attn.o_proj.weight, type: torch.int8, ratio: 0.3838694095611572, diff: 43284.21875, norm: 112757.6640625
name: model.layers.25.mlp.gate_proj.weight, type: torch.int8, ratio: 0.16055390238761902, diff: 27077.998046875, norm: 168653.625
name: model.layers.25.mlp.up_proj.weight, type: torch.int8, ratio: 0.13772457838058472, diff: 31332.275390625, norm: 227499.515625
name: model.layers.25.mlp.down_proj.weight, type: torch.int8, ratio: 0.13540169596672058, diff: 31503.7265625, norm: 232668.625
name: model.layers.25.input_layernorm.weight, type: torch.float16, ratio: 0.16664420068264008, diff: 1.531876802444458, norm: 9.192500114440918
name: model.layers.25.post_attention_layernorm.weight, type: torch.float16, ratio: 0.024444812908768654, diff: 0.2518991231918335, norm: 10.304808616638184
name: model.layers.26.self_attn.q_proj.weight, type: torch.int8, ratio: 0.28805699944496155, diff: 15653.7587890625, norm: 54342.57421875
name: model.layers.26.self_attn.k_proj.weight, type: torch.int8, ratio: 0.2708336114883423, diff: 5051.50390625, norm: 18651.6875
name: model.layers.26.self_attn.v_proj.weight, type: torch.int8, ratio: 0.07396455854177475, diff: 1354.18798828125, norm: 18308.60546875
name: model.layers.26.self_attn.o_proj.weight, type: torch.int8, ratio: 0.3832525610923767, diff: 42471.1015625, norm: 110817.53125
name: model.layers.26.mlp.gate_proj.weight, type: torch.int8, ratio: 0.15807467699050903, diff: 25815.4609375, norm: 163311.8125
name: model.layers.26.mlp.up_proj.weight, type: torch.int8, ratio: 0.13322162628173828, diff: 28337.54296875, norm: 212709.78125
name: model.layers.26.mlp.down_proj.weight, type: torch.int8, ratio: 0.12982240319252014, diff: 30035.982421875, norm: 231362.078125
name: model.layers.26.input_layernorm.weight, type: torch.float16, ratio: 0.1007266566157341, diff: 0.960442304611206, norm: 9.535135269165039
name: model.layers.26.post_attention_layernorm.weight, type: torch.float16, ratio: 0.025919673964381218, diff: 0.28032755851745605, norm: 10.815242767333984
name: model.layers.27.self_attn.q_proj.weight, type: torch.int8, ratio: 0.27782905101776123, diff: 14310.1767578125, norm: 51507.12890625
name: model.layers.27.self_attn.k_proj.weight, type: torch.int8, ratio: 0.3075018525123596, diff: 5744.953125, norm: 18682.662109375
name: model.layers.27.self_attn.v_proj.weight, type: torch.int8, ratio: 0.06933385133743286, diff: 848.4320678710938, norm: 12236.9091796875
name: model.layers.27.self_attn.o_proj.weight, type: torch.int8, ratio: 0.38341084122657776, diff: 41460.28515625, norm: 108135.3984375
name: model.layers.27.mlp.gate_proj.weight, type: torch.int8, ratio: 0.13528156280517578, diff: 19495.111328125, norm: 144107.671875
name: model.layers.27.mlp.up_proj.weight, type: torch.int8, ratio: 0.11480254679918289, diff: 22680.900390625, norm: 197564.4375
name: model.layers.27.mlp.down_proj.weight, type: torch.int8, ratio: 0.11500607430934906, diff: 25498.162109375, norm: 221711.4375
name: model.layers.27.input_layernorm.weight, type: torch.float16, ratio: 0.028237206861376762, diff: 0.25246867537498474, norm: 8.940993309020996
name: model.layers.27.post_attention_layernorm.weight, type: torch.float16, ratio: 0.02555730752646923, diff: 0.30652859807014465, norm: 11.993775367736816
