name: model.layers.0.input_layernorm.weight, type: torch.float16, ratio: 0.007752925623208284, diff: 0.055202681571245193, norm: 7.120238780975342
name: model.layers.0.post_attention_layernorm.weight, type: torch.float16, ratio: 0.028655273839831352, diff: 0.2685805857181549, norm: 9.372815132141113
name: model.layers.1.input_layernorm.weight, type: torch.float16, ratio: 0.3204785883426666, diff: 1.2804845571517944, norm: 3.9955384731292725
name: model.layers.1.post_attention_layernorm.weight, type: torch.float16, ratio: 0.042120203375816345, diff: 0.34698787331581116, norm: 8.238039016723633
name: model.layers.2.input_layernorm.weight, type: torch.float16, ratio: 0.8658938407897949, diff: 5.105618953704834, norm: 5.896356582641602
name: model.layers.2.post_attention_layernorm.weight, type: torch.float16, ratio: 0.0005261045880615711, diff: 0.0055824401788413525, norm: 10.610894203186035
name: model.layers.3.input_layernorm.weight, type: torch.float16, ratio: 0.15178287029266357, diff: 1.100160002708435, norm: 7.24824857711792
name: model.layers.3.post_attention_layernorm.weight, type: torch.float16, ratio: 0.006921741645783186, diff: 0.0737103521823883, norm: 10.649105072021484
name: model.layers.4.input_layernorm.weight, type: torch.float16, ratio: 0.14256922900676727, diff: 1.1247949600219727, norm: 7.889464855194092
name: model.layers.4.post_attention_layernorm.weight, type: torch.float16, ratio: 0.0007469576084986329, diff: 0.008384336717426777, norm: 11.224648475646973
name: model.layers.5.input_layernorm.weight, type: torch.float16, ratio: 0.17221418023109436, diff: 1.546931505203247, norm: 8.9826021194458
name: model.layers.5.post_attention_layernorm.weight, type: torch.float16, ratio: 0.0013329499633982778, diff: 0.014470946975052357, norm: 10.856331825256348
name: model.layers.6.input_layernorm.weight, type: torch.float16, ratio: 0.01497348677366972, diff: 0.13478410243988037, norm: 9.001517295837402
name: model.layers.6.post_attention_layernorm.weight, type: torch.float16, ratio: 0.0007629794999957085, diff: 0.00820769090205431, norm: 10.75741958618164
name: model.layers.7.input_layernorm.weight, type: torch.float16, ratio: 0.03585108742117882, diff: 0.33197879791259766, norm: 9.259936332702637
name: model.layers.7.post_attention_layernorm.weight, type: torch.float16, ratio: 0.0015933834947645664, diff: 0.016985291615128517, norm: 10.659889221191406
name: model.layers.8.input_layernorm.weight, type: torch.float16, ratio: 0.006738131400197744, diff: 0.05794873088598251, norm: 8.600118637084961
name: model.layers.8.post_attention_layernorm.weight, type: torch.float16, ratio: 0.0005149983335286379, diff: 0.005246153101325035, norm: 10.186738014221191
name: model.layers.9.input_layernorm.weight, type: torch.float16, ratio: 0.005160899832844734, diff: 0.047943901270627975, norm: 9.289834022521973
name: model.layers.9.post_attention_layernorm.weight, type: torch.float16, ratio: 0.0012569669634103775, diff: 0.012161667458713055, norm: 9.675407409667969
name: model.layers.10.input_layernorm.weight, type: torch.float16, ratio: 0.005888459738343954, diff: 0.0587463304400444, norm: 9.976518630981445
name: model.layers.10.post_attention_layernorm.weight, type: torch.float16, ratio: 0.0011572868097573519, diff: 0.011495843529701233, norm: 9.933444023132324
name: model.layers.11.input_layernorm.weight, type: torch.float16, ratio: 0.0067940447479486465, diff: 0.06349990516901016, norm: 9.346406936645508
name: model.layers.11.post_attention_layernorm.weight, type: torch.float16, ratio: 0.000581584230531007, diff: 0.006003834307193756, norm: 10.323241233825684
name: model.layers.12.input_layernorm.weight, type: torch.float16, ratio: 0.009410164318978786, diff: 0.09103789180517197, norm: 9.674421310424805
name: model.layers.12.post_attention_layernorm.weight, type: torch.float16, ratio: 0.000583563232794404, diff: 0.00597114535048604, norm: 10.232216835021973
name: model.layers.13.input_layernorm.weight, type: torch.float16, ratio: 0.006675726734101772, diff: 0.06346992403268814, norm: 9.507567405700684
name: model.layers.13.post_attention_layernorm.weight, type: torch.float16, ratio: 0.0014366379473358393, diff: 0.01476626843214035, norm: 10.278350830078125
name: model.layers.14.input_layernorm.weight, type: torch.float16, ratio: 0.006390702910721302, diff: 0.06285122781991959, norm: 9.83479118347168
name: model.layers.14.post_attention_layernorm.weight, type: torch.float16, ratio: 0.0008692898554727435, diff: 0.008975230157375336, norm: 10.324784278869629
name: model.layers.15.input_layernorm.weight, type: torch.float16, ratio: 0.6377681493759155, diff: 6.458968639373779, norm: 10.127455711364746
name: model.layers.15.post_attention_layernorm.weight, type: torch.float16, ratio: 0.000306919333525002, diff: 0.003230112139135599, norm: 10.524303436279297
name: model.layers.16.input_layernorm.weight, type: torch.float16, ratio: 0.0021114179398864508, diff: 0.020485391840338707, norm: 9.702197074890137
name: model.layers.16.post_attention_layernorm.weight, type: torch.float16, ratio: 0.00029927396099083126, diff: 0.0031457471195608377, norm: 10.511261940002441
name: model.layers.17.input_layernorm.weight, type: torch.float16, ratio: 0.004017855506390333, diff: 0.04075847566127777, norm: 10.144335746765137
name: model.layers.17.post_attention_layernorm.weight, type: torch.float16, ratio: 0.00378046790137887, diff: 0.0395585335791111, norm: 10.4639253616333
name: model.layers.18.input_layernorm.weight, type: torch.float16, ratio: 0.005559044890105724, diff: 0.056020721793174744, norm: 10.077400207519531
name: model.layers.18.post_attention_layernorm.weight, type: torch.float16, ratio: 0.0008579415152780712, diff: 0.008930891752243042, norm: 10.409674644470215
name: model.layers.19.input_layernorm.weight, type: torch.float16, ratio: 0.014410820789635181, diff: 0.14810387790203094, norm: 10.277268409729004
name: model.layers.19.post_attention_layernorm.weight, type: torch.float16, ratio: 0.00022135200561024249, diff: 0.0023193014785647392, norm: 10.477888107299805
name: model.layers.20.input_layernorm.weight, type: torch.float16, ratio: 0.003895309055224061, diff: 0.0387566015124321, norm: 9.949557304382324
name: model.layers.20.post_attention_layernorm.weight, type: torch.float16, ratio: 0.0004750159860122949, diff: 0.004951151087880135, norm: 10.423125267028809
name: model.layers.21.input_layernorm.weight, type: torch.float16, ratio: 0.0005916047957725823, diff: 0.006128305569291115, norm: 10.358782768249512
name: model.layers.21.post_attention_layernorm.weight, type: torch.float16, ratio: 0.0002956936077680439, diff: 0.0030841354746371508, norm: 10.43017292022705
name: model.layers.22.input_layernorm.weight, type: torch.float16, ratio: 0.0019291355274617672, diff: 0.02032252959907055, norm: 10.534526824951172
name: model.layers.22.post_attention_layernorm.weight, type: torch.float16, ratio: 6.22227307758294e-05, diff: 0.0006536642904393375, norm: 10.505232810974121
name: model.layers.23.input_layernorm.weight, type: torch.float16, ratio: 0.003432682016864419, diff: 0.03663734346628189, norm: 10.673095703125
name: model.layers.23.post_attention_layernorm.weight, type: torch.float16, ratio: 0.00024241078062914312, diff: 0.0025725234299898148, norm: 10.612248420715332
name: model.layers.24.input_layernorm.weight, type: torch.float16, ratio: 0.000701150915119797, diff: 0.007510217372328043, norm: 10.711271286010742
name: model.layers.24.post_attention_layernorm.weight, type: torch.float16, ratio: 0.0002009925665333867, diff: 0.002139128278940916, norm: 10.642823219299316
name: model.layers.25.input_layernorm.weight, type: torch.float16, ratio: 0.007215152028948069, diff: 0.07888426631689072, norm: 10.93313980102539
name: model.layers.25.post_attention_layernorm.weight, type: torch.float16, ratio: 1.2576320841617417e-05, diff: 0.00013220003165770322, norm: 10.511820793151855
name: model.layers.26.input_layernorm.weight, type: torch.float16, ratio: 0.003508699359372258, diff: 0.03767724707722664, norm: 10.738237380981445
name: model.layers.26.post_attention_layernorm.weight, type: torch.float16, ratio: 0.0013801881577819586, diff: 0.014435790479183197, norm: 10.459291458129883
name: model.layers.27.input_layernorm.weight, type: torch.float16, ratio: 0.0003298632218502462, diff: 0.003488284070044756, norm: 10.57494068145752
name: model.layers.27.post_attention_layernorm.weight, type: torch.float16, ratio: 6.250442675082013e-05, diff: 0.00064849853515625, norm: 10.37524127960205
name: model.layers.28.input_layernorm.weight, type: torch.float16, ratio: 0.0005194299155846238, diff: 0.005467237904667854, norm: 10.525458335876465
name: model.layers.28.post_attention_layernorm.weight, type: torch.float16, ratio: 0.00012203644291730598, diff: 0.001262664794921875, norm: 10.346620559692383
name: model.layers.29.input_layernorm.weight, type: torch.float16, ratio: 0.002855447120964527, diff: 0.029975086450576782, norm: 10.49751091003418
name: model.layers.29.post_attention_layernorm.weight, type: torch.float16, ratio: 2.659932397364173e-05, diff: 0.0002727508544921875, norm: 10.25405216217041
name: model.layers.30.input_layernorm.weight, type: torch.float16, ratio: 0.0016256015514954925, diff: 0.016965636983513832, norm: 10.436528205871582
name: model.layers.30.post_attention_layernorm.weight, type: torch.float16, ratio: 0.00035499557270668447, diff: 0.003612518310546875, norm: 10.17623519897461
name: model.layers.31.input_layernorm.weight, type: torch.float16, ratio: 0.0014575027162209153, diff: 0.015169138088822365, norm: 10.407622337341309
name: model.layers.31.post_attention_layernorm.weight, type: torch.float16, ratio: 0.0004205954901408404, diff: 0.004302978515625, norm: 10.230681419372559
name: model.layers.32.input_layernorm.weight, type: torch.float16, ratio: 0.0006974188727326691, diff: 0.006936139892786741, norm: 9.945443153381348
name: model.layers.32.post_attention_layernorm.weight, type: torch.float16, ratio: 0.0002993647940456867, diff: 0.003182994667440653, norm: 10.632494926452637
name: model.layers.33.input_layernorm.weight, type: torch.float16, ratio: 0.0013562265085056424, diff: 0.01465417630970478, norm: 10.805109977722168
name: model.layers.33.post_attention_layernorm.weight, type: torch.float16, ratio: 7.40406903787516e-05, diff: 0.00080108642578125, norm: 10.81954288482666
name: model.layers.34.input_layernorm.weight, type: torch.float16, ratio: 0.0015206667594611645, diff: 0.016617558896541595, norm: 10.927810668945312
name: model.layers.34.post_attention_layernorm.weight, type: torch.float16, ratio: 0.0003003752208314836, diff: 0.0033006668090820312, norm: 10.988478660583496
name: model.layers.35.input_layernorm.weight, type: torch.float16, ratio: 0.0022848856169730425, diff: 0.025574510917067528, norm: 11.192906379699707
name: model.layers.35.post_attention_layernorm.weight, type: torch.float16, ratio: 0.00048340350622311234, diff: 0.0054168701171875, norm: 11.205690383911133
name: model.layers.36.input_layernorm.weight, type: torch.float16, ratio: 0.0019936291500926018, diff: 0.022624116390943527, norm: 11.348207473754883
name: model.layers.36.post_attention_layernorm.weight, type: torch.float16, ratio: 0.0009667319827713072, diff: 0.011020283214747906, norm: 11.39952278137207
name: model.layers.37.input_layernorm.weight, type: torch.float16, ratio: 3.9013015339151025e-05, diff: 0.0004580814565997571, norm: 11.74176025390625
name: model.layers.37.post_attention_layernorm.weight, type: torch.float16, ratio: 7.630869367858395e-05, diff: 0.0008782755467109382, norm: 11.50950813293457
name: model.layers.38.input_layernorm.weight, type: torch.float16, ratio: 0.0009072383400052786, diff: 0.010856781154870987, norm: 11.966845512390137
name: model.layers.38.post_attention_layernorm.weight, type: torch.float16, ratio: 0.000995057518593967, diff: 0.01190948486328125, norm: 11.968639373779297
name: model.layers.39.input_layernorm.weight, type: torch.float16, ratio: 0.0004740021249745041, diff: 0.00576788792386651, norm: 12.168485641479492
name: model.layers.39.post_attention_layernorm.weight, type: torch.float16, ratio: 0.0032293961849063635, diff: 0.03757476806640625, norm: 11.63523006439209
name: model.layers.40.input_layernorm.weight, type: torch.float16, ratio: 0.0002506091841496527, diff: 0.0030171675607562065, norm: 12.03933334350586
name: model.layers.40.post_attention_layernorm.weight, type: torch.float16, ratio: 0.00020801271602977067, diff: 0.00243377685546875, norm: 11.700135231018066
name: model.layers.41.input_layernorm.weight, type: torch.float16, ratio: 0.0008383025997318327, diff: 0.010341625660657883, norm: 12.336387634277344
name: model.layers.41.post_attention_layernorm.weight, type: torch.float16, ratio: 0.00020438790670596063, diff: 0.00238037109375, norm: 11.646340370178223
name: model.layers.42.input_layernorm.weight, type: torch.float16, ratio: 0.0003290397289674729, diff: 0.0039337389171123505, norm: 11.955209732055664
name: model.layers.42.post_attention_layernorm.weight, type: torch.float16, ratio: 0.00012435739336069673, diff: 0.001438035862520337, norm: 11.56373405456543
name: model.layers.43.input_layernorm.weight, type: torch.float16, ratio: 0.0005908578750677407, diff: 0.006970882415771484, norm: 11.797900199890137
name: model.layers.43.post_attention_layernorm.weight, type: torch.float16, ratio: 0.0008145347237586975, diff: 0.00928497314453125, norm: 11.399112701416016
name: model.layers.44.input_layernorm.weight, type: torch.float16, ratio: 0.0006156712188385427, diff: 0.007110589649528265, norm: 11.549328804016113
name: model.layers.44.post_attention_layernorm.weight, type: torch.float16, ratio: 0.0008870757301338017, diff: 0.009979248046875, norm: 11.249601364135742
name: model.layers.45.input_layernorm.weight, type: torch.float16, ratio: 0.0009896684205159545, diff: 0.011296864598989487, norm: 11.414796829223633
name: model.layers.45.post_attention_layernorm.weight, type: torch.float16, ratio: 0.00018253961752634495, diff: 0.00201416015625, norm: 11.034098625183105
name: model.layers.46.input_layernorm.weight, type: torch.float16, ratio: 0.0006424157181754708, diff: 0.0071586002595722675, norm: 11.1432523727417
name: model.layers.46.post_attention_layernorm.weight, type: torch.float16, ratio: 0.0012711365707218647, diff: 0.0137481689453125, norm: 10.815650939941406
name: model.layers.47.input_layernorm.weight, type: torch.float16, ratio: 5.284267444949364e-06, diff: 5.7220458984375e-05, norm: 10.828455924987793
name: model.layers.47.post_attention_layernorm.weight, type: torch.float16, ratio: 0.00042740549542941153, diff: 0.004581451416015625, norm: 10.719215393066406
name: model.layers.48.input_layernorm.weight, type: torch.float16, ratio: 4.063201413373463e-05, diff: 0.00042969139758497477, norm: 10.575193405151367
name: model.layers.48.post_attention_layernorm.weight, type: torch.float16, ratio: 4.828418605029583e-05, diff: 0.000507354736328125, norm: 10.507678985595703
name: model.layers.49.input_layernorm.weight, type: torch.float16, ratio: 1.780998172762338e-05, diff: 0.00018488496425561607, norm: 10.380974769592285
name: model.layers.49.post_attention_layernorm.weight, type: torch.float16, ratio: 6.285243580350652e-05, diff: 0.0006504058837890625, norm: 10.34814167022705
name: model.layers.50.input_layernorm.weight, type: torch.float16, ratio: 0.002830882789567113, diff: 0.02881821244955063, norm: 10.179938316345215
name: model.layers.50.post_attention_layernorm.weight, type: torch.float16, ratio: 0.0005107086035422981, diff: 0.005245208740234375, norm: 10.270453453063965
name: model.layers.51.input_layernorm.weight, type: torch.float16, ratio: 8.425615305895917e-06, diff: 8.252452244050801e-05, norm: 9.794480323791504
name: model.layers.51.post_attention_layernorm.weight, type: torch.float16, ratio: 0.000135884722112678, diff: 0.00139617919921875, norm: 10.27473258972168
name: model.layers.52.input_layernorm.weight, type: torch.float16, ratio: 0.0008241924224421382, diff: 0.008231721818447113, norm: 9.987621307373047
name: model.layers.52.post_attention_layernorm.weight, type: torch.float16, ratio: 0.0, diff: 0.0, norm: 10.13826847076416
name: model.layers.53.input_layernorm.weight, type: torch.float16, ratio: 0.00023020077787805349, diff: 0.002196222310885787, norm: 9.540464401245117
name: model.layers.53.post_attention_layernorm.weight, type: torch.float16, ratio: 0.0001892022992251441, diff: 0.0019102096557617188, norm: 10.096122741699219
name: model.layers.54.input_layernorm.weight, type: torch.float16, ratio: 1.194808373838896e-05, diff: 0.00011322648788336664, norm: 9.476539611816406
name: model.layers.54.post_attention_layernorm.weight, type: torch.float16, ratio: 0.0003279650991316885, diff: 0.0032976288348436356, norm: 10.054816246032715
name: model.layers.55.input_layernorm.weight, type: torch.float16, ratio: 0.00021518139692489058, diff: 0.0020397754851728678, norm: 9.479330062866211
name: model.layers.55.post_attention_layernorm.weight, type: torch.float16, ratio: 0.0002912937488872558, diff: 0.0029158664401620626, norm: 10.010054588317871
name: model.layers.56.input_layernorm.weight, type: torch.float16, ratio: 0.0021412507630884647, diff: 0.020235959440469742, norm: 9.450531959533691
name: model.layers.56.post_attention_layernorm.weight, type: torch.float16, ratio: 0.0001400456385454163, diff: 0.001399993896484375, norm: 9.996697425842285
name: model.layers.57.input_layernorm.weight, type: torch.float16, ratio: 1.049240745487623e-05, diff: 9.947513171937317e-05, norm: 9.480677604675293
name: model.layers.57.post_attention_layernorm.weight, type: torch.float16, ratio: 0.00030152645194903016, diff: 0.0030193328857421875, norm: 10.013492584228516
name: model.layers.58.input_layernorm.weight, type: torch.float16, ratio: 0.0008468587184324861, diff: 0.007670426741242409, norm: 9.057504653930664
name: model.layers.58.post_attention_layernorm.weight, type: torch.float16, ratio: 0.00013580007362179458, diff: 0.001363635528832674, norm: 10.04149341583252
name: model.layers.59.input_layernorm.weight, type: torch.float16, ratio: 8.413108298555017e-05, diff: 0.0008096599485725164, norm: 9.623790740966797
name: model.layers.59.post_attention_layernorm.weight, type: torch.float16, ratio: 0.0005019864765927196, diff: 0.005223837681114674, norm: 10.406332015991211
name: model.layers.60.input_layernorm.weight, type: torch.float16, ratio: 8.162257290678099e-05, diff: 0.0007985939155332744, norm: 9.78398323059082
name: model.layers.60.post_attention_layernorm.weight, type: torch.float16, ratio: 6.396321259671822e-05, diff: 0.0006811131024733186, norm: 10.648512840270996
name: model.layers.61.input_layernorm.weight, type: torch.float16, ratio: 0.0020235637202858925, diff: 0.02005094289779663, norm: 9.90872859954834
name: model.layers.61.post_attention_layernorm.weight, type: torch.float16, ratio: 0.0001535729825263843, diff: 0.0016313930973410606, norm: 10.622917175292969
name: model.layers.62.input_layernorm.weight, type: torch.float16, ratio: 0.002127476269379258, diff: 0.022644300013780594, norm: 10.64373779296875
name: model.layers.62.post_attention_layernorm.weight, type: torch.float16, ratio: 0.000647053006105125, diff: 0.00752304820343852, norm: 11.626633644104004
name: model.layers.63.input_layernorm.weight, type: torch.float16, ratio: 7.373914286290528e-06, diff: 8.110157796181738e-05, norm: 10.998443603515625
name: model.layers.63.post_attention_layernorm.weight, type: torch.float16, ratio: 0.0, diff: 0.0, norm: 12.302824974060059
name: model.layers.0.self_attn.q_proj.weight, type: torch.int8, ratio: 0.01784636452794075, diff: 1811.010498046875, norm: 101477.84375
name: model.layers.0.self_attn.k_proj.weight, type: torch.int8, ratio: 0.015306312590837479, diff: 817.5573120117188, norm: 53413.08203125
name: model.layers.0.self_attn.v_proj.weight, type: torch.int8, ratio: 0.01396268978714943, diff: 933.8388671875, norm: 66881.015625
name: model.layers.0.self_attn.o_proj.weight, type: torch.int8, ratio: 0.015394039452075958, diff: 2111.704345703125, norm: 137176.75
name: model.layers.0.mlp.gate_proj.weight, type: torch.int8, ratio: 0.02618773654103279, diff: 5321.986328125, norm: 203224.375
name: model.layers.0.mlp.up_proj.weight, type: torch.int8, ratio: 0.02387220785021782, diff: 5362.4375, norm: 224630.984375
name: model.layers.1.self_attn.q_proj.weight, type: torch.int8, ratio: 0.052036937326192856, diff: 1301.6240234375, norm: 25013.462890625
name: model.layers.1.self_attn.k_proj.weight, type: torch.int8, ratio: 0.045280057936906815, diff: 664.3560791015625, norm: 14672.15625
name: model.layers.1.self_attn.v_proj.weight, type: torch.int8, ratio: 0.036008793860673904, diff: 876.5711669921875, norm: 24343.25390625
name: model.layers.1.self_attn.o_proj.weight, type: torch.int8, ratio: 0.018060825765132904, diff: 2437.202392578125, norm: 134944.125
name: model.layers.1.mlp.gate_proj.weight, type: torch.int8, ratio: 0.05551278591156006, diff: 2894.496337890625, norm: 52141.07421875
name: model.layers.1.mlp.up_proj.weight, type: torch.int8, ratio: 0.05556218698620796, diff: 3776.902587890625, norm: 67976.1328125
name: model.layers.2.self_attn.q_proj.weight, type: torch.int8, ratio: 0.051841847598552704, diff: 1746.507080078125, norm: 33689.13671875
name: model.layers.2.self_attn.k_proj.weight, type: torch.int8, ratio: 0.05183353275060654, diff: 800.4342651367188, norm: 15442.40234375
name: model.layers.2.self_attn.v_proj.weight, type: torch.int8, ratio: 0.026679638773202896, diff: 904.3832397460938, norm: 33897.8828125
name: model.layers.2.self_attn.o_proj.weight, type: torch.int8, ratio: 0.016053983941674232, diff: 2363.92431640625, norm: 147248.453125
name: model.layers.2.mlp.gate_proj.weight, type: torch.int8, ratio: 0.048385001718997955, diff: 3300.35791015625, norm: 68210.3515625
name: model.layers.2.mlp.up_proj.weight, type: torch.int8, ratio: 0.05582864582538605, diff: 5214.51025390625, norm: 93402.0546875
name: model.layers.3.self_attn.q_proj.weight, type: torch.int8, ratio: 0.03950001671910286, diff: 1982.76220703125, norm: 50196.4921875
name: model.layers.3.self_attn.k_proj.weight, type: torch.int8, ratio: 0.042984381318092346, diff: 890.2904052734375, norm: 20711.951171875
name: model.layers.3.self_attn.v_proj.weight, type: torch.int8, ratio: 0.026434721425175667, diff: 941.4573974609375, norm: 35614.42578125
name: model.layers.3.self_attn.o_proj.weight, type: torch.int8, ratio: 0.01526930183172226, diff: 2331.428955078125, norm: 152687.328125
name: model.layers.3.mlp.gate_proj.weight, type: torch.int8, ratio: 0.0452054999768734, diff: 3748.302734375, norm: 82916.9609375
name: model.layers.3.mlp.up_proj.weight, type: torch.int8, ratio: 0.042465973645448685, diff: 5477.2646484375, norm: 128980.078125
name: model.layers.4.self_attn.q_proj.weight, type: torch.int8, ratio: 0.03921302407979965, diff: 2009.6171875, norm: 51248.71875
name: model.layers.4.self_attn.k_proj.weight, type: torch.int8, ratio: 0.040486451238393784, diff: 896.8734741210938, norm: 22152.435546875
name: model.layers.4.self_attn.v_proj.weight, type: torch.int8, ratio: 0.023855945095419884, diff: 934.515380859375, norm: 39173.26953125
name: model.layers.4.self_attn.o_proj.weight, type: torch.int8, ratio: 0.014205372892320156, diff: 2236.69384765625, norm: 157454.078125
name: model.layers.4.mlp.gate_proj.weight, type: torch.int8, ratio: 0.03682517632842064, diff: 3990.846435546875, norm: 108372.7734375
name: model.layers.4.mlp.up_proj.weight, type: torch.int8, ratio: 0.028446171432733536, diff: 4759.29638671875, norm: 167308.859375
name: model.layers.5.self_attn.q_proj.weight, type: torch.int8, ratio: 0.029849592596292496, diff: 2025.1824951171875, norm: 67846.234375
name: model.layers.5.self_attn.k_proj.weight, type: torch.int8, ratio: 0.030006002634763718, diff: 904.1929931640625, norm: 30133.736328125
name: model.layers.5.self_attn.v_proj.weight, type: torch.int8, ratio: 0.02297789976000786, diff: 923.210693359375, norm: 40178.203125
name: model.layers.5.self_attn.o_proj.weight, type: torch.int8, ratio: 0.013596633449196815, diff: 2204.3173828125, norm: 162122.296875
name: model.layers.5.mlp.gate_proj.weight, type: torch.int8, ratio: 0.039005741477012634, diff: 4301.255859375, norm: 110272.3828125
name: model.layers.5.mlp.up_proj.weight, type: torch.int8, ratio: 0.02195582166314125, diff: 4980.8408203125, norm: 226857.40625
name: model.layers.6.self_attn.q_proj.weight, type: torch.int8, ratio: 0.031594470143318176, diff: 2026.7025146484375, norm: 64147.3828125
name: model.layers.6.self_attn.k_proj.weight, type: torch.int8, ratio: 0.03088834509253502, diff: 906.1142578125, norm: 29335.150390625
name: model.layers.6.self_attn.v_proj.weight, type: torch.int8, ratio: 0.019742712378501892, diff: 935.9444580078125, norm: 47407.0859375
name: model.layers.6.self_attn.o_proj.weight, type: torch.int8, ratio: 0.012283043004572392, diff: 1973.240478515625, norm: 160647.53125
name: model.layers.6.mlp.gate_proj.weight, type: torch.int8, ratio: 0.052019331604242325, diff: 4240.72900390625, norm: 81522.171875
name: model.layers.6.mlp.up_proj.weight, type: torch.int8, ratio: 0.02008972130715847, diff: 4827.08251953125, norm: 240276.234375
name: model.layers.7.self_attn.q_proj.weight, type: torch.int8, ratio: 0.027958102524280548, diff: 1996.279052734375, norm: 71402.5234375
name: model.layers.7.self_attn.k_proj.weight, type: torch.int8, ratio: 0.028369532898068428, diff: 892.31494140625, norm: 31453.283203125
name: model.layers.7.self_attn.v_proj.weight, type: torch.int8, ratio: 0.017254112288355827, diff: 929.1318359375, norm: 53849.875
name: model.layers.7.self_attn.o_proj.weight, type: torch.int8, ratio: 0.012556243687868118, diff: 2046.280029296875, norm: 162969.125
name: model.layers.7.mlp.gate_proj.weight, type: torch.int8, ratio: 0.04411015287041664, diff: 4513.9189453125, norm: 102332.875
name: model.layers.7.mlp.up_proj.weight, type: torch.int8, ratio: 0.015165924094617367, diff: 4912.40673828125, norm: 323910.8125
name: model.layers.8.self_attn.q_proj.weight, type: torch.int8, ratio: 0.03189815953373909, diff: 1953.006103515625, norm: 61226.296875
name: model.layers.8.self_attn.k_proj.weight, type: torch.int8, ratio: 0.03123512864112854, diff: 872.0160522460938, norm: 27917.798828125
name: model.layers.8.self_attn.v_proj.weight, type: torch.int8, ratio: 0.020300017669796944, diff: 902.037109375, norm: 44435.28515625
name: model.layers.8.self_attn.o_proj.weight, type: torch.int8, ratio: 0.013250092044472694, diff: 2098.701171875, norm: 158391.4375
name: model.layers.8.mlp.gate_proj.weight, type: torch.int8, ratio: 0.03347131237387657, diff: 4506.57763671875, norm: 134640.0
name: model.layers.8.mlp.up_proj.weight, type: torch.int8, ratio: 0.013919883407652378, diff: 4959.5048828125, norm: 356289.25
name: model.layers.9.self_attn.q_proj.weight, type: torch.int8, ratio: 0.026700900867581367, diff: 1949.5845947265625, norm: 73015.6875
name: model.layers.9.self_attn.k_proj.weight, type: torch.int8, ratio: 0.028079940006136894, diff: 868.1094360351562, norm: 30915.64453125
name: model.layers.9.self_attn.v_proj.weight, type: torch.int8, ratio: 0.017660023644566536, diff: 903.25244140625, norm: 51146.7265625
name: model.layers.9.self_attn.o_proj.weight, type: torch.int8, ratio: 0.01357750128954649, diff: 2120.43212890625, norm: 156172.484375
name: model.layers.9.mlp.gate_proj.weight, type: torch.int8, ratio: 0.018121961504220963, diff: 4674.99072265625, norm: 257973.78125
name: model.layers.9.mlp.up_proj.weight, type: torch.int8, ratio: 0.013616901822388172, diff: 4951.52685546875, norm: 363630.9375
name: model.layers.10.self_attn.q_proj.weight, type: torch.int8, ratio: 0.020974114537239075, diff: 1960.5260009765625, norm: 93473.6015625
name: model.layers.10.self_attn.k_proj.weight, type: torch.int8, ratio: 0.02148476429283619, diff: 874.837158203125, norm: 40718.95703125
name: model.layers.10.self_attn.v_proj.weight, type: torch.int8, ratio: 0.016324738040566444, diff: 907.2442016601562, norm: 55574.80859375
name: model.layers.10.self_attn.o_proj.weight, type: torch.int8, ratio: 0.013718702830374241, diff: 2173.771728515625, norm: 158453.15625
name: model.layers.10.mlp.gate_proj.weight, type: torch.int8, ratio: 0.018366068601608276, diff: 4631.27783203125, norm: 252164.90625
name: model.layers.10.mlp.up_proj.weight, type: torch.int8, ratio: 0.013517646118998528, diff: 4922.72705078125, norm: 364170.4375
name: model.layers.11.self_attn.q_proj.weight, type: torch.int8, ratio: 0.027021396905183792, diff: 1924.0013427734375, norm: 71202.8828125
name: model.layers.11.self_attn.k_proj.weight, type: torch.int8, ratio: 0.02752288617193699, diff: 858.7520141601562, norm: 31201.37890625
name: model.layers.11.self_attn.v_proj.weight, type: torch.int8, ratio: 0.019380653277039528, diff: 887.1155395507812, norm: 45773.25390625
name: model.layers.11.self_attn.o_proj.weight, type: torch.int8, ratio: 0.01411160547286272, diff: 2195.514404296875, norm: 155582.1875
name: model.layers.11.mlp.gate_proj.weight, type: torch.int8, ratio: 0.016797952353954315, diff: 4699.45361328125, norm: 279763.46875
name: model.layers.11.mlp.up_proj.weight, type: torch.int8, ratio: 0.01328787487000227, diff: 4944.951171875, norm: 372140.09375
name: model.layers.12.self_attn.q_proj.weight, type: torch.int8, ratio: 0.02590816840529442, diff: 1926.8905029296875, norm: 74373.859375
name: model.layers.12.self_attn.k_proj.weight, type: torch.int8, ratio: 0.026441097259521484, diff: 859.207763671875, norm: 32495.1640625
name: model.layers.12.self_attn.v_proj.weight, type: torch.int8, ratio: 0.015956301242113113, diff: 912.7152099609375, norm: 57200.92578125
name: model.layers.12.self_attn.o_proj.weight, type: torch.int8, ratio: 0.013443540781736374, diff: 2119.6630859375, norm: 157671.484375
name: model.layers.12.mlp.gate_proj.weight, type: torch.int8, ratio: 0.014529173262417316, diff: 4805.01513671875, norm: 330714.96875
name: model.layers.12.mlp.up_proj.weight, type: torch.int8, ratio: 0.013140534982085228, diff: 4940.4375, norm: 375969.28125
name: model.layers.13.self_attn.q_proj.weight, type: torch.int8, ratio: 0.02598799392580986, diff: 1899.464111328125, norm: 73090.0625
name: model.layers.13.self_attn.k_proj.weight, type: torch.int8, ratio: 0.026603393256664276, diff: 848.8798217773438, norm: 31908.705078125
name: model.layers.13.self_attn.v_proj.weight, type: torch.int8, ratio: 0.016817351803183556, diff: 888.432861328125, norm: 52828.34765625
name: model.layers.13.self_attn.o_proj.weight, type: torch.int8, ratio: 0.014133014716207981, diff: 2209.256591796875, norm: 156318.84375
name: model.layers.13.mlp.gate_proj.weight, type: torch.int8, ratio: 0.014452467672526836, diff: 4762.09765625, norm: 329500.65625
name: model.layers.13.mlp.up_proj.weight, type: torch.int8, ratio: 0.013127879239618778, diff: 4896.6767578125, norm: 372998.3125
name: model.layers.14.self_attn.q_proj.weight, type: torch.int8, ratio: 0.023503901436924934, diff: 1911.5899658203125, norm: 81330.75
name: model.layers.14.self_attn.k_proj.weight, type: torch.int8, ratio: 0.02469269558787346, diff: 850.22998046875, norm: 34432.44921875
name: model.layers.14.self_attn.v_proj.weight, type: torch.int8, ratio: 0.01606837846338749, diff: 897.0345458984375, norm: 55826.078125
name: model.layers.14.self_attn.o_proj.weight, type: torch.int8, ratio: 0.013498061336576939, diff: 2173.33251953125, norm: 161010.71875
name: model.layers.14.mlp.gate_proj.weight, type: torch.int8, ratio: 0.0144779272377491, diff: 4766.21142578125, norm: 329205.375
name: model.layers.14.mlp.up_proj.weight, type: torch.int8, ratio: 0.013164792209863663, diff: 4899.5625, norm: 372171.65625
name: model.layers.15.self_attn.q_proj.weight, type: torch.int8, ratio: 0.022990526631474495, diff: 1910.3330078125, norm: 83092.1796875
name: model.layers.15.self_attn.k_proj.weight, type: torch.int8, ratio: 0.02452870085835457, diff: 849.944091796875, norm: 34651.00390625
name: model.layers.15.self_attn.v_proj.weight, type: torch.int8, ratio: 0.014367640018463135, diff: 913.4544067382812, norm: 63577.20703125
name: model.layers.15.self_attn.o_proj.weight, type: torch.int8, ratio: 0.013387144543230534, diff: 2164.962158203125, norm: 161719.484375
name: model.layers.15.mlp.gate_proj.weight, type: torch.int8, ratio: 0.01463786605745554, diff: 4748.19384765625, norm: 324377.46875
name: model.layers.15.mlp.up_proj.weight, type: torch.int8, ratio: 0.013274786993861198, diff: 4894.90673828125, norm: 368737.125
name: model.layers.16.self_attn.q_proj.weight, type: torch.int8, ratio: 0.02698567509651184, diff: 1890.161865234375, norm: 70043.15625
name: model.layers.16.self_attn.k_proj.weight, type: torch.int8, ratio: 0.027730653062462807, diff: 843.7055053710938, norm: 30425.013671875
name: model.layers.16.self_attn.v_proj.weight, type: torch.int8, ratio: 0.01582145318388939, diff: 903.8445434570312, norm: 57127.78515625
name: model.layers.16.self_attn.o_proj.weight, type: torch.int8, ratio: 0.014478588476777077, diff: 2224.50439453125, norm: 153640.96875
name: model.layers.16.mlp.gate_proj.weight, type: torch.int8, ratio: 0.014086693525314331, diff: 4788.35205078125, norm: 339920.21875
name: model.layers.16.mlp.up_proj.weight, type: torch.int8, ratio: 0.013282017782330513, diff: 4879.01318359375, norm: 367339.75
name: model.layers.17.self_attn.q_proj.weight, type: torch.int8, ratio: 0.024180268868803978, diff: 1903.53955078125, norm: 78722.84375
name: model.layers.17.self_attn.k_proj.weight, type: torch.int8, ratio: 0.024723585695028305, diff: 848.1261596679688, norm: 34304.3359375
name: model.layers.17.self_attn.v_proj.weight, type: torch.int8, ratio: 0.016598714515566826, diff: 897.2725219726562, norm: 54056.74609375
name: model.layers.17.self_attn.o_proj.weight, type: torch.int8, ratio: 0.014209451153874397, diff: 2249.85595703125, norm: 158335.171875
name: model.layers.17.mlp.gate_proj.weight, type: torch.int8, ratio: 0.014243616722524166, diff: 4774.82666015625, norm: 335225.71875
name: model.layers.17.mlp.up_proj.weight, type: torch.int8, ratio: 0.013297506608068943, diff: 4870.744140625, norm: 366290.03125
name: model.layers.18.self_attn.q_proj.weight, type: torch.int8, ratio: 0.025902871042490005, diff: 1891.5216064453125, norm: 73023.625
name: model.layers.18.self_attn.k_proj.weight, type: torch.int8, ratio: 0.02524184249341488, diff: 846.0354614257812, norm: 33517.18359375
name: model.layers.18.self_attn.v_proj.weight, type: torch.int8, ratio: 0.01635126955807209, diff: 893.227294921875, norm: 54627.3984375
name: model.layers.18.self_attn.o_proj.weight, type: torch.int8, ratio: 0.014018245041370392, diff: 2183.7607421875, norm: 155779.890625
name: model.layers.18.mlp.gate_proj.weight, type: torch.int8, ratio: 0.014233794063329697, diff: 4770.43798828125, norm: 335148.71875
name: model.layers.18.mlp.up_proj.weight, type: torch.int8, ratio: 0.013317177072167397, diff: 4857.921875, norm: 364786.15625
name: model.layers.19.self_attn.q_proj.weight, type: torch.int8, ratio: 0.025345133617520332, diff: 1887.556640625, norm: 74474.125
name: model.layers.19.self_attn.k_proj.weight, type: torch.int8, ratio: 0.02413296140730381, diff: 845.6683959960938, norm: 35042.046875
name: model.layers.19.self_attn.v_proj.weight, type: torch.int8, ratio: 0.01594589464366436, diff: 895.1575317382812, norm: 56137.17578125
name: model.layers.19.self_attn.o_proj.weight, type: torch.int8, ratio: 0.013947977684438229, diff: 2152.51025390625, norm: 154324.1875
name: model.layers.19.mlp.gate_proj.weight, type: torch.int8, ratio: 0.014218894764780998, diff: 4769.13720703125, norm: 335408.4375
name: model.layers.19.mlp.up_proj.weight, type: torch.int8, ratio: 0.013297311030328274, diff: 4856.71435546875, norm: 365240.34375
name: model.layers.20.self_attn.q_proj.weight, type: torch.int8, ratio: 0.02715126983821392, diff: 1891.284423828125, norm: 69657.3125
name: model.layers.20.self_attn.k_proj.weight, type: torch.int8, ratio: 0.026329083368182182, diff: 846.8034057617188, norm: 32162.28125
name: model.layers.20.self_attn.v_proj.weight, type: torch.int8, ratio: 0.017821896821260452, diff: 883.8478393554688, norm: 49593.36328125
name: model.layers.20.self_attn.o_proj.weight, type: torch.int8, ratio: 0.013918221928179264, diff: 2214.615966796875, norm: 159116.296875
name: model.layers.20.mlp.gate_proj.weight, type: torch.int8, ratio: 0.01459125429391861, diff: 4749.38427734375, norm: 325495.28125
name: model.layers.20.mlp.up_proj.weight, type: torch.int8, ratio: 0.013430410996079445, diff: 4851.19677734375, norm: 361209.84375
name: model.layers.21.self_attn.q_proj.weight, type: torch.int8, ratio: 0.02529268153011799, diff: 1893.7803955078125, norm: 74874.640625
name: model.layers.21.self_attn.k_proj.weight, type: torch.int8, ratio: 0.02495303563773632, diff: 846.623291015625, norm: 33928.66796875
name: model.layers.21.self_attn.v_proj.weight, type: torch.int8, ratio: 0.01769166812300682, diff: 885.1011352539062, norm: 50029.265625
name: model.layers.21.self_attn.o_proj.weight, type: torch.int8, ratio: 0.013857175596058369, diff: 2209.93212890625, norm: 159479.265625
name: model.layers.21.mlp.gate_proj.weight, type: torch.int8, ratio: 0.014860337600111961, diff: 4735.56884765625, norm: 318671.6875
name: model.layers.21.mlp.up_proj.weight, type: torch.int8, ratio: 0.013549447990953922, diff: 4846.42041015625, norm: 357683.96875
name: model.layers.22.self_attn.q_proj.weight, type: torch.int8, ratio: 0.02567010559141636, diff: 1893.8140869140625, norm: 73775.078125
name: model.layers.22.self_attn.k_proj.weight, type: torch.int8, ratio: 0.026597654446959496, diff: 842.571044921875, norm: 31678.396484375
name: model.layers.22.self_attn.v_proj.weight, type: torch.int8, ratio: 0.01697755977511406, diff: 883.6419067382812, norm: 52047.63671875
name: model.layers.22.self_attn.o_proj.weight, type: torch.int8, ratio: 0.013996027410030365, diff: 2203.9677734375, norm: 157470.953125
name: model.layers.22.mlp.gate_proj.weight, type: torch.int8, ratio: 0.01514928974211216, diff: 4703.4453125, norm: 310473.0
name: model.layers.22.mlp.up_proj.weight, type: torch.int8, ratio: 0.013433254323899746, diff: 4848.0732421875, norm: 360900.875
name: model.layers.23.self_attn.q_proj.weight, type: torch.int8, ratio: 0.02445290982723236, diff: 1895.90771484375, norm: 77533.0078125
name: model.layers.23.self_attn.k_proj.weight, type: torch.int8, ratio: 0.02525157295167446, diff: 845.2247924804688, norm: 33472.1640625
name: model.layers.23.self_attn.v_proj.weight, type: torch.int8, ratio: 0.01518859714269638, diff: 898.1403198242188, norm: 59132.5390625
name: model.layers.23.self_attn.o_proj.weight, type: torch.int8, ratio: 0.013957309536635876, diff: 2130.708984375, norm: 152659.0
name: model.layers.23.mlp.gate_proj.weight, type: torch.int8, ratio: 0.015173450112342834, diff: 4685.9384765625, norm: 308824.84375
name: model.layers.23.mlp.up_proj.weight, type: torch.int8, ratio: 0.013413912616670132, diff: 4840.2216796875, norm: 360835.9375
name: model.layers.24.self_attn.q_proj.weight, type: torch.int8, ratio: 0.025868456810712814, diff: 1895.7249755859375, norm: 73283.265625
name: model.layers.24.self_attn.k_proj.weight, type: torch.int8, ratio: 0.025973446667194366, diff: 845.8888549804688, norm: 32567.447265625
name: model.layers.24.self_attn.v_proj.weight, type: torch.int8, ratio: 0.01616344042122364, diff: 895.2413330078125, norm: 55386.80859375
name: model.layers.24.self_attn.o_proj.weight, type: torch.int8, ratio: 0.01377888023853302, diff: 2184.54931640625, norm: 158543.3125
name: model.layers.24.mlp.gate_proj.weight, type: torch.int8, ratio: 0.014676832593977451, diff: 4734.974609375, norm: 322615.5625
name: model.layers.24.mlp.up_proj.weight, type: torch.int8, ratio: 0.013343177735805511, diff: 4856.64599609375, norm: 363979.71875
name: model.layers.25.self_attn.q_proj.weight, type: torch.int8, ratio: 0.024950658902525902, diff: 1893.6409912109375, norm: 75895.4296875
name: model.layers.25.self_attn.k_proj.weight, type: torch.int8, ratio: 0.02335955947637558, diff: 850.5421752929688, norm: 36410.8828125
name: model.layers.25.self_attn.v_proj.weight, type: torch.int8, ratio: 0.01621239259839058, diff: 892.9552001953125, norm: 55078.5546875
name: model.layers.25.self_attn.o_proj.weight, type: torch.int8, ratio: 0.013714317232370377, diff: 2153.665771484375, norm: 157037.765625
name: model.layers.25.mlp.gate_proj.weight, type: torch.int8, ratio: 0.014067638665437698, diff: 4768.3330078125, norm: 338957.59375
name: model.layers.25.mlp.up_proj.weight, type: torch.int8, ratio: 0.013292176648974419, diff: 4837.08203125, norm: 363904.4375
name: model.layers.26.self_attn.q_proj.weight, type: torch.int8, ratio: 0.022540055215358734, diff: 1894.1697998046875, norm: 84035.71875
name: model.layers.26.self_attn.k_proj.weight, type: torch.int8, ratio: 0.02157885953783989, diff: 847.3612060546875, norm: 39268.1171875
name: model.layers.26.self_attn.v_proj.weight, type: torch.int8, ratio: 0.016232585534453392, diff: 894.9636840820312, norm: 55133.7734375
name: model.layers.26.self_attn.o_proj.weight, type: torch.int8, ratio: 0.013711546547710896, diff: 2146.651611328125, norm: 156557.953125
name: model.layers.26.mlp.gate_proj.weight, type: torch.int8, ratio: 0.014062811620533466, diff: 4751.58642578125, norm: 337883.09375
name: model.layers.26.mlp.up_proj.weight, type: torch.int8, ratio: 0.013369514606893063, diff: 4806.6943359375, norm: 359526.46875
name: model.layers.27.self_attn.q_proj.weight, type: torch.int8, ratio: 0.023631995543837547, diff: 1878.754150390625, norm: 79500.4453125
name: model.layers.27.self_attn.k_proj.weight, type: torch.int8, ratio: 0.023893209174275398, diff: 836.4436645507812, norm: 35007.58984375
name: model.layers.27.self_attn.v_proj.weight, type: torch.int8, ratio: 0.016711167991161346, diff: 879.5555419921875, norm: 52632.80078125
name: model.layers.27.self_attn.o_proj.weight, type: torch.int8, ratio: 0.013651251792907715, diff: 2196.551025390625, norm: 160904.734375
name: model.layers.27.mlp.gate_proj.weight, type: torch.int8, ratio: 0.014365524984896183, diff: 4712.66259765625, norm: 328053.625
name: model.layers.27.mlp.up_proj.weight, type: torch.int8, ratio: 0.01347132958471775, diff: 4784.00537109375, norm: 355124.96875
name: model.layers.28.self_attn.q_proj.weight, type: torch.int8, ratio: 0.025002649053931236, diff: 1875.710205078125, norm: 75020.4609375
name: model.layers.28.self_attn.k_proj.weight, type: torch.int8, ratio: 0.025266055017709732, diff: 837.638916015625, norm: 33152.73828125
name: model.layers.28.self_attn.v_proj.weight, type: torch.int8, ratio: 0.016216441988945007, diff: 877.7858276367188, norm: 54129.37109375
name: model.layers.28.self_attn.o_proj.weight, type: torch.int8, ratio: 0.014162562787532806, diff: 2150.763916015625, norm: 151862.625
name: model.layers.28.mlp.gate_proj.weight, type: torch.int8, ratio: 0.015286985784769058, diff: 4634.982421875, norm: 303197.9375
name: model.layers.28.mlp.up_proj.weight, type: torch.int8, ratio: 0.013648704625666142, diff: 4763.18212890625, norm: 348984.1875
name: model.layers.29.self_attn.q_proj.weight, type: torch.int8, ratio: 0.02395474910736084, diff: 1882.0281982421875, norm: 78565.9765625
name: model.layers.29.self_attn.k_proj.weight, type: torch.int8, ratio: 0.024852188304066658, diff: 839.071533203125, norm: 33762.48046875
name: model.layers.29.self_attn.v_proj.weight, type: torch.int8, ratio: 0.015721887350082397, diff: 884.8248291015625, norm: 56279.8125
name: model.layers.29.self_attn.o_proj.weight, type: torch.int8, ratio: 0.014054798521101475, diff: 2139.40625, norm: 152218.921875
name: model.layers.29.mlp.gate_proj.weight, type: torch.int8, ratio: 0.015124225988984108, diff: 4650.34326171875, norm: 307476.4375
name: model.layers.29.mlp.up_proj.weight, type: torch.int8, ratio: 0.013439338654279709, diff: 4790.52880859375, norm: 356455.6875
name: model.layers.30.self_attn.q_proj.weight, type: torch.int8, ratio: 0.022653108462691307, diff: 1881.1126708984375, norm: 83039.9375
name: model.layers.30.self_attn.k_proj.weight, type: torch.int8, ratio: 0.024290064349770546, diff: 834.9736328125, norm: 34375.109375
name: model.layers.30.self_attn.v_proj.weight, type: torch.int8, ratio: 0.01446218229830265, diff: 891.7623291015625, norm: 61661.671875
name: model.layers.30.self_attn.o_proj.weight, type: torch.int8, ratio: 0.013930624350905418, diff: 2120.656982421875, norm: 152229.859375
name: model.layers.30.mlp.gate_proj.weight, type: torch.int8, ratio: 0.014855810441076756, diff: 4654.07373046875, norm: 313283.0625
name: model.layers.30.mlp.up_proj.weight, type: torch.int8, ratio: 0.013238136656582355, diff: 4798.03857421875, norm: 362440.625
name: model.layers.31.self_attn.q_proj.weight, type: torch.int8, ratio: 0.021265801042318344, diff: 1886.0904541015625, norm: 88691.25
name: model.layers.31.self_attn.k_proj.weight, type: torch.int8, ratio: 0.02355872094631195, diff: 834.0173950195312, norm: 35401.640625
name: model.layers.31.self_attn.v_proj.weight, type: torch.int8, ratio: 0.01339524146169424, diff: 905.8929443359375, norm: 67627.96875
name: model.layers.31.self_attn.o_proj.weight, type: torch.int8, ratio: 0.013497330248355865, diff: 2136.521240234375, norm: 158292.140625
name: model.layers.31.mlp.gate_proj.weight, type: torch.int8, ratio: 0.01483822800219059, diff: 4632.7939453125, norm: 312220.15625
name: model.layers.31.mlp.up_proj.weight, type: torch.int8, ratio: 0.01312632393091917, diff: 4796.84130859375, norm: 365436.75
name: model.layers.32.self_attn.q_proj.weight, type: torch.int8, ratio: 0.024434367194771767, diff: 1862.457275390625, norm: 76222.859375
name: model.layers.32.self_attn.k_proj.weight, type: torch.int8, ratio: 0.02767287753522396, diff: 822.9094848632812, norm: 29737.041015625
name: model.layers.32.self_attn.v_proj.weight, type: torch.int8, ratio: 0.01576416939496994, diff: 876.4091796875, norm: 55595.01171875
name: model.layers.32.self_attn.o_proj.weight, type: torch.int8, ratio: 0.014002894051373005, diff: 2134.125732421875, norm: 152406.046875
name: model.layers.32.mlp.gate_proj.weight, type: torch.int8, ratio: 0.01607922464609146, diff: 4534.43505859375, norm: 282005.8125
name: model.layers.32.mlp.up_proj.weight, type: torch.int8, ratio: 0.013049600645899773, diff: 4804.8857421875, norm: 368201.75
name: model.layers.33.self_attn.q_proj.weight, type: torch.int8, ratio: 0.022176651284098625, diff: 1889.9671630859375, norm: 85223.2890625
name: model.layers.33.self_attn.k_proj.weight, type: torch.int8, ratio: 0.02402154728770256, diff: 838.4945068359375, norm: 34905.93359375
name: model.layers.33.self_attn.v_proj.weight, type: torch.int8, ratio: 0.016402769833803177, diff: 878.6318969726562, norm: 53566.06640625
name: model.layers.33.self_attn.o_proj.weight, type: torch.int8, ratio: 0.014419648796319962, diff: 2204.810302734375, norm: 152903.1875
name: model.layers.33.mlp.gate_proj.weight, type: torch.int8, ratio: 0.01562193688005209, diff: 4589.04150390625, norm: 293756.25
name: model.layers.33.mlp.up_proj.weight, type: torch.int8, ratio: 0.013131588697433472, diff: 4817.6396484375, norm: 366874.09375
name: model.layers.34.self_attn.q_proj.weight, type: torch.int8, ratio: 0.022708885371685028, diff: 1886.0230712890625, norm: 83052.2109375
name: model.layers.34.self_attn.k_proj.weight, type: torch.int8, ratio: 0.02364427037537098, diff: 842.2214965820312, norm: 35620.53125
name: model.layers.34.self_attn.v_proj.weight, type: torch.int8, ratio: 0.015956470742821693, diff: 878.75537109375, norm: 55072.0390625
name: model.layers.34.self_attn.o_proj.weight, type: torch.int8, ratio: 0.014553708955645561, diff: 2187.706298828125, norm: 150319.5
name: model.layers.34.mlp.gate_proj.weight, type: torch.int8, ratio: 0.015430226922035217, diff: 4601.26611328125, norm: 298198.21875
name: model.layers.34.mlp.up_proj.weight, type: torch.int8, ratio: 0.013266590423882008, diff: 4797.2158203125, norm: 361601.25
name: model.layers.35.self_attn.q_proj.weight, type: torch.int8, ratio: 0.02320118434727192, diff: 1889.7666015625, norm: 81451.296875
name: model.layers.35.self_attn.k_proj.weight, type: torch.int8, ratio: 0.023735813796520233, diff: 845.3869018554688, norm: 35616.51171875
name: model.layers.35.self_attn.v_proj.weight, type: torch.int8, ratio: 0.015488575212657452, diff: 889.5599975585938, norm: 57433.30078125
name: model.layers.35.self_attn.o_proj.weight, type: torch.int8, ratio: 0.014180559664964676, diff: 2142.88134765625, norm: 151114.015625
name: model.layers.35.mlp.gate_proj.weight, type: torch.int8, ratio: 0.015923364087939262, diff: 4576.61767578125, norm: 287415.25
name: model.layers.35.mlp.up_proj.weight, type: torch.int8, ratio: 0.01333968061953783, diff: 4791.8603515625, norm: 359218.53125
name: model.layers.36.self_attn.q_proj.weight, type: torch.int8, ratio: 0.023164888843894005, diff: 1898.705078125, norm: 81964.78125
name: model.layers.36.self_attn.k_proj.weight, type: torch.int8, ratio: 0.024441059678792953, diff: 844.5756225585938, norm: 34555.60546875
name: model.layers.36.self_attn.v_proj.weight, type: torch.int8, ratio: 0.01680729351937771, diff: 878.6649169921875, norm: 52278.7890625
name: model.layers.36.self_attn.o_proj.weight, type: torch.int8, ratio: 0.014032430946826935, diff: 2155.132568359375, norm: 153582.265625
name: model.layers.36.mlp.gate_proj.weight, type: torch.int8, ratio: 0.015575428493320942, diff: 4617.09228515625, norm: 296434.375
name: model.layers.36.mlp.up_proj.weight, type: torch.int8, ratio: 0.013456124812364578, diff: 4790.7060546875, norm: 356024.1875
name: model.layers.37.self_attn.q_proj.weight, type: torch.int8, ratio: 0.021847112104296684, diff: 1899.548095703125, norm: 86947.328125
name: model.layers.37.self_attn.k_proj.weight, type: torch.int8, ratio: 0.02319071814417839, diff: 843.736328125, norm: 36382.5
name: model.layers.37.self_attn.v_proj.weight, type: torch.int8, ratio: 0.01652480661869049, diff: 880.537353515625, norm: 53285.7890625
name: model.layers.37.self_attn.o_proj.weight, type: torch.int8, ratio: 0.013585301116108894, diff: 2153.3623046875, norm: 158506.78125
name: model.layers.37.mlp.gate_proj.weight, type: torch.int8, ratio: 0.01660957746207714, diff: 4552.55908203125, norm: 274092.40625
name: model.layers.37.mlp.up_proj.weight, type: torch.int8, ratio: 0.013606967404484749, diff: 4770.7666015625, norm: 350612.03125
name: model.layers.38.self_attn.q_proj.weight, type: torch.int8, ratio: 0.021353110671043396, diff: 1914.1927490234375, norm: 89644.6796875
name: model.layers.38.self_attn.k_proj.weight, type: torch.int8, ratio: 0.025266684591770172, diff: 843.3961181640625, norm: 33379.76953125
name: model.layers.38.self_attn.v_proj.weight, type: torch.int8, ratio: 0.016264479607343674, diff: 880.2823486328125, norm: 54122.9921875
name: model.layers.38.self_attn.o_proj.weight, type: torch.int8, ratio: 0.014453276991844177, diff: 2182.421630859375, norm: 150998.390625
name: model.layers.38.mlp.gate_proj.weight, type: torch.int8, ratio: 0.016192983835935593, diff: 4595.857421875, norm: 283817.8125
name: model.layers.38.mlp.up_proj.weight, type: torch.int8, ratio: 0.013640530407428741, diff: 4784.7578125, norm: 350775.0625
name: model.layers.39.self_attn.q_proj.weight, type: torch.int8, ratio: 0.020973242819309235, diff: 1925.86865234375, norm: 91825.03125
name: model.layers.39.self_attn.k_proj.weight, type: torch.int8, ratio: 0.02398473396897316, diff: 849.7081909179688, norm: 35427.04296875
name: model.layers.39.self_attn.v_proj.weight, type: torch.int8, ratio: 0.01527117844671011, diff: 891.68994140625, norm: 58390.3828125
name: model.layers.39.self_attn.o_proj.weight, type: torch.int8, ratio: 0.014523789286613464, diff: 2156.030029296875, norm: 148448.171875
name: model.layers.39.mlp.gate_proj.weight, type: torch.int8, ratio: 0.01779259741306305, diff: 4496.6318359375, norm: 252724.875
name: model.layers.39.mlp.up_proj.weight, type: torch.int8, ratio: 0.013766484335064888, diff: 4755.29931640625, norm: 345425.84375
name: model.layers.40.self_attn.q_proj.weight, type: torch.int8, ratio: 0.02147674188017845, diff: 1926.6680908203125, norm: 89709.515625
name: model.layers.40.self_attn.k_proj.weight, type: torch.int8, ratio: 0.024611692875623703, diff: 849.0377197265625, norm: 34497.33203125
name: model.layers.40.self_attn.v_proj.weight, type: torch.int8, ratio: 0.01594230905175209, diff: 890.0151977539062, norm: 55827.24609375
name: model.layers.40.self_attn.o_proj.weight, type: torch.int8, ratio: 0.013882105238735676, diff: 2141.453125, norm: 154259.96875
name: model.layers.40.mlp.gate_proj.weight, type: torch.int8, ratio: 0.017839785665273666, diff: 4499.126953125, norm: 252196.234375
name: model.layers.40.mlp.up_proj.weight, type: torch.int8, ratio: 0.013782760128378868, diff: 4756.4375, norm: 345100.5
name: model.layers.41.self_attn.q_proj.weight, type: torch.int8, ratio: 0.02151716873049736, diff: 1926.945556640625, norm: 89553.859375
name: model.layers.41.self_attn.k_proj.weight, type: torch.int8, ratio: 0.023919066414237022, diff: 856.17578125, norm: 35794.69921875
name: model.layers.41.self_attn.v_proj.weight, type: torch.int8, ratio: 0.016023974865674973, diff: 886.6109619140625, norm: 55330.2734375
name: model.layers.41.self_attn.o_proj.weight, type: torch.int8, ratio: 0.014508659951388836, diff: 2195.2626953125, norm: 151307.0625
name: model.layers.41.mlp.gate_proj.weight, type: torch.int8, ratio: 0.015004893764853477, diff: 4633.87890625, norm: 308824.5
name: model.layers.41.mlp.up_proj.weight, type: torch.int8, ratio: 0.013439483940601349, diff: 4779.38671875, norm: 355622.78125
name: model.layers.42.self_attn.q_proj.weight, type: torch.int8, ratio: 0.01999596692621708, diff: 1918.837158203125, norm: 95961.2109375
name: model.layers.42.self_attn.k_proj.weight, type: torch.int8, ratio: 0.02124171517789364, diff: 847.142822265625, norm: 39881.09375
name: model.layers.42.self_attn.v_proj.weight, type: torch.int8, ratio: 0.015786360949277878, diff: 888.4514770507812, norm: 56279.69140625
name: model.layers.42.self_attn.o_proj.weight, type: torch.int8, ratio: 0.014086075127124786, diff: 2149.324462890625, norm: 152585.046875
name: model.layers.42.mlp.gate_proj.weight, type: torch.int8, ratio: 0.01509572472423315, diff: 4618.58544921875, norm: 305953.21875
name: model.layers.42.mlp.up_proj.weight, type: torch.int8, ratio: 0.013665655627846718, diff: 4741.74462890625, norm: 346982.59375
name: model.layers.43.self_attn.q_proj.weight, type: torch.int8, ratio: 0.01952996663749218, diff: 1918.1597900390625, norm: 98216.234375
name: model.layers.43.self_attn.k_proj.weight, type: torch.int8, ratio: 0.02123105339705944, diff: 846.1920776367188, norm: 39856.33984375
name: model.layers.43.self_attn.v_proj.weight, type: torch.int8, ratio: 0.01642507128417492, diff: 875.4255981445312, norm: 53298.12890625
name: model.layers.43.self_attn.o_proj.weight, type: torch.int8, ratio: 0.013842560350894928, diff: 2172.125244140625, norm: 156916.4375
name: model.layers.43.mlp.gate_proj.weight, type: torch.int8, ratio: 0.0150412293151021, diff: 4607.4990234375, norm: 306324.625
name: model.layers.43.mlp.up_proj.weight, type: torch.int8, ratio: 0.013758272863924503, diff: 4718.1845703125, norm: 342934.375
name: model.layers.44.self_attn.q_proj.weight, type: torch.int8, ratio: 0.021478215232491493, diff: 1909.13037109375, norm: 88886.828125
name: model.layers.44.self_attn.k_proj.weight, type: torch.int8, ratio: 0.023420309647917747, diff: 846.2659301757812, norm: 36133.84765625
name: model.layers.44.self_attn.v_proj.weight, type: torch.int8, ratio: 0.01540395338088274, diff: 878.5932006835938, norm: 57036.86328125
name: model.layers.44.self_attn.o_proj.weight, type: torch.int8, ratio: 0.014523589052259922, diff: 2139.298095703125, norm: 147298.171875
name: model.layers.44.mlp.gate_proj.weight, type: torch.int8, ratio: 0.017221013084053993, diff: 4485.275390625, norm: 260453.640625
name: model.layers.44.mlp.up_proj.weight, type: torch.int8, ratio: 0.014462758786976337, diff: 4642.6611328125, norm: 321008.0
name: model.layers.45.self_attn.q_proj.weight, type: torch.int8, ratio: 0.020436204969882965, diff: 1928.0479736328125, norm: 94344.71875
name: model.layers.45.self_attn.k_proj.weight, type: torch.int8, ratio: 0.02355845458805561, diff: 852.4981079101562, norm: 36186.50390625
name: model.layers.45.self_attn.v_proj.weight, type: torch.int8, ratio: 0.015179114416241646, diff: 886.7970581054688, norm: 58422.1875
name: model.layers.45.self_attn.o_proj.weight, type: torch.int8, ratio: 0.014210551045835018, diff: 2134.003173828125, norm: 150170.328125
name: model.layers.45.mlp.gate_proj.weight, type: torch.int8, ratio: 0.01594363898038864, diff: 4557.2041015625, norm: 285832.125
name: model.layers.45.mlp.up_proj.weight, type: torch.int8, ratio: 0.013831768184900284, diff: 4698.40966796875, norm: 339682.5
name: model.layers.46.self_attn.q_proj.weight, type: torch.int8, ratio: 0.019428910687565804, diff: 1924.724365234375, norm: 99064.96875
name: model.layers.46.self_attn.k_proj.weight, type: torch.int8, ratio: 0.02278771810233593, diff: 845.1041259765625, norm: 37085.94921875
name: model.layers.46.self_attn.v_proj.weight, type: torch.int8, ratio: 0.014480170793831348, diff: 887.6300048828125, norm: 61299.69140625
name: model.layers.46.self_attn.o_proj.weight, type: torch.int8, ratio: 0.013742795214056969, diff: 2087.92919921875, norm: 151929.0
name: model.layers.46.mlp.gate_proj.weight, type: torch.int8, ratio: 0.015842551365494728, diff: 4548.04541015625, norm: 287077.84375
name: model.layers.46.mlp.up_proj.weight, type: torch.int8, ratio: 0.013547427020967007, diff: 4708.23291015625, norm: 347537.0625
name: model.layers.47.self_attn.q_proj.weight, type: torch.int8, ratio: 0.017846230417490005, diff: 1933.6519775390625, norm: 108350.7265625
name: model.layers.47.self_attn.k_proj.weight, type: torch.int8, ratio: 0.022634288296103477, diff: 838.1378173828125, norm: 37029.5625
name: model.layers.47.self_attn.v_proj.weight, type: torch.int8, ratio: 0.013615650124847889, diff: 899.7194213867188, norm: 66079.796875
name: model.layers.47.self_attn.o_proj.weight, type: torch.int8, ratio: 0.013168220408260822, diff: 2115.983642578125, norm: 160688.65625
name: model.layers.47.mlp.gate_proj.weight, type: torch.int8, ratio: 0.016084324568510056, diff: 4516.65234375, norm: 280810.8125
name: model.layers.47.mlp.up_proj.weight, type: torch.int8, ratio: 0.013426748104393482, diff: 4703.4326171875, norm: 350303.1875
name: model.layers.48.self_attn.q_proj.weight, type: torch.int8, ratio: 0.018519390374422073, diff: 1932.2574462890625, norm: 104336.9921875
name: model.layers.48.self_attn.k_proj.weight, type: torch.int8, ratio: 0.02343425154685974, diff: 840.7246704101562, norm: 35875.890625
name: model.layers.48.self_attn.v_proj.weight, type: torch.int8, ratio: 0.01674588769674301, diff: 858.7898559570312, norm: 51283.625
name: model.layers.48.self_attn.o_proj.weight, type: torch.int8, ratio: 0.01285452302545309, diff: 2056.412109375, norm: 159975.765625
name: model.layers.48.mlp.gate_proj.weight, type: torch.int8, ratio: 0.015565781854093075, diff: 4544.12744140625, norm: 291930.5625
name: model.layers.48.mlp.up_proj.weight, type: torch.int8, ratio: 0.013226240873336792, diff: 4720.68994140625, norm: 356918.5
name: model.layers.49.self_attn.q_proj.weight, type: torch.int8, ratio: 0.018150877207517624, diff: 1932.662353515625, norm: 106477.6328125
name: model.layers.49.self_attn.k_proj.weight, type: torch.int8, ratio: 0.023350393399596214, diff: 836.9324951171875, norm: 35842.328125
name: model.layers.49.self_attn.v_proj.weight, type: torch.int8, ratio: 0.014335054904222488, diff: 878.8908081054688, norm: 61310.59765625
name: model.layers.49.self_attn.o_proj.weight, type: torch.int8, ratio: 0.013277553021907806, diff: 2121.96337890625, norm: 159815.84375
name: model.layers.49.mlp.gate_proj.weight, type: torch.int8, ratio: 0.01646692492067814, diff: 4490.16943359375, norm: 272678.0625
name: model.layers.49.mlp.up_proj.weight, type: torch.int8, ratio: 0.013319206424057484, diff: 4704.4033203125, norm: 353204.46875
name: model.layers.50.self_attn.q_proj.weight, type: torch.int8, ratio: 0.018704235553741455, diff: 1932.5009765625, norm: 103318.8984375
name: model.layers.50.self_attn.k_proj.weight, type: torch.int8, ratio: 0.025682266801595688, diff: 837.0286865234375, norm: 32591.69921875
name: model.layers.50.self_attn.v_proj.weight, type: torch.int8, ratio: 0.016471492126584053, diff: 858.8917236328125, norm: 52144.13671875
name: model.layers.50.self_attn.o_proj.weight, type: torch.int8, ratio: 0.013126312755048275, diff: 2125.513427734375, norm: 161927.6875
name: model.layers.50.mlp.gate_proj.weight, type: torch.int8, ratio: 0.017687274143099785, diff: 4438.087890625, norm: 250919.84375
name: model.layers.50.mlp.up_proj.weight, type: torch.int8, ratio: 0.013321615755558014, diff: 4719.0087890625, norm: 354236.96875
name: model.layers.51.self_attn.q_proj.weight, type: torch.int8, ratio: 0.01936299353837967, diff: 1925.455322265625, norm: 99439.9609375
name: model.layers.51.self_attn.k_proj.weight, type: torch.int8, ratio: 0.022884318605065346, diff: 843.1802978515625, norm: 36845.33203125
name: model.layers.51.self_attn.v_proj.weight, type: torch.int8, ratio: 0.01766011491417885, diff: 856.0046997070312, norm: 48471.07421875
name: model.layers.51.self_attn.o_proj.weight, type: torch.int8, ratio: 0.013236163184046745, diff: 2115.4208984375, norm: 159821.3125
name: model.layers.51.mlp.gate_proj.weight, type: torch.int8, ratio: 0.01780838891863823, diff: 4444.01171875, norm: 249545.96875
name: model.layers.51.mlp.up_proj.weight, type: torch.int8, ratio: 0.013302148319780827, diff: 4730.5927734375, norm: 355626.21875
name: model.layers.52.self_attn.q_proj.weight, type: torch.int8, ratio: 0.02012753300368786, diff: 1930.8663330078125, norm: 95931.59375
name: model.layers.52.self_attn.k_proj.weight, type: torch.int8, ratio: 0.02639738656580448, diff: 849.3114624023438, norm: 32174.07421875
name: model.layers.52.self_attn.v_proj.weight, type: torch.int8, ratio: 0.017093846574425697, diff: 858.8486328125, norm: 50243.1484375
name: model.layers.52.self_attn.o_proj.weight, type: torch.int8, ratio: 0.013571612536907196, diff: 2138.188720703125, norm: 157548.609375
name: model.layers.52.mlp.gate_proj.weight, type: torch.int8, ratio: 0.01795286312699318, diff: 4451.69189453125, norm: 247965.5625
name: model.layers.52.mlp.up_proj.weight, type: torch.int8, ratio: 0.013373968191444874, diff: 4738.783203125, norm: 354328.875
name: model.layers.53.self_attn.q_proj.weight, type: torch.int8, ratio: 0.02039358951151371, diff: 1922.980224609375, norm: 94293.3671875
name: model.layers.53.self_attn.k_proj.weight, type: torch.int8, ratio: 0.02622646652162075, diff: 841.7142944335938, norm: 32094.080078125
name: model.layers.53.self_attn.v_proj.weight, type: torch.int8, ratio: 0.020051391795277596, diff: 847.76708984375, norm: 42279.71484375
name: model.layers.53.self_attn.o_proj.weight, type: torch.int8, ratio: 0.012575730681419373, diff: 2050.97802734375, norm: 163090.171875
name: model.layers.53.mlp.gate_proj.weight, type: torch.int8, ratio: 0.017650533467531204, diff: 4444.7431640625, norm: 251819.1875
name: model.layers.53.mlp.up_proj.weight, type: torch.int8, ratio: 0.013216297142207623, diff: 4738.1962890625, norm: 358511.625
name: model.layers.54.self_attn.q_proj.weight, type: torch.int8, ratio: 0.018786657601594925, diff: 1933.802001953125, norm: 102934.859375
name: model.layers.54.self_attn.k_proj.weight, type: torch.int8, ratio: 0.02566983364522457, diff: 836.9856567382812, norm: 32605.806640625
name: model.layers.54.self_attn.v_proj.weight, type: torch.int8, ratio: 0.018964316695928574, diff: 845.3212280273438, norm: 44574.3046875
name: model.layers.54.self_attn.o_proj.weight, type: torch.int8, ratio: 0.012554354965686798, diff: 2066.068115234375, norm: 164569.828125
name: model.layers.54.mlp.gate_proj.weight, type: torch.int8, ratio: 0.017868952825665474, diff: 4431.16259765625, norm: 247981.109375
name: model.layers.54.mlp.up_proj.weight, type: torch.int8, ratio: 0.013165634125471115, diff: 4741.515625, norm: 360143.34375
name: model.layers.55.self_attn.q_proj.weight, type: torch.int8, ratio: 0.019300632178783417, diff: 1919.89111328125, norm: 99472.96875
name: model.layers.55.self_attn.k_proj.weight, type: torch.int8, ratio: 0.024128209799528122, diff: 839.735107421875, norm: 34803.04296875
name: model.layers.55.self_attn.v_proj.weight, type: torch.int8, ratio: 0.016097940504550934, diff: 859.8511352539062, norm: 53413.734375
name: model.layers.55.self_attn.o_proj.weight, type: torch.int8, ratio: 0.012943126261234283, diff: 2101.839599609375, norm: 162390.40625
name: model.layers.55.mlp.gate_proj.weight, type: torch.int8, ratio: 0.01766074076294899, diff: 4434.48193359375, norm: 251092.625
name: model.layers.55.mlp.up_proj.weight, type: torch.int8, ratio: 0.013175604864954948, diff: 4735.24072265625, norm: 359394.5625
name: model.layers.56.self_attn.q_proj.weight, type: torch.int8, ratio: 0.0211421400308609, diff: 1905.863525390625, norm: 90145.25
name: model.layers.56.self_attn.k_proj.weight, type: torch.int8, ratio: 0.02756834216415882, diff: 839.7940063476562, norm: 30462.259765625
name: model.layers.56.self_attn.v_proj.weight, type: torch.int8, ratio: 0.018942225724458694, diff: 842.5307006835938, norm: 44478.96875
name: model.layers.56.self_attn.o_proj.weight, type: torch.int8, ratio: 0.013222828507423401, diff: 2180.499755859375, norm: 164904.1875
name: model.layers.56.mlp.gate_proj.weight, type: torch.int8, ratio: 0.017550690099596977, diff: 4434.482421875, norm: 252667.125
name: model.layers.56.mlp.up_proj.weight, type: torch.int8, ratio: 0.013126903213560581, diff: 4736.1083984375, norm: 360794.03125
name: model.layers.57.self_attn.q_proj.weight, type: torch.int8, ratio: 0.018766211345791817, diff: 1927.1240234375, norm: 102691.15625
name: model.layers.57.self_attn.k_proj.weight, type: torch.int8, ratio: 0.02376476489007473, diff: 849.3685913085938, norm: 35740.66796875
name: model.layers.57.self_attn.v_proj.weight, type: torch.int8, ratio: 0.020590845495462418, diff: 835.9156494140625, norm: 40596.46875
name: model.layers.57.self_attn.o_proj.weight, type: torch.int8, ratio: 0.013199741020798683, diff: 2164.745361328125, norm: 163999.078125
name: model.layers.57.mlp.gate_proj.weight, type: torch.int8, ratio: 0.01693582721054554, diff: 4457.93505859375, norm: 263225.125
name: model.layers.57.mlp.up_proj.weight, type: torch.int8, ratio: 0.01318314392119646, diff: 4726.7236328125, norm: 358542.96875
name: model.layers.58.self_attn.q_proj.weight, type: torch.int8, ratio: 0.0200753565877676, diff: 1905.90087890625, norm: 94937.3359375
name: model.layers.58.self_attn.k_proj.weight, type: torch.int8, ratio: 0.02872864529490471, diff: 834.3716430664062, norm: 29043.1953125
name: model.layers.58.self_attn.v_proj.weight, type: torch.int8, ratio: 0.03018454648554325, diff: 819.379638671875, norm: 27145.666015625
name: model.layers.58.self_attn.o_proj.weight, type: torch.int8, ratio: 0.014033829793334007, diff: 2298.037841796875, norm: 163749.875
name: model.layers.58.mlp.gate_proj.weight, type: torch.int8, ratio: 0.016394127160310745, diff: 4480.744140625, norm: 273313.96875
name: model.layers.58.mlp.up_proj.weight, type: torch.int8, ratio: 0.013142341747879982, diff: 4726.21142578125, norm: 359617.15625
name: model.layers.59.self_attn.q_proj.weight, type: torch.int8, ratio: 0.022065432742238045, diff: 1898.1978759765625, norm: 86025.859375
name: model.layers.59.self_attn.k_proj.weight, type: torch.int8, ratio: 0.025505581870675087, diff: 845.5690307617188, norm: 33152.3125
name: model.layers.59.self_attn.v_proj.weight, type: torch.int8, ratio: 0.018565909937024117, diff: 837.07763671875, norm: 45086.80859375
name: model.layers.59.self_attn.o_proj.weight, type: torch.int8, ratio: 0.013114247471094131, diff: 2136.587890625, norm: 162921.125
name: model.layers.59.mlp.gate_proj.weight, type: torch.int8, ratio: 0.01661158911883831, diff: 4447.48974609375, norm: 267734.15625
name: model.layers.59.mlp.up_proj.weight, type: torch.int8, ratio: 0.013402823358774185, diff: 4666.74462890625, norm: 348191.15625
name: model.layers.60.self_attn.q_proj.weight, type: torch.int8, ratio: 0.02217634953558445, diff: 1904.313232421875, norm: 85871.359375
name: model.layers.60.self_attn.k_proj.weight, type: torch.int8, ratio: 0.02874922566115856, diff: 846.0123901367188, norm: 29427.310546875
name: model.layers.60.self_attn.v_proj.weight, type: torch.int8, ratio: 0.01779705099761486, diff: 843.045654296875, norm: 47369.9609375
name: model.layers.60.self_attn.o_proj.weight, type: torch.int8, ratio: 0.013650143519043922, diff: 2162.737548828125, norm: 158440.640625
name: model.layers.60.mlp.gate_proj.weight, type: torch.int8, ratio: 0.018257170915603638, diff: 4412.2900390625, norm: 241674.359375
name: model.layers.60.mlp.up_proj.weight, type: torch.int8, ratio: 0.013762927614152431, diff: 4646.23828125, norm: 337590.84375
name: model.layers.61.self_attn.q_proj.weight, type: torch.int8, ratio: 0.02213837392628193, diff: 1929.1112060546875, norm: 87138.796875
name: model.layers.61.self_attn.k_proj.weight, type: torch.int8, ratio: 0.028439469635486603, diff: 857.7446899414062, norm: 30160.361328125
name: model.layers.61.self_attn.v_proj.weight, type: torch.int8, ratio: 0.018935155123472214, diff: 851.1327514648438, norm: 44949.87109375
name: model.layers.61.self_attn.o_proj.weight, type: torch.int8, ratio: 0.013416431844234467, diff: 2119.65283203125, norm: 157989.3125
name: model.layers.61.mlp.gate_proj.weight, type: torch.int8, ratio: 0.01968204230070114, diff: 4398.56884765625, norm: 223481.3125
name: model.layers.61.mlp.up_proj.weight, type: torch.int8, ratio: 0.01452594343572855, diff: 4612.1015625, norm: 317507.875
name: model.layers.62.self_attn.q_proj.weight, type: torch.int8, ratio: 0.023822052404284477, diff: 1924.3009033203125, norm: 80778.1328125
name: model.layers.62.self_attn.k_proj.weight, type: torch.int8, ratio: 0.025705214589834213, diff: 863.5259399414062, norm: 33593.4140625
name: model.layers.62.self_attn.v_proj.weight, type: torch.int8, ratio: 0.02136479690670967, diff: 842.1490478515625, norm: 39417.6015625
name: model.layers.62.self_attn.o_proj.weight, type: torch.int8, ratio: 0.013832180760800838, diff: 2156.172607421875, norm: 155880.890625
name: model.layers.62.mlp.gate_proj.weight, type: torch.int8, ratio: 0.02051871456205845, diff: 4407.57568359375, norm: 214807.59375
name: model.layers.62.mlp.up_proj.weight, type: torch.int8, ratio: 0.01583264209330082, diff: 4551.0869140625, norm: 287449.625
name: model.layers.63.self_attn.q_proj.weight, type: torch.int8, ratio: 0.02220149338245392, diff: 1970.79248046875, norm: 88768.4609375
name: model.layers.63.self_attn.k_proj.weight, type: torch.int8, ratio: 0.029204612597823143, diff: 873.2427978515625, norm: 29900.8515625
name: model.layers.63.self_attn.v_proj.weight, type: torch.int8, ratio: 0.03775468468666077, diff: 842.89794921875, norm: 22325.65234375
name: model.layers.63.self_attn.o_proj.weight, type: torch.int8, ratio: 0.014361072331666946, diff: 2196.455810546875, norm: 152945.109375
name: model.layers.63.mlp.gate_proj.weight, type: torch.int8, ratio: 0.0189385786652565, diff: 4482.15478515625, norm: 236667.953125
name: model.layers.63.mlp.up_proj.weight, type: torch.int8, ratio: 0.015465735457837582, diff: 4602.19921875, norm: 297573.90625
name: model.layers.0.mlp.down_proj.weight, type: torch.int8, ratio: 0.026953095570206642, diff: 6099.4404296875, norm: 226298.328125
name: model.layers.1.mlp.down_proj.weight, type: torch.int8, ratio: 0.054289717227220535, diff: 3910.9931640625, norm: 72039.296875
name: model.layers.2.mlp.down_proj.weight, type: torch.int8, ratio: 0.028498876839876175, diff: 3747.3876953125, norm: 131492.46875
name: model.layers.3.mlp.down_proj.weight, type: torch.int8, ratio: 0.024495957419276237, diff: 4454.453125, norm: 181844.421875
name: model.layers.4.mlp.down_proj.weight, type: torch.int8, ratio: 0.024512337520718575, diff: 5515.8583984375, norm: 225023.765625
name: model.layers.5.mlp.down_proj.weight, type: torch.int8, ratio: 0.020866138860583305, diff: 5234.15234375, norm: 250844.3125
name: model.layers.6.mlp.down_proj.weight, type: torch.int8, ratio: 0.022216254845261574, diff: 5741.08349609375, norm: 258418.15625
name: model.layers.7.mlp.down_proj.weight, type: torch.int8, ratio: 0.019019221886992455, diff: 5538.83251953125, norm: 291222.875
name: model.layers.8.mlp.down_proj.weight, type: torch.int8, ratio: 0.018891820684075356, diff: 5279.40673828125, norm: 279454.625
name: model.layers.9.mlp.down_proj.weight, type: torch.int8, ratio: 0.01688748225569725, diff: 4718.73876953125, norm: 279422.28125
name: model.layers.10.mlp.down_proj.weight, type: torch.int8, ratio: 0.016763485968112946, diff: 4734.185546875, norm: 282410.5625
name: model.layers.11.mlp.down_proj.weight, type: torch.int8, ratio: 0.0165557861328125, diff: 4848.5126953125, norm: 292859.09375
name: model.layers.12.mlp.down_proj.weight, type: torch.int8, ratio: 0.01602133736014366, diff: 4608.38720703125, norm: 287640.59375
name: model.layers.13.mlp.down_proj.weight, type: torch.int8, ratio: 0.016446486115455627, diff: 4663.44140625, norm: 283552.4375
name: model.layers.14.mlp.down_proj.weight, type: torch.int8, ratio: 0.016494641080498695, diff: 4637.388671875, norm: 281145.15625
name: model.layers.15.mlp.down_proj.weight, type: torch.int8, ratio: 0.016795707866549492, diff: 4620.431640625, norm: 275095.96875
name: model.layers.16.mlp.down_proj.weight, type: torch.int8, ratio: 0.016696017235517502, diff: 4616.693359375, norm: 276514.65625
name: model.layers.17.mlp.down_proj.weight, type: torch.int8, ratio: 0.016654135659337044, diff: 4561.34130859375, norm: 273886.40625
name: model.layers.18.mlp.down_proj.weight, type: torch.int8, ratio: 0.01699420064687729, diff: 4591.572265625, norm: 270184.65625
name: model.layers.19.mlp.down_proj.weight, type: torch.int8, ratio: 0.01740996539592743, diff: 4627.853515625, norm: 265816.34375
name: model.layers.20.mlp.down_proj.weight, type: torch.int8, ratio: 0.017234841361641884, diff: 4664.6845703125, norm: 270654.34375
name: model.layers.21.mlp.down_proj.weight, type: torch.int8, ratio: 0.0170830637216568, diff: 4648.3232421875, norm: 272101.25
name: model.layers.22.mlp.down_proj.weight, type: torch.int8, ratio: 0.017335940152406693, diff: 4626.0400390625, norm: 266846.78125
name: model.layers.23.mlp.down_proj.weight, type: torch.int8, ratio: 0.017441309988498688, diff: 4654.388671875, norm: 266860.03125
name: model.layers.24.mlp.down_proj.weight, type: torch.int8, ratio: 0.016527757048606873, diff: 4580.40283203125, norm: 277133.96875
name: model.layers.25.mlp.down_proj.weight, type: torch.int8, ratio: 0.01622840017080307, diff: 4576.365234375, norm: 281997.3125
name: model.layers.26.mlp.down_proj.weight, type: torch.int8, ratio: 0.016405338421463966, diff: 4596.17919921875, norm: 280163.625
name: model.layers.27.mlp.down_proj.weight, type: torch.int8, ratio: 0.01689842715859413, diff: 4620.24609375, norm: 273412.78125
name: model.layers.28.mlp.down_proj.weight, type: torch.int8, ratio: 0.016949573531746864, diff: 4674.13525390625, norm: 275767.125
name: model.layers.29.mlp.down_proj.weight, type: torch.int8, ratio: 0.016750698909163475, diff: 4584.412109375, norm: 273684.8125
name: model.layers.30.mlp.down_proj.weight, type: torch.int8, ratio: 0.016417039558291435, diff: 4550.30810546875, norm: 277169.84375
name: model.layers.31.mlp.down_proj.weight, type: torch.int8, ratio: 0.01647716388106346, diff: 4510.59619140625, norm: 273748.34375
name: model.layers.32.mlp.down_proj.weight, type: torch.int8, ratio: 0.016786735504865646, diff: 4589.5859375, norm: 273405.5
name: model.layers.33.mlp.down_proj.weight, type: torch.int8, ratio: 0.01691090688109398, diff: 4592.3447265625, norm: 271561.125
name: model.layers.34.mlp.down_proj.weight, type: torch.int8, ratio: 0.016999084502458572, diff: 4633.77001953125, norm: 272589.375
name: model.layers.35.mlp.down_proj.weight, type: torch.int8, ratio: 0.01703340746462345, diff: 4648.68310546875, norm: 272915.625
name: model.layers.36.mlp.down_proj.weight, type: torch.int8, ratio: 0.017090225592255592, diff: 4691.1220703125, norm: 274491.53125
name: model.layers.37.mlp.down_proj.weight, type: torch.int8, ratio: 0.01694641448557377, diff: 4687.62353515625, norm: 276614.46875
name: model.layers.38.mlp.down_proj.weight, type: torch.int8, ratio: 0.017270853742957115, diff: 4710.78564453125, norm: 272759.28125
name: model.layers.39.mlp.down_proj.weight, type: torch.int8, ratio: 0.017242195084691048, diff: 4751.58544921875, norm: 275578.90625
name: model.layers.40.mlp.down_proj.weight, type: torch.int8, ratio: 0.01694049872457981, diff: 4682.72412109375, norm: 276421.84375
name: model.layers.41.mlp.down_proj.weight, type: torch.int8, ratio: 0.016186362132430077, diff: 4655.599609375, norm: 287624.8125
name: model.layers.42.mlp.down_proj.weight, type: torch.int8, ratio: 0.016834089532494545, diff: 4643.7578125, norm: 275854.40625
name: model.layers.43.mlp.down_proj.weight, type: torch.int8, ratio: 0.01674092933535576, diff: 4686.52294921875, norm: 279944.0
name: model.layers.44.mlp.down_proj.weight, type: torch.int8, ratio: 0.01708385907113552, diff: 4771.48095703125, norm: 279297.59375
name: model.layers.45.mlp.down_proj.weight, type: torch.int8, ratio: 0.016751833260059357, diff: 4736.3603515625, norm: 282736.84375
name: model.layers.46.mlp.down_proj.weight, type: torch.int8, ratio: 0.016123974695801735, diff: 4670.4931640625, norm: 289661.40625
name: model.layers.47.mlp.down_proj.weight, type: torch.int8, ratio: 0.015848945826292038, diff: 4645.654296875, norm: 293120.71875
name: model.layers.48.mlp.down_proj.weight, type: torch.int8, ratio: 0.01585630141198635, diff: 4632.9443359375, norm: 292183.15625
name: model.layers.49.mlp.down_proj.weight, type: torch.int8, ratio: 0.01636040396988392, diff: 4708.8603515625, norm: 287820.53125
name: model.layers.50.mlp.down_proj.weight, type: torch.int8, ratio: 0.01640462689101696, diff: 4748.80908203125, norm: 289479.875
name: model.layers.51.mlp.down_proj.weight, type: torch.int8, ratio: 0.01597493700683117, diff: 4716.0615234375, norm: 295216.28125
name: model.layers.52.mlp.down_proj.weight, type: torch.int8, ratio: 0.01645936258137226, diff: 4729.73046875, norm: 287358.0625
name: model.layers.53.mlp.down_proj.weight, type: torch.int8, ratio: 0.01620090939104557, diff: 4654.62255859375, norm: 287306.25
name: model.layers.54.mlp.down_proj.weight, type: torch.int8, ratio: 0.01660112291574478, diff: 4519.79736328125, norm: 272258.53125
name: model.layers.55.mlp.down_proj.weight, type: torch.int8, ratio: 0.01614363119006157, diff: 4547.65283203125, norm: 281699.5
name: model.layers.56.mlp.down_proj.weight, type: torch.int8, ratio: 0.015583920292556286, diff: 4543.38818359375, norm: 291543.34375
name: model.layers.57.mlp.down_proj.weight, type: torch.int8, ratio: 0.016298117116093636, diff: 4473.27294921875, norm: 274465.625
name: model.layers.58.mlp.down_proj.weight, type: torch.int8, ratio: 0.016047881916165352, diff: 4516.22265625, norm: 281421.71875
name: model.layers.59.mlp.down_proj.weight, type: torch.int8, ratio: 0.017273154109716415, diff: 4573.0361328125, norm: 264748.1875
name: model.layers.60.mlp.down_proj.weight, type: torch.int8, ratio: 0.01809266209602356, diff: 4744.1171875, norm: 262212.21875
name: model.layers.61.mlp.down_proj.weight, type: torch.int8, ratio: 0.019835859537124634, diff: 4919.89208984375, norm: 248030.203125
name: model.layers.62.mlp.down_proj.weight, type: torch.int8, ratio: 0.026402993127703667, diff: 5230.365234375, norm: 198097.4375
name: model.layers.63.mlp.down_proj.weight, type: torch.int8, ratio: 0.021423224359750748, diff: 5385.89697265625, norm: 251404.59375
layernorm: model.layers.0.input_layernorm.weight, dead_neurons_mask ct: 3.0
layernorm: model.layers.0.post_attention_layernorm.weight, dead_neurons_mask ct: 21.0
layernorm: model.layers.1.input_layernorm.weight, dead_neurons_mask ct: 380.0
layernorm: model.layers.1.post_attention_layernorm.weight, dead_neurons_mask ct: 1144.0
layernorm: model.layers.2.input_layernorm.weight, dead_neurons_mask ct: 1026.0
layernorm: model.layers.2.post_attention_layernorm.weight, dead_neurons_mask ct: 6.0
layernorm: model.layers.3.input_layernorm.weight, dead_neurons_mask ct: 855.0
layernorm: model.layers.3.post_attention_layernorm.weight, dead_neurons_mask ct: 7.0
layernorm: model.layers.4.input_layernorm.weight, dead_neurons_mask ct: 312.0
layernorm: model.layers.4.post_attention_layernorm.weight, dead_neurons_mask ct: 3.0
layernorm: model.layers.5.input_layernorm.weight, dead_neurons_mask ct: 53.0
layernorm: model.layers.5.post_attention_layernorm.weight, dead_neurons_mask ct: 6.0
layernorm: model.layers.6.input_layernorm.weight, dead_neurons_mask ct: 31.0
layernorm: model.layers.6.post_attention_layernorm.weight, dead_neurons_mask ct: 3.0
layernorm: model.layers.7.input_layernorm.weight, dead_neurons_mask ct: 24.0
layernorm: model.layers.7.post_attention_layernorm.weight, dead_neurons_mask ct: 7.0
layernorm: model.layers.8.input_layernorm.weight, dead_neurons_mask ct: 18.0
layernorm: model.layers.8.post_attention_layernorm.weight, dead_neurons_mask ct: 3.0
layernorm: model.layers.9.input_layernorm.weight, dead_neurons_mask ct: 15.0
layernorm: model.layers.9.post_attention_layernorm.weight, dead_neurons_mask ct: 4.0
layernorm: model.layers.10.input_layernorm.weight, dead_neurons_mask ct: 9.0
layernorm: model.layers.10.post_attention_layernorm.weight, dead_neurons_mask ct: 1.0
layernorm: model.layers.11.input_layernorm.weight, dead_neurons_mask ct: 8.0
layernorm: model.layers.11.post_attention_layernorm.weight, dead_neurons_mask ct: 2.0
layernorm: model.layers.12.input_layernorm.weight, dead_neurons_mask ct: 8.0
layernorm: model.layers.12.post_attention_layernorm.weight, dead_neurons_mask ct: 2.0
layernorm: model.layers.13.input_layernorm.weight, dead_neurons_mask ct: 10.0
layernorm: model.layers.13.post_attention_layernorm.weight, dead_neurons_mask ct: 1.0
layernorm: model.layers.14.input_layernorm.weight, dead_neurons_mask ct: 9.0
layernorm: model.layers.14.post_attention_layernorm.weight, dead_neurons_mask ct: 2.0
layernorm: model.layers.15.input_layernorm.weight, dead_neurons_mask ct: 6.0
layernorm: model.layers.15.post_attention_layernorm.weight, dead_neurons_mask ct: 1.0
layernorm: model.layers.16.input_layernorm.weight, dead_neurons_mask ct: 5.0
layernorm: model.layers.16.post_attention_layernorm.weight, dead_neurons_mask ct: 1.0
layernorm: model.layers.17.input_layernorm.weight, dead_neurons_mask ct: 5.0
layernorm: model.layers.17.post_attention_layernorm.weight, dead_neurons_mask ct: 1.0
layernorm: model.layers.18.input_layernorm.weight, dead_neurons_mask ct: 4.0
layernorm: model.layers.18.post_attention_layernorm.weight, dead_neurons_mask ct: 1.0
layernorm: model.layers.19.input_layernorm.weight, dead_neurons_mask ct: 5.0
layernorm: model.layers.19.post_attention_layernorm.weight, dead_neurons_mask ct: 1.0
layernorm: model.layers.20.input_layernorm.weight, dead_neurons_mask ct: 4.0
layernorm: model.layers.20.post_attention_layernorm.weight, dead_neurons_mask ct: 1.0
layernorm: model.layers.21.input_layernorm.weight, dead_neurons_mask ct: 3.0
layernorm: model.layers.21.post_attention_layernorm.weight, dead_neurons_mask ct: 1.0
layernorm: model.layers.22.input_layernorm.weight, dead_neurons_mask ct: 4.0
layernorm: model.layers.22.post_attention_layernorm.weight, dead_neurons_mask ct: 0.0
layernorm: model.layers.23.input_layernorm.weight, dead_neurons_mask ct: 3.0
layernorm: model.layers.23.post_attention_layernorm.weight, dead_neurons_mask ct: 0.0
layernorm: model.layers.24.input_layernorm.weight, dead_neurons_mask ct: 4.0
layernorm: model.layers.24.post_attention_layernorm.weight, dead_neurons_mask ct: 1.0
layernorm: model.layers.25.input_layernorm.weight, dead_neurons_mask ct: 4.0
layernorm: model.layers.25.post_attention_layernorm.weight, dead_neurons_mask ct: 1.0
layernorm: model.layers.26.input_layernorm.weight, dead_neurons_mask ct: 3.0
layernorm: model.layers.26.post_attention_layernorm.weight, dead_neurons_mask ct: 1.0
layernorm: model.layers.27.input_layernorm.weight, dead_neurons_mask ct: 2.0
layernorm: model.layers.27.post_attention_layernorm.weight, dead_neurons_mask ct: 0.0
layernorm: model.layers.28.input_layernorm.weight, dead_neurons_mask ct: 3.0
layernorm: model.layers.28.post_attention_layernorm.weight, dead_neurons_mask ct: 1.0
layernorm: model.layers.29.input_layernorm.weight, dead_neurons_mask ct: 3.0
layernorm: model.layers.29.post_attention_layernorm.weight, dead_neurons_mask ct: 1.0
layernorm: model.layers.30.input_layernorm.weight, dead_neurons_mask ct: 3.0
layernorm: model.layers.30.post_attention_layernorm.weight, dead_neurons_mask ct: 1.0
layernorm: model.layers.31.input_layernorm.weight, dead_neurons_mask ct: 3.0
layernorm: model.layers.31.post_attention_layernorm.weight, dead_neurons_mask ct: 1.0
layernorm: model.layers.32.input_layernorm.weight, dead_neurons_mask ct: 4.0
layernorm: model.layers.32.post_attention_layernorm.weight, dead_neurons_mask ct: 2.0
layernorm: model.layers.33.input_layernorm.weight, dead_neurons_mask ct: 2.0
layernorm: model.layers.33.post_attention_layernorm.weight, dead_neurons_mask ct: 1.0
layernorm: model.layers.34.input_layernorm.weight, dead_neurons_mask ct: 3.0
layernorm: model.layers.34.post_attention_layernorm.weight, dead_neurons_mask ct: 1.0
layernorm: model.layers.35.input_layernorm.weight, dead_neurons_mask ct: 3.0
layernorm: model.layers.35.post_attention_layernorm.weight, dead_neurons_mask ct: 1.0
layernorm: model.layers.36.input_layernorm.weight, dead_neurons_mask ct: 2.0
layernorm: model.layers.36.post_attention_layernorm.weight, dead_neurons_mask ct: 2.0
layernorm: model.layers.37.input_layernorm.weight, dead_neurons_mask ct: 1.0
layernorm: model.layers.37.post_attention_layernorm.weight, dead_neurons_mask ct: 1.0
layernorm: model.layers.38.input_layernorm.weight, dead_neurons_mask ct: 3.0
layernorm: model.layers.38.post_attention_layernorm.weight, dead_neurons_mask ct: 1.0
layernorm: model.layers.39.input_layernorm.weight, dead_neurons_mask ct: 2.0
layernorm: model.layers.39.post_attention_layernorm.weight, dead_neurons_mask ct: 1.0
layernorm: model.layers.40.input_layernorm.weight, dead_neurons_mask ct: 2.0
layernorm: model.layers.40.post_attention_layernorm.weight, dead_neurons_mask ct: 1.0
layernorm: model.layers.41.input_layernorm.weight, dead_neurons_mask ct: 4.0
layernorm: model.layers.41.post_attention_layernorm.weight, dead_neurons_mask ct: 1.0
layernorm: model.layers.42.input_layernorm.weight, dead_neurons_mask ct: 1.0
layernorm: model.layers.42.post_attention_layernorm.weight, dead_neurons_mask ct: 1.0
layernorm: model.layers.43.input_layernorm.weight, dead_neurons_mask ct: 1.0
layernorm: model.layers.43.post_attention_layernorm.weight, dead_neurons_mask ct: 1.0
layernorm: model.layers.44.input_layernorm.weight, dead_neurons_mask ct: 2.0
layernorm: model.layers.44.post_attention_layernorm.weight, dead_neurons_mask ct: 1.0
layernorm: model.layers.45.input_layernorm.weight, dead_neurons_mask ct: 2.0
layernorm: model.layers.45.post_attention_layernorm.weight, dead_neurons_mask ct: 1.0
layernorm: model.layers.46.input_layernorm.weight, dead_neurons_mask ct: 1.0
layernorm: model.layers.46.post_attention_layernorm.weight, dead_neurons_mask ct: 1.0
layernorm: model.layers.47.input_layernorm.weight, dead_neurons_mask ct: 0.0
layernorm: model.layers.47.post_attention_layernorm.weight, dead_neurons_mask ct: 1.0
layernorm: model.layers.48.input_layernorm.weight, dead_neurons_mask ct: 0.0
layernorm: model.layers.48.post_attention_layernorm.weight, dead_neurons_mask ct: 1.0
layernorm: model.layers.49.input_layernorm.weight, dead_neurons_mask ct: 0.0
layernorm: model.layers.49.post_attention_layernorm.weight, dead_neurons_mask ct: 1.0
layernorm: model.layers.50.input_layernorm.weight, dead_neurons_mask ct: 2.0
layernorm: model.layers.50.post_attention_layernorm.weight, dead_neurons_mask ct: 1.0
layernorm: model.layers.51.input_layernorm.weight, dead_neurons_mask ct: 0.0
layernorm: model.layers.51.post_attention_layernorm.weight, dead_neurons_mask ct: 1.0
layernorm: model.layers.52.input_layernorm.weight, dead_neurons_mask ct: 2.0
layernorm: model.layers.52.post_attention_layernorm.weight, dead_neurons_mask ct: 1.0
layernorm: model.layers.53.input_layernorm.weight, dead_neurons_mask ct: 1.0
layernorm: model.layers.53.post_attention_layernorm.weight, dead_neurons_mask ct: 1.0
layernorm: model.layers.54.input_layernorm.weight, dead_neurons_mask ct: 0.0
layernorm: model.layers.54.post_attention_layernorm.weight, dead_neurons_mask ct: 1.0
layernorm: model.layers.55.input_layernorm.weight, dead_neurons_mask ct: 1.0
layernorm: model.layers.55.post_attention_layernorm.weight, dead_neurons_mask ct: 1.0
layernorm: model.layers.56.input_layernorm.weight, dead_neurons_mask ct: 3.0
layernorm: model.layers.56.post_attention_layernorm.weight, dead_neurons_mask ct: 1.0
layernorm: model.layers.57.input_layernorm.weight, dead_neurons_mask ct: 0.0
layernorm: model.layers.57.post_attention_layernorm.weight, dead_neurons_mask ct: 1.0
layernorm: model.layers.58.input_layernorm.weight, dead_neurons_mask ct: 3.0
layernorm: model.layers.58.post_attention_layernorm.weight, dead_neurons_mask ct: 2.0
layernorm: model.layers.59.input_layernorm.weight, dead_neurons_mask ct: 1.0
layernorm: model.layers.59.post_attention_layernorm.weight, dead_neurons_mask ct: 2.0
layernorm: model.layers.60.input_layernorm.weight, dead_neurons_mask ct: 2.0
layernorm: model.layers.60.post_attention_layernorm.weight, dead_neurons_mask ct: 0.0
layernorm: model.layers.61.input_layernorm.weight, dead_neurons_mask ct: 1.0
layernorm: model.layers.61.post_attention_layernorm.weight, dead_neurons_mask ct: 2.0
layernorm: model.layers.62.input_layernorm.weight, dead_neurons_mask ct: 2.0
layernorm: model.layers.62.post_attention_layernorm.weight, dead_neurons_mask ct: 2.0
layernorm: model.layers.63.input_layernorm.weight, dead_neurons_mask ct: 0.0
layernorm: model.layers.63.post_attention_layernorm.weight, dead_neurons_mask ct: 0.0
