name: model.layers.0.input_layernorm.weight, type: torch.float16, ratio: 0.007740684784948826, diff: 0.055202681571245193, norm: 7.131498336791992
name: model.layers.0.post_attention_layernorm.weight, type: torch.float16, ratio: 0.029507292434573174, diff: 0.27715638279914856, norm: 9.392809867858887
name: model.layers.1.input_layernorm.weight, type: torch.float16, ratio: 0.32499998807907104, diff: 1.2971564531326294, norm: 3.99125075340271
name: model.layers.1.post_attention_layernorm.weight, type: torch.float16, ratio: 0.042152389883995056, diff: 0.34696340560913086, norm: 8.231167793273926
name: model.layers.2.input_layernorm.weight, type: torch.float16, ratio: 0.8628687858581543, diff: 5.084527969360352, norm: 5.892585277557373
name: model.layers.2.post_attention_layernorm.weight, type: torch.float16, ratio: 0.0005390821024775505, diff: 0.0057191066443920135, norm: 10.60897159576416
name: model.layers.3.input_layernorm.weight, type: torch.float16, ratio: 0.15319225192070007, diff: 1.115715742111206, norm: 7.283108234405518
name: model.layers.3.post_attention_layernorm.weight, type: torch.float16, ratio: 0.0071556963957846165, diff: 0.07645440101623535, norm: 10.68441104888916
name: model.layers.4.input_layernorm.weight, type: torch.float16, ratio: 0.15121546387672424, diff: 1.1958253383636475, norm: 7.908088684082031
name: model.layers.4.post_attention_layernorm.weight, type: torch.float16, ratio: 0.000748516817111522, diff: 0.008426730521023273, norm: 11.257904052734375
name: model.layers.5.input_layernorm.weight, type: torch.float16, ratio: 0.17772935330867767, diff: 1.600662350654602, norm: 9.006178855895996
name: model.layers.5.post_attention_layernorm.weight, type: torch.float16, ratio: 0.0013575160410255194, diff: 0.014766588807106018, norm: 10.877653121948242
name: model.layers.6.input_layernorm.weight, type: torch.float16, ratio: 0.015076911076903343, diff: 0.13599078357219696, norm: 9.019804000854492
name: model.layers.6.post_attention_layernorm.weight, type: torch.float16, ratio: 0.0007799231098033488, diff: 0.008408320136368275, norm: 10.780960083007812
name: model.layers.7.input_layernorm.weight, type: torch.float16, ratio: 0.035288020968437195, diff: 0.3278476297855377, norm: 9.290620803833008
name: model.layers.7.post_attention_layernorm.weight, type: torch.float16, ratio: 0.0016295532695949078, diff: 0.017435753718018532, norm: 10.699713706970215
name: model.layers.8.input_layernorm.weight, type: torch.float16, ratio: 0.006975071504712105, diff: 0.06014600396156311, norm: 8.622994422912598
name: model.layers.8.post_attention_layernorm.weight, type: torch.float16, ratio: 0.0005243548657745123, diff: 0.0053559900261461735, norm: 10.214437484741211
name: model.layers.9.input_layernorm.weight, type: torch.float16, ratio: 0.005146025214344263, diff: 0.047993820160627365, norm: 9.326386451721191
name: model.layers.9.post_attention_layernorm.weight, type: torch.float16, ratio: 0.0011302796192467213, diff: 0.010975589044392109, norm: 9.7105073928833
name: model.layers.10.input_layernorm.weight, type: torch.float16, ratio: 0.005848812870681286, diff: 0.05850933492183685, norm: 10.003625869750977
name: model.layers.10.post_attention_layernorm.weight, type: torch.float16, ratio: 0.0010893172584474087, diff: 0.010844379663467407, norm: 9.955207824707031
name: model.layers.11.input_layernorm.weight, type: torch.float16, ratio: 0.0065956395119428635, diff: 0.06172407418489456, norm: 9.358315467834473
name: model.layers.11.post_attention_layernorm.weight, type: torch.float16, ratio: 0.0005793938762508333, diff: 0.005982948467135429, norm: 10.32621955871582
name: model.layers.12.input_layernorm.weight, type: torch.float16, ratio: 0.009602947160601616, diff: 0.09281982481479645, norm: 9.665764808654785
name: model.layers.12.post_attention_layernorm.weight, type: torch.float16, ratio: 0.0005803231615573168, diff: 0.005934006534516811, norm: 10.225348472595215
name: model.layers.13.input_layernorm.weight, type: torch.float16, ratio: 0.006551976315677166, diff: 0.06227454915642738, norm: 9.5046968460083
name: model.layers.13.post_attention_layernorm.weight, type: torch.float16, ratio: 0.0014099637046456337, diff: 0.01447682362049818, norm: 10.267515182495117
name: model.layers.14.input_layernorm.weight, type: torch.float16, ratio: 0.006387137807905674, diff: 0.06263067573308945, norm: 9.805749893188477
name: model.layers.14.post_attention_layernorm.weight, type: torch.float16, ratio: 0.0008585541509091854, diff: 0.008837477304041386, norm: 10.293441772460938
name: model.layers.15.input_layernorm.weight, type: torch.float16, ratio: 0.6392725110054016, diff: 6.458968639373779, norm: 10.103623390197754
name: model.layers.15.post_attention_layernorm.weight, type: torch.float16, ratio: 0.000304570363368839, diff: 0.003197137964889407, norm: 10.497206687927246
name: model.layers.16.input_layernorm.weight, type: torch.float16, ratio: 0.0019702590070664883, diff: 0.019053056836128235, norm: 9.670331001281738
name: model.layers.16.post_attention_layernorm.weight, type: torch.float16, ratio: 0.0003018791030626744, diff: 0.0031640655361115932, norm: 10.481233596801758
name: model.layers.17.input_layernorm.weight, type: torch.float16, ratio: 0.003945448901504278, diff: 0.03991176187992096, norm: 10.115899085998535
name: model.layers.17.post_attention_layernorm.weight, type: torch.float16, ratio: 0.0037892134860157967, diff: 0.0395585335791111, norm: 10.439774513244629
name: model.layers.18.input_layernorm.weight, type: torch.float16, ratio: 0.005657384172081947, diff: 0.05684402957558632, norm: 10.047758102416992
name: model.layers.18.post_attention_layernorm.weight, type: torch.float16, ratio: 0.0008408349822275341, diff: 0.008728728629648685, norm: 10.381024360656738
name: model.layers.19.input_layernorm.weight, type: torch.float16, ratio: 0.011165528558194637, diff: 0.11439894139766693, norm: 10.245725631713867
name: model.layers.19.post_attention_layernorm.weight, type: torch.float16, ratio: 0.00022294829250313342, diff: 0.002328315982595086, norm: 10.443300247192383
name: model.layers.20.input_layernorm.weight, type: torch.float16, ratio: 0.0034005369525402784, diff: 0.0337725505232811, norm: 9.931534767150879
name: model.layers.20.post_attention_layernorm.weight, type: torch.float16, ratio: 0.00047846598317846656, diff: 0.004977164324373007, norm: 10.402337074279785
name: model.layers.21.input_layernorm.weight, type: torch.float16, ratio: 0.0006042813183739781, diff: 0.0062406728975474834, norm: 10.32742977142334
name: model.layers.21.post_attention_layernorm.weight, type: torch.float16, ratio: 0.00030508905183523893, diff: 0.0031733857467770576, norm: 10.401506423950195
name: model.layers.22.input_layernorm.weight, type: torch.float16, ratio: 0.0019383562030270696, diff: 0.020386945456266403, norm: 10.517646789550781
name: model.layers.22.post_attention_layernorm.weight, type: torch.float16, ratio: 6.301949906628579e-05, diff: 0.0006608378025703132, norm: 10.48624324798584
name: model.layers.23.input_layernorm.weight, type: torch.float16, ratio: 0.0034589464776217937, diff: 0.03684999421238899, norm: 10.653531074523926
name: model.layers.23.post_attention_layernorm.weight, type: torch.float16, ratio: 0.000248326628934592, diff: 0.0026297627482563257, norm: 10.589934349060059
name: model.layers.24.input_layernorm.weight, type: torch.float16, ratio: 0.0007026554085314274, diff: 0.007512069307267666, norm: 10.690972328186035
name: model.layers.24.post_attention_layernorm.weight, type: torch.float16, ratio: 0.0002012907643802464, diff: 0.002139128278940916, norm: 10.627056121826172
name: model.layers.25.input_layernorm.weight, type: torch.float16, ratio: 0.0071418266743421555, diff: 0.07795199751853943, norm: 10.914854049682617
name: model.layers.25.post_attention_layernorm.weight, type: torch.float16, ratio: 1.2722802239295561e-05, diff: 0.00013358250726014376, norm: 10.499456405639648
name: model.layers.26.input_layernorm.weight, type: torch.float16, ratio: 0.003491494571790099, diff: 0.03744158521294594, norm: 10.723655700683594
name: model.layers.26.post_attention_layernorm.weight, type: torch.float16, ratio: 0.0014183622552081943, diff: 0.014809605665504932, norm: 10.4413423538208
name: model.layers.27.input_layernorm.weight, type: torch.float16, ratio: 0.0003289295418653637, diff: 0.003470421303063631, norm: 10.550652503967285
name: model.layers.27.post_attention_layernorm.weight, type: torch.float16, ratio: 6.408420449588448e-05, diff: 0.00066375732421875, norm: 10.357580184936523
name: model.layers.28.input_layernorm.weight, type: torch.float16, ratio: 0.0005210685194469988, diff: 0.00548149086534977, norm: 10.519712448120117
name: model.layers.28.post_attention_layernorm.weight, type: torch.float16, ratio: 0.00012541303294710815, diff: 0.0012969970703125, norm: 10.341804504394531
name: model.layers.29.input_layernorm.weight, type: torch.float16, ratio: 0.0029714980628341436, diff: 0.031142063438892365, norm: 10.480257034301758
name: model.layers.29.post_attention_layernorm.weight, type: torch.float16, ratio: 2.795379259623587e-05, diff: 0.000286102294921875, norm: 10.23482894897461
name: model.layers.30.input_layernorm.weight, type: torch.float16, ratio: 0.0016220244579017162, diff: 0.016876371577382088, norm: 10.404511451721191
name: model.layers.30.post_attention_layernorm.weight, type: torch.float16, ratio: 0.0003661818918772042, diff: 0.0037202835083007812, norm: 10.159660339355469
name: model.layers.31.input_layernorm.weight, type: torch.float16, ratio: 0.0014376655453816056, diff: 0.014951937831938267, norm: 10.400150299072266
name: model.layers.31.post_attention_layernorm.weight, type: torch.float16, ratio: 0.0004341504827607423, diff: 0.004436492919921875, norm: 10.218791007995605
name: model.layers.32.input_layernorm.weight, type: torch.float16, ratio: 0.0006822978029958904, diff: 0.006784591358155012, norm: 9.94373893737793
name: model.layers.32.post_attention_layernorm.weight, type: torch.float16, ratio: 0.00030301749939098954, diff: 0.0032208787743002176, norm: 10.629348754882812
name: model.layers.33.input_layernorm.weight, type: torch.float16, ratio: 0.0013484642840921879, diff: 0.014544951729476452, norm: 10.786308288574219
name: model.layers.33.post_attention_layernorm.weight, type: torch.float16, ratio: 7.416546577587724e-05, diff: 0.00080108642578125, norm: 10.801340103149414
name: model.layers.34.input_layernorm.weight, type: torch.float16, ratio: 0.0015283013926818967, diff: 0.016666285693645477, norm: 10.90510368347168
name: model.layers.34.post_attention_layernorm.weight, type: torch.float16, ratio: 0.0003011861117556691, diff: 0.0033006668090820312, norm: 10.958894729614258
name: model.layers.35.input_layernorm.weight, type: torch.float16, ratio: 0.0020942927803844213, diff: 0.023409944027662277, norm: 11.177970886230469
name: model.layers.35.post_attention_layernorm.weight, type: torch.float16, ratio: 0.0004749588842969388, diff: 0.0053157806396484375, norm: 11.192086219787598
name: model.layers.36.input_layernorm.weight, type: torch.float16, ratio: 0.0019071792485192418, diff: 0.021563993766903877, norm: 11.306747436523438
name: model.layers.36.post_attention_layernorm.weight, type: torch.float16, ratio: 0.000981886638328433, diff: 0.011161425150930882, norm: 11.367325782775879
name: model.layers.37.input_layernorm.weight, type: torch.float16, ratio: 3.85235071007628e-05, diff: 0.0004502635565586388, norm: 11.688020706176758
name: model.layers.37.post_attention_layernorm.weight, type: torch.float16, ratio: 7.730934885330498e-05, diff: 0.0008858315413817763, norm: 11.458271980285645
name: model.layers.38.input_layernorm.weight, type: torch.float16, ratio: 0.0009006679756566882, diff: 0.010749387554824352, norm: 11.934906005859375
name: model.layers.38.post_attention_layernorm.weight, type: torch.float16, ratio: 0.001006842590868473, diff: 0.01202392578125, norm: 11.94221019744873
name: model.layers.39.input_layernorm.weight, type: torch.float16, ratio: 0.0004792319377884269, diff: 0.005821393337100744, norm: 12.147339820861816
name: model.layers.39.post_attention_layernorm.weight, type: torch.float16, ratio: 0.003236048622056842, diff: 0.03757476806640625, norm: 11.611310958862305
name: model.layers.40.input_layernorm.weight, type: torch.float16, ratio: 0.00024935242254287004, diff: 0.0030009911861270666, norm: 12.035139083862305
name: model.layers.40.post_attention_layernorm.weight, type: torch.float16, ratio: 0.0002044813008978963, diff: 0.002391815185546875, norm: 11.69698715209961
name: model.layers.41.input_layernorm.weight, type: torch.float16, ratio: 0.0008435255149379373, diff: 0.010388924740254879, norm: 12.316076278686523
name: model.layers.41.post_attention_layernorm.weight, type: torch.float16, ratio: 0.0002076793898595497, diff: 0.002414703369140625, norm: 11.62707233428955
name: model.layers.42.input_layernorm.weight, type: torch.float16, ratio: 0.0003301157848909497, diff: 0.0039337389171123505, norm: 11.916239738464355
name: model.layers.42.post_attention_layernorm.weight, type: torch.float16, ratio: 0.0001263278245460242, diff: 0.0014576936373487115, norm: 11.53897476196289
name: model.layers.43.input_layernorm.weight, type: torch.float16, ratio: 0.0005887842271476984, diff: 0.0069391727447509766, norm: 11.785594940185547
name: model.layers.43.post_attention_layernorm.weight, type: torch.float16, ratio: 0.0008305353694595397, diff: 0.00946044921875, norm: 11.39078426361084
name: model.layers.44.input_layernorm.weight, type: torch.float16, ratio: 0.0006124798092059791, diff: 0.007068841252475977, norm: 11.541345596313477
name: model.layers.44.post_attention_layernorm.weight, type: torch.float16, ratio: 0.0008942900458350778, diff: 0.0100555419921875, norm: 11.244161605834961
name: model.layers.45.input_layernorm.weight, type: torch.float16, ratio: 0.001002296805381775, diff: 0.011438374407589436, norm: 11.412162780761719
name: model.layers.45.post_attention_layernorm.weight, type: torch.float16, ratio: 0.00018093273683916777, diff: 0.001995086669921875, norm: 11.026676177978516
name: model.layers.46.input_layernorm.weight, type: torch.float16, ratio: 0.0006536765140481293, diff: 0.0072733741253614426, norm: 11.126871109008789
name: model.layers.46.post_attention_layernorm.weight, type: torch.float16, ratio: 0.0013070587301626801, diff: 0.0141143798828125, norm: 10.79858112335205
name: model.layers.47.input_layernorm.weight, type: torch.float16, ratio: 5.29235512658488e-06, diff: 5.7220458984375e-05, norm: 10.811908721923828
name: model.layers.47.post_attention_layernorm.weight, type: torch.float16, ratio: 0.0004342240863479674, diff: 0.0046520233154296875, norm: 10.71341609954834
name: model.layers.48.input_layernorm.weight, type: torch.float16, ratio: 3.997736712335609e-05, diff: 0.00042210621177218854, norm: 10.558629989624023
name: model.layers.48.post_attention_layernorm.weight, type: torch.float16, ratio: 4.765149060403928e-05, diff: 0.000499725341796875, norm: 10.48708724975586
name: model.layers.49.input_layernorm.weight, type: torch.float16, ratio: 1.7825877876020968e-05, diff: 0.00018488496425561607, norm: 10.37171745300293
name: model.layers.49.post_attention_layernorm.weight, type: torch.float16, ratio: 6.490172381745651e-05, diff: 0.00067138671875, norm: 10.344667434692383
name: model.layers.50.input_layernorm.weight, type: torch.float16, ratio: 0.0028291940689086914, diff: 0.0288071408867836, norm: 10.182101249694824
name: model.layers.50.post_attention_layernorm.weight, type: torch.float16, ratio: 0.0004956035991199315, diff: 0.00508880615234375, norm: 10.267895698547363
name: model.layers.51.input_layernorm.weight, type: torch.float16, ratio: 8.438316399406176e-06, diff: 8.252452244050801e-05, norm: 9.77973747253418
name: model.layers.51.post_attention_layernorm.weight, type: torch.float16, ratio: 0.00013352083624340594, diff: 0.0013704299926757812, norm: 10.26379108428955
name: model.layers.52.input_layernorm.weight, type: torch.float16, ratio: 0.0007944555836729705, diff: 0.007924013771116734, norm: 9.974143028259277
name: model.layers.52.post_attention_layernorm.weight, type: torch.float16, ratio: 0.0, diff: 0.0, norm: 10.122809410095215
name: model.layers.53.input_layernorm.weight, type: torch.float16, ratio: 0.0002231466642115265, diff: 0.0021271684672683477, norm: 9.532602310180664
name: model.layers.53.post_attention_layernorm.weight, type: torch.float16, ratio: 0.00018571916734799743, diff: 0.0018739700317382812, norm: 10.09034252166748
name: model.layers.54.input_layernorm.weight, type: torch.float16, ratio: 1.1626073501247447e-05, diff: 0.0001100326917367056, norm: 9.464303970336914
name: model.layers.54.post_attention_layernorm.weight, type: torch.float16, ratio: 0.00032649756758473814, diff: 0.0032785125076770782, norm: 10.041460990905762
name: model.layers.55.input_layernorm.weight, type: torch.float16, ratio: 0.00021553327678702772, diff: 0.002042284933850169, norm: 9.475497245788574
name: model.layers.55.post_attention_layernorm.weight, type: torch.float16, ratio: 0.0002853929763659835, diff: 0.002854862017557025, norm: 10.003266334533691
name: model.layers.56.input_layernorm.weight, type: torch.float16, ratio: 0.00222427467815578, diff: 0.020991917699575424, norm: 9.43764591217041
name: model.layers.56.post_attention_layernorm.weight, type: torch.float16, ratio: 0.00014017063949722797, diff: 0.001399993896484375, norm: 9.98778247833252
name: model.layers.57.input_layernorm.weight, type: torch.float16, ratio: 1.050654100254178e-05, diff: 9.947513171937317e-05, norm: 9.467924118041992
name: model.layers.57.post_attention_layernorm.weight, type: torch.float16, ratio: 0.0003018909483216703, diff: 0.0030193328857421875, norm: 10.001402854919434
name: model.layers.58.input_layernorm.weight, type: torch.float16, ratio: 0.0008769148262217641, diff: 0.00792710017412901, norm: 9.03976058959961
name: model.layers.58.post_attention_layernorm.weight, type: torch.float16, ratio: 0.00013645473518408835, diff: 0.0013674505753442645, norm: 10.021276473999023
name: model.layers.59.input_layernorm.weight, type: torch.float16, ratio: 8.453301416011527e-05, diff: 0.00081279018195346, norm: 9.61506175994873
name: model.layers.59.post_attention_layernorm.weight, type: torch.float16, ratio: 0.0005045634461566806, diff: 0.005244901403784752, norm: 10.394929885864258
name: model.layers.60.input_layernorm.weight, type: torch.float16, ratio: 8.197341958293691e-05, diff: 0.0008011318277567625, norm: 9.77306842803955
name: model.layers.60.post_attention_layernorm.weight, type: torch.float16, ratio: 6.428286724258214e-05, diff: 0.0006836401298642159, norm: 10.634873390197754
name: model.layers.61.input_layernorm.weight, type: torch.float16, ratio: 0.002151651307940483, diff: 0.02128678746521473, norm: 9.893233299255371
name: model.layers.61.post_attention_layernorm.weight, type: torch.float16, ratio: 0.00015183821960818022, diff: 0.0016111071454361081, norm: 10.610682487487793
name: model.layers.62.input_layernorm.weight, type: torch.float16, ratio: 0.002169721992686391, diff: 0.023088904097676277, norm: 10.641411781311035
name: model.layers.62.post_attention_layernorm.weight, type: torch.float16, ratio: 0.0007471271092072129, diff: 0.008681977167725563, norm: 11.620482444763184
name: model.layers.63.input_layernorm.weight, type: torch.float16, ratio: 7.378497684840113e-06, diff: 8.110157796181738e-05, norm: 10.99161148071289
name: model.layers.63.post_attention_layernorm.weight, type: torch.float16, ratio: 0.0, diff: 0.0, norm: 12.262818336486816
name: model.layers.0.self_attn.q_proj.weight, type: torch.int8, ratio: 0.013473151251673698, diff: 1366.5819091796875, norm: 101430.015625
name: model.layers.0.self_attn.k_proj.weight, type: torch.int8, ratio: 0.011671054176986217, diff: 625.9345092773438, norm: 53631.359375
name: model.layers.0.self_attn.v_proj.weight, type: torch.int8, ratio: 0.012114075943827629, diff: 813.69775390625, norm: 67169.609375
name: model.layers.0.self_attn.o_proj.weight, type: torch.int8, ratio: 0.012426991946995258, diff: 1704.643310546875, norm: 137172.640625
name: model.layers.0.mlp.gate_proj.weight, type: torch.int8, ratio: 0.020799588412046432, diff: 4227.96728515625, norm: 203271.6875
name: model.layers.0.mlp.up_proj.weight, type: torch.int8, ratio: 0.019082194194197655, diff: 4299.61865234375, norm: 225320.984375
name: model.layers.1.self_attn.q_proj.weight, type: torch.int8, ratio: 0.03148868307471275, diff: 777.2232666015625, norm: 24682.623046875
name: model.layers.1.self_attn.k_proj.weight, type: torch.int8, ratio: 0.02846141718327999, diff: 414.11834716796875, norm: 14550.166015625
name: model.layers.1.self_attn.v_proj.weight, type: torch.int8, ratio: 0.025384362787008286, diff: 617.85595703125, norm: 24340.021484375
name: model.layers.1.self_attn.o_proj.weight, type: torch.int8, ratio: 0.014756172895431519, diff: 1991.164794921875, norm: 134937.75
name: model.layers.1.mlp.gate_proj.weight, type: torch.int8, ratio: 0.03765435516834259, diff: 1974.8746337890625, norm: 52447.44140625
name: model.layers.1.mlp.up_proj.weight, type: torch.int8, ratio: 0.04087865725159645, diff: 2800.330810546875, norm: 68503.4921875
name: model.layers.2.self_attn.q_proj.weight, type: torch.int8, ratio: 0.0339406318962574, diff: 1176.254638671875, norm: 34656.23828125
name: model.layers.2.self_attn.k_proj.weight, type: torch.int8, ratio: 0.03452012687921524, diff: 542.2979125976562, norm: 15709.615234375
name: model.layers.2.self_attn.v_proj.weight, type: torch.int8, ratio: 0.019481981173157692, diff: 662.5835571289062, norm: 34010.0703125
name: model.layers.2.self_attn.o_proj.weight, type: torch.int8, ratio: 0.013615957461297512, diff: 2004.862060546875, norm: 147243.5625
name: model.layers.2.mlp.gate_proj.weight, type: torch.int8, ratio: 0.03415824845433235, diff: 2411.9052734375, norm: 70609.75
name: model.layers.2.mlp.up_proj.weight, type: torch.int8, ratio: 0.04365210980176926, diff: 4434.71337890625, norm: 101592.1875
name: model.layers.3.self_attn.q_proj.weight, type: torch.int8, ratio: 0.028751326724886894, diff: 1449.2501220703125, norm: 50406.375
name: model.layers.3.self_attn.k_proj.weight, type: torch.int8, ratio: 0.031247755512595177, diff: 649.418212890625, norm: 20782.875
name: model.layers.3.self_attn.v_proj.weight, type: torch.int8, ratio: 0.020127134397625923, diff: 724.1961059570312, norm: 35981.08203125
name: model.layers.3.self_attn.o_proj.weight, type: torch.int8, ratio: 0.012930030934512615, diff: 1974.1983642578125, norm: 152683.1875
name: model.layers.3.mlp.gate_proj.weight, type: torch.int8, ratio: 0.03320854529738426, diff: 2831.991943359375, norm: 85279.015625
name: model.layers.3.mlp.up_proj.weight, type: torch.int8, ratio: 0.035451192408800125, diff: 4761.2412109375, norm: 134304.125
name: model.layers.4.self_attn.q_proj.weight, type: torch.int8, ratio: 0.029746761545538902, diff: 1538.8404541015625, norm: 51731.359375
name: model.layers.4.self_attn.k_proj.weight, type: torch.int8, ratio: 0.030636725947260857, diff: 686.0299072265625, norm: 22392.40234375
name: model.layers.4.self_attn.v_proj.weight, type: torch.int8, ratio: 0.019046790897846222, diff: 747.1753540039062, norm: 39228.41015625
name: model.layers.4.self_attn.o_proj.weight, type: torch.int8, ratio: 0.01253899559378624, diff: 1974.2763671875, norm: 157450.921875
name: model.layers.4.mlp.gate_proj.weight, type: torch.int8, ratio: 0.028095809742808342, diff: 3032.433837890625, norm: 107931.890625
name: model.layers.4.mlp.up_proj.weight, type: torch.int8, ratio: 0.022456036880612373, diff: 3757.209716796875, norm: 167314.015625
name: model.layers.5.self_attn.q_proj.weight, type: torch.int8, ratio: 0.023599181324243546, diff: 1598.5098876953125, norm: 67735.8203125
name: model.layers.5.self_attn.k_proj.weight, type: torch.int8, ratio: 0.02368445135653019, diff: 714.65234375, norm: 30173.90234375
name: model.layers.5.self_attn.v_proj.weight, type: torch.int8, ratio: 0.018575727939605713, diff: 744.1666259765625, norm: 40061.234375
name: model.layers.5.self_attn.o_proj.weight, type: torch.int8, ratio: 0.011667598970234394, diff: 1891.54296875, norm: 162119.296875
name: model.layers.5.mlp.gate_proj.weight, type: torch.int8, ratio: 0.03102208487689495, diff: 3432.547119140625, norm: 110648.5
name: model.layers.5.mlp.up_proj.weight, type: torch.int8, ratio: 0.01830875501036644, diff: 4146.4150390625, norm: 226471.703125
name: model.layers.6.self_attn.q_proj.weight, type: torch.int8, ratio: 0.02576965093612671, diff: 1648.492919921875, norm: 63970.32421875
name: model.layers.6.self_attn.k_proj.weight, type: torch.int8, ratio: 0.0252565648406744, diff: 737.6903076171875, norm: 29207.86328125
name: model.layers.6.self_attn.v_proj.weight, type: torch.int8, ratio: 0.016573591157794, diff: 784.0758666992188, norm: 47308.75
name: model.layers.6.self_attn.o_proj.weight, type: torch.int8, ratio: 0.010220800526440144, diff: 1641.923583984375, norm: 160645.296875
name: model.layers.6.mlp.gate_proj.weight, type: torch.int8, ratio: 0.04182055592536926, diff: 3399.64990234375, norm: 81291.359375
name: model.layers.6.mlp.up_proj.weight, type: torch.int8, ratio: 0.01690264418721199, diff: 4047.123291015625, norm: 239437.28125
name: model.layers.7.self_attn.q_proj.weight, type: torch.int8, ratio: 0.023343009874224663, diff: 1647.24951171875, norm: 70567.140625
name: model.layers.7.self_attn.k_proj.weight, type: torch.int8, ratio: 0.02364458702504635, diff: 735.8396606445312, norm: 31120.8515625
name: model.layers.7.self_attn.v_proj.weight, type: torch.int8, ratio: 0.014794733375310898, diff: 793.8419189453125, norm: 53657.0625
name: model.layers.7.self_attn.o_proj.weight, type: torch.int8, ratio: 0.010567091405391693, diff: 1722.078125, norm: 162966.140625
name: model.layers.7.mlp.gate_proj.weight, type: torch.int8, ratio: 0.036257170140743256, diff: 3665.763427734375, norm: 101104.5078125
name: model.layers.7.mlp.up_proj.weight, type: torch.int8, ratio: 0.013231432996690273, diff: 4262.47216796875, norm: 322147.4375
name: model.layers.8.self_attn.q_proj.weight, type: torch.int8, ratio: 0.026239175349473953, diff: 1592.704345703125, norm: 60699.48046875
name: model.layers.8.self_attn.k_proj.weight, type: torch.int8, ratio: 0.02571883425116539, diff: 712.22119140625, norm: 27692.591796875
name: model.layers.8.self_attn.v_proj.weight, type: torch.int8, ratio: 0.017316319048404694, diff: 758.1246337890625, norm: 43780.93359375
name: model.layers.8.self_attn.o_proj.weight, type: torch.int8, ratio: 0.010830956511199474, diff: 1715.500244140625, norm: 158388.625
name: model.layers.8.mlp.gate_proj.weight, type: torch.int8, ratio: 0.027997182682156563, diff: 3708.900146484375, norm: 132474.046875
name: model.layers.8.mlp.up_proj.weight, type: torch.int8, ratio: 0.012377854436635971, diff: 4392.61083984375, norm: 354876.59375
name: model.layers.9.self_attn.q_proj.weight, type: torch.int8, ratio: 0.022544777020812035, diff: 1607.18701171875, norm: 71288.6640625
name: model.layers.9.self_attn.k_proj.weight, type: torch.int8, ratio: 0.023525414988398552, diff: 714.5355224609375, norm: 30372.91796875
name: model.layers.9.self_attn.v_proj.weight, type: torch.int8, ratio: 0.015245852060616016, diff: 770.28173828125, norm: 50524.01953125
name: model.layers.9.self_attn.o_proj.weight, type: torch.int8, ratio: 0.011680626310408115, diff: 1824.1734619140625, norm: 156170.859375
name: model.layers.9.mlp.gate_proj.weight, type: torch.int8, ratio: 0.016427593305706978, diff: 3985.460205078125, norm: 242607.671875
name: model.layers.9.mlp.up_proj.weight, type: torch.int8, ratio: 0.012338648550212383, diff: 4394.134765625, norm: 356127.71875
name: model.layers.10.self_attn.q_proj.weight, type: torch.int8, ratio: 0.018051492050290108, diff: 1661.9913330078125, norm: 92069.46875
name: model.layers.10.self_attn.k_proj.weight, type: torch.int8, ratio: 0.018349939957261086, diff: 740.289794921875, norm: 40342.8984375
name: model.layers.10.self_attn.v_proj.weight, type: torch.int8, ratio: 0.014376454055309296, diff: 788.4732055664062, norm: 54844.76171875
name: model.layers.10.self_attn.o_proj.weight, type: torch.int8, ratio: 0.011348867788910866, diff: 1798.2293701171875, norm: 158450.109375
name: model.layers.10.mlp.gate_proj.weight, type: torch.int8, ratio: 0.016388272866606712, diff: 3985.01611328125, norm: 243162.65625
name: model.layers.10.mlp.up_proj.weight, type: torch.int8, ratio: 0.012224267236888409, diff: 4400.19873046875, norm: 359956.03125
name: model.layers.11.self_attn.q_proj.weight, type: torch.int8, ratio: 0.022774433717131615, diff: 1610.911865234375, norm: 70733.34375
name: model.layers.11.self_attn.k_proj.weight, type: torch.int8, ratio: 0.023136597126722336, diff: 716.40283203125, norm: 30964.052734375
name: model.layers.11.self_attn.v_proj.weight, type: torch.int8, ratio: 0.01670115441083908, diff: 762.0498657226562, norm: 45628.57421875
name: model.layers.11.self_attn.o_proj.weight, type: torch.int8, ratio: 0.011891977861523628, diff: 1850.1304931640625, norm: 155578.03125
name: model.layers.11.mlp.gate_proj.weight, type: torch.int8, ratio: 0.01494631078094244, diff: 4087.391845703125, norm: 273471.625
name: model.layers.11.mlp.up_proj.weight, type: torch.int8, ratio: 0.012013033963739872, diff: 4451.0078125, norm: 370514.875
name: model.layers.12.self_attn.q_proj.weight, type: torch.int8, ratio: 0.021918924525380135, diff: 1621.3697509765625, norm: 73971.2265625
name: model.layers.12.self_attn.k_proj.weight, type: torch.int8, ratio: 0.02230698987841606, diff: 721.1809692382812, norm: 32329.8203125
name: model.layers.12.self_attn.v_proj.weight, type: torch.int8, ratio: 0.01404524315148592, diff: 799.6724243164062, norm: 56935.46484375
name: model.layers.12.self_attn.o_proj.weight, type: torch.int8, ratio: 0.011781870387494564, diff: 1857.63427734375, norm: 157668.875
name: model.layers.12.mlp.gate_proj.weight, type: torch.int8, ratio: 0.013024154119193554, diff: 4278.6591796875, norm: 328517.25
name: model.layers.12.mlp.up_proj.weight, type: torch.int8, ratio: 0.011927694082260132, diff: 4460.25341796875, norm: 373940.96875
name: model.layers.13.self_attn.q_proj.weight, type: torch.int8, ratio: 0.021944167092442513, diff: 1596.11962890625, norm: 72735.484375
name: model.layers.13.self_attn.k_proj.weight, type: torch.int8, ratio: 0.022484563291072845, diff: 712.2330932617188, norm: 31676.537109375
name: model.layers.13.self_attn.v_proj.weight, type: torch.int8, ratio: 0.014644451439380646, diff: 771.265869140625, norm: 52666.08203125
name: model.layers.13.self_attn.o_proj.weight, type: torch.int8, ratio: 0.011928443796932697, diff: 1864.587646484375, norm: 156314.40625
name: model.layers.13.mlp.gate_proj.weight, type: torch.int8, ratio: 0.012926699593663216, diff: 4249.29736328125, norm: 328722.53125
name: model.layers.13.mlp.up_proj.weight, type: torch.int8, ratio: 0.01191687397658825, diff: 4429.64013671875, norm: 371711.59375
name: model.layers.14.self_attn.q_proj.weight, type: torch.int8, ratio: 0.02010524459183216, diff: 1628.197509765625, norm: 80983.71875
name: model.layers.14.self_attn.k_proj.weight, type: torch.int8, ratio: 0.021155744791030884, diff: 722.0138549804688, norm: 34128.5
name: model.layers.14.self_attn.v_proj.weight, type: torch.int8, ratio: 0.014136630110442638, diff: 788.9176025390625, norm: 55806.625
name: model.layers.14.self_attn.o_proj.weight, type: torch.int8, ratio: 0.011778916232287884, diff: 1896.4984130859375, norm: 161007.890625
name: model.layers.14.mlp.gate_proj.weight, type: torch.int8, ratio: 0.012994457967579365, diff: 4257.56103515625, norm: 327644.375
name: model.layers.14.mlp.up_proj.weight, type: torch.int8, ratio: 0.011963898316025734, diff: 4440.14013671875, norm: 371128.21875
name: model.layers.15.self_attn.q_proj.weight, type: torch.int8, ratio: 0.01989300735294819, diff: 1643.0054931640625, norm: 82592.109375
name: model.layers.15.self_attn.k_proj.weight, type: torch.int8, ratio: 0.021127361804246902, diff: 727.277099609375, norm: 34423.46875
name: model.layers.15.self_attn.v_proj.weight, type: torch.int8, ratio: 0.012944318354129791, diff: 816.1764526367188, norm: 63052.87109375
name: model.layers.15.self_attn.o_proj.weight, type: torch.int8, ratio: 0.011637167073786259, diff: 1881.919189453125, norm: 161716.265625
name: model.layers.15.mlp.gate_proj.weight, type: torch.int8, ratio: 0.013157014735043049, diff: 4258.271484375, norm: 323650.28125
name: model.layers.15.mlp.up_proj.weight, type: torch.int8, ratio: 0.012103501707315445, diff: 4450.2763671875, norm: 367685.03125
name: model.layers.16.self_attn.q_proj.weight, type: torch.int8, ratio: 0.02310207672417164, diff: 1610.22265625, norm: 69700.34375
name: model.layers.16.self_attn.k_proj.weight, type: torch.int8, ratio: 0.023685816675424576, diff: 716.6212158203125, norm: 30255.2890625
name: model.layers.16.self_attn.v_proj.weight, type: torch.int8, ratio: 0.014100358821451664, diff: 800.1599731445312, norm: 56747.48828125
name: model.layers.16.self_attn.o_proj.weight, type: torch.int8, ratio: 0.012183154001832008, diff: 1871.792236328125, norm: 153637.734375
name: model.layers.16.mlp.gate_proj.weight, type: torch.int8, ratio: 0.01270733866840601, diff: 4322.634765625, norm: 340168.375
name: model.layers.16.mlp.up_proj.weight, type: torch.int8, ratio: 0.012120637111365795, diff: 4438.4140625, norm: 366186.53125
name: model.layers.17.self_attn.q_proj.weight, type: torch.int8, ratio: 0.02095085382461548, diff: 1636.7867431640625, norm: 78125.0625
name: model.layers.17.self_attn.k_proj.weight, type: torch.int8, ratio: 0.021325891837477684, diff: 729.2694702148438, norm: 34196.43359375
name: model.layers.17.self_attn.v_proj.weight, type: torch.int8, ratio: 0.014748858287930489, diff: 793.4393310546875, norm: 53796.66015625
name: model.layers.17.self_attn.o_proj.weight, type: torch.int8, ratio: 0.012048453092575073, diff: 1907.6483154296875, norm: 158331.390625
name: model.layers.17.mlp.gate_proj.weight, type: torch.int8, ratio: 0.012879917398095131, diff: 4324.43603515625, norm: 335750.28125
name: model.layers.17.mlp.up_proj.weight, type: torch.int8, ratio: 0.01214818935841322, diff: 4448.10498046875, norm: 366153.75
name: model.layers.18.self_attn.q_proj.weight, type: torch.int8, ratio: 0.022469956427812576, diff: 1627.43603515625, norm: 72427.203125
name: model.layers.18.self_attn.k_proj.weight, type: torch.int8, ratio: 0.021770987659692764, diff: 730.5449829101562, norm: 33555.89453125
name: model.layers.18.self_attn.v_proj.weight, type: torch.int8, ratio: 0.014629222452640533, diff: 792.5559692382812, norm: 54176.21875
name: model.layers.18.self_attn.o_proj.weight, type: torch.int8, ratio: 0.011953989043831825, diff: 1862.1573486328125, norm: 155777.0625
name: model.layers.18.mlp.gate_proj.weight, type: torch.int8, ratio: 0.012914067134261131, diff: 4332.818359375, norm: 335511.53125
name: model.layers.18.mlp.up_proj.weight, type: torch.int8, ratio: 0.012205811217427254, diff: 4444.4453125, norm: 364125.34375
name: model.layers.19.self_attn.q_proj.weight, type: torch.int8, ratio: 0.021918615326285362, diff: 1624.8211669921875, norm: 74129.734375
name: model.layers.19.self_attn.k_proj.weight, type: torch.int8, ratio: 0.020844146609306335, diff: 730.126708984375, norm: 35027.90234375
name: model.layers.19.self_attn.v_proj.weight, type: torch.int8, ratio: 0.014267126098275185, diff: 796.85693359375, norm: 55852.66015625
name: model.layers.19.self_attn.o_proj.weight, type: torch.int8, ratio: 0.011752431280910969, diff: 1813.6463623046875, norm: 154320.953125
name: model.layers.19.mlp.gate_proj.weight, type: torch.int8, ratio: 0.012922292575240135, diff: 4324.29443359375, norm: 334638.34375
name: model.layers.19.mlp.up_proj.weight, type: torch.int8, ratio: 0.012163064442574978, diff: 4439.287109375, norm: 364980.96875
name: model.layers.20.self_attn.q_proj.weight, type: torch.int8, ratio: 0.023188432678580284, diff: 1614.29736328125, norm: 69616.4921875
name: model.layers.20.self_attn.k_proj.weight, type: torch.int8, ratio: 0.022447746247053146, diff: 722.8582153320312, norm: 32201.81640625
name: model.layers.20.self_attn.v_proj.weight, type: torch.int8, ratio: 0.01574406772851944, diff: 776.3162841796875, norm: 49308.4921875
name: model.layers.20.self_attn.o_proj.weight, type: torch.int8, ratio: 0.01173624861985445, diff: 1867.39306640625, norm: 159113.28125
name: model.layers.20.mlp.gate_proj.weight, type: torch.int8, ratio: 0.013275324366986752, diff: 4277.40087890625, norm: 322206.875
name: model.layers.20.mlp.up_proj.weight, type: torch.int8, ratio: 0.012276393361389637, diff: 4418.0380859375, norm: 359880.78125
name: model.layers.21.self_attn.q_proj.weight, type: torch.int8, ratio: 0.0216660276055336, diff: 1624.4666748046875, norm: 74977.59375
name: model.layers.21.self_attn.k_proj.weight, type: torch.int8, ratio: 0.021406279876828194, diff: 727.9801025390625, norm: 34007.78125
name: model.layers.21.self_attn.v_proj.weight, type: torch.int8, ratio: 0.015578651800751686, diff: 778.9859008789062, norm: 50003.421875
name: model.layers.21.self_attn.o_proj.weight, type: torch.int8, ratio: 0.01186121255159378, diff: 1891.583984375, norm: 159476.4375
name: model.layers.21.mlp.gate_proj.weight, type: torch.int8, ratio: 0.013383557088673115, diff: 4268.31787109375, norm: 318922.53125
name: model.layers.21.mlp.up_proj.weight, type: torch.int8, ratio: 0.012362809851765633, diff: 4411.919921875, norm: 356870.3125
name: model.layers.22.self_attn.q_proj.weight, type: torch.int8, ratio: 0.022290989756584167, diff: 1631.0435791015625, norm: 73170.53125
name: model.layers.22.self_attn.k_proj.weight, type: torch.int8, ratio: 0.022924916818737984, diff: 724.3086547851562, norm: 31594.822265625
name: model.layers.22.self_attn.v_proj.weight, type: torch.int8, ratio: 0.015077663585543633, diff: 781.3795776367188, norm: 51823.65234375
name: model.layers.22.self_attn.o_proj.weight, type: torch.int8, ratio: 0.011901555582880974, diff: 1874.1102294921875, norm: 157467.671875
name: model.layers.22.mlp.gate_proj.weight, type: torch.int8, ratio: 0.013697010464966297, diff: 4237.21728515625, norm: 309353.4375
name: model.layers.22.mlp.up_proj.weight, type: torch.int8, ratio: 0.012286492623388767, diff: 4427.78076171875, norm: 360377.9375
name: model.layers.23.self_attn.q_proj.weight, type: torch.int8, ratio: 0.021389443427324295, diff: 1642.1014404296875, norm: 76771.5859375
name: model.layers.23.self_attn.k_proj.weight, type: torch.int8, ratio: 0.021904271095991135, diff: 730.3170776367188, norm: 33341.30859375
name: model.layers.23.self_attn.v_proj.weight, type: torch.int8, ratio: 0.013641921803355217, diff: 805.5917358398438, norm: 59052.65625
name: model.layers.23.self_attn.o_proj.weight, type: torch.int8, ratio: 0.011846039444208145, diff: 1808.361083984375, norm: 152655.328125
name: model.layers.23.mlp.gate_proj.weight, type: torch.int8, ratio: 0.013736141845583916, diff: 4228.1064453125, norm: 307808.875
name: model.layers.23.mlp.up_proj.weight, type: torch.int8, ratio: 0.012283018790185452, diff: 4426.96044921875, norm: 360413.0625
name: model.layers.24.self_attn.q_proj.weight, type: torch.int8, ratio: 0.022448156028985977, diff: 1633.45458984375, norm: 72765.6484375
name: model.layers.24.self_attn.k_proj.weight, type: torch.int8, ratio: 0.02249016985297203, diff: 728.9705200195312, norm: 32412.8515625
name: model.layers.24.self_attn.v_proj.weight, type: torch.int8, ratio: 0.01446432527154684, diff: 795.1226196289062, norm: 54971.2890625
name: model.layers.24.self_attn.o_proj.weight, type: torch.int8, ratio: 0.011958387680351734, diff: 1895.895263671875, norm: 158541.046875
name: model.layers.24.mlp.gate_proj.weight, type: torch.int8, ratio: 0.013327267952263355, diff: 4286.4375, norm: 321629.125
name: model.layers.24.mlp.up_proj.weight, type: torch.int8, ratio: 0.012224751524627209, diff: 4448.64599609375, norm: 363904.8125
name: model.layers.25.self_attn.q_proj.weight, type: torch.int8, ratio: 0.021802371367812157, diff: 1640.488037109375, norm: 75243.5625
name: model.layers.25.self_attn.k_proj.weight, type: torch.int8, ratio: 0.020492028445005417, diff: 740.7962036132812, norm: 36150.45703125
name: model.layers.25.self_attn.v_proj.weight, type: torch.int8, ratio: 0.014536947943270206, diff: 796.5745239257812, norm: 54796.546875
name: model.layers.25.self_attn.o_proj.weight, type: torch.int8, ratio: 0.011772695928812027, diff: 1848.71826171875, norm: 157034.40625
name: model.layers.25.mlp.gate_proj.weight, type: torch.int8, ratio: 0.012856944464147091, diff: 4347.98193359375, norm: 338181.59375
name: model.layers.25.mlp.up_proj.weight, type: torch.int8, ratio: 0.012202933430671692, diff: 4437.2421875, norm: 363620.9375
name: model.layers.26.self_attn.q_proj.weight, type: torch.int8, ratio: 0.019794637337327003, diff: 1652.1029052734375, norm: 83462.1484375
name: model.layers.26.self_attn.k_proj.weight, type: torch.int8, ratio: 0.018979512155056, diff: 740.6632080078125, norm: 39024.35546875
name: model.layers.26.self_attn.v_proj.weight, type: torch.int8, ratio: 0.01461641862988472, diff: 802.2898559570312, norm: 54889.6328125
name: model.layers.26.self_attn.o_proj.weight, type: torch.int8, ratio: 0.011628308333456516, diff: 1820.474365234375, norm: 156555.390625
name: model.layers.26.mlp.gate_proj.weight, type: torch.int8, ratio: 0.012862267903983593, diff: 4336.95703125, norm: 337184.46875
name: model.layers.26.mlp.up_proj.weight, type: torch.int8, ratio: 0.012293603271245956, diff: 4411.61865234375, norm: 358854.8125
name: model.layers.27.self_attn.q_proj.weight, type: torch.int8, ratio: 0.020785430446267128, diff: 1632.0211181640625, norm: 78517.5546875
name: model.layers.27.self_attn.k_proj.weight, type: torch.int8, ratio: 0.02087806724011898, diff: 725.8980712890625, norm: 34768.453125
name: model.layers.27.self_attn.v_proj.weight, type: torch.int8, ratio: 0.014947128482162952, diff: 784.2123413085938, norm: 52465.75390625
name: model.layers.27.self_attn.o_proj.weight, type: torch.int8, ratio: 0.011794300749897957, diff: 1897.7178955078125, norm: 160901.265625
name: model.layers.27.mlp.gate_proj.weight, type: torch.int8, ratio: 0.013103513047099113, diff: 4298.35986328125, norm: 328031.09375
name: model.layers.27.mlp.up_proj.weight, type: torch.int8, ratio: 0.012380750849843025, diff: 4390.2958984375, norm: 354606.59375
name: model.layers.28.self_attn.q_proj.weight, type: torch.int8, ratio: 0.02205939032137394, diff: 1630.684814453125, norm: 73922.4765625
name: model.layers.28.self_attn.k_proj.weight, type: torch.int8, ratio: 0.02204618789255619, diff: 728.26025390625, norm: 33033.38671875
name: model.layers.28.self_attn.v_proj.weight, type: torch.int8, ratio: 0.014487589709460735, diff: 783.2694091796875, norm: 54064.8515625
name: model.layers.28.self_attn.o_proj.weight, type: torch.int8, ratio: 0.011908014304935932, diff: 1808.3411865234375, norm: 151859.171875
name: model.layers.28.mlp.gate_proj.weight, type: torch.int8, ratio: 0.013823206536471844, diff: 4203.66259765625, norm: 304101.84375
name: model.layers.28.mlp.up_proj.weight, type: torch.int8, ratio: 0.012509111315011978, diff: 4368.98291015625, norm: 349264.0625
name: model.layers.29.self_attn.q_proj.weight, type: torch.int8, ratio: 0.021193739026784897, diff: 1641.0810546875, norm: 77432.3515625
name: model.layers.29.self_attn.k_proj.weight, type: torch.int8, ratio: 0.0217390488833189, diff: 732.7168579101562, norm: 33705.1015625
name: model.layers.29.self_attn.v_proj.weight, type: torch.int8, ratio: 0.014183072373270988, diff: 793.1292724609375, norm: 55920.8359375
name: model.layers.29.self_attn.o_proj.weight, type: torch.int8, ratio: 0.012089825235307217, diff: 1840.2568359375, norm: 152215.34375
name: model.layers.29.mlp.gate_proj.weight, type: torch.int8, ratio: 0.013864298351109028, diff: 4210.60400390625, norm: 303701.1875
name: model.layers.29.mlp.up_proj.weight, type: torch.int8, ratio: 0.012413932941854, diff: 4394.1630859375, norm: 353970.25
name: model.layers.30.self_attn.q_proj.weight, type: torch.int8, ratio: 0.020058786496520042, diff: 1658.1260986328125, norm: 82663.328125
name: model.layers.30.self_attn.k_proj.weight, type: torch.int8, ratio: 0.02133621647953987, diff: 733.8167114257812, norm: 34393.01171875
name: model.layers.30.self_attn.v_proj.weight, type: torch.int8, ratio: 0.013179698958992958, diff: 808.4126586914062, norm: 61337.71875
name: model.layers.30.self_attn.o_proj.weight, type: torch.int8, ratio: 0.012150969356298447, diff: 1849.7030029296875, norm: 152226.78125
name: model.layers.30.mlp.gate_proj.weight, type: torch.int8, ratio: 0.013593084178864956, diff: 4253.67822265625, norm: 312929.59375
name: model.layers.30.mlp.up_proj.weight, type: torch.int8, ratio: 0.0122564397752285, diff: 4435.0390625, norm: 361853.78125
name: model.layers.31.self_attn.q_proj.weight, type: torch.int8, ratio: 0.019022341817617416, diff: 1673.76611328125, norm: 87989.484375
name: model.layers.31.self_attn.k_proj.weight, type: torch.int8, ratio: 0.020883409306406975, diff: 737.646240234375, norm: 35322.1171875
name: model.layers.31.self_attn.v_proj.weight, type: torch.int8, ratio: 0.012289573438465595, diff: 830.236083984375, norm: 67556.1328125
name: model.layers.31.self_attn.o_proj.weight, type: torch.int8, ratio: 0.011630781926214695, diff: 1841.01416015625, norm: 158288.078125
name: model.layers.31.mlp.gate_proj.weight, type: torch.int8, ratio: 0.013604615814983845, diff: 4235.7724609375, norm: 311348.1875
name: model.layers.31.mlp.up_proj.weight, type: torch.int8, ratio: 0.012174092233181, diff: 4443.99560546875, norm: 365037.125
name: model.layers.32.self_attn.q_proj.weight, type: torch.int8, ratio: 0.021633507683873177, diff: 1644.325439453125, norm: 76008.265625
name: model.layers.32.self_attn.k_proj.weight, type: torch.int8, ratio: 0.02421431615948677, diff: 724.2727661132812, norm: 29910.931640625
name: model.layers.32.self_attn.v_proj.weight, type: torch.int8, ratio: 0.014277801848948002, diff: 792.9627685546875, norm: 55538.15625
name: model.layers.32.self_attn.o_proj.weight, type: torch.int8, ratio: 0.012264057993888855, diff: 1869.083251953125, norm: 152403.328125
name: model.layers.32.mlp.gate_proj.weight, type: torch.int8, ratio: 0.014650964178144932, diff: 4122.8935546875, norm: 281407.65625
name: model.layers.32.mlp.up_proj.weight, type: torch.int8, ratio: 0.012120448052883148, diff: 4464.1640625, norm: 368316.75
name: model.layers.33.self_attn.q_proj.weight, type: torch.int8, ratio: 0.019484709948301315, diff: 1669.075439453125, norm: 85660.78125
name: model.layers.33.self_attn.k_proj.weight, type: torch.int8, ratio: 0.020886844024062157, diff: 737.7418212890625, norm: 35320.88671875
name: model.layers.33.self_attn.v_proj.weight, type: torch.int8, ratio: 0.01478839572519064, diff: 790.5624389648438, norm: 53458.296875
name: model.layers.33.self_attn.o_proj.weight, type: torch.int8, ratio: 0.012330753728747368, diff: 1885.369140625, norm: 152899.75
name: model.layers.33.mlp.gate_proj.weight, type: torch.int8, ratio: 0.014226225204765797, diff: 4164.68798828125, norm: 292747.21875
name: model.layers.33.mlp.up_proj.weight, type: torch.int8, ratio: 0.012145282700657845, diff: 4454.81982421875, norm: 366794.25
name: model.layers.34.self_attn.q_proj.weight, type: torch.int8, ratio: 0.01985950395464897, diff: 1665.3114013671875, norm: 83854.6328125
name: model.layers.34.self_attn.k_proj.weight, type: torch.int8, ratio: 0.020622994750738144, diff: 743.8561401367188, norm: 36069.2578125
name: model.layers.34.self_attn.v_proj.weight, type: torch.int8, ratio: 0.014405060559511185, diff: 791.9349975585938, norm: 54976.1640625
name: model.layers.34.self_attn.o_proj.weight, type: torch.int8, ratio: 0.01215162593871355, diff: 1826.5771484375, norm: 150315.453125
name: model.layers.34.mlp.gate_proj.weight, type: torch.int8, ratio: 0.013976880349218845, diff: 4183.3720703125, norm: 299306.5625
name: model.layers.34.mlp.up_proj.weight, type: torch.int8, ratio: 0.012256953865289688, diff: 4424.15478515625, norm: 360950.59375
name: model.layers.35.self_attn.q_proj.weight, type: torch.int8, ratio: 0.020180264487862587, diff: 1664.887939453125, norm: 82500.796875
name: model.layers.35.self_attn.k_proj.weight, type: torch.int8, ratio: 0.02064952626824379, diff: 744.1055297851562, norm: 36034.9921875
name: model.layers.35.self_attn.v_proj.weight, type: torch.int8, ratio: 0.014010944403707981, diff: 802.8910522460938, norm: 57304.5625
name: model.layers.35.self_attn.o_proj.weight, type: torch.int8, ratio: 0.012162808328866959, diff: 1837.932861328125, norm: 151110.890625
name: model.layers.35.mlp.gate_proj.weight, type: torch.int8, ratio: 0.014437960460782051, diff: 4141.796875, norm: 286868.5625
name: model.layers.35.mlp.up_proj.weight, type: torch.int8, ratio: 0.012303846888244152, diff: 4414.83935546875, norm: 358817.8125
name: model.layers.36.self_attn.q_proj.weight, type: torch.int8, ratio: 0.019974375143647194, diff: 1665.5599365234375, norm: 83384.8359375
name: model.layers.36.self_attn.k_proj.weight, type: torch.int8, ratio: 0.021086761727929115, diff: 737.293701171875, norm: 34964.765625
name: model.layers.36.self_attn.v_proj.weight, type: torch.int8, ratio: 0.014998367987573147, diff: 782.8888549804688, norm: 52198.26953125
name: model.layers.36.self_attn.o_proj.weight, type: torch.int8, ratio: 0.012004140764474869, diff: 1843.5802001953125, norm: 153578.6875
name: model.layers.36.mlp.gate_proj.weight, type: torch.int8, ratio: 0.014091354794800282, diff: 4169.00927734375, norm: 295855.8125
name: model.layers.36.mlp.up_proj.weight, type: torch.int8, ratio: 0.012363476678729057, diff: 4387.78369140625, norm: 354898.84375
name: model.layers.37.self_attn.q_proj.weight, type: torch.int8, ratio: 0.01900780387222767, diff: 1667.376953125, norm: 87720.65625
name: model.layers.37.self_attn.k_proj.weight, type: torch.int8, ratio: 0.020152516663074493, diff: 736.8147583007812, norm: 36561.921875
name: model.layers.37.self_attn.v_proj.weight, type: torch.int8, ratio: 0.014794597402215004, diff: 786.1005249023438, norm: 53134.296875
name: model.layers.37.self_attn.o_proj.weight, type: torch.int8, ratio: 0.011684883385896683, diff: 1852.0987548828125, norm: 158503.828125
name: model.layers.37.mlp.gate_proj.weight, type: torch.int8, ratio: 0.01488407887518406, diff: 4086.103759765625, norm: 274528.5
name: model.layers.37.mlp.up_proj.weight, type: torch.int8, ratio: 0.012478956952691078, diff: 4363.54833984375, norm: 349672.53125
name: model.layers.38.self_attn.q_proj.weight, type: torch.int8, ratio: 0.0186223853379488, diff: 1680.8658447265625, norm: 90260.5
name: model.layers.38.self_attn.k_proj.weight, type: torch.int8, ratio: 0.021833691745996475, diff: 734.9217529296875, norm: 33659.984375
name: model.layers.38.self_attn.v_proj.weight, type: torch.int8, ratio: 0.014531310647726059, diff: 785.8848266601562, norm: 54082.171875
name: model.layers.38.self_attn.o_proj.weight, type: torch.int8, ratio: 0.01216618437319994, diff: 1837.0277099609375, norm: 150994.5625
name: model.layers.38.mlp.gate_proj.weight, type: torch.int8, ratio: 0.014532279223203659, diff: 4126.650390625, norm: 283964.4375
name: model.layers.38.mlp.up_proj.weight, type: torch.int8, ratio: 0.012457264587283134, diff: 4374.62158203125, norm: 351170.3125
name: model.layers.39.self_attn.q_proj.weight, type: torch.int8, ratio: 0.018463624641299248, diff: 1700.2564697265625, norm: 92086.8203125
name: model.layers.39.self_attn.k_proj.weight, type: torch.int8, ratio: 0.020803023129701614, diff: 745.6353149414062, norm: 35842.640625
name: model.layers.39.self_attn.v_proj.weight, type: torch.int8, ratio: 0.013738675974309444, diff: 800.1781005859375, norm: 58242.73828125
name: model.layers.39.self_attn.o_proj.weight, type: torch.int8, ratio: 0.012318710796535015, diff: 1828.6431884765625, norm: 148444.359375
name: model.layers.39.mlp.gate_proj.weight, type: torch.int8, ratio: 0.01596839725971222, diff: 4020.31005859375, norm: 251766.671875
name: model.layers.39.mlp.up_proj.weight, type: torch.int8, ratio: 0.01263983640819788, diff: 4354.21240234375, norm: 344483.28125
name: model.layers.40.self_attn.q_proj.weight, type: torch.int8, ratio: 0.018888311460614204, diff: 1701.077880859375, norm: 90059.8203125
name: model.layers.40.self_attn.k_proj.weight, type: torch.int8, ratio: 0.02131839469075203, diff: 743.7237548828125, norm: 34886.48046875
name: model.layers.40.self_attn.v_proj.weight, type: torch.int8, ratio: 0.01426355168223381, diff: 799.7718505859375, norm: 56071.015625
name: model.layers.40.self_attn.o_proj.weight, type: torch.int8, ratio: 0.011966881342232227, diff: 1845.9710693359375, norm: 154256.65625
name: model.layers.40.mlp.gate_proj.weight, type: torch.int8, ratio: 0.015860361978411674, diff: 4035.630126953125, norm: 254447.53125
name: model.layers.40.mlp.up_proj.weight, type: torch.int8, ratio: 0.012614469043910503, diff: 4362.9853515625, norm: 345871.5
name: model.layers.41.self_attn.q_proj.weight, type: torch.int8, ratio: 0.019017737358808517, diff: 1704.8900146484375, norm: 89647.3671875
name: model.layers.41.self_attn.k_proj.weight, type: torch.int8, ratio: 0.020952753722667694, diff: 755.278076171875, norm: 36046.72265625
name: model.layers.41.self_attn.v_proj.weight, type: torch.int8, ratio: 0.014414657838642597, diff: 796.83056640625, norm: 55279.1875
name: model.layers.41.self_attn.o_proj.weight, type: torch.int8, ratio: 0.012272405438125134, diff: 1856.850830078125, norm: 151302.921875
name: model.layers.41.mlp.gate_proj.weight, type: torch.int8, ratio: 0.013556808233261108, diff: 4218.00146484375, norm: 311135.28125
name: model.layers.41.mlp.up_proj.weight, type: torch.int8, ratio: 0.012361157685518265, diff: 4395.439453125, norm: 355584.78125
name: model.layers.42.self_attn.q_proj.weight, type: torch.int8, ratio: 0.017736241221427917, diff: 1704.580322265625, norm: 96107.1953125
name: model.layers.42.self_attn.k_proj.weight, type: torch.int8, ratio: 0.01870100013911724, diff: 749.7132568359375, norm: 40089.47265625
name: model.layers.42.self_attn.v_proj.weight, type: torch.int8, ratio: 0.014365511015057564, diff: 804.0994873046875, norm: 55974.3046875
name: model.layers.42.self_attn.o_proj.weight, type: torch.int8, ratio: 0.011908969841897488, diff: 1817.09521484375, norm: 152582.0625
name: model.layers.42.mlp.gate_proj.weight, type: torch.int8, ratio: 0.013637233525514603, diff: 4217.095703125, norm: 309233.96875
name: model.layers.42.mlp.up_proj.weight, type: torch.int8, ratio: 0.012563154101371765, diff: 4361.9892578125, norm: 347204.9375
name: model.layers.43.self_attn.q_proj.weight, type: torch.int8, ratio: 0.017432937398552895, diff: 1706.1280517578125, norm: 97868.078125
name: model.layers.43.self_attn.k_proj.weight, type: torch.int8, ratio: 0.018758080899715424, diff: 749.2516479492188, norm: 39942.875
name: model.layers.43.self_attn.v_proj.weight, type: torch.int8, ratio: 0.014852011576294899, diff: 788.631103515625, norm: 53099.27734375
name: model.layers.43.self_attn.o_proj.weight, type: torch.int8, ratio: 0.011850888840854168, diff: 1859.5550537109375, norm: 156912.703125
name: model.layers.43.mlp.gate_proj.weight, type: torch.int8, ratio: 0.013693052344024181, diff: 4202.93017578125, norm: 306938.875
name: model.layers.43.mlp.up_proj.weight, type: torch.int8, ratio: 0.012646443210542202, diff: 4337.533203125, norm: 342984.4375
name: model.layers.44.self_attn.q_proj.weight, type: torch.int8, ratio: 0.019189542159438133, diff: 1696.156005859375, norm: 88389.6015625
name: model.layers.44.self_attn.k_proj.weight, type: torch.int8, ratio: 0.02059965766966343, diff: 750.2772827148438, norm: 36421.83203125
name: model.layers.44.self_attn.v_proj.weight, type: torch.int8, ratio: 0.013908421620726585, diff: 792.4071044921875, norm: 56973.1875
name: model.layers.44.self_attn.o_proj.weight, type: torch.int8, ratio: 0.012409260496497154, diff: 1827.818359375, norm: 147294.703125
name: model.layers.44.mlp.gate_proj.weight, type: torch.int8, ratio: 0.015605753287672997, diff: 4050.763916015625, norm: 259568.625
name: model.layers.44.mlp.up_proj.weight, type: torch.int8, ratio: 0.0132761150598526, diff: 4250.767578125, norm: 320181.59375
name: model.layers.45.self_attn.q_proj.weight, type: torch.int8, ratio: 0.0181988887488842, diff: 1720.7513427734375, norm: 94552.546875
name: model.layers.45.self_attn.k_proj.weight, type: torch.int8, ratio: 0.020773859694600105, diff: 757.849609375, norm: 36480.92578125
name: model.layers.45.self_attn.v_proj.weight, type: torch.int8, ratio: 0.0137642165645957, diff: 799.3359985351562, norm: 58073.484375
name: model.layers.45.self_attn.o_proj.weight, type: torch.int8, ratio: 0.01241797860711813, diff: 1864.767822265625, norm: 150166.78125
name: model.layers.45.mlp.gate_proj.weight, type: torch.int8, ratio: 0.014497253112494946, diff: 4137.92919921875, norm: 285428.5
name: model.layers.45.mlp.up_proj.weight, type: torch.int8, ratio: 0.012738184072077274, diff: 4313.970703125, norm: 338664.5
name: model.layers.46.self_attn.q_proj.weight, type: torch.int8, ratio: 0.01742609590291977, diff: 1728.9112548828125, norm: 99213.921875
name: model.layers.46.self_attn.k_proj.weight, type: torch.int8, ratio: 0.020193368196487427, diff: 752.3469848632812, norm: 37257.1328125
name: model.layers.46.self_attn.v_proj.weight, type: torch.int8, ratio: 0.013185824267566204, diff: 809.7623291015625, norm: 61411.58203125
name: model.layers.46.self_attn.o_proj.weight, type: torch.int8, ratio: 0.012070462107658386, diff: 1833.8167724609375, norm: 151925.984375
name: model.layers.46.mlp.gate_proj.weight, type: torch.int8, ratio: 0.014415796846151352, diff: 4157.08251953125, norm: 288369.9375
name: model.layers.46.mlp.up_proj.weight, type: torch.int8, ratio: 0.012521747499704361, diff: 4350.8994140625, norm: 347467.4375
name: model.layers.47.self_attn.q_proj.weight, type: torch.int8, ratio: 0.016169052571058273, diff: 1749.3304443359375, norm: 108190.0390625
name: model.layers.47.self_attn.k_proj.weight, type: torch.int8, ratio: 0.02014404721558094, diff: 750.3065795898438, norm: 37247.0625
name: model.layers.47.self_attn.v_proj.weight, type: torch.int8, ratio: 0.012508304789662361, diff: 826.1591796875, norm: 66048.8515625
name: model.layers.47.self_attn.o_proj.weight, type: torch.int8, ratio: 0.011650379747152328, diff: 1872.0360107421875, norm: 160684.546875
name: model.layers.47.mlp.gate_proj.weight, type: torch.int8, ratio: 0.01468619517982006, diff: 4130.4345703125, norm: 281246.0625
name: model.layers.47.mlp.up_proj.weight, type: torch.int8, ratio: 0.012446952983736992, diff: 4358.2197265625, norm: 350143.5
name: model.layers.48.self_attn.q_proj.weight, type: torch.int8, ratio: 0.016660848632454872, diff: 1742.9583740234375, norm: 104614.0234375
name: model.layers.48.self_attn.k_proj.weight, type: torch.int8, ratio: 0.02075977437198162, diff: 749.7432861328125, norm: 36115.1953125
name: model.layers.48.self_attn.v_proj.weight, type: torch.int8, ratio: 0.015063752420246601, diff: 773.828125, norm: 51370.2109375
name: model.layers.48.self_attn.o_proj.weight, type: torch.int8, ratio: 0.011490041390061378, diff: 1838.0936279296875, norm: 159972.765625
name: model.layers.48.mlp.gate_proj.weight, type: torch.int8, ratio: 0.014207033440470695, diff: 4168.9111328125, norm: 293439.9375
name: model.layers.48.mlp.up_proj.weight, type: torch.int8, ratio: 0.012262791395187378, diff: 4383.5234375, norm: 357465.375
name: model.layers.49.self_attn.q_proj.weight, type: torch.int8, ratio: 0.016450993716716766, diff: 1750.613037109375, norm: 106413.8125
name: model.layers.49.self_attn.k_proj.weight, type: torch.int8, ratio: 0.020814813673496246, diff: 749.212890625, norm: 35994.21484375
name: model.layers.49.self_attn.v_proj.weight, type: torch.int8, ratio: 0.01310402899980545, diff: 804.08642578125, norm: 61361.76953125
name: model.layers.49.self_attn.o_proj.weight, type: torch.int8, ratio: 0.011833852156996727, diff: 1891.197265625, norm: 159812.484375
name: model.layers.49.mlp.gate_proj.weight, type: torch.int8, ratio: 0.01498354785144329, diff: 4103.904296875, norm: 273894.03125
name: model.layers.49.mlp.up_proj.weight, type: torch.int8, ratio: 0.012340296991169453, diff: 4366.474609375, norm: 353838.6875
name: model.layers.50.self_attn.q_proj.weight, type: torch.int8, ratio: 0.017033185809850693, diff: 1741.294677734375, norm: 102229.5390625
name: model.layers.50.self_attn.k_proj.weight, type: torch.int8, ratio: 0.022740529850125313, diff: 745.0221557617188, norm: 32761.86328125
name: model.layers.50.self_attn.v_proj.weight, type: torch.int8, ratio: 0.014784815721213818, diff: 773.2787475585938, norm: 52302.22265625
name: model.layers.50.self_attn.o_proj.weight, type: torch.int8, ratio: 0.011291274800896645, diff: 1828.3311767578125, norm: 161924.25
name: model.layers.50.mlp.gate_proj.weight, type: torch.int8, ratio: 0.015943193808197975, diff: 4028.093017578125, norm: 252652.828125
name: model.layers.50.mlp.up_proj.weight, type: torch.int8, ratio: 0.012294119223952293, diff: 4374.81982421875, norm: 355846.53125
name: model.layers.51.self_attn.q_proj.weight, type: torch.int8, ratio: 0.017278896644711494, diff: 1720.449951171875, norm: 99569.4375
name: model.layers.51.self_attn.k_proj.weight, type: torch.int8, ratio: 0.0201388131827116, diff: 746.4817504882812, norm: 37066.8203125
name: model.layers.51.self_attn.v_proj.weight, type: torch.int8, ratio: 0.01574600487947464, diff: 763.0550537109375, norm: 48460.234375
name: model.layers.51.self_attn.o_proj.weight, type: torch.int8, ratio: 0.01170256081968546, diff: 1870.289794921875, norm: 159818.84375
name: model.layers.51.mlp.gate_proj.weight, type: torch.int8, ratio: 0.016057156026363373, diff: 4016.16259765625, norm: 250116.6875
name: model.layers.51.mlp.up_proj.weight, type: torch.int8, ratio: 0.012278281152248383, diff: 4378.88037109375, norm: 356636.28125
name: model.layers.52.self_attn.q_proj.weight, type: torch.int8, ratio: 0.01810704730451107, diff: 1729.4761962890625, norm: 95513.984375
name: model.layers.52.self_attn.k_proj.weight, type: torch.int8, ratio: 0.02329876832664013, diff: 754.0, norm: 32362.2265625
name: model.layers.52.self_attn.v_proj.weight, type: torch.int8, ratio: 0.015253106132149696, diff: 767.065185546875, norm: 50289.11328125
name: model.layers.52.self_attn.o_proj.weight, type: torch.int8, ratio: 0.011455765925347805, diff: 1804.7852783203125, norm: 157543.828125
name: model.layers.52.mlp.gate_proj.weight, type: torch.int8, ratio: 0.01613575778901577, diff: 4015.681640625, norm: 248868.5
name: model.layers.52.mlp.up_proj.weight, type: torch.int8, ratio: 0.012308158911764622, diff: 4377.947265625, norm: 355694.71875
name: model.layers.53.self_attn.q_proj.weight, type: torch.int8, ratio: 0.018253609538078308, diff: 1709.4677734375, norm: 93650.9453125
name: model.layers.53.self_attn.k_proj.weight, type: torch.int8, ratio: 0.02301308885216713, diff: 742.98046875, norm: 32285.125
name: model.layers.53.self_attn.v_proj.weight, type: torch.int8, ratio: 0.017577430233359337, diff: 750.5338134765625, norm: 42698.72265625
name: model.layers.53.self_attn.o_proj.weight, type: torch.int8, ratio: 0.010907623916864395, diff: 1778.890625, norm: 163086.90625
name: model.layers.53.mlp.gate_proj.weight, type: torch.int8, ratio: 0.015854278579354286, diff: 4011.25830078125, norm: 253007.921875
name: model.layers.53.mlp.up_proj.weight, type: torch.int8, ratio: 0.012167391367256641, diff: 4382.67431640625, norm: 360198.34375
name: model.layers.54.self_attn.q_proj.weight, type: torch.int8, ratio: 0.016811594367027283, diff: 1729.2767333984375, norm: 102862.1484375
name: model.layers.54.self_attn.k_proj.weight, type: torch.int8, ratio: 0.022478992119431496, diff: 739.5816650390625, norm: 32901.015625
name: model.layers.54.self_attn.v_proj.weight, type: torch.int8, ratio: 0.016758179292082787, diff: 748.4857788085938, norm: 44663.90625
name: model.layers.54.self_attn.o_proj.weight, type: torch.int8, ratio: 0.010834681801497936, diff: 1783.01171875, norm: 164565.21875
name: model.layers.54.mlp.gate_proj.weight, type: torch.int8, ratio: 0.01599426567554474, diff: 4001.430908203125, norm: 250179.09375
name: model.layers.54.mlp.up_proj.weight, type: torch.int8, ratio: 0.012125073000788689, diff: 4391.3876953125, norm: 362174.125
name: model.layers.55.self_attn.q_proj.weight, type: torch.int8, ratio: 0.017267094925045967, diff: 1720.254638671875, norm: 99626.1796875
name: model.layers.55.self_attn.k_proj.weight, type: torch.int8, ratio: 0.021254193037748337, diff: 745.6896362304688, norm: 35084.35546875
name: model.layers.55.self_attn.v_proj.weight, type: torch.int8, ratio: 0.01446177251636982, diff: 772.0071411132812, norm: 53382.609375
name: model.layers.55.self_attn.o_proj.weight, type: torch.int8, ratio: 0.01101046521216631, diff: 1787.942626953125, norm: 162385.75
name: model.layers.55.mlp.gate_proj.weight, type: torch.int8, ratio: 0.015878651291131973, diff: 4010.48583984375, norm: 252570.9375
name: model.layers.55.mlp.up_proj.weight, type: torch.int8, ratio: 0.012134609743952751, diff: 4390.994140625, norm: 361857.0625
name: model.layers.56.self_attn.q_proj.weight, type: torch.int8, ratio: 0.018841980025172234, diff: 1698.235595703125, norm: 90130.421875
name: model.layers.56.self_attn.k_proj.weight, type: torch.int8, ratio: 0.02429148741066456, diff: 743.5771484375, norm: 30610.60546875
name: model.layers.56.self_attn.v_proj.weight, type: torch.int8, ratio: 0.01659666933119297, diff: 745.0899047851562, norm: 44893.94140625
name: model.layers.56.self_attn.o_proj.weight, type: torch.int8, ratio: 0.011475970037281513, diff: 1892.398193359375, norm: 164900.9375
name: model.layers.56.mlp.gate_proj.weight, type: torch.int8, ratio: 0.01580134406685829, diff: 4025.329833984375, norm: 254746.03125
name: model.layers.56.mlp.up_proj.weight, type: torch.int8, ratio: 0.012095249257981777, diff: 4402.861328125, norm: 364015.75
name: model.layers.57.self_attn.q_proj.weight, type: torch.int8, ratio: 0.016778573393821716, diff: 1734.483154296875, norm: 103374.8828125
name: model.layers.57.self_attn.k_proj.weight, type: torch.int8, ratio: 0.021029924973845482, diff: 757.210693359375, norm: 36006.34375
name: model.layers.57.self_attn.v_proj.weight, type: torch.int8, ratio: 0.01813749596476555, diff: 740.3931274414062, norm: 40821.1328125
name: model.layers.57.self_attn.o_proj.weight, type: torch.int8, ratio: 0.011245237663388252, diff: 1844.1678466796875, norm: 163995.453125
name: model.layers.57.mlp.gate_proj.weight, type: torch.int8, ratio: 0.015149572864174843, diff: 4068.093017578125, norm: 268528.5625
name: model.layers.57.mlp.up_proj.weight, type: torch.int8, ratio: 0.012076777406036854, diff: 4407.900390625, norm: 364989.78125
name: model.layers.58.self_attn.q_proj.weight, type: torch.int8, ratio: 0.017782269045710564, diff: 1703.7261962890625, norm: 95810.3984375
name: model.layers.58.self_attn.k_proj.weight, type: torch.int8, ratio: 0.025112980976700783, diff: 736.935546875, norm: 29344.806640625
name: model.layers.58.self_attn.v_proj.weight, type: torch.int8, ratio: 0.026147570461034775, diff: 715.6982421875, norm: 27371.5
name: model.layers.58.self_attn.o_proj.weight, type: torch.int8, ratio: 0.011667498387396336, diff: 1910.494140625, norm: 163744.96875
name: model.layers.58.mlp.gate_proj.weight, type: torch.int8, ratio: 0.014770974405109882, diff: 4099.232421875, norm: 277519.4375
name: model.layers.58.mlp.up_proj.weight, type: torch.int8, ratio: 0.012076721526682377, diff: 4406.02392578125, norm: 364836.09375
name: model.layers.59.self_attn.q_proj.weight, type: torch.int8, ratio: 0.019560901448130608, diff: 1694.3924560546875, norm: 86621.390625
name: model.layers.59.self_attn.k_proj.weight, type: torch.int8, ratio: 0.02250097133219242, diff: 752.8419189453125, norm: 33458.1953125
name: model.layers.59.self_attn.v_proj.weight, type: torch.int8, ratio: 0.016301751136779785, diff: 740.7752685546875, norm: 45441.453125
name: model.layers.59.self_attn.o_proj.weight, type: torch.int8, ratio: 0.011418499983847141, diff: 1860.28759765625, norm: 162918.734375
name: model.layers.59.mlp.gate_proj.weight, type: torch.int8, ratio: 0.014720544219017029, diff: 4054.4296875, norm: 275426.625
name: model.layers.59.mlp.up_proj.weight, type: torch.int8, ratio: 0.012182608246803284, diff: 4330.63134765625, norm: 355476.53125
name: model.layers.60.self_attn.q_proj.weight, type: torch.int8, ratio: 0.019679469987750053, diff: 1700.398193359375, norm: 86404.671875
name: model.layers.60.self_attn.k_proj.weight, type: torch.int8, ratio: 0.025302182883024216, diff: 753.0491333007812, norm: 29762.220703125
name: model.layers.60.self_attn.v_proj.weight, type: torch.int8, ratio: 0.015663664788007736, diff: 748.4036254882812, norm: 47779.6015625
name: model.layers.60.self_attn.o_proj.weight, type: torch.int8, ratio: 0.01151366624981165, diff: 1824.1976318359375, norm: 158437.59375
name: model.layers.60.mlp.gate_proj.weight, type: torch.int8, ratio: 0.015976600348949432, diff: 3987.17822265625, norm: 249563.625
name: model.layers.60.mlp.up_proj.weight, type: torch.int8, ratio: 0.012426923960447311, diff: 4292.89501953125, norm: 345451.125
name: model.layers.61.self_attn.q_proj.weight, type: torch.int8, ratio: 0.01955823414027691, diff: 1710.95703125, norm: 87480.140625
name: model.layers.61.self_attn.k_proj.weight, type: torch.int8, ratio: 0.024966580793261528, diff: 760.73583984375, norm: 30470.166015625
name: model.layers.61.self_attn.v_proj.weight, type: torch.int8, ratio: 0.01649646833539009, diff: 749.7926635742188, norm: 45451.70703125
name: model.layers.61.self_attn.o_proj.weight, type: torch.int8, ratio: 0.011536884121596813, diff: 1822.6650390625, norm: 157985.90625
name: model.layers.61.mlp.gate_proj.weight, type: torch.int8, ratio: 0.01713084802031517, diff: 3946.69482421875, norm: 230385.265625
name: model.layers.61.mlp.up_proj.weight, type: torch.int8, ratio: 0.013026978820562363, diff: 4223.361328125, norm: 324201.125
name: model.layers.62.self_attn.q_proj.weight, type: torch.int8, ratio: 0.020882317796349525, diff: 1691.6826171875, norm: 81010.2890625
name: model.layers.62.self_attn.k_proj.weight, type: torch.int8, ratio: 0.022514425218105316, diff: 761.9251708984375, norm: 33841.64453125
name: model.layers.62.self_attn.v_proj.weight, type: torch.int8, ratio: 0.018444208428263664, diff: 731.30224609375, norm: 39649.42578125
name: model.layers.62.self_attn.o_proj.weight, type: torch.int8, ratio: 0.011862371116876602, diff: 1849.080322265625, norm: 155877.796875
name: model.layers.62.mlp.gate_proj.weight, type: torch.int8, ratio: 0.017931262031197548, diff: 3922.28662109375, norm: 218740.125
name: model.layers.62.mlp.up_proj.weight, type: torch.int8, ratio: 0.014030407182872295, diff: 4124.1005859375, norm: 293940.1875
name: model.layers.63.self_attn.q_proj.weight, type: torch.int8, ratio: 0.019517334178090096, diff: 1725.1507568359375, norm: 88390.6953125
name: model.layers.63.self_attn.k_proj.weight, type: torch.int8, ratio: 0.025467729195952415, diff: 759.0724487304688, norm: 29805.265625
name: model.layers.63.self_attn.v_proj.weight, type: torch.int8, ratio: 0.031843412667512894, diff: 715.7003784179688, norm: 22475.6171875
name: model.layers.63.self_attn.o_proj.weight, type: torch.int8, ratio: 0.011995790526270866, diff: 1834.65087890625, norm: 152941.21875
name: model.layers.63.mlp.gate_proj.weight, type: torch.int8, ratio: 0.016217665746808052, diff: 3975.24169921875, norm: 245117.984375
name: model.layers.63.mlp.up_proj.weight, type: torch.int8, ratio: 0.013651364482939243, diff: 4126.95166015625, norm: 302310.5625
name: model.layers.0.mlp.down_proj.weight, type: torch.int8, ratio: 0.021159231662750244, diff: 4860.43896484375, norm: 229707.71875
name: model.layers.1.mlp.down_proj.weight, type: torch.int8, ratio: 0.03794562816619873, diff: 2860.07421875, norm: 75372.9609375
name: model.layers.2.mlp.down_proj.weight, type: torch.int8, ratio: 0.017876870930194855, diff: 2300.674072265625, norm: 128695.5625
name: model.layers.3.mlp.down_proj.weight, type: torch.int8, ratio: 0.016505002975463867, diff: 2995.305908203125, norm: 181478.671875
name: model.layers.4.mlp.down_proj.weight, type: torch.int8, ratio: 0.01629982888698578, diff: 3659.023681640625, norm: 224482.34375
name: model.layers.5.mlp.down_proj.weight, type: torch.int8, ratio: 0.014555647037923336, diff: 3639.089599609375, norm: 250012.21875
name: model.layers.6.mlp.down_proj.weight, type: torch.int8, ratio: 0.01624940149486065, diff: 4174.9052734375, norm: 256926.71875
name: model.layers.7.mlp.down_proj.weight, type: torch.int8, ratio: 0.013821545988321304, diff: 3982.537353515625, norm: 288139.78125
name: model.layers.8.mlp.down_proj.weight, type: torch.int8, ratio: 0.014343353919684887, diff: 4022.83642578125, norm: 280466.9375
name: model.layers.9.mlp.down_proj.weight, type: torch.int8, ratio: 0.014635588973760605, diff: 4088.509765625, norm: 279353.96875
name: model.layers.10.mlp.down_proj.weight, type: torch.int8, ratio: 0.014628037810325623, diff: 4099.64697265625, norm: 280259.53125
name: model.layers.11.mlp.down_proj.weight, type: torch.int8, ratio: 0.014329026453197002, diff: 4170.423828125, norm: 291047.25
name: model.layers.12.mlp.down_proj.weight, type: torch.int8, ratio: 0.014146048575639725, diff: 4044.818115234375, norm: 285932.71875
name: model.layers.13.mlp.down_proj.weight, type: torch.int8, ratio: 0.014596757479012012, diff: 4103.05859375, norm: 281093.84375
name: model.layers.14.mlp.down_proj.weight, type: torch.int8, ratio: 0.014856305904686451, diff: 4087.6962890625, norm: 275148.90625
name: model.layers.15.mlp.down_proj.weight, type: torch.int8, ratio: 0.015128080733120441, diff: 4097.69970703125, norm: 270867.125
name: model.layers.16.mlp.down_proj.weight, type: torch.int8, ratio: 0.014913386665284634, diff: 4102.80078125, norm: 275108.59375
name: model.layers.17.mlp.down_proj.weight, type: torch.int8, ratio: 0.014991591684520245, diff: 4117.51611328125, norm: 274655.03125
name: model.layers.18.mlp.down_proj.weight, type: torch.int8, ratio: 0.015225639566779137, diff: 4088.181640625, norm: 268506.40625
name: model.layers.19.mlp.down_proj.weight, type: torch.int8, ratio: 0.015364835038781166, diff: 4082.95703125, norm: 265733.875
name: model.layers.20.mlp.down_proj.weight, type: torch.int8, ratio: 0.015369642525911331, diff: 4102.181640625, norm: 266901.5625
name: model.layers.21.mlp.down_proj.weight, type: torch.int8, ratio: 0.015161555260419846, diff: 4114.63671875, norm: 271386.1875
name: model.layers.22.mlp.down_proj.weight, type: torch.int8, ratio: 0.015321406535804272, diff: 4102.13232421875, norm: 267738.625
name: model.layers.23.mlp.down_proj.weight, type: torch.int8, ratio: 0.015443206764757633, diff: 4107.97802734375, norm: 266005.5
name: model.layers.24.mlp.down_proj.weight, type: torch.int8, ratio: 0.015018480829894543, diff: 4145.00439453125, norm: 275993.59375
name: model.layers.25.mlp.down_proj.weight, type: torch.int8, ratio: 0.014775089919567108, diff: 4158.6669921875, norm: 281464.75
name: model.layers.26.mlp.down_proj.weight, type: torch.int8, ratio: 0.014798151329159737, diff: 4140.82421875, norm: 279820.375
name: model.layers.27.mlp.down_proj.weight, type: torch.int8, ratio: 0.014940659515559673, diff: 4124.43994140625, norm: 276054.75
name: model.layers.28.mlp.down_proj.weight, type: torch.int8, ratio: 0.01492544636130333, diff: 4112.619140625, norm: 275544.125
name: model.layers.29.mlp.down_proj.weight, type: torch.int8, ratio: 0.015050609596073627, diff: 4100.810546875, norm: 272468.0625
name: model.layers.30.mlp.down_proj.weight, type: torch.int8, ratio: 0.014858203008770943, diff: 4120.3974609375, norm: 277314.65625
name: model.layers.31.mlp.down_proj.weight, type: torch.int8, ratio: 0.014868595637381077, diff: 4096.95361328125, norm: 275544.09375
name: model.layers.32.mlp.down_proj.weight, type: torch.int8, ratio: 0.014936914667487144, diff: 4102.681640625, norm: 274667.28125
name: model.layers.33.mlp.down_proj.weight, type: torch.int8, ratio: 0.015088922344148159, diff: 4100.3916015625, norm: 271748.46875
name: model.layers.34.mlp.down_proj.weight, type: torch.int8, ratio: 0.014985906891524792, diff: 4087.267578125, norm: 272740.75
name: model.layers.35.mlp.down_proj.weight, type: torch.int8, ratio: 0.015034586191177368, diff: 4094.2138671875, norm: 272319.6875
name: model.layers.36.mlp.down_proj.weight, type: torch.int8, ratio: 0.015493601560592651, diff: 4063.824951171875, norm: 262290.53125
name: model.layers.37.mlp.down_proj.weight, type: torch.int8, ratio: 0.01479402557015419, diff: 4071.265869140625, norm: 275196.625
name: model.layers.38.mlp.down_proj.weight, type: torch.int8, ratio: 0.014975606463849545, diff: 4101.35009765625, norm: 273868.71875
name: model.layers.39.mlp.down_proj.weight, type: torch.int8, ratio: 0.014971062541007996, diff: 4143.41748046875, norm: 276761.75
name: model.layers.40.mlp.down_proj.weight, type: torch.int8, ratio: 0.014918562024831772, diff: 4158.01904296875, norm: 278714.46875
name: model.layers.41.mlp.down_proj.weight, type: torch.int8, ratio: 0.014475603587925434, diff: 4164.7197265625, norm: 287706.125
name: model.layers.42.mlp.down_proj.weight, type: torch.int8, ratio: 0.014982827007770538, diff: 4125.8935546875, norm: 275374.84375
name: model.layers.43.mlp.down_proj.weight, type: torch.int8, ratio: 0.014929481782019138, diff: 4119.49609375, norm: 275930.28125
name: model.layers.44.mlp.down_proj.weight, type: torch.int8, ratio: 0.014906232245266438, diff: 4145.228515625, norm: 278086.9375
name: model.layers.45.mlp.down_proj.weight, type: torch.int8, ratio: 0.014773459173738956, diff: 4147.8486328125, norm: 280763.53125
name: model.layers.46.mlp.down_proj.weight, type: torch.int8, ratio: 0.014427486807107925, diff: 4169.37109375, norm: 288988.03125
name: model.layers.47.mlp.down_proj.weight, type: torch.int8, ratio: 0.014226570725440979, diff: 4161.9912109375, norm: 292550.5625
name: model.layers.48.mlp.down_proj.weight, type: torch.int8, ratio: 0.01428880263119936, diff: 4149.00244140625, norm: 290367.40625
name: model.layers.49.mlp.down_proj.weight, type: torch.int8, ratio: 0.014526854269206524, diff: 4160.0693359375, norm: 286370.96875
name: model.layers.50.mlp.down_proj.weight, type: torch.int8, ratio: 0.01452680304646492, diff: 4208.08447265625, norm: 289677.25
name: model.layers.51.mlp.down_proj.weight, type: torch.int8, ratio: 0.014260366559028625, diff: 4211.875, norm: 295355.3125
name: model.layers.52.mlp.down_proj.weight, type: torch.int8, ratio: 0.014412151649594307, diff: 4185.2734375, norm: 290398.9375
name: model.layers.53.mlp.down_proj.weight, type: torch.int8, ratio: 0.014338419772684574, diff: 4121.84716796875, norm: 287468.71875
name: model.layers.54.mlp.down_proj.weight, type: torch.int8, ratio: 0.014586515724658966, diff: 4056.01318359375, norm: 278065.9375
name: model.layers.55.mlp.down_proj.weight, type: torch.int8, ratio: 0.014449463225901127, diff: 4104.580078125, norm: 284064.53125
name: model.layers.56.mlp.down_proj.weight, type: torch.int8, ratio: 0.014030266553163528, diff: 4089.46240234375, norm: 291474.3125
name: model.layers.57.mlp.down_proj.weight, type: torch.int8, ratio: 0.014747758395969868, diff: 4029.499267578125, norm: 273227.90625
name: model.layers.58.mlp.down_proj.weight, type: torch.int8, ratio: 0.014062238857150078, diff: 3977.596923828125, norm: 282856.59375
name: model.layers.59.mlp.down_proj.weight, type: torch.int8, ratio: 0.01492189709097147, diff: 3973.43310546875, norm: 266282.03125
name: model.layers.60.mlp.down_proj.weight, type: torch.int8, ratio: 0.014811977744102478, diff: 3909.0947265625, norm: 263914.4375
name: model.layers.61.mlp.down_proj.weight, type: torch.int8, ratio: 0.015468910336494446, diff: 3867.576904296875, norm: 250022.578125
name: model.layers.62.mlp.down_proj.weight, type: torch.int8, ratio: 0.018908599391579628, diff: 3771.60009765625, norm: 199464.8125
name: model.layers.63.mlp.down_proj.weight, type: torch.int8, ratio: 0.014963535591959953, diff: 3731.09228515625, norm: 249345.640625
layernorm: model.layers.0.input_layernorm.weight, dead_neurons_mask ct: 3.0
layernorm: model.layers.0.post_attention_layernorm.weight, dead_neurons_mask ct: 20.0
layernorm: model.layers.1.input_layernorm.weight, dead_neurons_mask ct: 397.0
layernorm: model.layers.1.post_attention_layernorm.weight, dead_neurons_mask ct: 1147.0
layernorm: model.layers.2.input_layernorm.weight, dead_neurons_mask ct: 1030.0
layernorm: model.layers.2.post_attention_layernorm.weight, dead_neurons_mask ct: 6.0
layernorm: model.layers.3.input_layernorm.weight, dead_neurons_mask ct: 854.0
layernorm: model.layers.3.post_attention_layernorm.weight, dead_neurons_mask ct: 7.0
layernorm: model.layers.4.input_layernorm.weight, dead_neurons_mask ct: 310.0
layernorm: model.layers.4.post_attention_layernorm.weight, dead_neurons_mask ct: 3.0
layernorm: model.layers.5.input_layernorm.weight, dead_neurons_mask ct: 53.0
layernorm: model.layers.5.post_attention_layernorm.weight, dead_neurons_mask ct: 6.0
layernorm: model.layers.6.input_layernorm.weight, dead_neurons_mask ct: 31.0
layernorm: model.layers.6.post_attention_layernorm.weight, dead_neurons_mask ct: 3.0
layernorm: model.layers.7.input_layernorm.weight, dead_neurons_mask ct: 24.0
layernorm: model.layers.7.post_attention_layernorm.weight, dead_neurons_mask ct: 7.0
layernorm: model.layers.8.input_layernorm.weight, dead_neurons_mask ct: 18.0
layernorm: model.layers.8.post_attention_layernorm.weight, dead_neurons_mask ct: 3.0
layernorm: model.layers.9.input_layernorm.weight, dead_neurons_mask ct: 15.0
layernorm: model.layers.9.post_attention_layernorm.weight, dead_neurons_mask ct: 4.0
layernorm: model.layers.10.input_layernorm.weight, dead_neurons_mask ct: 9.0
layernorm: model.layers.10.post_attention_layernorm.weight, dead_neurons_mask ct: 1.0
layernorm: model.layers.11.input_layernorm.weight, dead_neurons_mask ct: 8.0
layernorm: model.layers.11.post_attention_layernorm.weight, dead_neurons_mask ct: 2.0
layernorm: model.layers.12.input_layernorm.weight, dead_neurons_mask ct: 8.0
layernorm: model.layers.12.post_attention_layernorm.weight, dead_neurons_mask ct: 2.0
layernorm: model.layers.13.input_layernorm.weight, dead_neurons_mask ct: 10.0
layernorm: model.layers.13.post_attention_layernorm.weight, dead_neurons_mask ct: 1.0
layernorm: model.layers.14.input_layernorm.weight, dead_neurons_mask ct: 9.0
layernorm: model.layers.14.post_attention_layernorm.weight, dead_neurons_mask ct: 2.0
layernorm: model.layers.15.input_layernorm.weight, dead_neurons_mask ct: 6.0
layernorm: model.layers.15.post_attention_layernorm.weight, dead_neurons_mask ct: 1.0
layernorm: model.layers.16.input_layernorm.weight, dead_neurons_mask ct: 5.0
layernorm: model.layers.16.post_attention_layernorm.weight, dead_neurons_mask ct: 1.0
layernorm: model.layers.17.input_layernorm.weight, dead_neurons_mask ct: 5.0
layernorm: model.layers.17.post_attention_layernorm.weight, dead_neurons_mask ct: 1.0
layernorm: model.layers.18.input_layernorm.weight, dead_neurons_mask ct: 4.0
layernorm: model.layers.18.post_attention_layernorm.weight, dead_neurons_mask ct: 1.0
layernorm: model.layers.19.input_layernorm.weight, dead_neurons_mask ct: 5.0
layernorm: model.layers.19.post_attention_layernorm.weight, dead_neurons_mask ct: 1.0
layernorm: model.layers.20.input_layernorm.weight, dead_neurons_mask ct: 4.0
layernorm: model.layers.20.post_attention_layernorm.weight, dead_neurons_mask ct: 1.0
layernorm: model.layers.21.input_layernorm.weight, dead_neurons_mask ct: 3.0
layernorm: model.layers.21.post_attention_layernorm.weight, dead_neurons_mask ct: 1.0
layernorm: model.layers.22.input_layernorm.weight, dead_neurons_mask ct: 4.0
layernorm: model.layers.22.post_attention_layernorm.weight, dead_neurons_mask ct: 0.0
layernorm: model.layers.23.input_layernorm.weight, dead_neurons_mask ct: 3.0
layernorm: model.layers.23.post_attention_layernorm.weight, dead_neurons_mask ct: 0.0
layernorm: model.layers.24.input_layernorm.weight, dead_neurons_mask ct: 4.0
layernorm: model.layers.24.post_attention_layernorm.weight, dead_neurons_mask ct: 1.0
layernorm: model.layers.25.input_layernorm.weight, dead_neurons_mask ct: 4.0
layernorm: model.layers.25.post_attention_layernorm.weight, dead_neurons_mask ct: 1.0
layernorm: model.layers.26.input_layernorm.weight, dead_neurons_mask ct: 3.0
layernorm: model.layers.26.post_attention_layernorm.weight, dead_neurons_mask ct: 1.0
layernorm: model.layers.27.input_layernorm.weight, dead_neurons_mask ct: 2.0
layernorm: model.layers.27.post_attention_layernorm.weight, dead_neurons_mask ct: 0.0
layernorm: model.layers.28.input_layernorm.weight, dead_neurons_mask ct: 3.0
layernorm: model.layers.28.post_attention_layernorm.weight, dead_neurons_mask ct: 1.0
layernorm: model.layers.29.input_layernorm.weight, dead_neurons_mask ct: 3.0
layernorm: model.layers.29.post_attention_layernorm.weight, dead_neurons_mask ct: 1.0
layernorm: model.layers.30.input_layernorm.weight, dead_neurons_mask ct: 3.0
layernorm: model.layers.30.post_attention_layernorm.weight, dead_neurons_mask ct: 1.0
layernorm: model.layers.31.input_layernorm.weight, dead_neurons_mask ct: 3.0
layernorm: model.layers.31.post_attention_layernorm.weight, dead_neurons_mask ct: 1.0
layernorm: model.layers.32.input_layernorm.weight, dead_neurons_mask ct: 4.0
layernorm: model.layers.32.post_attention_layernorm.weight, dead_neurons_mask ct: 2.0
layernorm: model.layers.33.input_layernorm.weight, dead_neurons_mask ct: 2.0
layernorm: model.layers.33.post_attention_layernorm.weight, dead_neurons_mask ct: 1.0
layernorm: model.layers.34.input_layernorm.weight, dead_neurons_mask ct: 3.0
layernorm: model.layers.34.post_attention_layernorm.weight, dead_neurons_mask ct: 1.0
layernorm: model.layers.35.input_layernorm.weight, dead_neurons_mask ct: 3.0
layernorm: model.layers.35.post_attention_layernorm.weight, dead_neurons_mask ct: 1.0
layernorm: model.layers.36.input_layernorm.weight, dead_neurons_mask ct: 2.0
layernorm: model.layers.36.post_attention_layernorm.weight, dead_neurons_mask ct: 2.0
layernorm: model.layers.37.input_layernorm.weight, dead_neurons_mask ct: 1.0
layernorm: model.layers.37.post_attention_layernorm.weight, dead_neurons_mask ct: 1.0
layernorm: model.layers.38.input_layernorm.weight, dead_neurons_mask ct: 3.0
layernorm: model.layers.38.post_attention_layernorm.weight, dead_neurons_mask ct: 1.0
layernorm: model.layers.39.input_layernorm.weight, dead_neurons_mask ct: 2.0
layernorm: model.layers.39.post_attention_layernorm.weight, dead_neurons_mask ct: 1.0
layernorm: model.layers.40.input_layernorm.weight, dead_neurons_mask ct: 2.0
layernorm: model.layers.40.post_attention_layernorm.weight, dead_neurons_mask ct: 1.0
layernorm: model.layers.41.input_layernorm.weight, dead_neurons_mask ct: 4.0
layernorm: model.layers.41.post_attention_layernorm.weight, dead_neurons_mask ct: 1.0
layernorm: model.layers.42.input_layernorm.weight, dead_neurons_mask ct: 1.0
layernorm: model.layers.42.post_attention_layernorm.weight, dead_neurons_mask ct: 1.0
layernorm: model.layers.43.input_layernorm.weight, dead_neurons_mask ct: 1.0
layernorm: model.layers.43.post_attention_layernorm.weight, dead_neurons_mask ct: 1.0
layernorm: model.layers.44.input_layernorm.weight, dead_neurons_mask ct: 2.0
layernorm: model.layers.44.post_attention_layernorm.weight, dead_neurons_mask ct: 1.0
layernorm: model.layers.45.input_layernorm.weight, dead_neurons_mask ct: 2.0
layernorm: model.layers.45.post_attention_layernorm.weight, dead_neurons_mask ct: 1.0
layernorm: model.layers.46.input_layernorm.weight, dead_neurons_mask ct: 1.0
layernorm: model.layers.46.post_attention_layernorm.weight, dead_neurons_mask ct: 1.0
layernorm: model.layers.47.input_layernorm.weight, dead_neurons_mask ct: 0.0
layernorm: model.layers.47.post_attention_layernorm.weight, dead_neurons_mask ct: 1.0
layernorm: model.layers.48.input_layernorm.weight, dead_neurons_mask ct: 0.0
layernorm: model.layers.48.post_attention_layernorm.weight, dead_neurons_mask ct: 1.0
layernorm: model.layers.49.input_layernorm.weight, dead_neurons_mask ct: 0.0
layernorm: model.layers.49.post_attention_layernorm.weight, dead_neurons_mask ct: 1.0
layernorm: model.layers.50.input_layernorm.weight, dead_neurons_mask ct: 2.0
layernorm: model.layers.50.post_attention_layernorm.weight, dead_neurons_mask ct: 1.0
layernorm: model.layers.51.input_layernorm.weight, dead_neurons_mask ct: 0.0
layernorm: model.layers.51.post_attention_layernorm.weight, dead_neurons_mask ct: 1.0
layernorm: model.layers.52.input_layernorm.weight, dead_neurons_mask ct: 2.0
layernorm: model.layers.52.post_attention_layernorm.weight, dead_neurons_mask ct: 1.0
layernorm: model.layers.53.input_layernorm.weight, dead_neurons_mask ct: 1.0
layernorm: model.layers.53.post_attention_layernorm.weight, dead_neurons_mask ct: 1.0
layernorm: model.layers.54.input_layernorm.weight, dead_neurons_mask ct: 0.0
layernorm: model.layers.54.post_attention_layernorm.weight, dead_neurons_mask ct: 1.0
layernorm: model.layers.55.input_layernorm.weight, dead_neurons_mask ct: 1.0
layernorm: model.layers.55.post_attention_layernorm.weight, dead_neurons_mask ct: 1.0
layernorm: model.layers.56.input_layernorm.weight, dead_neurons_mask ct: 3.0
layernorm: model.layers.56.post_attention_layernorm.weight, dead_neurons_mask ct: 1.0
layernorm: model.layers.57.input_layernorm.weight, dead_neurons_mask ct: 0.0
layernorm: model.layers.57.post_attention_layernorm.weight, dead_neurons_mask ct: 1.0
layernorm: model.layers.58.input_layernorm.weight, dead_neurons_mask ct: 3.0
layernorm: model.layers.58.post_attention_layernorm.weight, dead_neurons_mask ct: 2.0
layernorm: model.layers.59.input_layernorm.weight, dead_neurons_mask ct: 1.0
layernorm: model.layers.59.post_attention_layernorm.weight, dead_neurons_mask ct: 2.0
layernorm: model.layers.60.input_layernorm.weight, dead_neurons_mask ct: 2.0
layernorm: model.layers.60.post_attention_layernorm.weight, dead_neurons_mask ct: 0.0
layernorm: model.layers.61.input_layernorm.weight, dead_neurons_mask ct: 1.0
layernorm: model.layers.61.post_attention_layernorm.weight, dead_neurons_mask ct: 2.0
layernorm: model.layers.62.input_layernorm.weight, dead_neurons_mask ct: 2.0
layernorm: model.layers.62.post_attention_layernorm.weight, dead_neurons_mask ct: 2.0
layernorm: model.layers.63.input_layernorm.weight, dead_neurons_mask ct: 0.0
layernorm: model.layers.63.post_attention_layernorm.weight, dead_neurons_mask ct: 0.0
