name: model.layers.0.input_layernorm.weight, type: torch.float16, ratio: 0.04145977273583412, diff: 0.29520347714424133, norm: 7.120238780975342
name: model.layers.0.post_attention_layernorm.weight, type: torch.float16, ratio: 0.16798369586467743, diff: 1.5744801759719849, norm: 9.372815132141113
name: model.layers.1.input_layernorm.weight, type: torch.float16, ratio: 23.748104095458984, diff: 94.88646697998047, norm: 3.9955384731292725
name: model.layers.1.post_attention_layernorm.weight, type: torch.float16, ratio: 0.5159944295883179, diff: 4.250782012939453, norm: 8.238039016723633
name: model.layers.2.input_layernorm.weight, type: torch.float16, ratio: 2.977281093597412, diff: 17.555110931396484, norm: 5.896356582641602
name: model.layers.2.post_attention_layernorm.weight, type: torch.float16, ratio: 0.01029148232191801, diff: 0.1092018261551857, norm: 10.610894203186035
name: model.layers.3.input_layernorm.weight, type: torch.float16, ratio: 0.47402364015579224, diff: 3.4358410835266113, norm: 7.24824857711792
name: model.layers.3.post_attention_layernorm.weight, type: torch.float16, ratio: 0.01354281511157751, diff: 0.14421886205673218, norm: 10.649105072021484
name: model.layers.4.input_layernorm.weight, type: torch.float16, ratio: 0.7378498911857605, diff: 5.8212409019470215, norm: 7.889464855194092
name: model.layers.4.post_attention_layernorm.weight, type: torch.float16, ratio: 0.011199867352843285, diff: 0.12571457028388977, norm: 11.224648475646973
name: model.layers.5.input_layernorm.weight, type: torch.float16, ratio: 3.3761579990386963, diff: 30.326683044433594, norm: 8.9826021194458
name: model.layers.5.post_attention_layernorm.weight, type: torch.float16, ratio: 0.0183562058955431, diff: 0.19928106665611267, norm: 10.856331825256348
name: model.layers.6.input_layernorm.weight, type: torch.float16, ratio: 0.04986243322491646, diff: 0.448837548494339, norm: 9.001517295837402
name: model.layers.6.post_attention_layernorm.weight, type: torch.float16, ratio: 0.021824639290571213, diff: 0.2347768098115921, norm: 10.75741958618164
name: model.layers.7.input_layernorm.weight, type: torch.float16, ratio: 0.050083477050065994, diff: 0.4637698233127594, norm: 9.259936332702637
name: model.layers.7.post_attention_layernorm.weight, type: torch.float16, ratio: 0.01671513356268406, diff: 0.1781814694404602, norm: 10.659889221191406
name: model.layers.8.input_layernorm.weight, type: torch.float16, ratio: 0.022845258936285973, diff: 0.1964719295501709, norm: 8.600118637084961
name: model.layers.8.post_attention_layernorm.weight, type: torch.float16, ratio: 0.016469381749629974, diff: 0.16776928305625916, norm: 10.186738014221191
name: model.layers.9.input_layernorm.weight, type: torch.float16, ratio: 0.03199661150574684, diff: 0.2972432076931, norm: 9.289834022521973
name: model.layers.9.post_attention_layernorm.weight, type: torch.float16, ratio: 0.010293342173099518, diff: 0.09959227591753006, norm: 9.675407409667969
name: model.layers.10.input_layernorm.weight, type: torch.float16, ratio: 0.017199140042066574, diff: 0.17158754169940948, norm: 9.976518630981445
name: model.layers.10.post_attention_layernorm.weight, type: torch.float16, ratio: 0.01084691472351551, diff: 0.10774721950292587, norm: 9.933444023132324
name: model.layers.11.input_layernorm.weight, type: torch.float16, ratio: 0.020562002435326576, diff: 0.1921808421611786, norm: 9.346406936645508
name: model.layers.11.post_attention_layernorm.weight, type: torch.float16, ratio: 0.011643856763839722, diff: 0.12020234018564224, norm: 10.323241233825684
name: model.layers.12.input_layernorm.weight, type: torch.float16, ratio: 0.03401467949151993, diff: 0.32907235622406006, norm: 9.674421310424805
name: model.layers.12.post_attention_layernorm.weight, type: torch.float16, ratio: 0.01154127437621355, diff: 0.11809282004833221, norm: 10.232216835021973
name: model.layers.13.input_layernorm.weight, type: torch.float16, ratio: 0.03447359800338745, diff: 0.3277600407600403, norm: 9.507567405700684
name: model.layers.13.post_attention_layernorm.weight, type: torch.float16, ratio: 0.010842056944966316, diff: 0.11143846064805984, norm: 10.278350830078125
name: model.layers.14.input_layernorm.weight, type: torch.float16, ratio: 0.01612505130469799, diff: 0.1585865169763565, norm: 9.83479118347168
name: model.layers.14.post_attention_layernorm.weight, type: torch.float16, ratio: 0.010449315421283245, diff: 0.10788692533969879, norm: 10.324784278869629
name: model.layers.15.input_layernorm.weight, type: torch.float16, ratio: 0.11018702387809753, diff: 1.115914225578308, norm: 10.127455711364746
name: model.layers.15.post_attention_layernorm.weight, type: torch.float16, ratio: 0.010765263810753822, diff: 0.11329690366983414, norm: 10.524303436279297
name: model.layers.16.input_layernorm.weight, type: torch.float16, ratio: 0.016655107960104942, diff: 0.16159114241600037, norm: 9.702197074890137
name: model.layers.16.post_attention_layernorm.weight, type: torch.float16, ratio: 0.009509877301752567, diff: 0.0999608114361763, norm: 10.511261940002441
name: model.layers.17.input_layernorm.weight, type: torch.float16, ratio: 0.01513445470482111, diff: 0.15352898836135864, norm: 10.144335746765137
name: model.layers.17.post_attention_layernorm.weight, type: torch.float16, ratio: 0.01752304844558239, diff: 0.18335987627506256, norm: 10.4639253616333
name: model.layers.18.input_layernorm.weight, type: torch.float16, ratio: 0.015399827621877193, diff: 0.15519022941589355, norm: 10.077400207519531
name: model.layers.18.post_attention_layernorm.weight, type: torch.float16, ratio: 0.008779406547546387, diff: 0.09139076620340347, norm: 10.409674644470215
name: model.layers.19.input_layernorm.weight, type: torch.float16, ratio: 0.02092435397207737, diff: 0.21504519879817963, norm: 10.277268409729004
name: model.layers.19.post_attention_layernorm.weight, type: torch.float16, ratio: 0.011082536540925503, diff: 0.11612158268690109, norm: 10.477888107299805
name: model.layers.20.input_layernorm.weight, type: torch.float16, ratio: 0.020054345950484276, diff: 0.19953186810016632, norm: 9.949557304382324
name: model.layers.20.post_attention_layernorm.weight, type: torch.float16, ratio: 0.008872002363204956, diff: 0.09247399121522903, norm: 10.423125267028809
name: model.layers.21.input_layernorm.weight, type: torch.float16, ratio: 0.015097343362867832, diff: 0.15639010071754456, norm: 10.358782768249512
name: model.layers.21.post_attention_layernorm.weight, type: torch.float16, ratio: 0.009258756414055824, diff: 0.09657043218612671, norm: 10.43017292022705
name: model.layers.22.input_layernorm.weight, type: torch.float16, ratio: 0.014624004252254963, diff: 0.15405696630477905, norm: 10.534526824951172
name: model.layers.22.post_attention_layernorm.weight, type: torch.float16, ratio: 0.008599306456744671, diff: 0.09033771604299545, norm: 10.505232810974121
name: model.layers.23.input_layernorm.weight, type: torch.float16, ratio: 0.014902656897902489, diff: 0.15905748307704926, norm: 10.673095703125
name: model.layers.23.post_attention_layernorm.weight, type: torch.float16, ratio: 0.00872435700148344, diff: 0.09258504211902618, norm: 10.612248420715332
name: model.layers.24.input_layernorm.weight, type: torch.float16, ratio: 0.014315909706056118, diff: 0.15334159135818481, norm: 10.711271286010742
name: model.layers.24.post_attention_layernorm.weight, type: torch.float16, ratio: 0.00903831422328949, diff: 0.09619317948818207, norm: 10.642823219299316
name: model.layers.25.input_layernorm.weight, type: torch.float16, ratio: 0.053903352469205856, diff: 0.5893328785896301, norm: 10.93313980102539
name: model.layers.25.post_attention_layernorm.weight, type: torch.float16, ratio: 0.008630683645606041, diff: 0.09072420001029968, norm: 10.511820793151855
name: model.layers.26.input_layernorm.weight, type: torch.float16, ratio: 0.013386258855462074, diff: 0.1437448263168335, norm: 10.738237380981445
name: model.layers.26.post_attention_layernorm.weight, type: torch.float16, ratio: 0.008425706066191196, diff: 0.08812692016363144, norm: 10.459291458129883
name: model.layers.27.input_layernorm.weight, type: torch.float16, ratio: 0.01622777059674263, diff: 0.17160770297050476, norm: 10.57494068145752
name: model.layers.27.post_attention_layernorm.weight, type: torch.float16, ratio: 0.008128711953759193, diff: 0.08433734625577927, norm: 10.37524127960205
name: model.layers.28.input_layernorm.weight, type: torch.float16, ratio: 0.01547936163842678, diff: 0.16292737424373627, norm: 10.525458335876465
name: model.layers.28.post_attention_layernorm.weight, type: torch.float16, ratio: 0.008525005541741848, diff: 0.0882049947977066, norm: 10.346620559692383
name: model.layers.29.input_layernorm.weight, type: torch.float16, ratio: 0.01527748629450798, diff: 0.16037558019161224, norm: 10.49751091003418
name: model.layers.29.post_attention_layernorm.weight, type: torch.float16, ratio: 0.007941771298646927, diff: 0.08143533766269684, norm: 10.25405216217041
name: model.layers.30.input_layernorm.weight, type: torch.float16, ratio: 0.015884675085544586, diff: 0.16578085720539093, norm: 10.436528205871582
name: model.layers.30.post_attention_layernorm.weight, type: torch.float16, ratio: 0.008414245210587978, diff: 0.08562533557415009, norm: 10.17623519897461
name: model.layers.31.input_layernorm.weight, type: torch.float16, ratio: 0.015545305795967579, diff: 0.161789670586586, norm: 10.407622337341309
name: model.layers.31.post_attention_layernorm.weight, type: torch.float16, ratio: 0.008372600190341473, diff: 0.08565740287303925, norm: 10.230681419372559
name: model.layers.32.input_layernorm.weight, type: torch.float16, ratio: 0.01812104508280754, diff: 0.180221825838089, norm: 9.945443153381348
name: model.layers.32.post_attention_layernorm.weight, type: torch.float16, ratio: 0.007954827509820461, diff: 0.08457966148853302, norm: 10.632494926452637
name: model.layers.33.input_layernorm.weight, type: torch.float16, ratio: 0.015435777604579926, diff: 0.16678526997566223, norm: 10.805109977722168
name: model.layers.33.post_attention_layernorm.weight, type: torch.float16, ratio: 0.00767297251150012, diff: 0.08301805704832077, norm: 10.81954288482666
name: model.layers.34.input_layernorm.weight, type: torch.float16, ratio: 0.01576298475265503, diff: 0.17225492000579834, norm: 10.927810668945312
name: model.layers.34.post_attention_layernorm.weight, type: torch.float16, ratio: 0.007052560802549124, diff: 0.07749691605567932, norm: 10.988478660583496
name: model.layers.35.input_layernorm.weight, type: torch.float16, ratio: 0.01601301319897175, diff: 0.1792321652173996, norm: 11.192906379699707
name: model.layers.35.post_attention_layernorm.weight, type: torch.float16, ratio: 0.007046549115329981, diff: 0.07896144688129425, norm: 11.205690383911133
name: model.layers.36.input_layernorm.weight, type: torch.float16, ratio: 0.01653142273426056, diff: 0.18760201334953308, norm: 11.348207473754883
name: model.layers.36.post_attention_layernorm.weight, type: torch.float16, ratio: 0.007043587509542704, diff: 0.08029353618621826, norm: 11.39952278137207
name: model.layers.37.input_layernorm.weight, type: torch.float16, ratio: 0.015062710270285606, diff: 0.17686273157596588, norm: 11.74176025390625
name: model.layers.37.post_attention_layernorm.weight, type: torch.float16, ratio: 0.008033320307731628, diff: 0.09245956689119339, norm: 11.50950813293457
name: model.layers.38.input_layernorm.weight, type: torch.float16, ratio: 0.01525197084993124, diff: 0.18251797556877136, norm: 11.966845512390137
name: model.layers.38.post_attention_layernorm.weight, type: torch.float16, ratio: 0.008227460086345673, diff: 0.0984715074300766, norm: 11.968639373779297
name: model.layers.39.input_layernorm.weight, type: torch.float16, ratio: 0.014668232761323452, diff: 0.17849017679691315, norm: 12.168485641479492
name: model.layers.39.post_attention_layernorm.weight, type: torch.float16, ratio: 0.008467230945825577, diff: 0.09851818531751633, norm: 11.63523006439209
name: model.layers.40.input_layernorm.weight, type: torch.float16, ratio: 0.014922634698450565, diff: 0.17965857684612274, norm: 12.03933334350586
name: model.layers.40.post_attention_layernorm.weight, type: torch.float16, ratio: 0.008492703549563885, diff: 0.09936577826738358, norm: 11.700135231018066
name: model.layers.41.input_layernorm.weight, type: torch.float16, ratio: 0.01456592045724392, diff: 0.17969083786010742, norm: 12.336387634277344
name: model.layers.41.post_attention_layernorm.weight, type: torch.float16, ratio: 0.007580170873552561, diff: 0.08828125149011612, norm: 11.646340370178223
name: model.layers.42.input_layernorm.weight, type: torch.float16, ratio: 0.014771110378205776, diff: 0.17659172415733337, norm: 11.955209732055664
name: model.layers.42.post_attention_layernorm.weight, type: torch.float16, ratio: 0.007669401820749044, diff: 0.08868692070245743, norm: 11.56373405456543
name: model.layers.43.input_layernorm.weight, type: torch.float16, ratio: 0.01610966958105564, diff: 0.19006027281284332, norm: 11.797900199890137
name: model.layers.43.post_attention_layernorm.weight, type: torch.float16, ratio: 0.007772926706820726, diff: 0.08860446512699127, norm: 11.399112701416016
name: model.layers.44.input_layernorm.weight, type: torch.float16, ratio: 0.016341354697942734, diff: 0.18873167037963867, norm: 11.549328804016113
name: model.layers.44.post_attention_layernorm.weight, type: torch.float16, ratio: 0.00811750814318657, diff: 0.09131873399019241, norm: 11.249601364135742
name: model.layers.45.input_layernorm.weight, type: torch.float16, ratio: 0.015578793361783028, diff: 0.17782875895500183, norm: 11.414796829223633
name: model.layers.45.post_attention_layernorm.weight, type: torch.float16, ratio: 0.008071284741163254, diff: 0.08905935287475586, norm: 11.034098625183105
name: model.layers.46.input_layernorm.weight, type: torch.float16, ratio: 0.015454443171620369, diff: 0.17221276462078094, norm: 11.1432523727417
name: model.layers.46.post_attention_layernorm.weight, type: torch.float16, ratio: 0.00876125879585743, diff: 0.09475871920585632, norm: 10.815650939941406
name: model.layers.47.input_layernorm.weight, type: torch.float16, ratio: 0.016151608899235725, diff: 0.1748969852924347, norm: 10.828455924987793
name: model.layers.47.post_attention_layernorm.weight, type: torch.float16, ratio: 0.008807613514363766, diff: 0.09441071003675461, norm: 10.719215393066406
name: model.layers.48.input_layernorm.weight, type: torch.float16, ratio: 0.017114130780100822, diff: 0.1809852421283722, norm: 10.575193405151367
name: model.layers.48.post_attention_layernorm.weight, type: torch.float16, ratio: 0.008879169821739197, diff: 0.09329947084188461, norm: 10.507678985595703
name: model.layers.49.input_layernorm.weight, type: torch.float16, ratio: 0.01567557454109192, diff: 0.1627277433872223, norm: 10.380974769592285
name: model.layers.49.post_attention_layernorm.weight, type: torch.float16, ratio: 0.00932482909411192, diff: 0.0964946523308754, norm: 10.34814167022705
name: model.layers.50.input_layernorm.weight, type: torch.float16, ratio: 0.0158485509455204, diff: 0.16133727133274078, norm: 10.179938316345215
name: model.layers.50.post_attention_layernorm.weight, type: torch.float16, ratio: 0.008812112733721733, diff: 0.09050439298152924, norm: 10.270453453063965
name: model.layers.51.input_layernorm.weight, type: torch.float16, ratio: 0.01692230999469757, diff: 0.16574522852897644, norm: 9.794480323791504
name: model.layers.51.post_attention_layernorm.weight, type: torch.float16, ratio: 0.009116283617913723, diff: 0.09366737306118011, norm: 10.27473258972168
name: model.layers.52.input_layernorm.weight, type: torch.float16, ratio: 0.014912372455000877, diff: 0.1489391326904297, norm: 9.987621307373047
name: model.layers.52.post_attention_layernorm.weight, type: torch.float16, ratio: 0.008897949941456318, diff: 0.09020980447530746, norm: 10.13826847076416
name: model.layers.53.input_layernorm.weight, type: torch.float16, ratio: 0.015801992267370224, diff: 0.15075834095478058, norm: 9.540464401245117
name: model.layers.53.post_attention_layernorm.weight, type: torch.float16, ratio: 0.008983527310192585, diff: 0.09069879353046417, norm: 10.096122741699219
name: model.layers.54.input_layernorm.weight, type: torch.float16, ratio: 0.016187800094485283, diff: 0.1534043252468109, norm: 9.476539611816406
name: model.layers.54.post_attention_layernorm.weight, type: torch.float16, ratio: 0.009007228538393974, diff: 0.09056602418422699, norm: 10.054816246032715
name: model.layers.55.input_layernorm.weight, type: torch.float16, ratio: 0.01528462115675211, diff: 0.14488796889781952, norm: 9.479330062866211
name: model.layers.55.post_attention_layernorm.weight, type: torch.float16, ratio: 0.01019186433404684, diff: 0.10202112048864365, norm: 10.010054588317871
name: model.layers.56.input_layernorm.weight, type: torch.float16, ratio: 0.014325649477541447, diff: 0.13538500666618347, norm: 9.450531959533691
name: model.layers.56.post_attention_layernorm.weight, type: torch.float16, ratio: 0.009298616088926792, diff: 0.09295545518398285, norm: 9.996697425842285
name: model.layers.57.input_layernorm.weight, type: torch.float16, ratio: 0.015131517313420773, diff: 0.14345704019069672, norm: 9.480677604675293
name: model.layers.57.post_attention_layernorm.weight, type: torch.float16, ratio: 0.009361234493553638, diff: 0.09373865276575089, norm: 10.013492584228516
name: model.layers.58.input_layernorm.weight, type: torch.float16, ratio: 0.014870613813400269, diff: 0.13469065725803375, norm: 9.057504653930664
name: model.layers.58.post_attention_layernorm.weight, type: torch.float16, ratio: 0.010163417086005211, diff: 0.10205588489770889, norm: 10.04149341583252
name: model.layers.59.input_layernorm.weight, type: torch.float16, ratio: 0.013149038888514042, diff: 0.12654359638690948, norm: 9.623790740966797
name: model.layers.59.post_attention_layernorm.weight, type: torch.float16, ratio: 0.010027622804045677, diff: 0.10435077548027039, norm: 10.406332015991211
name: model.layers.60.input_layernorm.weight, type: torch.float16, ratio: 0.013547861948609352, diff: 0.13255205750465393, norm: 9.78398323059082
name: model.layers.60.post_attention_layernorm.weight, type: torch.float16, ratio: 0.009674394503235817, diff: 0.1030179113149643, norm: 10.648512840270996
name: model.layers.61.input_layernorm.weight, type: torch.float16, ratio: 0.014415616169571877, diff: 0.1428404301404953, norm: 9.90872859954834
name: model.layers.61.post_attention_layernorm.weight, type: torch.float16, ratio: 0.01026674173772335, diff: 0.10906274616718292, norm: 10.622917175292969
name: model.layers.62.input_layernorm.weight, type: torch.float16, ratio: 0.039242349565029144, diff: 0.41768527030944824, norm: 10.64373779296875
name: model.layers.62.post_attention_layernorm.weight, type: torch.float16, ratio: 0.011163094080984592, diff: 0.12978920340538025, norm: 11.626633644104004
name: model.layers.63.input_layernorm.weight, type: torch.float16, ratio: 0.012929502874612808, diff: 0.1422044038772583, norm: 10.998443603515625
name: model.layers.63.post_attention_layernorm.weight, type: torch.float16, ratio: 0.011235560290515423, diff: 0.1382291316986084, norm: 12.302824974060059
name: model.layers.0.self_attn.q_proj.weight, type: torch.int8, ratio: 0.06035706028342247, diff: 6124.904296875, norm: 101477.84375
name: model.layers.0.self_attn.k_proj.weight, type: torch.int8, ratio: 0.05181139335036278, diff: 2767.40625, norm: 53413.08203125
name: model.layers.0.self_attn.v_proj.weight, type: torch.int8, ratio: 0.09178479760885239, diff: 6138.66064453125, norm: 66881.015625
name: model.layers.0.self_attn.o_proj.weight, type: torch.int8, ratio: 0.3992750644683838, diff: 54771.25390625, norm: 137176.75
name: model.layers.0.mlp.gate_proj.weight, type: torch.int8, ratio: 0.06455796957015991, diff: 13119.7529296875, norm: 203224.375
name: model.layers.0.mlp.up_proj.weight, type: torch.int8, ratio: 0.06514300405979156, diff: 14633.13671875, norm: 224630.984375
name: model.layers.1.self_attn.q_proj.weight, type: torch.int8, ratio: 0.07924645394086838, diff: 1982.228271484375, norm: 25013.462890625
name: model.layers.1.self_attn.k_proj.weight, type: torch.int8, ratio: 0.07055968791246414, diff: 1035.2628173828125, norm: 14672.15625
name: model.layers.1.self_attn.v_proj.weight, type: torch.int8, ratio: 0.09079596400260925, diff: 2210.269287109375, norm: 24343.25390625
name: model.layers.1.self_attn.o_proj.weight, type: torch.int8, ratio: 0.3969113528728485, diff: 53560.85546875, norm: 134944.125
name: model.layers.1.mlp.gate_proj.weight, type: torch.int8, ratio: 0.06460187584161758, diff: 3368.411376953125, norm: 52141.07421875
name: model.layers.1.mlp.up_proj.weight, type: torch.int8, ratio: 0.09533703327178955, diff: 6480.64306640625, norm: 67976.1328125
name: model.layers.2.self_attn.q_proj.weight, type: torch.int8, ratio: 0.07705072313547134, diff: 2595.7724609375, norm: 33689.13671875
name: model.layers.2.self_attn.k_proj.weight, type: torch.int8, ratio: 0.07244808971881866, diff: 1118.7725830078125, norm: 15442.40234375
name: model.layers.2.self_attn.v_proj.weight, type: torch.int8, ratio: 0.08018827438354492, diff: 2718.212646484375, norm: 33897.8828125
name: model.layers.2.self_attn.o_proj.weight, type: torch.int8, ratio: 0.3970029950141907, diff: 58458.078125, norm: 147248.453125
name: model.layers.2.mlp.gate_proj.weight, type: torch.int8, ratio: 0.060834575444459915, diff: 4149.5478515625, norm: 68210.3515625
name: model.layers.2.mlp.up_proj.weight, type: torch.int8, ratio: 0.1223362609744072, diff: 11426.4580078125, norm: 93402.0546875
name: model.layers.3.self_attn.q_proj.weight, type: torch.int8, ratio: 0.07587125897407532, diff: 3808.470947265625, norm: 50196.4921875
name: model.layers.3.self_attn.k_proj.weight, type: torch.int8, ratio: 0.07183690369129181, diff: 1487.8824462890625, norm: 20711.951171875
name: model.layers.3.self_attn.v_proj.weight, type: torch.int8, ratio: 0.09606470167636871, diff: 3421.289306640625, norm: 35614.42578125
name: model.layers.3.self_attn.o_proj.weight, type: torch.int8, ratio: 0.397882878780365, diff: 60751.671875, norm: 152687.328125
name: model.layers.3.mlp.gate_proj.weight, type: torch.int8, ratio: 0.06195485219359398, diff: 5137.10791015625, norm: 82916.9609375
name: model.layers.3.mlp.up_proj.weight, type: torch.int8, ratio: 0.14373716711997986, diff: 18539.23046875, norm: 128980.078125
name: model.layers.4.self_attn.q_proj.weight, type: torch.int8, ratio: 0.07130895555019379, diff: 3654.492431640625, norm: 51248.71875
name: model.layers.4.self_attn.k_proj.weight, type: torch.int8, ratio: 0.06351824849843979, diff: 1407.0838623046875, norm: 22152.435546875
name: model.layers.4.self_attn.v_proj.weight, type: torch.int8, ratio: 0.07542286813259125, diff: 2954.560302734375, norm: 39173.26953125
name: model.layers.4.self_attn.o_proj.weight, type: torch.int8, ratio: 0.3970849812030792, diff: 62522.6484375, norm: 157454.078125
name: model.layers.4.mlp.gate_proj.weight, type: torch.int8, ratio: 0.06052272394299507, diff: 6559.015625, norm: 108372.7734375
name: model.layers.4.mlp.up_proj.weight, type: torch.int8, ratio: 0.0840073674917221, diff: 14055.1767578125, norm: 167308.859375
name: model.layers.5.self_attn.q_proj.weight, type: torch.int8, ratio: 0.07539652287960052, diff: 5115.3701171875, norm: 67846.234375
name: model.layers.5.self_attn.k_proj.weight, type: torch.int8, ratio: 0.07179419696331024, diff: 2163.427490234375, norm: 30133.736328125
name: model.layers.5.self_attn.v_proj.weight, type: torch.int8, ratio: 0.08063919842243195, diff: 3239.93798828125, norm: 40178.203125
name: model.layers.5.self_attn.o_proj.weight, type: torch.int8, ratio: 0.3974625766277313, diff: 64437.546875, norm: 162122.296875
name: model.layers.5.mlp.gate_proj.weight, type: torch.int8, ratio: 0.06954119354486465, diff: 7668.47314453125, norm: 110272.3828125
name: model.layers.5.mlp.up_proj.weight, type: torch.int8, ratio: 0.07597782462835312, diff: 17236.1328125, norm: 226857.40625
name: model.layers.6.self_attn.q_proj.weight, type: torch.int8, ratio: 0.07612322270870209, diff: 4883.10546875, norm: 64147.3828125
name: model.layers.6.self_attn.k_proj.weight, type: torch.int8, ratio: 0.07266862690448761, diff: 2131.7451171875, norm: 29335.150390625
name: model.layers.6.self_attn.v_proj.weight, type: torch.int8, ratio: 0.07157723605632782, diff: 3393.268310546875, norm: 47407.0859375
name: model.layers.6.self_attn.o_proj.weight, type: torch.int8, ratio: 0.39742952585220337, diff: 63846.0703125, norm: 160647.53125
name: model.layers.6.mlp.gate_proj.weight, type: torch.int8, ratio: 0.07811800390481949, diff: 6368.349609375, norm: 81522.171875
name: model.layers.6.mlp.up_proj.weight, type: torch.int8, ratio: 0.0665038675069809, diff: 15979.298828125, norm: 240276.234375
name: model.layers.7.self_attn.q_proj.weight, type: torch.int8, ratio: 0.0728820413351059, diff: 5203.9619140625, norm: 71402.5234375
name: model.layers.7.self_attn.k_proj.weight, type: torch.int8, ratio: 0.07370537519454956, diff: 2318.276123046875, norm: 31453.283203125
name: model.layers.7.self_attn.v_proj.weight, type: torch.int8, ratio: 0.06758306175470352, diff: 3639.339599609375, norm: 53849.875
name: model.layers.7.self_attn.o_proj.weight, type: torch.int8, ratio: 0.39675775170326233, diff: 64659.265625, norm: 162969.125
name: model.layers.7.mlp.gate_proj.weight, type: torch.int8, ratio: 0.08354844897985458, diff: 8549.7529296875, norm: 102332.875
name: model.layers.7.mlp.up_proj.weight, type: torch.int8, ratio: 0.06753048300743103, diff: 21873.853515625, norm: 323910.8125
name: model.layers.8.self_attn.q_proj.weight, type: torch.int8, ratio: 0.07806120067834854, diff: 4779.3984375, norm: 61226.296875
name: model.layers.8.self_attn.k_proj.weight, type: torch.int8, ratio: 0.0763307586312294, diff: 2130.98681640625, norm: 27917.798828125
name: model.layers.8.self_attn.v_proj.weight, type: torch.int8, ratio: 0.07672234624624252, diff: 3409.17919921875, norm: 44435.28515625
name: model.layers.8.self_attn.o_proj.weight, type: torch.int8, ratio: 0.39717715978622437, diff: 62909.4609375, norm: 158391.4375
name: model.layers.8.mlp.gate_proj.weight, type: torch.int8, ratio: 0.08558880537748337, diff: 11523.6767578125, norm: 134640.0
name: model.layers.8.mlp.up_proj.weight, type: torch.int8, ratio: 0.0696093887090683, diff: 24801.076171875, norm: 356289.25
name: model.layers.9.self_attn.q_proj.weight, type: torch.int8, ratio: 0.07326371967792511, diff: 5349.40087890625, norm: 73015.6875
name: model.layers.9.self_attn.k_proj.weight, type: torch.int8, ratio: 0.07178553193807602, diff: 2219.2958984375, norm: 30915.64453125
name: model.layers.9.self_attn.v_proj.weight, type: torch.int8, ratio: 0.06811913102865219, diff: 3484.070556640625, norm: 51146.7265625
name: model.layers.9.self_attn.o_proj.weight, type: torch.int8, ratio: 0.3969804346561432, diff: 61997.421875, norm: 156172.484375
name: model.layers.9.mlp.gate_proj.weight, type: torch.int8, ratio: 0.06731848418712616, diff: 17366.404296875, norm: 257973.78125
name: model.layers.9.mlp.up_proj.weight, type: torch.int8, ratio: 0.06783498823642731, diff: 24666.900390625, norm: 363630.9375
name: model.layers.10.self_attn.q_proj.weight, type: torch.int8, ratio: 0.07077374309301376, diff: 6615.4765625, norm: 93473.6015625
name: model.layers.10.self_attn.k_proj.weight, type: torch.int8, ratio: 0.06881998479366302, diff: 2802.278076171875, norm: 40718.95703125
name: model.layers.10.self_attn.v_proj.weight, type: torch.int8, ratio: 0.06941954791545868, diff: 3857.978271484375, norm: 55574.80859375
name: model.layers.10.self_attn.o_proj.weight, type: torch.int8, ratio: 0.3967738449573517, diff: 62870.0703125, norm: 158453.15625
name: model.layers.10.mlp.gate_proj.weight, type: torch.int8, ratio: 0.06743525713682175, diff: 17004.8046875, norm: 252164.90625
name: model.layers.10.mlp.up_proj.weight, type: torch.int8, ratio: 0.06744985282421112, diff: 24563.2421875, norm: 364170.4375
name: model.layers.11.self_attn.q_proj.weight, type: torch.int8, ratio: 0.07409010082483292, diff: 5275.4287109375, norm: 71202.8828125
name: model.layers.11.self_attn.k_proj.weight, type: torch.int8, ratio: 0.06758863478899002, diff: 2108.858642578125, norm: 31201.37890625
name: model.layers.11.self_attn.v_proj.weight, type: torch.int8, ratio: 0.07161659002304077, diff: 3278.124267578125, norm: 45773.25390625
name: model.layers.11.self_attn.o_proj.weight, type: torch.int8, ratio: 0.39721518754959106, diff: 61799.609375, norm: 155582.1875
name: model.layers.11.mlp.gate_proj.weight, type: torch.int8, ratio: 0.06967499107122421, diff: 19492.517578125, norm: 279763.46875
name: model.layers.11.mlp.up_proj.weight, type: torch.int8, ratio: 0.06939362734556198, diff: 25824.15234375, norm: 372140.09375
name: model.layers.12.self_attn.q_proj.weight, type: torch.int8, ratio: 0.07659102231264114, diff: 5696.3701171875, norm: 74373.859375
name: model.layers.12.self_attn.k_proj.weight, type: torch.int8, ratio: 0.07319718599319458, diff: 2378.5546875, norm: 32495.1640625
name: model.layers.12.self_attn.v_proj.weight, type: torch.int8, ratio: 0.07416107505559921, diff: 4242.08203125, norm: 57200.92578125
name: model.layers.12.self_attn.o_proj.weight, type: torch.int8, ratio: 0.39746078848838806, diff: 62668.23046875, norm: 157671.484375
name: model.layers.12.mlp.gate_proj.weight, type: torch.int8, ratio: 0.06844644993543625, diff: 22636.265625, norm: 330714.96875
name: model.layers.12.mlp.up_proj.weight, type: torch.int8, ratio: 0.06911153346300125, diff: 25983.814453125, norm: 375969.28125
name: model.layers.13.self_attn.q_proj.weight, type: torch.int8, ratio: 0.07690829783678055, diff: 5621.232421875, norm: 73090.0625
name: model.layers.13.self_attn.k_proj.weight, type: torch.int8, ratio: 0.07736684381961823, diff: 2468.67578125, norm: 31908.705078125
name: model.layers.13.self_attn.v_proj.weight, type: torch.int8, ratio: 0.07053866982460022, diff: 3726.44140625, norm: 52828.34765625
name: model.layers.13.self_attn.o_proj.weight, type: torch.int8, ratio: 0.39735814929008484, diff: 62114.56640625, norm: 156318.84375
name: model.layers.13.mlp.gate_proj.weight, type: torch.int8, ratio: 0.06987866759300232, diff: 23025.06640625, norm: 329500.65625
name: model.layers.13.mlp.up_proj.weight, type: torch.int8, ratio: 0.06992853432893753, diff: 26083.224609375, norm: 372998.3125
name: model.layers.14.self_attn.q_proj.weight, type: torch.int8, ratio: 0.07628519833087921, diff: 6204.33251953125, norm: 81330.75
name: model.layers.14.self_attn.k_proj.weight, type: torch.int8, ratio: 0.0722096711397171, diff: 2486.355712890625, norm: 34432.44921875
name: model.layers.14.self_attn.v_proj.weight, type: torch.int8, ratio: 0.07280915975570679, diff: 4064.649658203125, norm: 55826.078125
name: model.layers.14.self_attn.o_proj.weight, type: torch.int8, ratio: 0.39733463525772095, diff: 63975.13671875, norm: 161010.71875
name: model.layers.14.mlp.gate_proj.weight, type: torch.int8, ratio: 0.07104585319757462, diff: 23388.677734375, norm: 329205.375
name: model.layers.14.mlp.up_proj.weight, type: torch.int8, ratio: 0.07085836678743362, diff: 26371.474609375, norm: 372171.65625
name: model.layers.15.self_attn.q_proj.weight, type: torch.int8, ratio: 0.07660168409347534, diff: 6365.0009765625, norm: 83092.1796875
name: model.layers.15.self_attn.k_proj.weight, type: torch.int8, ratio: 0.07448961585760117, diff: 2581.139892578125, norm: 34651.00390625
name: model.layers.15.self_attn.v_proj.weight, type: torch.int8, ratio: 0.06999482214450836, diff: 4450.0751953125, norm: 63577.20703125
name: model.layers.15.self_attn.o_proj.weight, type: torch.int8, ratio: 0.39689740538597107, diff: 64186.04296875, norm: 161719.484375
name: model.layers.15.mlp.gate_proj.weight, type: torch.int8, ratio: 0.07275865226984024, diff: 23601.267578125, norm: 324377.46875
name: model.layers.15.mlp.up_proj.weight, type: torch.int8, ratio: 0.07316910475492477, diff: 26980.1640625, norm: 368737.125
name: model.layers.16.self_attn.q_proj.weight, type: torch.int8, ratio: 0.07709606736898422, diff: 5400.0517578125, norm: 70043.15625
name: model.layers.16.self_attn.k_proj.weight, type: torch.int8, ratio: 0.07334268093109131, diff: 2231.4521484375, norm: 30425.013671875
name: model.layers.16.self_attn.v_proj.weight, type: torch.int8, ratio: 0.07405664771795273, diff: 4230.6923828125, norm: 57127.78515625
name: model.layers.16.self_attn.o_proj.weight, type: torch.int8, ratio: 0.3975062072277069, diff: 61073.23828125, norm: 153640.96875
name: model.layers.16.mlp.gate_proj.weight, type: torch.int8, ratio: 0.07244868576526642, diff: 24626.7734375, norm: 339920.21875
name: model.layers.16.mlp.up_proj.weight, type: torch.int8, ratio: 0.07252294570207596, diff: 26640.560546875, norm: 367339.75
name: model.layers.17.self_attn.q_proj.weight, type: torch.int8, ratio: 0.07890043407678604, diff: 6211.2666015625, norm: 78722.84375
name: model.layers.17.self_attn.k_proj.weight, type: torch.int8, ratio: 0.0754903182387352, diff: 2589.645263671875, norm: 34304.3359375
name: model.layers.17.self_attn.v_proj.weight, type: torch.int8, ratio: 0.07854308933019638, diff: 4245.78369140625, norm: 54056.74609375
name: model.layers.17.self_attn.o_proj.weight, type: torch.int8, ratio: 0.39812561869621277, diff: 63037.2890625, norm: 158335.171875
name: model.layers.17.mlp.gate_proj.weight, type: torch.int8, ratio: 0.07330811768770218, diff: 24574.767578125, norm: 335225.71875
name: model.layers.17.mlp.up_proj.weight, type: torch.int8, ratio: 0.07292701303958893, diff: 26712.4375, norm: 366290.03125
name: model.layers.18.self_attn.q_proj.weight, type: torch.int8, ratio: 0.0799989402294159, diff: 5841.8125, norm: 73023.625
name: model.layers.18.self_attn.k_proj.weight, type: torch.int8, ratio: 0.07932474464178085, diff: 2658.741943359375, norm: 33517.18359375
name: model.layers.18.self_attn.v_proj.weight, type: torch.int8, ratio: 0.07558873295783997, diff: 4129.2158203125, norm: 54627.3984375
name: model.layers.18.self_attn.o_proj.weight, type: torch.int8, ratio: 0.39765894412994385, diff: 61947.265625, norm: 155779.890625
name: model.layers.18.mlp.gate_proj.weight, type: torch.int8, ratio: 0.07399994134902954, diff: 24800.986328125, norm: 335148.71875
name: model.layers.18.mlp.up_proj.weight, type: torch.int8, ratio: 0.07347165048122406, diff: 26801.44140625, norm: 364786.15625
name: model.layers.19.self_attn.q_proj.weight, type: torch.int8, ratio: 0.08062214404344559, diff: 6004.263671875, norm: 74474.125
name: model.layers.19.self_attn.k_proj.weight, type: torch.int8, ratio: 0.07974603027105331, diff: 2794.464111328125, norm: 35042.046875
name: model.layers.19.self_attn.v_proj.weight, type: torch.int8, ratio: 0.07418495416641235, diff: 4164.53369140625, norm: 56137.17578125
name: model.layers.19.self_attn.o_proj.weight, type: torch.int8, ratio: 0.3977540135383606, diff: 61383.06640625, norm: 154324.1875
name: model.layers.19.mlp.gate_proj.weight, type: torch.int8, ratio: 0.07487152516841888, diff: 25112.541015625, norm: 335408.4375
name: model.layers.19.mlp.up_proj.weight, type: torch.int8, ratio: 0.07398721575737, diff: 27023.1171875, norm: 365240.34375
name: model.layers.20.self_attn.q_proj.weight, type: torch.int8, ratio: 0.08440086245536804, diff: 5879.13720703125, norm: 69657.3125
name: model.layers.20.self_attn.k_proj.weight, type: torch.int8, ratio: 0.08127924799919128, diff: 2614.1259765625, norm: 32162.28125
name: model.layers.20.self_attn.v_proj.weight, type: torch.int8, ratio: 0.07861831039190292, diff: 3898.946533203125, norm: 49593.36328125
name: model.layers.20.self_attn.o_proj.weight, type: torch.int8, ratio: 0.3983714282512665, diff: 63387.38671875, norm: 159116.296875
name: model.layers.20.mlp.gate_proj.weight, type: torch.int8, ratio: 0.07557036727666855, diff: 24597.798828125, norm: 325495.28125
name: model.layers.20.mlp.up_proj.weight, type: torch.int8, ratio: 0.07412759214639664, diff: 26775.615234375, norm: 361209.84375
name: model.layers.21.self_attn.q_proj.weight, type: torch.int8, ratio: 0.07905372977256775, diff: 5919.11962890625, norm: 74874.640625
name: model.layers.21.self_attn.k_proj.weight, type: torch.int8, ratio: 0.0742538645863533, diff: 2519.334716796875, norm: 33928.66796875
name: model.layers.21.self_attn.v_proj.weight, type: torch.int8, ratio: 0.07633740454912186, diff: 3819.104248046875, norm: 50029.265625
name: model.layers.21.self_attn.o_proj.weight, type: torch.int8, ratio: 0.39834368228912354, diff: 63527.55859375, norm: 159479.265625
name: model.layers.21.mlp.gate_proj.weight, type: torch.int8, ratio: 0.07654839009046555, diff: 24393.8046875, norm: 318671.6875
name: model.layers.21.mlp.up_proj.weight, type: torch.int8, ratio: 0.07473547756671906, diff: 26731.681640625, norm: 357683.96875
name: model.layers.22.self_attn.q_proj.weight, type: torch.int8, ratio: 0.08457604050636292, diff: 6239.60400390625, norm: 73775.078125
name: model.layers.22.self_attn.k_proj.weight, type: torch.int8, ratio: 0.08215849846601486, diff: 2602.6494140625, norm: 31678.396484375
name: model.layers.22.self_attn.v_proj.weight, type: torch.int8, ratio: 0.07331995666027069, diff: 3816.130615234375, norm: 52047.63671875
name: model.layers.22.self_attn.o_proj.weight, type: torch.int8, ratio: 0.39748692512512207, diff: 62592.64453125, norm: 157470.953125
name: model.layers.22.mlp.gate_proj.weight, type: torch.int8, ratio: 0.07722130417823792, diff: 23975.12890625, norm: 310473.0
name: model.layers.22.mlp.up_proj.weight, type: torch.int8, ratio: 0.07496336847543716, diff: 27054.345703125, norm: 360900.875
name: model.layers.23.self_attn.q_proj.weight, type: torch.int8, ratio: 0.08399822562932968, diff: 6512.63525390625, norm: 77533.0078125
name: model.layers.23.self_attn.k_proj.weight, type: torch.int8, ratio: 0.08145971596240997, diff: 2726.633056640625, norm: 33472.1640625
name: model.layers.23.self_attn.v_proj.weight, type: torch.int8, ratio: 0.07072246819734573, diff: 4181.9990234375, norm: 59132.5390625
name: model.layers.23.self_attn.o_proj.weight, type: torch.int8, ratio: 0.3972662389278412, diff: 60646.265625, norm: 152659.0
name: model.layers.23.mlp.gate_proj.weight, type: torch.int8, ratio: 0.07746225595474243, diff: 23922.26953125, norm: 308824.84375
name: model.layers.23.mlp.up_proj.weight, type: torch.int8, ratio: 0.07521776109933853, diff: 27141.271484375, norm: 360835.9375
name: model.layers.24.self_attn.q_proj.weight, type: torch.int8, ratio: 0.08687235414981842, diff: 6366.28955078125, norm: 73283.265625
name: model.layers.24.self_attn.k_proj.weight, type: torch.int8, ratio: 0.08539865911006927, diff: 2781.21630859375, norm: 32567.447265625
name: model.layers.24.self_attn.v_proj.weight, type: torch.int8, ratio: 0.07636202126741409, diff: 4229.44873046875, norm: 55386.80859375
name: model.layers.24.self_attn.o_proj.weight, type: torch.int8, ratio: 0.39782118797302246, diff: 63071.88671875, norm: 158543.3125
name: model.layers.24.mlp.gate_proj.weight, type: torch.int8, ratio: 0.07728049159049988, diff: 24931.888671875, norm: 322615.5625
name: model.layers.24.mlp.up_proj.weight, type: torch.int8, ratio: 0.07547877728939056, diff: 27472.744140625, norm: 363979.71875
name: model.layers.25.self_attn.q_proj.weight, type: torch.int8, ratio: 0.09034791588783264, diff: 6856.99365234375, norm: 75895.4296875
name: model.layers.25.self_attn.k_proj.weight, type: torch.int8, ratio: 0.09049393981695175, diff: 3294.964111328125, norm: 36410.8828125
name: model.layers.25.self_attn.v_proj.weight, type: torch.int8, ratio: 0.07645314186811447, diff: 4210.9287109375, norm: 55078.5546875
name: model.layers.25.self_attn.o_proj.weight, type: torch.int8, ratio: 0.39787009358406067, diff: 62480.6328125, norm: 157037.765625
name: model.layers.25.mlp.gate_proj.weight, type: torch.int8, ratio: 0.07746735960245132, diff: 26258.150390625, norm: 338957.59375
name: model.layers.25.mlp.up_proj.weight, type: torch.int8, ratio: 0.07567306607961655, diff: 27537.765625, norm: 363904.4375
name: model.layers.26.self_attn.q_proj.weight, type: torch.int8, ratio: 0.08177530020475388, diff: 6872.0458984375, norm: 84035.71875
name: model.layers.26.self_attn.k_proj.weight, type: torch.int8, ratio: 0.07612884044647217, diff: 2989.436279296875, norm: 39268.1171875
name: model.layers.26.self_attn.v_proj.weight, type: torch.int8, ratio: 0.07862089574337006, diff: 4334.66650390625, norm: 55133.7734375
name: model.layers.26.self_attn.o_proj.weight, type: torch.int8, ratio: 0.39836397767066956, diff: 62367.05078125, norm: 156557.953125
name: model.layers.26.mlp.gate_proj.weight, type: torch.int8, ratio: 0.07794827222824097, diff: 26337.40234375, norm: 337883.09375
name: model.layers.26.mlp.up_proj.weight, type: torch.int8, ratio: 0.07545527070760727, diff: 27128.16796875, norm: 359526.46875
name: model.layers.27.self_attn.q_proj.weight, type: torch.int8, ratio: 0.08221914619207382, diff: 6536.45849609375, norm: 79500.4453125
name: model.layers.27.self_attn.k_proj.weight, type: torch.int8, ratio: 0.0756208673119545, diff: 2647.30419921875, norm: 35007.58984375
name: model.layers.27.self_attn.v_proj.weight, type: torch.int8, ratio: 0.07506373524665833, diff: 3950.814453125, norm: 52632.80078125
name: model.layers.27.self_attn.o_proj.weight, type: torch.int8, ratio: 0.3976284861564636, diff: 63980.3046875, norm: 160904.734375
name: model.layers.27.mlp.gate_proj.weight, type: torch.int8, ratio: 0.07860548794269562, diff: 25786.81640625, norm: 328053.625
name: model.layers.27.mlp.up_proj.weight, type: torch.int8, ratio: 0.07546605914831161, diff: 26799.8828125, norm: 355124.96875
name: model.layers.28.self_attn.q_proj.weight, type: torch.int8, ratio: 0.08909796178340912, diff: 6684.169921875, norm: 75020.4609375
name: model.layers.28.self_attn.k_proj.weight, type: torch.int8, ratio: 0.08544222265481949, diff: 2832.6435546875, norm: 33152.73828125
name: model.layers.28.self_attn.v_proj.weight, type: torch.int8, ratio: 0.06809552013874054, diff: 3685.967529296875, norm: 54129.37109375
name: model.layers.28.self_attn.o_proj.weight, type: torch.int8, ratio: 0.3971438705921173, diff: 60311.30859375, norm: 151862.625
name: model.layers.28.mlp.gate_proj.weight, type: torch.int8, ratio: 0.0791488066315651, diff: 23997.75390625, norm: 303197.9375
name: model.layers.28.mlp.up_proj.weight, type: torch.int8, ratio: 0.07481741160154343, diff: 26110.09375, norm: 348984.1875
name: model.layers.29.self_attn.q_proj.weight, type: torch.int8, ratio: 0.09209970384836197, diff: 7235.9033203125, norm: 78565.9765625
name: model.layers.29.self_attn.k_proj.weight, type: torch.int8, ratio: 0.09359768778085709, diff: 3160.090087890625, norm: 33762.48046875
name: model.layers.29.self_attn.v_proj.weight, type: torch.int8, ratio: 0.0693122148513794, diff: 3900.87841796875, norm: 56279.8125
name: model.layers.29.self_attn.o_proj.weight, type: torch.int8, ratio: 0.396416574716568, diff: 60342.10546875, norm: 152218.921875
name: model.layers.29.mlp.gate_proj.weight, type: torch.int8, ratio: 0.07955186814069748, diff: 24460.32421875, norm: 307476.4375
name: model.layers.29.mlp.up_proj.weight, type: torch.int8, ratio: 0.07467930018901825, diff: 26619.861328125, norm: 356455.6875
name: model.layers.30.self_attn.q_proj.weight, type: torch.int8, ratio: 0.0882202684879303, diff: 7325.8056640625, norm: 83039.9375
name: model.layers.30.self_attn.k_proj.weight, type: torch.int8, ratio: 0.08480396866798401, diff: 2915.145751953125, norm: 34375.109375
name: model.layers.30.self_attn.v_proj.weight, type: torch.int8, ratio: 0.06755544245243073, diff: 4165.58154296875, norm: 61661.671875
name: model.layers.30.self_attn.o_proj.weight, type: torch.int8, ratio: 0.396195650100708, diff: 60312.80859375, norm: 152229.859375
name: model.layers.30.mlp.gate_proj.weight, type: torch.int8, ratio: 0.07992754876613617, diff: 25039.947265625, norm: 313283.0625
name: model.layers.30.mlp.up_proj.weight, type: torch.int8, ratio: 0.07453425973653793, diff: 27014.244140625, norm: 362440.625
name: model.layers.31.self_attn.q_proj.weight, type: torch.int8, ratio: 0.086035817861557, diff: 7630.62451171875, norm: 88691.25
name: model.layers.31.self_attn.k_proj.weight, type: torch.int8, ratio: 0.08389418572187424, diff: 2969.99169921875, norm: 35401.640625
name: model.layers.31.self_attn.v_proj.weight, type: torch.int8, ratio: 0.06760255247354507, diff: 4571.8232421875, norm: 67627.96875
name: model.layers.31.self_attn.o_proj.weight, type: torch.int8, ratio: 0.3963083326816559, diff: 62732.4921875, norm: 158292.140625
name: model.layers.31.mlp.gate_proj.weight, type: torch.int8, ratio: 0.08003278076648712, diff: 24987.84765625, norm: 312220.15625
name: model.layers.31.mlp.up_proj.weight, type: torch.int8, ratio: 0.07379737496376038, diff: 26968.2734375, norm: 365436.75
name: model.layers.32.self_attn.q_proj.weight, type: torch.int8, ratio: 0.08847405016422272, diff: 6743.7451171875, norm: 76222.859375
name: model.layers.32.self_attn.k_proj.weight, type: torch.int8, ratio: 0.08149462938308716, diff: 2423.4091796875, norm: 29737.041015625
name: model.layers.32.self_attn.v_proj.weight, type: torch.int8, ratio: 0.06754489243030548, diff: 3755.1591796875, norm: 55595.01171875
name: model.layers.32.self_attn.o_proj.weight, type: torch.int8, ratio: 0.39605700969696045, diff: 60361.484375, norm: 152406.046875
name: model.layers.32.mlp.gate_proj.weight, type: torch.int8, ratio: 0.07920628786087036, diff: 22336.6328125, norm: 282005.8125
name: model.layers.32.mlp.up_proj.weight, type: torch.int8, ratio: 0.0713525116443634, diff: 26272.119140625, norm: 368201.75
name: model.layers.33.self_attn.q_proj.weight, type: torch.int8, ratio: 0.08602747321128845, diff: 7331.5439453125, norm: 85223.2890625
name: model.layers.33.self_attn.k_proj.weight, type: torch.int8, ratio: 0.08109097927808762, diff: 2830.556396484375, norm: 34905.93359375
name: model.layers.33.self_attn.v_proj.weight, type: torch.int8, ratio: 0.0697387233376503, diff: 3735.629150390625, norm: 53566.06640625
name: model.layers.33.self_attn.o_proj.weight, type: torch.int8, ratio: 0.39659786224365234, diff: 60641.078125, norm: 152903.1875
name: model.layers.33.mlp.gate_proj.weight, type: torch.int8, ratio: 0.07951143383979797, diff: 23356.98046875, norm: 293756.25
name: model.layers.33.mlp.up_proj.weight, type: torch.int8, ratio: 0.07125682383775711, diff: 26142.283203125, norm: 366874.09375
name: model.layers.34.self_attn.q_proj.weight, type: torch.int8, ratio: 0.08708544820547104, diff: 7232.63916015625, norm: 83052.2109375
name: model.layers.34.self_attn.k_proj.weight, type: torch.int8, ratio: 0.08831968158483505, diff: 3145.993896484375, norm: 35620.53125
name: model.layers.34.self_attn.v_proj.weight, type: torch.int8, ratio: 0.06468991935253143, diff: 3562.60595703125, norm: 55072.0390625
name: model.layers.34.self_attn.o_proj.weight, type: torch.int8, ratio: 0.3959028720855713, diff: 59511.921875, norm: 150319.5
name: model.layers.34.mlp.gate_proj.weight, type: torch.int8, ratio: 0.07968974858522415, diff: 23763.341796875, norm: 298198.21875
name: model.layers.34.mlp.up_proj.weight, type: torch.int8, ratio: 0.07108820229768753, diff: 25705.58203125, norm: 361601.25
name: model.layers.35.self_attn.q_proj.weight, type: torch.int8, ratio: 0.0923650860786438, diff: 7523.255859375, norm: 81451.296875
name: model.layers.35.self_attn.k_proj.weight, type: torch.int8, ratio: 0.09464212507009506, diff: 3370.822265625, norm: 35616.51171875
name: model.layers.35.self_attn.v_proj.weight, type: torch.int8, ratio: 0.06803705543279648, diff: 3907.592529296875, norm: 57433.30078125
name: model.layers.35.self_attn.o_proj.weight, type: torch.int8, ratio: 0.39602723717689514, diff: 59845.265625, norm: 151114.015625
name: model.layers.35.mlp.gate_proj.weight, type: torch.int8, ratio: 0.08093315362930298, diff: 23261.421875, norm: 287415.25
name: model.layers.35.mlp.up_proj.weight, type: torch.int8, ratio: 0.07101060450077057, diff: 25508.32421875, norm: 359218.53125
name: model.layers.36.self_attn.q_proj.weight, type: torch.int8, ratio: 0.09820856899023056, diff: 8049.64404296875, norm: 81964.78125
name: model.layers.36.self_attn.k_proj.weight, type: torch.int8, ratio: 0.0925353616476059, diff: 3197.615478515625, norm: 34555.60546875
name: model.layers.36.self_attn.v_proj.weight, type: torch.int8, ratio: 0.06814182549715042, diff: 3562.372314453125, norm: 52278.7890625
name: model.layers.36.self_attn.o_proj.weight, type: torch.int8, ratio: 0.39618217945098877, diff: 60846.55859375, norm: 153582.265625
name: model.layers.36.mlp.gate_proj.weight, type: torch.int8, ratio: 0.08130984008312225, diff: 24103.03125, norm: 296434.375
name: model.layers.36.mlp.up_proj.weight, type: torch.int8, ratio: 0.0709063783288002, diff: 25244.38671875, norm: 356024.1875
name: model.layers.37.self_attn.q_proj.weight, type: torch.int8, ratio: 0.08783891052007675, diff: 7637.3583984375, norm: 86947.328125
name: model.layers.37.self_attn.k_proj.weight, type: torch.int8, ratio: 0.08430545032024384, diff: 3067.2431640625, norm: 36382.5
name: model.layers.37.self_attn.v_proj.weight, type: torch.int8, ratio: 0.0666378065943718, diff: 3550.84814453125, norm: 53285.7890625
name: model.layers.37.self_attn.o_proj.weight, type: torch.int8, ratio: 0.3965548872947693, diff: 62856.63671875, norm: 158506.78125
name: model.layers.37.mlp.gate_proj.weight, type: torch.int8, ratio: 0.08246893435716629, diff: 22604.109375, norm: 274092.40625
name: model.layers.37.mlp.up_proj.weight, type: torch.int8, ratio: 0.07055182009935379, diff: 24736.31640625, norm: 350612.03125
name: model.layers.38.self_attn.q_proj.weight, type: torch.int8, ratio: 0.09656112641096115, diff: 8656.19140625, norm: 89644.6796875
name: model.layers.38.self_attn.k_proj.weight, type: torch.int8, ratio: 0.0970848947763443, diff: 3240.67138671875, norm: 33379.76953125
name: model.layers.38.self_attn.v_proj.weight, type: torch.int8, ratio: 0.06309530884027481, diff: 3414.90673828125, norm: 54122.9921875
name: model.layers.38.self_attn.o_proj.weight, type: torch.int8, ratio: 0.39568233489990234, diff: 59747.39453125, norm: 150998.390625
name: model.layers.38.mlp.gate_proj.weight, type: torch.int8, ratio: 0.0825561061501503, diff: 23430.892578125, norm: 283817.8125
name: model.layers.38.mlp.up_proj.weight, type: torch.int8, ratio: 0.07105106115341187, diff: 24922.939453125, norm: 350775.0625
name: model.layers.39.self_attn.q_proj.weight, type: torch.int8, ratio: 0.09623583406209946, diff: 8836.8583984375, norm: 91825.03125
name: model.layers.39.self_attn.k_proj.weight, type: torch.int8, ratio: 0.09622012078762054, diff: 3408.79443359375, norm: 35427.04296875
name: model.layers.39.self_attn.v_proj.weight, type: torch.int8, ratio: 0.06150268390774727, diff: 3591.165283203125, norm: 58390.3828125
name: model.layers.39.self_attn.o_proj.weight, type: torch.int8, ratio: 0.3958437144756317, diff: 58762.27734375, norm: 148448.171875
name: model.layers.39.mlp.gate_proj.weight, type: torch.int8, ratio: 0.08270405232906342, diff: 20901.37109375, norm: 252724.875
name: model.layers.39.mlp.up_proj.weight, type: torch.int8, ratio: 0.07122086733579636, diff: 24601.529296875, norm: 345425.84375
name: model.layers.40.self_attn.q_proj.weight, type: torch.int8, ratio: 0.10194285213947296, diff: 9145.244140625, norm: 89709.515625
name: model.layers.40.self_attn.k_proj.weight, type: torch.int8, ratio: 0.09714557975530624, diff: 3351.263427734375, norm: 34497.33203125
name: model.layers.40.self_attn.v_proj.weight, type: torch.int8, ratio: 0.06637753546237946, diff: 3705.675048828125, norm: 55827.24609375
name: model.layers.40.self_attn.o_proj.weight, type: torch.int8, ratio: 0.39594653248786926, diff: 61078.69921875, norm: 154259.96875
name: model.layers.40.mlp.gate_proj.weight, type: torch.int8, ratio: 0.08236578851938248, diff: 20772.341796875, norm: 252196.234375
name: model.layers.40.mlp.up_proj.weight, type: torch.int8, ratio: 0.0718097984790802, diff: 24781.59765625, norm: 345100.5
name: model.layers.41.self_attn.q_proj.weight, type: torch.int8, ratio: 0.11097580194473267, diff: 9938.3115234375, norm: 89553.859375
name: model.layers.41.self_attn.k_proj.weight, type: torch.int8, ratio: 0.1181640699505806, diff: 4229.6474609375, norm: 35794.69921875
name: model.layers.41.self_attn.v_proj.weight, type: torch.int8, ratio: 0.06619321554899216, diff: 3662.488525390625, norm: 55330.2734375
name: model.layers.41.self_attn.o_proj.weight, type: torch.int8, ratio: 0.39569413661956787, diff: 59871.31640625, norm: 151307.0625
name: model.layers.41.mlp.gate_proj.weight, type: torch.int8, ratio: 0.08253467082977295, diff: 25488.728515625, norm: 308824.5
name: model.layers.41.mlp.up_proj.weight, type: torch.int8, ratio: 0.07281950861215591, diff: 25896.27734375, norm: 355622.78125
name: model.layers.42.self_attn.q_proj.weight, type: torch.int8, ratio: 0.09421240538358688, diff: 9040.736328125, norm: 95961.2109375
name: model.layers.42.self_attn.k_proj.weight, type: torch.int8, ratio: 0.08626239746809006, diff: 3440.23876953125, norm: 39881.09375
name: model.layers.42.self_attn.v_proj.weight, type: torch.int8, ratio: 0.06731655448675156, diff: 3788.554931640625, norm: 56279.69140625
name: model.layers.42.self_attn.o_proj.weight, type: torch.int8, ratio: 0.39654386043548584, diff: 60506.6640625, norm: 152585.046875
name: model.layers.42.mlp.gate_proj.weight, type: torch.int8, ratio: 0.08319444209337234, diff: 25453.607421875, norm: 305953.21875
name: model.layers.42.mlp.up_proj.weight, type: torch.int8, ratio: 0.07234421372413635, diff: 25102.181640625, norm: 346982.59375
name: model.layers.43.self_attn.q_proj.weight, type: torch.int8, ratio: 0.09190449118614197, diff: 9026.5126953125, norm: 98216.234375
name: model.layers.43.self_attn.k_proj.weight, type: torch.int8, ratio: 0.08631610870361328, diff: 3440.244140625, norm: 39856.33984375
name: model.layers.43.self_attn.v_proj.weight, type: torch.int8, ratio: 0.06387972831726074, diff: 3404.669921875, norm: 53298.12890625
name: model.layers.43.self_attn.o_proj.weight, type: torch.int8, ratio: 0.3964122533798218, diff: 62203.59765625, norm: 156916.4375
name: model.layers.43.mlp.gate_proj.weight, type: torch.int8, ratio: 0.0830448642373085, diff: 25438.6875, norm: 306324.625
name: model.layers.43.mlp.up_proj.weight, type: torch.int8, ratio: 0.07156854122877121, diff: 24543.3125, norm: 342934.375
name: model.layers.44.self_attn.q_proj.weight, type: torch.int8, ratio: 0.10368472337722778, diff: 9216.2060546875, norm: 88886.828125
name: model.layers.44.self_attn.k_proj.weight, type: torch.int8, ratio: 0.09853426367044449, diff: 3560.422119140625, norm: 36133.84765625
name: model.layers.44.self_attn.v_proj.weight, type: torch.int8, ratio: 0.05709109455347061, diff: 3256.296875, norm: 57036.86328125
name: model.layers.44.self_attn.o_proj.weight, type: torch.int8, ratio: 0.3957146108150482, diff: 58288.0390625, norm: 147298.171875
name: model.layers.44.mlp.gate_proj.weight, type: torch.int8, ratio: 0.08290340006351471, diff: 21592.4921875, norm: 260453.640625
name: model.layers.44.mlp.up_proj.weight, type: torch.int8, ratio: 0.07135150581598282, diff: 22904.404296875, norm: 321008.0
name: model.layers.45.self_attn.q_proj.weight, type: torch.int8, ratio: 0.1049366220831871, diff: 9900.2158203125, norm: 94344.71875
name: model.layers.45.self_attn.k_proj.weight, type: torch.int8, ratio: 0.10970594733953476, diff: 3969.874755859375, norm: 36186.50390625
name: model.layers.45.self_attn.v_proj.weight, type: torch.int8, ratio: 0.05881765857338905, diff: 3436.25634765625, norm: 58422.1875
name: model.layers.45.self_attn.o_proj.weight, type: torch.int8, ratio: 0.39530718326568604, diff: 59363.41015625, norm: 150170.328125
name: model.layers.45.mlp.gate_proj.weight, type: torch.int8, ratio: 0.08275049179792404, diff: 23652.748046875, norm: 285832.125
name: model.layers.45.mlp.up_proj.weight, type: torch.int8, ratio: 0.07122961431741714, diff: 24195.453125, norm: 339682.5
name: model.layers.46.self_attn.q_proj.weight, type: torch.int8, ratio: 0.09852803498506546, diff: 9760.6767578125, norm: 99064.96875
name: model.layers.46.self_attn.k_proj.weight, type: torch.int8, ratio: 0.09494379162788391, diff: 3521.08056640625, norm: 37085.94921875
name: model.layers.46.self_attn.v_proj.weight, type: torch.int8, ratio: 0.05765964463353157, diff: 3534.518310546875, norm: 61299.69140625
name: model.layers.46.self_attn.o_proj.weight, type: torch.int8, ratio: 0.3957236111164093, diff: 60121.890625, norm: 151929.0
name: model.layers.46.mlp.gate_proj.weight, type: torch.int8, ratio: 0.0825578048825264, diff: 23700.517578125, norm: 287077.84375
name: model.layers.46.mlp.up_proj.weight, type: torch.int8, ratio: 0.0716845914721489, diff: 24913.052734375, norm: 347537.0625
name: model.layers.47.self_attn.q_proj.weight, type: torch.int8, ratio: 0.09509607404470444, diff: 10303.728515625, norm: 108350.7265625
name: model.layers.47.self_attn.k_proj.weight, type: torch.int8, ratio: 0.09109019488096237, diff: 3373.030029296875, norm: 37029.5625
name: model.layers.47.self_attn.v_proj.weight, type: torch.int8, ratio: 0.05795196816325188, diff: 3829.454345703125, norm: 66079.796875
name: model.layers.47.self_attn.o_proj.weight, type: torch.int8, ratio: 0.39580222964286804, diff: 63600.9296875, norm: 160688.65625
name: model.layers.47.mlp.gate_proj.weight, type: torch.int8, ratio: 0.08197834342718124, diff: 23020.40625, norm: 280810.8125
name: model.layers.47.mlp.up_proj.weight, type: torch.int8, ratio: 0.07102973759174347, diff: 24881.943359375, norm: 350303.1875
name: model.layers.48.self_attn.q_proj.weight, type: torch.int8, ratio: 0.09871555864810944, diff: 10299.6845703125, norm: 104336.9921875
name: model.layers.48.self_attn.k_proj.weight, type: torch.int8, ratio: 0.10064366459846497, diff: 3610.68115234375, norm: 35875.890625
name: model.layers.48.self_attn.v_proj.weight, type: torch.int8, ratio: 0.05783133953809738, diff: 2965.80078125, norm: 51283.625
name: model.layers.48.self_attn.o_proj.weight, type: torch.int8, ratio: 0.3954472541809082, diff: 63261.9765625, norm: 159975.765625
name: model.layers.48.mlp.gate_proj.weight, type: torch.int8, ratio: 0.08114492148160934, diff: 23688.68359375, norm: 291930.5625
name: model.layers.48.mlp.up_proj.weight, type: torch.int8, ratio: 0.07102114707231522, diff: 25348.76171875, norm: 356918.5
name: model.layers.49.self_attn.q_proj.weight, type: torch.int8, ratio: 0.09953613579273224, diff: 10598.3720703125, norm: 106477.6328125
name: model.layers.49.self_attn.k_proj.weight, type: torch.int8, ratio: 0.09734354168176651, diff: 3489.01904296875, norm: 35842.328125
name: model.layers.49.self_attn.v_proj.weight, type: torch.int8, ratio: 0.0575622022151947, diff: 3529.173095703125, norm: 61310.59765625
name: model.layers.49.self_attn.o_proj.weight, type: torch.int8, ratio: 0.3962032198905945, diff: 63319.55078125, norm: 159815.84375
name: model.layers.49.mlp.gate_proj.weight, type: torch.int8, ratio: 0.08062154799699783, diff: 21983.7265625, norm: 272678.0625
name: model.layers.49.mlp.up_proj.weight, type: torch.int8, ratio: 0.07000315189361572, diff: 24725.42578125, norm: 353204.46875
name: model.layers.50.self_attn.q_proj.weight, type: torch.int8, ratio: 0.10427141934633255, diff: 10773.2080078125, norm: 103318.8984375
name: model.layers.50.self_attn.k_proj.weight, type: torch.int8, ratio: 0.10991603136062622, diff: 3582.350341796875, norm: 32591.69921875
name: model.layers.50.self_attn.v_proj.weight, type: torch.int8, ratio: 0.056897565722465515, diff: 2966.87451171875, norm: 52144.13671875
name: model.layers.50.self_attn.o_proj.weight, type: torch.int8, ratio: 0.39599043130874634, diff: 64121.81640625, norm: 161927.6875
name: model.layers.50.mlp.gate_proj.weight, type: torch.int8, ratio: 0.07924143224954605, diff: 19883.248046875, norm: 250919.84375
name: model.layers.50.mlp.up_proj.weight, type: torch.int8, ratio: 0.06842561811208725, diff: 24238.884765625, norm: 354236.96875
name: model.layers.51.self_attn.q_proj.weight, type: torch.int8, ratio: 0.09486067295074463, diff: 9432.94140625, norm: 99439.9609375
name: model.layers.51.self_attn.k_proj.weight, type: torch.int8, ratio: 0.08534622192382812, diff: 3144.60986328125, norm: 36845.33203125
name: model.layers.51.self_attn.v_proj.weight, type: torch.int8, ratio: 0.05696265771985054, diff: 2761.041259765625, norm: 48471.07421875
name: model.layers.51.self_attn.o_proj.weight, type: torch.int8, ratio: 0.39593806862831116, diff: 63279.33984375, norm: 159821.3125
name: model.layers.51.mlp.gate_proj.weight, type: torch.int8, ratio: 0.07811599224805832, diff: 19493.53125, norm: 249545.96875
name: model.layers.51.mlp.up_proj.weight, type: torch.int8, ratio: 0.06766581535339355, diff: 24063.73828125, norm: 355626.21875
name: model.layers.52.self_attn.q_proj.weight, type: torch.int8, ratio: 0.10811402648687363, diff: 10371.55078125, norm: 95931.59375
name: model.layers.52.self_attn.k_proj.weight, type: torch.int8, ratio: 0.1236107274889946, diff: 3977.060791015625, norm: 32174.07421875
name: model.layers.52.self_attn.v_proj.weight, type: torch.int8, ratio: 0.052832283079624176, diff: 2654.460205078125, norm: 50243.1484375
name: model.layers.52.self_attn.o_proj.weight, type: torch.int8, ratio: 0.3962405323982239, diff: 62427.14453125, norm: 157548.609375
name: model.layers.52.mlp.gate_proj.weight, type: torch.int8, ratio: 0.07726368308067322, diff: 19158.732421875, norm: 247965.5625
name: model.layers.52.mlp.up_proj.weight, type: torch.int8, ratio: 0.06733964383602142, diff: 23860.380859375, norm: 354328.875
name: model.layers.53.self_attn.q_proj.weight, type: torch.int8, ratio: 0.10005074739456177, diff: 9434.1220703125, norm: 94293.3671875
name: model.layers.53.self_attn.k_proj.weight, type: torch.int8, ratio: 0.10523053258657455, diff: 3377.277099609375, norm: 32094.080078125
name: model.layers.53.self_attn.v_proj.weight, type: torch.int8, ratio: 0.057247094810009, diff: 2420.390869140625, norm: 42279.71484375
name: model.layers.53.self_attn.o_proj.weight, type: torch.int8, ratio: 0.39581578969955444, diff: 64553.6640625, norm: 163090.171875
name: model.layers.53.mlp.gate_proj.weight, type: torch.int8, ratio: 0.07612497359514236, diff: 19169.728515625, norm: 251819.1875
name: model.layers.53.mlp.up_proj.weight, type: torch.int8, ratio: 0.06649646162986755, diff: 23839.75390625, norm: 358511.625
name: model.layers.54.self_attn.q_proj.weight, type: torch.int8, ratio: 0.09656547009944916, diff: 9939.953125, norm: 102934.859375
name: model.layers.54.self_attn.k_proj.weight, type: torch.int8, ratio: 0.10239237546920776, diff: 3338.5859375, norm: 32605.806640625
name: model.layers.54.self_attn.v_proj.weight, type: torch.int8, ratio: 0.05630820617079735, diff: 2509.899169921875, norm: 44574.3046875
name: model.layers.54.self_attn.o_proj.weight, type: torch.int8, ratio: 0.3957268297672272, diff: 65124.6953125, norm: 164569.828125
name: model.layers.54.mlp.gate_proj.weight, type: torch.int8, ratio: 0.07538844645023346, diff: 18694.91015625, norm: 247981.109375
name: model.layers.54.mlp.up_proj.weight, type: torch.int8, ratio: 0.0656447559595108, diff: 23641.521484375, norm: 360143.34375
name: model.layers.55.self_attn.q_proj.weight, type: torch.int8, ratio: 0.09294842183589935, diff: 9245.85546875, norm: 99472.96875
name: model.layers.55.self_attn.k_proj.weight, type: torch.int8, ratio: 0.09653507173061371, diff: 3359.71435546875, norm: 34803.04296875
name: model.layers.55.self_attn.v_proj.weight, type: torch.int8, ratio: 0.05425102263689041, diff: 2897.749755859375, norm: 53413.734375
name: model.layers.55.self_attn.o_proj.weight, type: torch.int8, ratio: 0.39579808712005615, diff: 64273.8125, norm: 162390.40625
name: model.layers.55.mlp.gate_proj.weight, type: torch.int8, ratio: 0.07497377693653107, diff: 18825.36328125, norm: 251092.625
name: model.layers.55.mlp.up_proj.weight, type: torch.int8, ratio: 0.06496156752109528, diff: 23346.833984375, norm: 359394.5625
name: model.layers.56.self_attn.q_proj.weight, type: torch.int8, ratio: 0.09958327561616898, diff: 8976.958984375, norm: 90145.25
name: model.layers.56.self_attn.k_proj.weight, type: torch.int8, ratio: 0.11743439733982086, diff: 3577.317138671875, norm: 30462.259765625
name: model.layers.56.self_attn.v_proj.weight, type: torch.int8, ratio: 0.052247948944568634, diff: 2323.934814453125, norm: 44478.96875
name: model.layers.56.self_attn.o_proj.weight, type: torch.int8, ratio: 0.39567482471466064, diff: 65248.4375, norm: 164904.1875
name: model.layers.56.mlp.gate_proj.weight, type: torch.int8, ratio: 0.07456830888986588, diff: 18840.9609375, norm: 252667.125
name: model.layers.56.mlp.up_proj.weight, type: torch.int8, ratio: 0.06460236757993698, diff: 23308.1484375, norm: 360794.03125
name: model.layers.57.self_attn.q_proj.weight, type: torch.int8, ratio: 0.09309648722410202, diff: 9560.185546875, norm: 102691.15625
name: model.layers.57.self_attn.k_proj.weight, type: torch.int8, ratio: 0.10858169198036194, diff: 3880.7822265625, norm: 35740.66796875
name: model.layers.57.self_attn.v_proj.weight, type: torch.int8, ratio: 0.05446948483586311, diff: 2211.268798828125, norm: 40596.46875
name: model.layers.57.self_attn.o_proj.weight, type: torch.int8, ratio: 0.3951222002506256, diff: 64799.67578125, norm: 163999.078125
name: model.layers.57.mlp.gate_proj.weight, type: torch.int8, ratio: 0.07436481863260269, diff: 19574.689453125, norm: 263225.125
name: model.layers.57.mlp.up_proj.weight, type: torch.int8, ratio: 0.06460084766149521, diff: 23162.1796875, norm: 358542.96875
name: model.layers.58.self_attn.q_proj.weight, type: torch.int8, ratio: 0.0954698920249939, diff: 9063.6572265625, norm: 94937.3359375
name: model.layers.58.self_attn.k_proj.weight, type: torch.int8, ratio: 0.11121052503585815, diff: 3229.908935546875, norm: 29043.1953125
name: model.layers.58.self_attn.v_proj.weight, type: torch.int8, ratio: 0.05805927515029907, diff: 1576.0577392578125, norm: 27145.666015625
name: model.layers.58.self_attn.o_proj.weight, type: torch.int8, ratio: 0.3956117331981659, diff: 64781.37109375, norm: 163749.875
name: model.layers.58.mlp.gate_proj.weight, type: torch.int8, ratio: 0.07441337406635284, diff: 20338.21484375, norm: 273313.96875
name: model.layers.58.mlp.up_proj.weight, type: torch.int8, ratio: 0.06374001502990723, diff: 22922.001953125, norm: 359617.15625
name: model.layers.59.self_attn.q_proj.weight, type: torch.int8, ratio: 0.1091003492474556, diff: 9385.451171875, norm: 86025.859375
name: model.layers.59.self_attn.k_proj.weight, type: torch.int8, ratio: 0.12557372450828552, diff: 4163.0595703125, norm: 33152.3125
name: model.layers.59.self_attn.v_proj.weight, type: torch.int8, ratio: 0.047886308282613754, diff: 2159.040771484375, norm: 45086.80859375
name: model.layers.59.self_attn.o_proj.weight, type: torch.int8, ratio: 0.3957381844520569, diff: 64474.109375, norm: 162921.125
name: model.layers.59.mlp.gate_proj.weight, type: torch.int8, ratio: 0.07445329427719116, diff: 19933.689453125, norm: 267734.15625
name: model.layers.59.mlp.up_proj.weight, type: torch.int8, ratio: 0.06236511096358299, diff: 21714.98046875, norm: 348191.15625
name: model.layers.60.self_attn.q_proj.weight, type: torch.int8, ratio: 0.10884375870227814, diff: 9346.5615234375, norm: 85871.359375
name: model.layers.60.self_attn.k_proj.weight, type: torch.int8, ratio: 0.14561200141906738, diff: 4284.9697265625, norm: 29427.310546875
name: model.layers.60.self_attn.v_proj.weight, type: torch.int8, ratio: 0.04487280547618866, diff: 2125.623046875, norm: 47369.9609375
name: model.layers.60.self_attn.o_proj.weight, type: torch.int8, ratio: 0.3956770896911621, diff: 62691.33203125, norm: 158440.640625
name: model.layers.60.mlp.gate_proj.weight, type: torch.int8, ratio: 0.07418674230575562, diff: 17929.033203125, norm: 241674.359375
name: model.layers.60.mlp.up_proj.weight, type: torch.int8, ratio: 0.06098359078168869, diff: 20587.501953125, norm: 337590.84375
name: model.layers.61.self_attn.q_proj.weight, type: torch.int8, ratio: 0.11143114417791367, diff: 9709.9755859375, norm: 87138.796875
name: model.layers.61.self_attn.k_proj.weight, type: torch.int8, ratio: 0.14557942748069763, diff: 4390.72802734375, norm: 30160.361328125
name: model.layers.61.self_attn.v_proj.weight, type: torch.int8, ratio: 0.046800244599580765, diff: 2103.6650390625, norm: 44949.87109375
name: model.layers.61.self_attn.o_proj.weight, type: torch.int8, ratio: 0.3955506384372711, diff: 62492.7734375, norm: 157989.3125
name: model.layers.61.mlp.gate_proj.weight, type: torch.int8, ratio: 0.07256580889225006, diff: 16217.1015625, norm: 223481.3125
name: model.layers.61.mlp.up_proj.weight, type: torch.int8, ratio: 0.05879024788737297, diff: 18666.3671875, norm: 317507.875
name: model.layers.62.self_attn.q_proj.weight, type: torch.int8, ratio: 0.11228576302528381, diff: 9070.234375, norm: 80778.1328125
name: model.layers.62.self_attn.k_proj.weight, type: torch.int8, ratio: 0.11176227033138275, diff: 3754.476318359375, norm: 33593.4140625
name: model.layers.62.self_attn.v_proj.weight, type: torch.int8, ratio: 0.04359200969338417, diff: 1718.29248046875, norm: 39417.6015625
name: model.layers.62.self_attn.o_proj.weight, type: torch.int8, ratio: 0.3952302038669586, diff: 61608.8359375, norm: 155880.890625
name: model.layers.62.mlp.gate_proj.weight, type: torch.int8, ratio: 0.0697462409734726, diff: 14982.021484375, norm: 214807.59375
name: model.layers.62.mlp.up_proj.weight, type: torch.int8, ratio: 0.05617453530430794, diff: 16147.3486328125, norm: 287449.625
name: model.layers.63.self_attn.q_proj.weight, type: torch.int8, ratio: 0.10322553664445877, diff: 9163.171875, norm: 88768.4609375
name: model.layers.63.self_attn.k_proj.weight, type: torch.int8, ratio: 0.1269446313381195, diff: 3795.75244140625, norm: 29900.8515625
name: model.layers.63.self_attn.v_proj.weight, type: torch.int8, ratio: 0.05701674520969391, diff: 1272.93603515625, norm: 22325.65234375
name: model.layers.63.self_attn.o_proj.weight, type: torch.int8, ratio: 0.3952702581882477, diff: 60454.65234375, norm: 152945.109375
name: model.layers.63.mlp.gate_proj.weight, type: torch.int8, ratio: 0.06390627473592758, diff: 15124.56640625, norm: 236667.953125
name: model.layers.63.mlp.up_proj.weight, type: torch.int8, ratio: 0.05048760771751404, diff: 15023.794921875, norm: 297573.90625
name: model.layers.0.mlp.down_proj.weight, type: torch.int8, ratio: 0.0664430633187294, diff: 15035.9541015625, norm: 226298.328125
name: model.layers.1.mlp.down_proj.weight, type: torch.int8, ratio: 0.08407105505466461, diff: 6056.41943359375, norm: 72039.296875
name: model.layers.2.mlp.down_proj.weight, type: torch.int8, ratio: 0.0684022307395935, diff: 8994.3779296875, norm: 131492.46875
name: model.layers.3.mlp.down_proj.weight, type: torch.int8, ratio: 0.06688231229782104, diff: 12162.17578125, norm: 181844.421875
name: model.layers.4.mlp.down_proj.weight, type: torch.int8, ratio: 0.06564916670322418, diff: 14772.6220703125, norm: 225023.765625
name: model.layers.5.mlp.down_proj.weight, type: torch.int8, ratio: 0.0651245042681694, diff: 16336.1123046875, norm: 250844.3125
name: model.layers.6.mlp.down_proj.weight, type: torch.int8, ratio: 0.06454668939113617, diff: 16680.037109375, norm: 258418.15625
name: model.layers.7.mlp.down_proj.weight, type: torch.int8, ratio: 0.06496051698923111, diff: 18917.98828125, norm: 291222.875
name: model.layers.8.mlp.down_proj.weight, type: torch.int8, ratio: 0.06829570233821869, diff: 19085.55078125, norm: 279454.625
name: model.layers.9.mlp.down_proj.weight, type: torch.int8, ratio: 0.06758017838001251, diff: 18883.408203125, norm: 279422.28125
name: model.layers.10.mlp.down_proj.weight, type: torch.int8, ratio: 0.06752576678991318, diff: 19069.990234375, norm: 282410.5625
name: model.layers.11.mlp.down_proj.weight, type: torch.int8, ratio: 0.06984162330627441, diff: 20453.75390625, norm: 292859.09375
name: model.layers.12.mlp.down_proj.weight, type: torch.int8, ratio: 0.06927762180566788, diff: 19927.056640625, norm: 287640.59375
name: model.layers.13.mlp.down_proj.weight, type: torch.int8, ratio: 0.06959801912307739, diff: 19734.6875, norm: 283552.4375
name: model.layers.14.mlp.down_proj.weight, type: torch.int8, ratio: 0.0702878013253212, diff: 19761.07421875, norm: 281145.15625
name: model.layers.15.mlp.down_proj.weight, type: torch.int8, ratio: 0.07153032720088959, diff: 19677.705078125, norm: 275095.96875
name: model.layers.16.mlp.down_proj.weight, type: torch.int8, ratio: 0.0713922306895256, diff: 19740.998046875, norm: 276514.65625
name: model.layers.17.mlp.down_proj.weight, type: torch.int8, ratio: 0.07192158699035645, diff: 19698.345703125, norm: 273886.40625
name: model.layers.18.mlp.down_proj.weight, type: torch.int8, ratio: 0.07205463200807571, diff: 19468.056640625, norm: 270184.65625
name: model.layers.19.mlp.down_proj.weight, type: torch.int8, ratio: 0.07240281999111176, diff: 19245.853515625, norm: 265816.34375
name: model.layers.20.mlp.down_proj.weight, type: torch.int8, ratio: 0.07276314496994019, diff: 19693.662109375, norm: 270654.34375
name: model.layers.21.mlp.down_proj.weight, type: torch.int8, ratio: 0.07359479367733002, diff: 20025.234375, norm: 272101.25
name: model.layers.22.mlp.down_proj.weight, type: torch.int8, ratio: 0.07340628653764725, diff: 19588.23046875, norm: 266846.78125
name: model.layers.23.mlp.down_proj.weight, type: torch.int8, ratio: 0.0730176791548729, diff: 19485.5, norm: 266860.03125
name: model.layers.24.mlp.down_proj.weight, type: torch.int8, ratio: 0.0740697830915451, diff: 20527.251953125, norm: 277133.96875
name: model.layers.25.mlp.down_proj.weight, type: torch.int8, ratio: 0.07470761239528656, diff: 21067.345703125, norm: 281997.3125
name: model.layers.26.mlp.down_proj.weight, type: torch.int8, ratio: 0.07452044636011124, diff: 20877.91796875, norm: 280163.625
name: model.layers.27.mlp.down_proj.weight, type: torch.int8, ratio: 0.07459775358438492, diff: 20395.978515625, norm: 273412.78125
name: model.layers.28.mlp.down_proj.weight, type: torch.int8, ratio: 0.07307205349206924, diff: 20150.87109375, norm: 275767.125
name: model.layers.29.mlp.down_proj.weight, type: torch.int8, ratio: 0.07270709425210953, diff: 19898.828125, norm: 273684.8125
name: model.layers.30.mlp.down_proj.weight, type: torch.int8, ratio: 0.07257566601037979, diff: 20115.78515625, norm: 277169.84375
name: model.layers.31.mlp.down_proj.weight, type: torch.int8, ratio: 0.07189720869064331, diff: 19681.7421875, norm: 273748.34375
name: model.layers.32.mlp.down_proj.weight, type: torch.int8, ratio: 0.07033759355545044, diff: 19230.685546875, norm: 273405.5
name: model.layers.33.mlp.down_proj.weight, type: torch.int8, ratio: 0.07062694430351257, diff: 19179.533203125, norm: 271561.125
name: model.layers.34.mlp.down_proj.weight, type: torch.int8, ratio: 0.07017292827367783, diff: 19128.39453125, norm: 272589.375
name: model.layers.35.mlp.down_proj.weight, type: torch.int8, ratio: 0.07024692744016647, diff: 19171.484375, norm: 272915.625
name: model.layers.36.mlp.down_proj.weight, type: torch.int8, ratio: 0.07004567235708237, diff: 19226.943359375, norm: 274491.53125
name: model.layers.37.mlp.down_proj.weight, type: torch.int8, ratio: 0.0703168511390686, diff: 19450.658203125, norm: 276614.46875
name: model.layers.38.mlp.down_proj.weight, type: torch.int8, ratio: 0.07023770362138748, diff: 19157.986328125, norm: 272759.28125
name: model.layers.39.mlp.down_proj.weight, type: torch.int8, ratio: 0.06995924562215805, diff: 19279.29296875, norm: 275578.90625
name: model.layers.40.mlp.down_proj.weight, type: torch.int8, ratio: 0.07121048122644424, diff: 19684.1328125, norm: 276421.84375
name: model.layers.41.mlp.down_proj.weight, type: torch.int8, ratio: 0.0722646564245224, diff: 20785.107421875, norm: 287624.8125
name: model.layers.42.mlp.down_proj.weight, type: torch.int8, ratio: 0.07186853140592575, diff: 19825.251953125, norm: 275854.40625
name: model.layers.43.mlp.down_proj.weight, type: torch.int8, ratio: 0.07111511379480362, diff: 19908.25, norm: 279944.0
name: model.layers.44.mlp.down_proj.weight, type: torch.int8, ratio: 0.0696408674120903, diff: 19450.52734375, norm: 279297.59375
name: model.layers.45.mlp.down_proj.weight, type: torch.int8, ratio: 0.06957005709409714, diff: 19670.017578125, norm: 282736.84375
name: model.layers.46.mlp.down_proj.weight, type: torch.int8, ratio: 0.06994056701660156, diff: 20259.08203125, norm: 289661.40625
name: model.layers.47.mlp.down_proj.weight, type: torch.int8, ratio: 0.06957824528217316, diff: 20394.82421875, norm: 293120.71875
name: model.layers.48.mlp.down_proj.weight, type: torch.int8, ratio: 0.06983586400747299, diff: 20404.86328125, norm: 292183.15625
name: model.layers.49.mlp.down_proj.weight, type: torch.int8, ratio: 0.06887061893939972, diff: 19822.37890625, norm: 287820.53125
name: model.layers.50.mlp.down_proj.weight, type: torch.int8, ratio: 0.06735148280858994, diff: 19496.8984375, norm: 289479.875
name: model.layers.51.mlp.down_proj.weight, type: torch.int8, ratio: 0.06656880676746368, diff: 19652.1953125, norm: 295216.28125
name: model.layers.52.mlp.down_proj.weight, type: torch.int8, ratio: 0.06603585183620453, diff: 18975.93359375, norm: 287358.0625
name: model.layers.53.mlp.down_proj.weight, type: torch.int8, ratio: 0.06536057591438293, diff: 18778.501953125, norm: 287306.25
name: model.layers.54.mlp.down_proj.weight, type: torch.int8, ratio: 0.06474264711141586, diff: 17626.73828125, norm: 272258.53125
name: model.layers.55.mlp.down_proj.weight, type: torch.int8, ratio: 0.06405714154243469, diff: 18044.865234375, norm: 281699.5
name: model.layers.56.mlp.down_proj.weight, type: torch.int8, ratio: 0.06358201056718826, diff: 18536.912109375, norm: 291543.34375
name: model.layers.57.mlp.down_proj.weight, type: torch.int8, ratio: 0.06323467940092087, diff: 17355.74609375, norm: 274465.625
name: model.layers.58.mlp.down_proj.weight, type: torch.int8, ratio: 0.062301795929670334, diff: 17533.078125, norm: 281421.71875
name: model.layers.59.mlp.down_proj.weight, type: torch.int8, ratio: 0.060843147337436676, diff: 16108.11328125, norm: 264748.1875
name: model.layers.60.mlp.down_proj.weight, type: torch.int8, ratio: 0.05942477658390999, diff: 15581.90234375, norm: 262212.21875
name: model.layers.61.mlp.down_proj.weight, type: torch.int8, ratio: 0.05836670473217964, diff: 14476.7060546875, norm: 248030.203125
name: model.layers.62.mlp.down_proj.weight, type: torch.int8, ratio: 0.060731980949640274, diff: 12030.849609375, norm: 198097.4375
name: model.layers.63.mlp.down_proj.weight, type: torch.int8, ratio: 0.05471456050872803, diff: 13755.4921875, norm: 251404.59375
