name: model.layers.0.input_layernorm.weight, type: torch.float16, ratio: 0.0, diff: 0.0, norm: 7.109858989715576
name: model.layers.0.post_attention_layernorm.weight, type: torch.float16, ratio: 0.0, diff: 0.0, norm: 8.986725807189941
name: model.layers.1.input_layernorm.weight, type: torch.float16, ratio: 0.0, diff: 0.0, norm: 4.00214958190918
name: model.layers.1.post_attention_layernorm.weight, type: torch.float16, ratio: 0.0, diff: 0.0, norm: 8.22446346282959
name: model.layers.2.input_layernorm.weight, type: torch.float16, ratio: 0.0, diff: 0.0, norm: 5.955578804016113
name: model.layers.2.post_attention_layernorm.weight, type: torch.float16, ratio: 0.0, diff: 0.0, norm: 10.586091995239258
name: model.layers.3.input_layernorm.weight, type: torch.float16, ratio: 0.0, diff: 0.0, norm: 7.370213985443115
name: model.layers.3.post_attention_layernorm.weight, type: torch.float16, ratio: 0.0, diff: 0.0, norm: 10.656099319458008
name: model.layers.4.input_layernorm.weight, type: torch.float16, ratio: 0.0, diff: 0.0, norm: 7.960433483123779
name: model.layers.4.post_attention_layernorm.weight, type: torch.float16, ratio: 0.0, diff: 0.0, norm: 11.230729103088379
name: model.layers.5.input_layernorm.weight, type: torch.float16, ratio: 0.0, diff: 0.0, norm: 9.027331352233887
name: model.layers.5.post_attention_layernorm.weight, type: torch.float16, ratio: 0.0, diff: 0.0, norm: 10.902384757995605
name: model.layers.6.input_layernorm.weight, type: torch.float16, ratio: 0.0, diff: 0.0, norm: 8.969710350036621
name: model.layers.6.post_attention_layernorm.weight, type: torch.float16, ratio: 0.0, diff: 0.0, norm: 10.744349479675293
name: model.layers.7.input_layernorm.weight, type: torch.float16, ratio: 0.0, diff: 0.0, norm: 9.254082679748535
name: model.layers.7.post_attention_layernorm.weight, type: torch.float16, ratio: 0.0, diff: 0.0, norm: 10.643391609191895
name: model.layers.8.input_layernorm.weight, type: torch.float16, ratio: 0.0, diff: 0.0, norm: 8.604012489318848
name: model.layers.8.post_attention_layernorm.weight, type: torch.float16, ratio: 0.0, diff: 0.0, norm: 10.162230491638184
name: model.layers.9.input_layernorm.weight, type: torch.float16, ratio: 0.0, diff: 0.0, norm: 9.28920841217041
name: model.layers.9.post_attention_layernorm.weight, type: torch.float16, ratio: 0.0, diff: 0.0, norm: 9.648080825805664
name: model.layers.10.input_layernorm.weight, type: torch.float16, ratio: 0.0, diff: 0.0, norm: 9.998056411743164
name: model.layers.10.post_attention_layernorm.weight, type: torch.float16, ratio: 0.0, diff: 0.0, norm: 9.899706840515137
name: model.layers.11.input_layernorm.weight, type: torch.float16, ratio: 0.0, diff: 0.0, norm: 9.32557487487793
name: model.layers.11.post_attention_layernorm.weight, type: torch.float16, ratio: 0.0, diff: 0.0, norm: 10.276040077209473
name: model.layers.12.input_layernorm.weight, type: torch.float16, ratio: 0.0, diff: 0.0, norm: 9.651403427124023
name: model.layers.12.post_attention_layernorm.weight, type: torch.float16, ratio: 0.0, diff: 0.0, norm: 10.219971656799316
name: model.layers.13.input_layernorm.weight, type: torch.float16, ratio: 0.0, diff: 0.0, norm: 9.52222728729248
name: model.layers.13.post_attention_layernorm.weight, type: torch.float16, ratio: 0.0, diff: 0.0, norm: 10.273859977722168
name: model.layers.14.input_layernorm.weight, type: torch.float16, ratio: 0.0, diff: 0.0, norm: 9.838072776794434
name: model.layers.14.post_attention_layernorm.weight, type: torch.float16, ratio: 0.0, diff: 0.0, norm: 10.327563285827637
name: model.layers.15.input_layernorm.weight, type: torch.float16, ratio: 0.0, diff: 0.0, norm: 10.125925064086914
name: model.layers.15.post_attention_layernorm.weight, type: torch.float16, ratio: 0.0, diff: 0.0, norm: 10.492812156677246
name: model.layers.16.input_layernorm.weight, type: torch.float16, ratio: 0.0, diff: 0.0, norm: 9.640331268310547
name: model.layers.16.post_attention_layernorm.weight, type: torch.float16, ratio: 0.0, diff: 0.0, norm: 10.459013938903809
name: model.layers.17.input_layernorm.weight, type: torch.float16, ratio: 0.0, diff: 0.0, norm: 10.077662467956543
name: model.layers.17.post_attention_layernorm.weight, type: torch.float16, ratio: 0.0, diff: 0.0, norm: 10.388175964355469
name: model.layers.18.input_layernorm.weight, type: torch.float16, ratio: 0.0, diff: 0.0, norm: 9.972973823547363
name: model.layers.18.post_attention_layernorm.weight, type: torch.float16, ratio: 0.0, diff: 0.0, norm: 10.299354553222656
name: model.layers.19.input_layernorm.weight, type: torch.float16, ratio: 0.0, diff: 0.0, norm: 10.16019344329834
name: model.layers.19.post_attention_layernorm.weight, type: torch.float16, ratio: 0.0, diff: 0.0, norm: 10.34325122833252
name: model.layers.20.input_layernorm.weight, type: torch.float16, ratio: 0.0, diff: 0.0, norm: 9.82968807220459
name: model.layers.20.post_attention_layernorm.weight, type: torch.float16, ratio: 0.0, diff: 0.0, norm: 10.281462669372559
name: model.layers.21.input_layernorm.weight, type: torch.float16, ratio: 0.0, diff: 0.0, norm: 10.230027198791504
name: model.layers.21.post_attention_layernorm.weight, type: torch.float16, ratio: 0.0, diff: 0.0, norm: 10.296589851379395
name: model.layers.22.input_layernorm.weight, type: torch.float16, ratio: 0.0, diff: 0.0, norm: 10.369293212890625
name: model.layers.22.post_attention_layernorm.weight, type: torch.float16, ratio: 0.0, diff: 0.0, norm: 10.330571174621582
name: model.layers.23.input_layernorm.weight, type: torch.float16, ratio: 0.0, diff: 0.0, norm: 10.460325241088867
name: model.layers.23.post_attention_layernorm.weight, type: torch.float16, ratio: 0.0, diff: 0.0, norm: 10.411718368530273
name: model.layers.24.input_layernorm.weight, type: torch.float16, ratio: 0.0, diff: 0.0, norm: 10.479598045349121
name: model.layers.24.post_attention_layernorm.weight, type: torch.float16, ratio: 0.0, diff: 0.0, norm: 10.391613960266113
name: model.layers.25.input_layernorm.weight, type: torch.float16, ratio: 0.0, diff: 0.0, norm: 10.682751655578613
name: model.layers.25.post_attention_layernorm.weight, type: torch.float16, ratio: 0.0, diff: 0.0, norm: 10.220721244812012
name: model.layers.26.input_layernorm.weight, type: torch.float16, ratio: 0.0, diff: 0.0, norm: 10.4607515335083
name: model.layers.26.post_attention_layernorm.weight, type: torch.float16, ratio: 0.0, diff: 0.0, norm: 10.1669340133667
name: model.layers.27.input_layernorm.weight, type: torch.float16, ratio: 0.0, diff: 0.0, norm: 10.293392181396484
name: model.layers.27.post_attention_layernorm.weight, type: torch.float16, ratio: 0.0, diff: 0.0, norm: 10.090082168579102
name: model.layers.28.input_layernorm.weight, type: torch.float16, ratio: 0.0, diff: 0.0, norm: 10.258750915527344
name: model.layers.28.post_attention_layernorm.weight, type: torch.float16, ratio: 0.0, diff: 0.0, norm: 10.141892433166504
name: model.layers.29.input_layernorm.weight, type: torch.float16, ratio: 0.0, diff: 0.0, norm: 10.421562194824219
name: model.layers.29.post_attention_layernorm.weight, type: torch.float16, ratio: 0.0, diff: 0.0, norm: 10.162335395812988
name: model.layers.30.input_layernorm.weight, type: torch.float16, ratio: 0.0, diff: 0.0, norm: 10.435199737548828
name: model.layers.30.post_attention_layernorm.weight, type: torch.float16, ratio: 0.0, diff: 0.0, norm: 10.168153762817383
name: model.layers.31.input_layernorm.weight, type: torch.float16, ratio: 0.0, diff: 0.0, norm: 10.502655029296875
name: model.layers.31.post_attention_layernorm.weight, type: torch.float16, ratio: 0.0, diff: 0.0, norm: 10.297691345214844
name: model.layers.32.input_layernorm.weight, type: torch.float16, ratio: 0.0, diff: 0.0, norm: 10.077192306518555
name: model.layers.32.post_attention_layernorm.weight, type: torch.float16, ratio: 0.0, diff: 0.0, norm: 10.805429458618164
name: model.layers.33.input_layernorm.weight, type: torch.float16, ratio: 0.0, diff: 0.0, norm: 11.043383598327637
name: model.layers.33.post_attention_layernorm.weight, type: torch.float16, ratio: 0.0, diff: 0.0, norm: 11.012810707092285
name: model.layers.34.input_layernorm.weight, type: torch.float16, ratio: 0.0, diff: 0.0, norm: 11.195000648498535
name: model.layers.34.post_attention_layernorm.weight, type: torch.float16, ratio: 0.0, diff: 0.0, norm: 11.185977935791016
name: model.layers.35.input_layernorm.weight, type: torch.float16, ratio: 0.0, diff: 0.0, norm: 11.460638999938965
name: model.layers.35.post_attention_layernorm.weight, type: torch.float16, ratio: 0.0, diff: 0.0, norm: 11.436131477355957
name: model.layers.36.input_layernorm.weight, type: torch.float16, ratio: 0.0, diff: 0.0, norm: 11.650200843811035
name: model.layers.36.post_attention_layernorm.weight, type: torch.float16, ratio: 0.0, diff: 0.0, norm: 11.649153709411621
name: model.layers.37.input_layernorm.weight, type: torch.float16, ratio: 0.0, diff: 0.0, norm: 12.128619194030762
name: model.layers.37.post_attention_layernorm.weight, type: torch.float16, ratio: 0.0, diff: 0.0, norm: 11.845685005187988
name: model.layers.38.input_layernorm.weight, type: torch.float16, ratio: 0.0, diff: 0.0, norm: 12.511592864990234
name: model.layers.38.post_attention_layernorm.weight, type: torch.float16, ratio: 0.0, diff: 0.0, norm: 12.445313453674316
name: model.layers.39.input_layernorm.weight, type: torch.float16, ratio: 0.0, diff: 0.0, norm: 12.885969161987305
name: model.layers.39.post_attention_layernorm.weight, type: torch.float16, ratio: 0.0, diff: 0.0, norm: 12.183816909790039
name: model.layers.40.input_layernorm.weight, type: torch.float16, ratio: 0.0, diff: 0.0, norm: 12.879125595092773
name: model.layers.40.post_attention_layernorm.weight, type: torch.float16, ratio: 0.0, diff: 0.0, norm: 12.356148719787598
name: model.layers.41.input_layernorm.weight, type: torch.float16, ratio: 0.0, diff: 0.0, norm: 13.346773147583008
name: model.layers.41.post_attention_layernorm.weight, type: torch.float16, ratio: 0.0, diff: 0.0, norm: 12.266128540039062
name: model.layers.42.input_layernorm.weight, type: torch.float16, ratio: 0.0, diff: 0.0, norm: 12.720139503479004
name: model.layers.42.post_attention_layernorm.weight, type: torch.float16, ratio: 0.0, diff: 0.0, norm: 12.181416511535645
name: model.layers.43.input_layernorm.weight, type: torch.float16, ratio: 0.0, diff: 0.0, norm: 12.658991813659668
name: model.layers.43.post_attention_layernorm.weight, type: torch.float16, ratio: 0.0, diff: 0.0, norm: 12.169048309326172
name: model.layers.44.input_layernorm.weight, type: torch.float16, ratio: 0.0, diff: 0.0, norm: 12.610238075256348
name: model.layers.44.post_attention_layernorm.weight, type: torch.float16, ratio: 0.0, diff: 0.0, norm: 12.3468599319458
name: model.layers.45.input_layernorm.weight, type: torch.float16, ratio: 0.0, diff: 0.0, norm: 12.984930038452148
name: model.layers.45.post_attention_layernorm.weight, type: torch.float16, ratio: 0.0, diff: 0.0, norm: 12.34311294555664
name: model.layers.46.input_layernorm.weight, type: torch.float16, ratio: 0.0, diff: 0.0, norm: 12.702672958374023
name: model.layers.46.post_attention_layernorm.weight, type: torch.float16, ratio: 0.0, diff: 0.0, norm: 12.103405952453613
name: model.layers.47.input_layernorm.weight, type: torch.float16, ratio: 0.0, diff: 0.0, norm: 12.169130325317383
name: model.layers.47.post_attention_layernorm.weight, type: torch.float16, ratio: 0.0, diff: 0.0, norm: 11.950611114501953
name: model.layers.48.input_layernorm.weight, type: torch.float16, ratio: 0.0, diff: 0.0, norm: 11.883874893188477
name: model.layers.48.post_attention_layernorm.weight, type: torch.float16, ratio: 0.0, diff: 0.0, norm: 11.681147575378418
name: model.layers.49.input_layernorm.weight, type: torch.float16, ratio: 0.0, diff: 0.0, norm: 11.599400520324707
name: model.layers.49.post_attention_layernorm.weight, type: torch.float16, ratio: 0.0, diff: 0.0, norm: 11.391212463378906
name: model.layers.50.input_layernorm.weight, type: torch.float16, ratio: 0.0, diff: 0.0, norm: 11.280298233032227
name: model.layers.50.post_attention_layernorm.weight, type: torch.float16, ratio: 0.0, diff: 0.0, norm: 11.273994445800781
name: model.layers.51.input_layernorm.weight, type: torch.float16, ratio: 0.0, diff: 0.0, norm: 10.728731155395508
name: model.layers.51.post_attention_layernorm.weight, type: torch.float16, ratio: 0.0, diff: 0.0, norm: 11.238682746887207
name: model.layers.52.input_layernorm.weight, type: torch.float16, ratio: 0.0, diff: 0.0, norm: 10.941465377807617
name: model.layers.52.post_attention_layernorm.weight, type: torch.float16, ratio: 0.0, diff: 0.0, norm: 10.983757972717285
name: model.layers.53.input_layernorm.weight, type: torch.float16, ratio: 0.0, diff: 0.0, norm: 10.284341812133789
name: model.layers.53.post_attention_layernorm.weight, type: torch.float16, ratio: 0.0, diff: 0.0, norm: 10.806600570678711
name: model.layers.54.input_layernorm.weight, type: torch.float16, ratio: 0.0, diff: 0.0, norm: 10.134458541870117
name: model.layers.54.post_attention_layernorm.weight, type: torch.float16, ratio: 0.0, diff: 0.0, norm: 10.71588134765625
name: model.layers.55.input_layernorm.weight, type: torch.float16, ratio: 0.0, diff: 0.0, norm: 10.09787654876709
name: model.layers.55.post_attention_layernorm.weight, type: torch.float16, ratio: 0.0, diff: 0.0, norm: 10.628264427185059
name: model.layers.56.input_layernorm.weight, type: torch.float16, ratio: 0.0, diff: 0.0, norm: 10.00032901763916
name: model.layers.56.post_attention_layernorm.weight, type: torch.float16, ratio: 0.0, diff: 0.0, norm: 10.564035415649414
name: model.layers.57.input_layernorm.weight, type: torch.float16, ratio: 0.0, diff: 0.0, norm: 10.006267547607422
name: model.layers.57.post_attention_layernorm.weight, type: torch.float16, ratio: 0.0, diff: 0.0, norm: 10.571982383728027
name: model.layers.58.input_layernorm.weight, type: torch.float16, ratio: 0.0, diff: 0.0, norm: 9.554314613342285
name: model.layers.58.post_attention_layernorm.weight, type: torch.float16, ratio: 0.0, diff: 0.0, norm: 10.610824584960938
name: model.layers.59.input_layernorm.weight, type: torch.float16, ratio: 0.0, diff: 0.0, norm: 10.219927787780762
name: model.layers.59.post_attention_layernorm.weight, type: torch.float16, ratio: 0.0, diff: 0.0, norm: 11.037642478942871
name: model.layers.60.input_layernorm.weight, type: torch.float16, ratio: 0.0, diff: 0.0, norm: 10.469554901123047
name: model.layers.60.post_attention_layernorm.weight, type: torch.float16, ratio: 0.0, diff: 0.0, norm: 11.355995178222656
name: model.layers.61.input_layernorm.weight, type: torch.float16, ratio: 0.0, diff: 0.0, norm: 10.625576972961426
name: model.layers.61.post_attention_layernorm.weight, type: torch.float16, ratio: 0.0, diff: 0.0, norm: 11.418144226074219
name: model.layers.62.input_layernorm.weight, type: torch.float16, ratio: 0.0, diff: 0.0, norm: 11.629449844360352
name: model.layers.62.post_attention_layernorm.weight, type: torch.float16, ratio: 0.0, diff: 0.0, norm: 12.58840560913086
name: model.layers.63.input_layernorm.weight, type: torch.float16, ratio: 0.0, diff: 0.0, norm: 11.993509292602539
name: model.layers.63.post_attention_layernorm.weight, type: torch.float16, ratio: 0.0, diff: 0.0, norm: 13.580188751220703
name: model.layers.0.self_attn.q_proj.weight, type: torch.int8, ratio: 0.024636564776301384, diff: 2492.59814453125, norm: 101174.7421875
name: model.layers.0.self_attn.k_proj.weight, type: torch.int8, ratio: 0.021055569872260094, diff: 1120.2066650390625, norm: 53202.390625
name: model.layers.0.self_attn.v_proj.weight, type: torch.int8, ratio: 0.01695185899734497, diff: 1131.268798828125, norm: 66734.203125
name: model.layers.0.self_attn.o_proj.weight, type: torch.int8, ratio: 0.017052123323082924, diff: 2340.341064453125, norm: 137246.3125
name: model.layers.0.mlp.gate_proj.weight, type: torch.int8, ratio: 0.02773013897240162, diff: 5692.431640625, norm: 205279.59375
name: model.layers.0.mlp.up_proj.weight, type: torch.int8, ratio: 0.025144144892692566, diff: 5703.9375, norm: 226849.53125
name: model.layers.1.self_attn.q_proj.weight, type: torch.int8, ratio: 0.06790557503700256, diff: 1723.5240478515625, norm: 25381.185546875
name: model.layers.1.self_attn.k_proj.weight, type: torch.int8, ratio: 0.05777185782790184, diff: 852.9214477539062, norm: 14763.6142578125
name: model.layers.1.self_attn.v_proj.weight, type: torch.int8, ratio: 0.04254564642906189, diff: 1030.355224609375, norm: 24217.642578125
name: model.layers.1.self_attn.o_proj.weight, type: torch.int8, ratio: 0.017546258866786957, diff: 2368.10498046875, norm: 134963.53125
name: model.layers.1.mlp.gate_proj.weight, type: torch.int8, ratio: 0.07465357333421707, diff: 3822.9951171875, norm: 51209.80859375
name: model.layers.1.mlp.up_proj.weight, type: torch.int8, ratio: 0.06902696937322617, diff: 4662.07177734375, norm: 67539.859375
name: model.layers.2.self_attn.q_proj.weight, type: torch.int8, ratio: 0.06629712879657745, diff: 2264.733642578125, norm: 34160.359375
name: model.layers.2.self_attn.k_proj.weight, type: torch.int8, ratio: 0.06562526524066925, diff: 1029.0301513671875, norm: 15680.396484375
name: model.layers.2.self_attn.v_proj.weight, type: torch.int8, ratio: 0.03193356469273567, diff: 1091.093994140625, norm: 34167.62109375
name: model.layers.2.self_attn.o_proj.weight, type: torch.int8, ratio: 0.015550141222774982, diff: 2289.822021484375, norm: 147254.09375
name: model.layers.2.mlp.gate_proj.weight, type: torch.int8, ratio: 0.05312527343630791, diff: 3705.935302734375, norm: 69758.421875
name: model.layers.2.mlp.up_proj.weight, type: torch.int8, ratio: 0.053498245775699615, diff: 5156.45166015625, norm: 96385.4375
name: model.layers.3.self_attn.q_proj.weight, type: torch.int8, ratio: 0.04696901887655258, diff: 2406.357666015625, norm: 51232.87109375
name: model.layers.3.self_attn.k_proj.weight, type: torch.int8, ratio: 0.05113633722066879, diff: 1079.9925537109375, norm: 21119.865234375
name: model.layers.3.self_attn.v_proj.weight, type: torch.int8, ratio: 0.030241772532463074, diff: 1097.5377197265625, norm: 36292.109375
name: model.layers.3.self_attn.o_proj.weight, type: torch.int8, ratio: 0.014669605530798435, diff: 2240.191162109375, norm: 152709.703125
name: model.layers.3.mlp.gate_proj.weight, type: torch.int8, ratio: 0.048380229622125626, diff: 4159.95751953125, norm: 85984.65625
name: model.layers.3.mlp.up_proj.weight, type: torch.int8, ratio: 0.038211047649383545, diff: 5158.6728515625, norm: 135004.75
name: model.layers.4.self_attn.q_proj.weight, type: torch.int8, ratio: 0.04235797002911568, diff: 2292.34912109375, norm: 54118.484375
name: model.layers.4.self_attn.k_proj.weight, type: torch.int8, ratio: 0.044269002974033356, diff: 1026.734130859375, norm: 23193.0703125
name: model.layers.4.self_attn.v_proj.weight, type: torch.int8, ratio: 0.026407767087221146, diff: 1033.5003662109375, norm: 39136.2265625
name: model.layers.4.self_attn.o_proj.weight, type: torch.int8, ratio: 0.013570180162787437, diff: 2136.487060546875, norm: 157439.84375
name: model.layers.4.mlp.gate_proj.weight, type: torch.int8, ratio: 0.040286414325237274, diff: 4366.48583984375, norm: 108386.0625
name: model.layers.4.mlp.up_proj.weight, type: torch.int8, ratio: 0.03031861037015915, diff: 5060.09423828125, norm: 166897.296875
name: model.layers.5.self_attn.q_proj.weight, type: torch.int8, ratio: 0.031689465045928955, diff: 2166.219482421875, norm: 68357.71875
name: model.layers.5.self_attn.k_proj.weight, type: torch.int8, ratio: 0.03193414956331253, diff: 969.21826171875, norm: 30350.52734375
name: model.layers.5.self_attn.v_proj.weight, type: torch.int8, ratio: 0.024597126990556717, diff: 973.8536987304688, norm: 39592.171875
name: model.layers.5.self_attn.o_proj.weight, type: torch.int8, ratio: 0.013000537641346455, diff: 2107.300048828125, norm: 162093.296875
name: model.layers.5.mlp.gate_proj.weight, type: torch.int8, ratio: 0.04815560206770897, diff: 4308.93310546875, norm: 89479.375
name: model.layers.5.mlp.up_proj.weight, type: torch.int8, ratio: 0.022729383781552315, diff: 4889.6494140625, norm: 215124.59375
name: model.layers.6.self_attn.q_proj.weight, type: torch.int8, ratio: 0.030118770897388458, diff: 2065.177734375, norm: 68567.796875
name: model.layers.6.self_attn.k_proj.weight, type: torch.int8, ratio: 0.02931865304708481, diff: 924.1168823242188, norm: 31519.759765625
name: model.layers.6.self_attn.v_proj.weight, type: torch.int8, ratio: 0.01968049816787243, diff: 935.4640502929688, norm: 47532.5390625
name: model.layers.6.self_attn.o_proj.weight, type: torch.int8, ratio: 0.013556101359426975, diff: 2177.66650390625, norm: 160641.0625
name: model.layers.6.mlp.gate_proj.weight, type: torch.int8, ratio: 0.05239890515804291, diff: 4284.23193359375, norm: 81761.859375
name: model.layers.6.mlp.up_proj.weight, type: torch.int8, ratio: 0.019304174929857254, diff: 4743.8173828125, norm: 245740.484375
name: model.layers.7.self_attn.q_proj.weight, type: torch.int8, ratio: 0.025538545101881027, diff: 1996.165771484375, norm: 78162.859375
name: model.layers.7.self_attn.k_proj.weight, type: torch.int8, ratio: 0.026229681447148323, diff: 893.1298828125, norm: 34050.3515625
name: model.layers.7.self_attn.v_proj.weight, type: torch.int8, ratio: 0.016769446432590485, diff: 910.6074829101562, norm: 54301.58203125
name: model.layers.7.self_attn.o_proj.weight, type: torch.int8, ratio: 0.012882065027952194, diff: 2098.37353515625, norm: 162891.078125
name: model.layers.7.mlp.gate_proj.weight, type: torch.int8, ratio: 0.044261157512664795, diff: 4518.30224609375, norm: 102082.7890625
name: model.layers.7.mlp.up_proj.weight, type: torch.int8, ratio: 0.014745250344276428, diff: 4728.58154296875, norm: 320685.0625
name: model.layers.8.self_attn.q_proj.weight, type: torch.int8, ratio: 0.030405912548303604, diff: 1954.539794921875, norm: 64281.5703125
name: model.layers.8.self_attn.k_proj.weight, type: torch.int8, ratio: 0.029951447620987892, diff: 874.4197998046875, norm: 29194.576171875
name: model.layers.8.self_attn.v_proj.weight, type: torch.int8, ratio: 0.019353315234184265, diff: 886.18505859375, norm: 45789.83203125
name: model.layers.8.self_attn.o_proj.weight, type: torch.int8, ratio: 0.01418212614953518, diff: 2245.5966796875, norm: 158339.921875
name: model.layers.8.mlp.gate_proj.weight, type: torch.int8, ratio: 0.03190529718995094, diff: 4464.33984375, norm: 139924.71875
name: model.layers.8.mlp.up_proj.weight, type: torch.int8, ratio: 0.013119823299348354, diff: 4696.12158203125, norm: 357940.90625
name: model.layers.9.self_attn.q_proj.weight, type: torch.int8, ratio: 0.024704284965991974, diff: 1917.9053955078125, norm: 77634.5234375
name: model.layers.9.self_attn.k_proj.weight, type: torch.int8, ratio: 0.026148708537220955, diff: 856.412841796875, norm: 32751.630859375
name: model.layers.9.self_attn.v_proj.weight, type: torch.int8, ratio: 0.01669115386903286, diff: 874.388916015625, norm: 52386.3671875
name: model.layers.9.self_attn.o_proj.weight, type: torch.int8, ratio: 0.013690092600882053, diff: 2138.558837890625, norm: 156212.15625
name: model.layers.9.mlp.gate_proj.weight, type: torch.int8, ratio: 0.01591484434902668, diff: 4516.7177734375, norm: 283805.34375
name: model.layers.9.mlp.up_proj.weight, type: torch.int8, ratio: 0.012612713500857353, diff: 4650.52783203125, norm: 368717.46875
name: model.layers.10.self_attn.q_proj.weight, type: torch.int8, ratio: 0.019618459045886993, diff: 1908.60791015625, norm: 97286.3359375
name: model.layers.10.self_attn.k_proj.weight, type: torch.int8, ratio: 0.02024129405617714, diff: 854.0322265625, norm: 42192.5703125
name: model.layers.10.self_attn.v_proj.weight, type: torch.int8, ratio: 0.015382309444248676, diff: 867.9642944335938, norm: 56426.13671875
name: model.layers.10.self_attn.o_proj.weight, type: torch.int8, ratio: 0.013645769096910954, diff: 2162.064697265625, norm: 158442.125
name: model.layers.10.mlp.gate_proj.weight, type: torch.int8, ratio: 0.0167494285851717, diff: 4466.13134765625, norm: 266643.8125
name: model.layers.10.mlp.up_proj.weight, type: torch.int8, ratio: 0.012600598856806755, diff: 4617.71142578125, norm: 366467.625
name: model.layers.11.self_attn.q_proj.weight, type: torch.int8, ratio: 0.02608424797654152, diff: 1896.0711669921875, norm: 72690.2734375
name: model.layers.11.self_attn.k_proj.weight, type: torch.int8, ratio: 0.02638448216021061, diff: 848.3106689453125, norm: 32151.87890625
name: model.layers.11.self_attn.v_proj.weight, type: torch.int8, ratio: 0.01879037171602249, diff: 860.0860595703125, norm: 45772.69921875
name: model.layers.11.self_attn.o_proj.weight, type: torch.int8, ratio: 0.014359129592776299, diff: 2233.524658203125, norm: 155547.359375
name: model.layers.11.mlp.gate_proj.weight, type: torch.int8, ratio: 0.01597907766699791, diff: 4497.68603515625, norm: 281473.4375
name: model.layers.11.mlp.up_proj.weight, type: torch.int8, ratio: 0.012390390038490295, diff: 4617.27294921875, norm: 372649.53125
name: model.layers.12.self_attn.q_proj.weight, type: torch.int8, ratio: 0.024271629750728607, diff: 1885.5550537109375, norm: 77685.5546875
name: model.layers.12.self_attn.k_proj.weight, type: torch.int8, ratio: 0.02462111786007881, diff: 843.380126953125, norm: 34254.33984375
name: model.layers.12.self_attn.v_proj.weight, type: torch.int8, ratio: 0.015089343301951885, diff: 869.408447265625, norm: 57617.3828125
name: model.layers.12.self_attn.o_proj.weight, type: torch.int8, ratio: 0.013014587573707104, diff: 2051.577880859375, norm: 157636.796875
name: model.layers.12.mlp.gate_proj.weight, type: torch.int8, ratio: 0.013851937837898731, diff: 4510.79052734375, norm: 325643.28125
name: model.layers.12.mlp.up_proj.weight, type: torch.int8, ratio: 0.01218579150736332, diff: 4585.1689453125, norm: 376271.75
name: model.layers.13.self_attn.q_proj.weight, type: torch.int8, ratio: 0.024485349655151367, diff: 1861.538330078125, norm: 76026.6171875
name: model.layers.13.self_attn.k_proj.weight, type: torch.int8, ratio: 0.02485097385942936, diff: 833.0546264648438, norm: 33522.01171875
name: model.layers.13.self_attn.v_proj.weight, type: torch.int8, ratio: 0.016019050031900406, diff: 849.6287231445312, norm: 53038.64453125
name: model.layers.13.self_attn.o_proj.weight, type: torch.int8, ratio: 0.013626077212393284, diff: 2130.627685546875, norm: 156363.984375
name: model.layers.13.mlp.gate_proj.weight, type: torch.int8, ratio: 0.013824702240526676, diff: 4453.72412109375, norm: 322156.96875
name: model.layers.13.mlp.up_proj.weight, type: torch.int8, ratio: 0.012124705128371716, diff: 4532.00244140625, norm: 373782.5
name: model.layers.14.self_attn.q_proj.weight, type: torch.int8, ratio: 0.02241373434662819, diff: 1843.75048828125, norm: 82259.8515625
name: model.layers.14.self_attn.k_proj.weight, type: torch.int8, ratio: 0.02352754771709442, diff: 823.721435546875, norm: 35010.93359375
name: model.layers.14.self_attn.v_proj.weight, type: torch.int8, ratio: 0.015093919821083546, diff: 845.751708984375, norm: 56032.609375
name: model.layers.14.self_attn.o_proj.weight, type: torch.int8, ratio: 0.012756828218698502, diff: 2053.33154296875, norm: 160959.40625
name: model.layers.14.mlp.gate_proj.weight, type: torch.int8, ratio: 0.013761465437710285, diff: 4429.7412109375, norm: 321894.59375
name: model.layers.14.mlp.up_proj.weight, type: torch.int8, ratio: 0.01207315269857645, diff: 4507.4599609375, norm: 373345.71875
name: model.layers.15.self_attn.q_proj.weight, type: torch.int8, ratio: 0.02169942855834961, diff: 1825.399658203125, norm: 84122.015625
name: model.layers.15.self_attn.k_proj.weight, type: torch.int8, ratio: 0.023173034191131592, diff: 815.1600952148438, norm: 35177.09765625
name: model.layers.15.self_attn.v_proj.weight, type: torch.int8, ratio: 0.013288389891386032, diff: 848.8633422851562, norm: 63880.07421875
name: model.layers.15.self_attn.o_proj.weight, type: torch.int8, ratio: 0.01221182756125927, diff: 1974.6275634765625, norm: 161697.953125
name: model.layers.15.mlp.gate_proj.weight, type: torch.int8, ratio: 0.013985201716423035, diff: 4396.548828125, norm: 314371.5
name: model.layers.15.mlp.up_proj.weight, type: torch.int8, ratio: 0.01211617887020111, diff: 4482.8427734375, norm: 369988.15625
name: model.layers.16.self_attn.q_proj.weight, type: torch.int8, ratio: 0.02558109723031521, diff: 1817.776123046875, norm: 71059.3515625
name: model.layers.16.self_attn.k_proj.weight, type: torch.int8, ratio: 0.026154322549700737, diff: 813.5262451171875, norm: 31104.849609375
name: model.layers.16.self_attn.v_proj.weight, type: torch.int8, ratio: 0.014678566716611385, diff: 842.8374633789062, norm: 57419.6015625
name: model.layers.16.self_attn.o_proj.weight, type: torch.int8, ratio: 0.013749673962593079, diff: 2112.6796875, norm: 153653.078125
name: model.layers.16.mlp.gate_proj.weight, type: torch.int8, ratio: 0.0133421141654253, diff: 4419.41015625, norm: 331237.625
name: model.layers.16.mlp.up_proj.weight, type: torch.int8, ratio: 0.012136414647102356, diff: 4471.50830078125, norm: 368437.34375
name: model.layers.17.self_attn.q_proj.weight, type: torch.int8, ratio: 0.02259727567434311, diff: 1818.4873046875, norm: 80473.7421875
name: model.layers.17.self_attn.k_proj.weight, type: torch.int8, ratio: 0.023302126675844193, diff: 813.486328125, norm: 34910.390625
name: model.layers.17.self_attn.v_proj.weight, type: torch.int8, ratio: 0.01518557220697403, diff: 832.935791015625, norm: 54850.47265625
name: model.layers.17.self_attn.o_proj.weight, type: torch.int8, ratio: 0.013042842037975788, diff: 2065.33837890625, norm: 158350.328125
name: model.layers.17.mlp.gate_proj.weight, type: torch.int8, ratio: 0.013393975794315338, diff: 4391.10107421875, norm: 327841.5
name: model.layers.17.mlp.up_proj.weight, type: torch.int8, ratio: 0.012115692719817162, diff: 4452.740234375, norm: 367518.40625
name: model.layers.18.self_attn.q_proj.weight, type: torch.int8, ratio: 0.0241285040974617, diff: 1803.2196044921875, norm: 74734.0
name: model.layers.18.self_attn.k_proj.weight, type: torch.int8, ratio: 0.023579660803079605, diff: 808.2684936523438, norm: 34278.20703125
name: model.layers.18.self_attn.v_proj.weight, type: torch.int8, ratio: 0.014901376329362392, diff: 828.6893310546875, norm: 55611.59765625
name: model.layers.18.self_attn.o_proj.weight, type: torch.int8, ratio: 0.013009182177484035, diff: 2025.3648681640625, norm: 155687.328125
name: model.layers.18.mlp.gate_proj.weight, type: torch.int8, ratio: 0.01330411247909069, diff: 4372.2265625, norm: 328637.21875
name: model.layers.18.mlp.up_proj.weight, type: torch.int8, ratio: 0.012100053019821644, diff: 4424.7529296875, norm: 365680.46875
name: model.layers.19.self_attn.q_proj.weight, type: torch.int8, ratio: 0.023246068507432938, diff: 1789.3355712890625, norm: 76973.6875
name: model.layers.19.self_attn.k_proj.weight, type: torch.int8, ratio: 0.022092444822192192, diff: 801.6607666015625, norm: 36286.6484375
name: model.layers.19.self_attn.v_proj.weight, type: torch.int8, ratio: 0.014540106989443302, diff: 824.0740356445312, norm: 56675.92578125
name: model.layers.19.self_attn.o_proj.weight, type: torch.int8, ratio: 0.013318012468516827, diff: 2054.70068359375, norm: 154279.828125
name: model.layers.19.mlp.gate_proj.weight, type: torch.int8, ratio: 0.013227323070168495, diff: 4353.72021484375, norm: 329145.96875
name: model.layers.19.mlp.up_proj.weight, type: torch.int8, ratio: 0.012026929296553135, diff: 4407.72412109375, norm: 366487.90625
name: model.layers.20.self_attn.q_proj.weight, type: torch.int8, ratio: 0.025220589712262154, diff: 1795.4219970703125, norm: 71188.7421875
name: model.layers.20.self_attn.k_proj.weight, type: torch.int8, ratio: 0.024410570040345192, diff: 804.0479125976562, norm: 32938.515625
name: model.layers.20.self_attn.v_proj.weight, type: torch.int8, ratio: 0.016341734677553177, diff: 820.63818359375, norm: 50217.32421875
name: model.layers.20.self_attn.o_proj.weight, type: torch.int8, ratio: 0.013619501143693924, diff: 2167.7265625, norm: 159163.4375
name: model.layers.20.mlp.gate_proj.weight, type: torch.int8, ratio: 0.01363795530050993, diff: 4337.11865234375, norm: 318018.25
name: model.layers.20.mlp.up_proj.weight, type: torch.int8, ratio: 0.012150784954428673, diff: 4402.0537109375, norm: 362285.53125
name: model.layers.21.self_attn.q_proj.weight, type: torch.int8, ratio: 0.023382768034934998, diff: 1781.9447021484375, norm: 76207.6015625
name: model.layers.21.self_attn.k_proj.weight, type: torch.int8, ratio: 0.023275790736079216, diff: 799.0763549804688, norm: 34330.79296875
name: model.layers.21.self_attn.v_proj.weight, type: torch.int8, ratio: 0.01608777418732643, diff: 813.0713500976562, norm: 50539.703125
name: model.layers.21.self_attn.o_proj.weight, type: torch.int8, ratio: 0.013121863827109337, diff: 2092.218994140625, norm: 159445.265625
name: model.layers.21.mlp.gate_proj.weight, type: torch.int8, ratio: 0.01377732865512371, diff: 4319.51123046875, norm: 313523.125
name: model.layers.21.mlp.up_proj.weight, type: torch.int8, ratio: 0.012182624079287052, diff: 4389.82373046875, norm: 360334.8125
name: model.layers.22.self_attn.q_proj.weight, type: torch.int8, ratio: 0.023627575486898422, diff: 1779.297607421875, norm: 75305.9765625
name: model.layers.22.self_attn.k_proj.weight, type: torch.int8, ratio: 0.024608012288808823, diff: 796.2989501953125, norm: 32359.3359375
name: model.layers.22.self_attn.v_proj.weight, type: torch.int8, ratio: 0.015471000224351883, diff: 813.34619140625, norm: 52572.30859375
name: model.layers.22.self_attn.o_proj.weight, type: torch.int8, ratio: 0.01280466839671135, diff: 2015.5694580078125, norm: 157408.953125
name: model.layers.22.mlp.gate_proj.weight, type: torch.int8, ratio: 0.014066340401768684, diff: 4284.5302734375, norm: 304594.53125
name: model.layers.22.mlp.up_proj.weight, type: torch.int8, ratio: 0.012090894393622875, diff: 4377.20556640625, norm: 362024.96875
name: model.layers.23.self_attn.q_proj.weight, type: torch.int8, ratio: 0.022521428763866425, diff: 1768.477294921875, norm: 78524.203125
name: model.layers.23.self_attn.k_proj.weight, type: torch.int8, ratio: 0.02329927496612072, diff: 790.97216796875, norm: 33948.359375
name: model.layers.23.self_attn.v_proj.weight, type: torch.int8, ratio: 0.013701838441193104, diff: 816.9473876953125, norm: 59623.1953125
name: model.layers.23.self_attn.o_proj.weight, type: torch.int8, ratio: 0.013741417787969112, diff: 2096.464599609375, norm: 152565.375
name: model.layers.23.mlp.gate_proj.weight, type: torch.int8, ratio: 0.0141284866258502, diff: 4262.65771484375, norm: 301706.59375
name: model.layers.23.mlp.up_proj.weight, type: torch.int8, ratio: 0.012071375735104084, diff: 4366.1748046875, norm: 361696.53125
name: model.layers.24.self_attn.q_proj.weight, type: torch.int8, ratio: 0.023747000843286514, diff: 1773.5289306640625, norm: 74684.3359375
name: model.layers.24.self_attn.k_proj.weight, type: torch.int8, ratio: 0.024024702608585358, diff: 792.4733276367188, norm: 32985.76953125
name: model.layers.24.self_attn.v_proj.weight, type: torch.int8, ratio: 0.014719739556312561, diff: 816.6522827148438, norm: 55480.078125
name: model.layers.24.self_attn.o_proj.weight, type: torch.int8, ratio: 0.013042152859270573, diff: 2068.052001953125, norm: 158566.765625
name: model.layers.24.mlp.gate_proj.weight, type: torch.int8, ratio: 0.0136511055752635, diff: 4296.16943359375, norm: 314712.1875
name: model.layers.24.mlp.up_proj.weight, type: torch.int8, ratio: 0.012032010592520237, diff: 4382.10888671875, norm: 364204.21875
name: model.layers.25.self_attn.q_proj.weight, type: torch.int8, ratio: 0.022698288783431053, diff: 1764.9722900390625, norm: 77757.9453125
name: model.layers.25.self_attn.k_proj.weight, type: torch.int8, ratio: 0.021408047527074814, diff: 792.400146484375, norm: 37014.125
name: model.layers.25.self_attn.v_proj.weight, type: torch.int8, ratio: 0.014697007834911346, diff: 810.1080322265625, norm: 55120.609375
name: model.layers.25.self_attn.o_proj.weight, type: torch.int8, ratio: 0.013243354856967926, diff: 2079.1298828125, norm: 156994.203125
name: model.layers.25.mlp.gate_proj.weight, type: torch.int8, ratio: 0.012963026762008667, diff: 4317.12939453125, norm: 333034.0625
name: model.layers.25.mlp.up_proj.weight, type: torch.int8, ratio: 0.01203341968357563, diff: 4364.89208984375, norm: 362730.8125
name: model.layers.26.self_attn.q_proj.weight, type: torch.int8, ratio: 0.020610589534044266, diff: 1763.1168212890625, norm: 85544.21875
name: model.layers.26.self_attn.k_proj.weight, type: torch.int8, ratio: 0.020124154165387154, diff: 789.3123779296875, norm: 39222.140625
name: model.layers.26.self_attn.v_proj.weight, type: torch.int8, ratio: 0.014697090722620487, diff: 807.8025512695312, norm: 54963.43359375
name: model.layers.26.self_attn.o_proj.weight, type: torch.int8, ratio: 0.012775182723999023, diff: 1999.8935546875, norm: 156545.203125
name: model.layers.26.mlp.gate_proj.weight, type: torch.int8, ratio: 0.012946778908371925, diff: 4285.8447265625, norm: 331035.59375
name: model.layers.26.mlp.up_proj.weight, type: torch.int8, ratio: 0.012130257673561573, diff: 4327.99072265625, norm: 356792.96875
name: model.layers.27.self_attn.q_proj.weight, type: torch.int8, ratio: 0.02171105146408081, diff: 1747.0074462890625, norm: 80466.2734375
name: model.layers.27.self_attn.k_proj.weight, type: torch.int8, ratio: 0.022227946668863297, diff: 780.53125, norm: 35114.859375
name: model.layers.27.self_attn.v_proj.weight, type: torch.int8, ratio: 0.01522640511393547, diff: 798.4265747070312, norm: 52436.97265625
name: model.layers.27.self_attn.o_proj.weight, type: torch.int8, ratio: 0.012696382589638233, diff: 2043.2337646484375, norm: 160930.390625
name: model.layers.27.mlp.gate_proj.weight, type: torch.int8, ratio: 0.013226729817688465, diff: 4264.845703125, norm: 322441.4375
name: model.layers.27.mlp.up_proj.weight, type: torch.int8, ratio: 0.012233140878379345, diff: 4316.201171875, norm: 352828.53125
name: model.layers.28.self_attn.q_proj.weight, type: torch.int8, ratio: 0.022532036527991295, diff: 1736.4921875, norm: 77067.6953125
name: model.layers.28.self_attn.k_proj.weight, type: torch.int8, ratio: 0.02319592610001564, diff: 776.297607421875, norm: 33466.98046875
name: model.layers.28.self_attn.v_proj.weight, type: torch.int8, ratio: 0.014769497327506542, diff: 798.2105102539062, norm: 54044.52734375
name: model.layers.28.self_attn.o_proj.weight, type: torch.int8, ratio: 0.013698635622859001, diff: 2080.060546875, norm: 151844.359375
name: model.layers.28.mlp.gate_proj.weight, type: torch.int8, ratio: 0.01410412322729826, diff: 4201.68896484375, norm: 297905.0
name: model.layers.28.mlp.up_proj.weight, type: torch.int8, ratio: 0.012325608171522617, diff: 4291.791015625, norm: 348201.15625
name: model.layers.29.self_attn.q_proj.weight, type: torch.int8, ratio: 0.021873414516448975, diff: 1741.053955078125, norm: 79596.8046875
name: model.layers.29.self_attn.k_proj.weight, type: torch.int8, ratio: 0.023064127191901207, diff: 777.308837890625, norm: 33702.0703125
name: model.layers.29.self_attn.v_proj.weight, type: torch.int8, ratio: 0.014159965328872204, diff: 801.8677978515625, norm: 56629.21875
name: model.layers.29.self_attn.o_proj.weight, type: torch.int8, ratio: 0.013050910085439682, diff: 1986.0106201171875, norm: 152174.109375
name: model.layers.29.mlp.gate_proj.weight, type: torch.int8, ratio: 0.01398475095629692, diff: 4189.025390625, norm: 299542.375
name: model.layers.29.mlp.up_proj.weight, type: torch.int8, ratio: 0.012079774402081966, diff: 4293.65625, norm: 355441.75
name: model.layers.30.self_attn.q_proj.weight, type: torch.int8, ratio: 0.020602989941835403, diff: 1731.8775634765625, norm: 84059.5234375
name: model.layers.30.self_attn.k_proj.weight, type: torch.int8, ratio: 0.02261674962937832, diff: 771.7816772460938, norm: 34124.33984375
name: model.layers.30.self_attn.v_proj.weight, type: torch.int8, ratio: 0.012962082400918007, diff: 803.83642578125, norm: 62014.453125
name: model.layers.30.self_attn.o_proj.weight, type: torch.int8, ratio: 0.013140893541276455, diff: 2000.0445556640625, norm: 152200.046875
name: model.layers.30.mlp.gate_proj.weight, type: torch.int8, ratio: 0.013754678890109062, diff: 4189.69189453125, norm: 304601.21875
name: model.layers.30.mlp.up_proj.weight, type: torch.int8, ratio: 0.011831018142402172, diff: 4305.93359375, norm: 363952.90625
name: model.layers.31.self_attn.q_proj.weight, type: torch.int8, ratio: 0.01925566978752613, diff: 1726.463134765625, norm: 89659.984375
name: model.layers.31.self_attn.k_proj.weight, type: torch.int8, ratio: 0.02209954336285591, diff: 767.1043090820312, norm: 34711.3203125
name: model.layers.31.self_attn.v_proj.weight, type: torch.int8, ratio: 0.011922884732484818, diff: 805.7617797851562, norm: 67581.109375
name: model.layers.31.self_attn.o_proj.weight, type: torch.int8, ratio: 0.012270870618522167, diff: 1941.3199462890625, norm: 158205.5625
name: model.layers.31.mlp.gate_proj.weight, type: torch.int8, ratio: 0.013847477734088898, diff: 4142.25, norm: 299133.90625
name: model.layers.31.mlp.up_proj.weight, type: torch.int8, ratio: 0.011702506802976131, diff: 4274.47705078125, norm: 365261.65625
name: model.layers.32.self_attn.q_proj.weight, type: torch.int8, ratio: 0.02260817401111126, diff: 1710.2008056640625, norm: 75645.2421875
name: model.layers.32.self_attn.k_proj.weight, type: torch.int8, ratio: 0.02612980268895626, diff: 760.2295532226562, norm: 29094.34765625
name: model.layers.32.self_attn.v_proj.weight, type: torch.int8, ratio: 0.014275903813540936, diff: 790.4461059570312, norm: 55369.25
name: model.layers.32.self_attn.o_proj.weight, type: torch.int8, ratio: 0.01344163715839386, diff: 2048.037841796875, norm: 152365.203125
name: model.layers.32.mlp.gate_proj.weight, type: torch.int8, ratio: 0.015469270758330822, diff: 4065.77490234375, norm: 262829.125
name: model.layers.32.mlp.up_proj.weight, type: torch.int8, ratio: 0.011582545004785061, diff: 4261.7685546875, norm: 367947.5
name: model.layers.33.self_attn.q_proj.weight, type: torch.int8, ratio: 0.0206014271825552, diff: 1739.0994873046875, norm: 84416.453125
name: model.layers.33.self_attn.k_proj.weight, type: torch.int8, ratio: 0.022913722321391106, diff: 773.9851684570312, norm: 33778.23828125
name: model.layers.33.self_attn.v_proj.weight, type: torch.int8, ratio: 0.014849705621600151, diff: 794.1775512695312, norm: 53481.03125
name: model.layers.33.self_attn.o_proj.weight, type: torch.int8, ratio: 0.013159788213670254, diff: 2011.87646484375, norm: 152880.609375
name: model.layers.33.mlp.gate_proj.weight, type: torch.int8, ratio: 0.015041778795421124, diff: 4113.6064453125, norm: 273478.71875
name: model.layers.33.mlp.up_proj.weight, type: torch.int8, ratio: 0.011715410277247429, diff: 4290.3798828125, norm: 366216.78125
name: model.layers.34.self_attn.q_proj.weight, type: torch.int8, ratio: 0.02087315358221531, diff: 1737.18994140625, norm: 83226.0390625
name: model.layers.34.self_attn.k_proj.weight, type: torch.int8, ratio: 0.02233232744038105, diff: 774.032958984375, norm: 34659.75390625
name: model.layers.34.self_attn.v_proj.weight, type: torch.int8, ratio: 0.014483517035841942, diff: 796.2386474609375, norm: 54975.50390625
name: model.layers.34.self_attn.o_proj.weight, type: torch.int8, ratio: 0.013694560155272484, diff: 2058.205322265625, norm: 150293.640625
name: model.layers.34.mlp.gate_proj.weight, type: torch.int8, ratio: 0.014640378765761852, diff: 4148.07861328125, norm: 283331.375
name: model.layers.34.mlp.up_proj.weight, type: torch.int8, ratio: 0.011940992437303066, diff: 4296.95556640625, norm: 359849.125
name: model.layers.35.self_attn.q_proj.weight, type: torch.int8, ratio: 0.021414216607809067, diff: 1745.962158203125, norm: 81532.8515625
name: model.layers.35.self_attn.k_proj.weight, type: torch.int8, ratio: 0.022574830800294876, diff: 780.1570434570312, norm: 34558.7109375
name: model.layers.35.self_attn.v_proj.weight, type: torch.int8, ratio: 0.014109188690781593, diff: 802.3814697265625, norm: 56869.42578125
name: model.layers.35.self_attn.o_proj.weight, type: torch.int8, ratio: 0.013352983631193638, diff: 2016.969482421875, norm: 151050.09375
name: model.layers.35.mlp.gate_proj.weight, type: torch.int8, ratio: 0.015427835285663605, diff: 4113.54345703125, norm: 266631.28125
name: model.layers.35.mlp.up_proj.weight, type: torch.int8, ratio: 0.012012473307549953, diff: 4281.794921875, norm: 356445.75
name: model.layers.36.self_attn.q_proj.weight, type: torch.int8, ratio: 0.02146228775382042, diff: 1756.5830078125, norm: 81845.09375
name: model.layers.36.self_attn.k_proj.weight, type: torch.int8, ratio: 0.02329827845096588, diff: 783.69384765625, norm: 33637.4140625
name: model.layers.36.self_attn.v_proj.weight, type: torch.int8, ratio: 0.015359711833298206, diff: 801.7324829101562, norm: 52197.10546875
name: model.layers.36.self_attn.o_proj.weight, type: torch.int8, ratio: 0.013353687711060047, diff: 2050.366455078125, norm: 153543.09375
name: model.layers.36.mlp.gate_proj.weight, type: torch.int8, ratio: 0.014942577108740807, diff: 4165.9130859375, norm: 278794.8125
name: model.layers.36.mlp.up_proj.weight, type: torch.int8, ratio: 0.012154190801084042, diff: 4301.1552734375, norm: 353882.5
name: model.layers.37.self_attn.q_proj.weight, type: torch.int8, ratio: 0.02034265734255314, diff: 1748.3328857421875, norm: 85944.171875
name: model.layers.37.self_attn.k_proj.weight, type: torch.int8, ratio: 0.022068509832024574, diff: 778.9441528320312, norm: 35296.63671875
name: model.layers.37.self_attn.v_proj.weight, type: torch.int8, ratio: 0.015089623630046844, diff: 798.14599609375, norm: 52893.69921875
name: model.layers.37.self_attn.o_proj.weight, type: torch.int8, ratio: 0.012775546871125698, diff: 2025.6783447265625, norm: 158559.03125
name: model.layers.37.mlp.gate_proj.weight, type: torch.int8, ratio: 0.015911726281046867, diff: 4094.962158203125, norm: 257354.984375
name: model.layers.37.mlp.up_proj.weight, type: torch.int8, ratio: 0.012244608253240585, diff: 4261.43212890625, norm: 348025.1875
name: model.layers.38.self_attn.q_proj.weight, type: torch.int8, ratio: 0.01960061676800251, diff: 1743.6588134765625, norm: 88959.3828125
name: model.layers.38.self_attn.k_proj.weight, type: torch.int8, ratio: 0.02411252073943615, diff: 772.5639038085938, norm: 32039.947265625
name: model.layers.38.self_attn.v_proj.weight, type: torch.int8, ratio: 0.014486381784081459, diff: 797.8283081054688, norm: 55074.3671875
name: model.layers.38.self_attn.o_proj.weight, type: torch.int8, ratio: 0.013129569590091705, diff: 1981.968017578125, norm: 150954.53125
name: model.layers.38.mlp.gate_proj.weight, type: torch.int8, ratio: 0.015407320111989975, diff: 4104.22021484375, norm: 266381.1875
name: model.layers.38.mlp.up_proj.weight, type: torch.int8, ratio: 0.012123818509280682, diff: 4259.50439453125, norm: 351333.5625
name: model.layers.39.self_attn.q_proj.weight, type: torch.int8, ratio: 0.01928938552737236, diff: 1739.409912109375, norm: 90174.4609375
name: model.layers.39.self_attn.k_proj.weight, type: torch.int8, ratio: 0.02280919998884201, diff: 771.8063354492188, norm: 33837.5
name: model.layers.39.self_attn.v_proj.weight, type: torch.int8, ratio: 0.013430471532046795, diff: 801.5703125, norm: 59682.9609375
name: model.layers.39.self_attn.o_proj.weight, type: torch.int8, ratio: 0.014198378659784794, diff: 2107.86572265625, norm: 148458.203125
name: model.layers.39.mlp.gate_proj.weight, type: torch.int8, ratio: 0.01593339443206787, diff: 4062.533935546875, norm: 254969.78125
name: model.layers.39.mlp.up_proj.weight, type: torch.int8, ratio: 0.012201800011098385, diff: 4232.74951171875, norm: 346895.5
name: model.layers.40.self_attn.q_proj.weight, type: torch.int8, ratio: 0.019216682761907578, diff: 1744.8736572265625, norm: 90799.9375
name: model.layers.40.self_attn.k_proj.weight, type: torch.int8, ratio: 0.023363146930933, diff: 774.0284423828125, norm: 33130.31640625
name: model.layers.40.self_attn.v_proj.weight, type: torch.int8, ratio: 0.014067393727600574, diff: 798.3370361328125, norm: 56750.8828125
name: model.layers.40.self_attn.o_proj.weight, type: torch.int8, ratio: 0.013442869298160076, diff: 2073.26416015625, norm: 154227.796875
name: model.layers.40.mlp.gate_proj.weight, type: torch.int8, ratio: 0.01704988442361355, diff: 4097.330078125, norm: 240314.25
name: model.layers.40.mlp.up_proj.weight, type: torch.int8, ratio: 0.012485298328101635, diff: 4278.400390625, norm: 342675.0625
name: model.layers.41.self_attn.q_proj.weight, type: torch.int8, ratio: 0.019230706617236137, diff: 1747.1328125, norm: 90851.203125
name: model.layers.41.self_attn.k_proj.weight, type: torch.int8, ratio: 0.022823398932814598, diff: 776.1572265625, norm: 34007.08203125
name: model.layers.41.self_attn.v_proj.weight, type: torch.int8, ratio: 0.014266368933022022, diff: 799.014404296875, norm: 56006.8515625
name: model.layers.41.self_attn.o_proj.weight, type: torch.int8, ratio: 0.013669820502400398, diff: 2067.110595703125, norm: 151217.09375
name: model.layers.41.mlp.gate_proj.weight, type: torch.int8, ratio: 0.013864693231880665, diff: 4153.14013671875, norm: 299547.9375
name: model.layers.41.mlp.up_proj.weight, type: torch.int8, ratio: 0.012067335657775402, diff: 4268.396484375, norm: 353714.90625
name: model.layers.42.self_attn.q_proj.weight, type: torch.int8, ratio: 0.018298618495464325, diff: 1740.3546142578125, norm: 95108.5234375
name: model.layers.42.self_attn.k_proj.weight, type: torch.int8, ratio: 0.020052917301654816, diff: 774.4423828125, norm: 38619.9375
name: model.layers.42.self_attn.v_proj.weight, type: torch.int8, ratio: 0.01416318491101265, diff: 791.6527099609375, norm: 55895.10546875
name: model.layers.42.self_attn.o_proj.weight, type: torch.int8, ratio: 0.01315982360392809, diff: 2007.171630859375, norm: 152522.6875
name: model.layers.42.mlp.gate_proj.weight, type: torch.int8, ratio: 0.013628032989799976, diff: 4122.900390625, norm: 302530.84375
name: model.layers.42.mlp.up_proj.weight, type: torch.int8, ratio: 0.012201374396681786, diff: 4226.1201171875, norm: 346364.28125
name: model.layers.43.self_attn.q_proj.weight, type: torch.int8, ratio: 0.017992185428738594, diff: 1728.14501953125, norm: 96049.7578125
name: model.layers.43.self_attn.k_proj.weight, type: torch.int8, ratio: 0.020181192085146904, diff: 766.4757080078125, norm: 37979.703125
name: model.layers.43.self_attn.v_proj.weight, type: torch.int8, ratio: 0.014837175607681274, diff: 784.8363037109375, norm: 52896.609375
name: model.layers.43.self_attn.o_proj.weight, type: torch.int8, ratio: 0.013051486574113369, diff: 2047.81640625, norm: 156902.921875
name: model.layers.43.mlp.gate_proj.weight, type: torch.int8, ratio: 0.01369493082165718, diff: 4114.47412109375, norm: 300437.75
name: model.layers.43.mlp.up_proj.weight, type: torch.int8, ratio: 0.012304567731916904, diff: 4215.65234375, norm: 342608.71875
name: model.layers.44.self_attn.q_proj.weight, type: torch.int8, ratio: 0.019449200481176376, diff: 1722.4937744140625, norm: 88563.734375
name: model.layers.44.self_attn.k_proj.weight, type: torch.int8, ratio: 0.022511141374707222, diff: 765.014404296875, norm: 33983.8125
name: model.layers.44.self_attn.v_proj.weight, type: torch.int8, ratio: 0.013796057552099228, diff: 797.1198120117188, norm: 57778.8125
name: model.layers.44.self_attn.o_proj.weight, type: torch.int8, ratio: 0.014456599950790405, diff: 2129.01416015625, norm: 147269.359375
name: model.layers.44.mlp.gate_proj.weight, type: torch.int8, ratio: 0.015241079963743687, diff: 4132.91357421875, norm: 271169.34375
name: model.layers.44.mlp.up_proj.weight, type: torch.int8, ratio: 0.01289108581840992, diff: 4247.44384765625, norm: 329486.90625
name: model.layers.45.self_attn.q_proj.weight, type: torch.int8, ratio: 0.018648840487003326, diff: 1751.7203369140625, norm: 93931.859375
name: model.layers.45.self_attn.k_proj.weight, type: torch.int8, ratio: 0.022703388705849648, diff: 776.0096435546875, norm: 34180.34375
name: model.layers.45.self_attn.v_proj.weight, type: torch.int8, ratio: 0.013859421946108341, diff: 803.5079345703125, norm: 57975.57421875
name: model.layers.45.self_attn.o_proj.weight, type: torch.int8, ratio: 0.013894435949623585, diff: 2087.62060546875, norm: 150248.671875
name: model.layers.45.mlp.gate_proj.weight, type: torch.int8, ratio: 0.015072240494191647, diff: 4118.75634765625, norm: 273267.6875
name: model.layers.45.mlp.up_proj.weight, type: torch.int8, ratio: 0.012543882243335247, diff: 4246.82568359375, norm: 338557.53125
name: model.layers.46.self_attn.q_proj.weight, type: torch.int8, ratio: 0.017812805250287056, diff: 1751.8704833984375, norm: 98348.9375
name: model.layers.46.self_attn.k_proj.weight, type: torch.int8, ratio: 0.022202299907803535, diff: 773.76220703125, norm: 34850.54296875
name: model.layers.46.self_attn.v_proj.weight, type: torch.int8, ratio: 0.013135700486600399, diff: 805.4911499023438, norm: 61320.76171875
name: model.layers.46.self_attn.o_proj.weight, type: torch.int8, ratio: 0.013431704603135586, diff: 2040.2646484375, norm: 151899.15625
name: model.layers.46.mlp.gate_proj.weight, type: torch.int8, ratio: 0.015108462423086166, diff: 4120.2197265625, norm: 272709.40625
name: model.layers.46.mlp.up_proj.weight, type: torch.int8, ratio: 0.012368205934762955, diff: 4258.02685546875, norm: 344272.0
name: model.layers.47.self_attn.q_proj.weight, type: torch.int8, ratio: 0.016714109107851982, diff: 1754.926513671875, norm: 104996.7109375
name: model.layers.47.self_attn.k_proj.weight, type: torch.int8, ratio: 0.022609390318393707, diff: 771.331298828125, norm: 34115.52734375
name: model.layers.47.self_attn.v_proj.weight, type: torch.int8, ratio: 0.012585224583745003, diff: 811.1818237304688, norm: 64455.09375
name: model.layers.47.self_attn.o_proj.weight, type: torch.int8, ratio: 0.012529173865914345, diff: 2011.9405517578125, norm: 160580.46875
name: model.layers.47.mlp.gate_proj.weight, type: torch.int8, ratio: 0.015410645864903927, diff: 4091.1484375, norm: 265475.46875
name: model.layers.47.mlp.up_proj.weight, type: torch.int8, ratio: 0.012287555262446404, diff: 4240.5458984375, norm: 345109.0
name: model.layers.48.self_attn.q_proj.weight, type: torch.int8, ratio: 0.017466314136981964, diff: 1757.23046875, norm: 100606.828125
name: model.layers.48.self_attn.k_proj.weight, type: torch.int8, ratio: 0.02310905046761036, diff: 774.1104736328125, norm: 33498.15234375
name: model.layers.48.self_attn.v_proj.weight, type: torch.int8, ratio: 0.015736903995275497, diff: 791.9829711914062, norm: 50326.4765625
name: model.layers.48.self_attn.o_proj.weight, type: torch.int8, ratio: 0.012503410689532757, diff: 2000.9310302734375, norm: 160030.8125
name: model.layers.48.mlp.gate_proj.weight, type: torch.int8, ratio: 0.014955144375562668, diff: 4104.8388671875, norm: 274476.71875
name: model.layers.48.mlp.up_proj.weight, type: torch.int8, ratio: 0.012111978605389595, diff: 4248.91064453125, norm: 350802.34375
name: model.layers.49.self_attn.q_proj.weight, type: torch.int8, ratio: 0.017043039202690125, diff: 1746.3570556640625, norm: 102467.46875
name: model.layers.49.self_attn.k_proj.weight, type: torch.int8, ratio: 0.022903310135006905, diff: 769.1502075195312, norm: 33582.4921875
name: model.layers.49.self_attn.v_proj.weight, type: torch.int8, ratio: 0.013563829474151134, diff: 800.6603393554688, norm: 59029.078125
name: model.layers.49.self_attn.o_proj.weight, type: torch.int8, ratio: 0.012686342932283878, diff: 2026.4932861328125, norm: 159738.171875
name: model.layers.49.mlp.gate_proj.weight, type: torch.int8, ratio: 0.016007795929908752, diff: 4095.523681640625, norm: 255845.578125
name: model.layers.49.mlp.up_proj.weight, type: torch.int8, ratio: 0.012303360737860203, diff: 4250.314453125, norm: 345459.625
name: model.layers.50.self_attn.q_proj.weight, type: torch.int8, ratio: 0.017705965787172318, diff: 1752.695068359375, norm: 98988.953125
name: model.layers.50.self_attn.k_proj.weight, type: torch.int8, ratio: 0.025113238021731377, diff: 771.43310546875, norm: 30718.185546875
name: model.layers.50.self_attn.v_proj.weight, type: torch.int8, ratio: 0.015821976587176323, diff: 789.1298828125, norm: 49875.5546875
name: model.layers.50.self_attn.o_proj.weight, type: torch.int8, ratio: 0.012487439438700676, diff: 2020.9886474609375, norm: 161841.71875
name: model.layers.50.mlp.gate_proj.weight, type: torch.int8, ratio: 0.017396416515111923, diff: 4072.60546875, norm: 234106.0
name: model.layers.50.mlp.up_proj.weight, type: torch.int8, ratio: 0.012282202951610088, diff: 4258.7138671875, norm: 346738.59375
name: model.layers.51.self_attn.q_proj.weight, type: torch.int8, ratio: 0.018494606018066406, diff: 1761.8892822265625, norm: 95265.0390625
name: model.layers.51.self_attn.k_proj.weight, type: torch.int8, ratio: 0.022108638659119606, diff: 780.5722045898438, norm: 35306.20703125
name: model.layers.51.self_attn.v_proj.weight, type: torch.int8, ratio: 0.016852078959345818, diff: 794.6867065429688, norm: 47156.59765625
name: model.layers.51.self_attn.o_proj.weight, type: torch.int8, ratio: 0.013082100078463554, diff: 2090.6484375, norm: 159809.84375
name: model.layers.51.mlp.gate_proj.weight, type: torch.int8, ratio: 0.017661048099398613, diff: 4076.4462890625, norm: 230815.65625
name: model.layers.51.mlp.up_proj.weight, type: torch.int8, ratio: 0.012293731793761253, diff: 4265.88330078125, norm: 346996.625
name: model.layers.52.self_attn.q_proj.weight, type: torch.int8, ratio: 0.01885172910988331, diff: 1754.098388671875, norm: 93047.0859375
name: model.layers.52.self_attn.k_proj.weight, type: torch.int8, ratio: 0.025110775604844093, diff: 774.78515625, norm: 30854.689453125
name: model.layers.52.self_attn.v_proj.weight, type: torch.int8, ratio: 0.01615571416914463, diff: 791.830810546875, norm: 49012.4296875
name: model.layers.52.self_attn.o_proj.weight, type: torch.int8, ratio: 0.013274355791509151, diff: 2089.75732421875, norm: 157428.15625
name: model.layers.52.mlp.gate_proj.weight, type: torch.int8, ratio: 0.017780406400561333, diff: 4090.556884765625, norm: 230059.8125
name: model.layers.52.mlp.up_proj.weight, type: torch.int8, ratio: 0.012381216511130333, diff: 4280.92724609375, norm: 345759.8125
name: model.layers.53.self_attn.q_proj.weight, type: torch.int8, ratio: 0.019118402153253555, diff: 1756.8529052734375, norm: 91893.2890625
name: model.layers.53.self_attn.k_proj.weight, type: torch.int8, ratio: 0.02504296973347664, diff: 775.5133666992188, norm: 30967.30859375
name: model.layers.53.self_attn.v_proj.weight, type: torch.int8, ratio: 0.018997641280293465, diff: 787.3074340820312, norm: 41442.37890625
name: model.layers.53.self_attn.o_proj.weight, type: torch.int8, ratio: 0.012355530634522438, diff: 2014.1878662109375, norm: 163019.125
name: model.layers.53.mlp.gate_proj.weight, type: torch.int8, ratio: 0.017530186101794243, diff: 4088.86181640625, norm: 233246.921875
name: model.layers.53.mlp.up_proj.weight, type: torch.int8, ratio: 0.012232496403157711, diff: 4290.1611328125, norm: 350718.375
name: model.layers.54.self_attn.q_proj.weight, type: torch.int8, ratio: 0.01764805056154728, diff: 1760.39453125, norm: 99750.0859375
name: model.layers.54.self_attn.k_proj.weight, type: torch.int8, ratio: 0.02459692396223545, diff: 773.9334716796875, norm: 31464.64453125
name: model.layers.54.self_attn.v_proj.weight, type: torch.int8, ratio: 0.017963623628020287, diff: 785.087890625, norm: 43704.31640625
name: model.layers.54.self_attn.o_proj.weight, type: torch.int8, ratio: 0.011981300078332424, diff: 1971.568115234375, norm: 164553.765625
name: model.layers.54.mlp.gate_proj.weight, type: torch.int8, ratio: 0.017683295533061028, diff: 4085.516357421875, norm: 231038.1875
name: model.layers.54.mlp.up_proj.weight, type: torch.int8, ratio: 0.01216456200927496, diff: 4289.27783203125, norm: 352604.375
name: model.layers.55.self_attn.q_proj.weight, type: torch.int8, ratio: 0.01815827004611492, diff: 1752.158935546875, norm: 96493.71875
name: model.layers.55.self_attn.k_proj.weight, type: torch.int8, ratio: 0.023136135190725327, diff: 772.9656982421875, norm: 33409.45703125
name: model.layers.55.self_attn.v_proj.weight, type: torch.int8, ratio: 0.01524432934820652, diff: 795.8429565429688, norm: 52205.8359375
name: model.layers.55.self_attn.o_proj.weight, type: torch.int8, ratio: 0.012387518770992756, diff: 2011.24560546875, norm: 162360.65625
name: model.layers.55.mlp.gate_proj.weight, type: torch.int8, ratio: 0.01738286390900612, diff: 4069.341552734375, norm: 234100.765625
name: model.layers.55.mlp.up_proj.weight, type: torch.int8, ratio: 0.01214605662971735, diff: 4282.45654296875, norm: 352580.0
name: model.layers.56.self_attn.q_proj.weight, type: torch.int8, ratio: 0.019748901948332787, diff: 1740.65185546875, norm: 88139.171875
name: model.layers.56.self_attn.k_proj.weight, type: torch.int8, ratio: 0.026071535423398018, diff: 769.5576782226562, norm: 29517.16015625
name: model.layers.56.self_attn.v_proj.weight, type: torch.int8, ratio: 0.017768945544958115, diff: 783.2617797851562, norm: 44080.375
name: model.layers.56.self_attn.o_proj.weight, type: torch.int8, ratio: 0.012617167085409164, diff: 2080.494384765625, norm: 164893.9375
name: model.layers.56.mlp.gate_proj.weight, type: torch.int8, ratio: 0.017262950539588928, diff: 4052.156005859375, norm: 234731.375
name: model.layers.56.mlp.up_proj.weight, type: torch.int8, ratio: 0.012102711945772171, diff: 4275.92724609375, norm: 353303.21875
name: model.layers.57.self_attn.q_proj.weight, type: torch.int8, ratio: 0.01738576404750347, diff: 1746.5396728515625, norm: 100458.03125
name: model.layers.57.self_attn.k_proj.weight, type: torch.int8, ratio: 0.022253263741731644, diff: 768.5765991210938, norm: 34537.703125
name: model.layers.57.self_attn.v_proj.weight, type: torch.int8, ratio: 0.019130824133753777, diff: 776.0818481445312, norm: 40567.08984375
name: model.layers.57.self_attn.o_proj.weight, type: torch.int8, ratio: 0.012413494288921356, diff: 2035.744140625, norm: 163994.453125
name: model.layers.57.mlp.gate_proj.weight, type: torch.int8, ratio: 0.016356518492102623, diff: 4051.32080078125, norm: 247688.46875
name: model.layers.57.mlp.up_proj.weight, type: torch.int8, ratio: 0.012069403193891048, diff: 4263.75341796875, norm: 353269.625
name: model.layers.58.self_attn.q_proj.weight, type: torch.int8, ratio: 0.018870441243052483, diff: 1732.8692626953125, norm: 91829.8203125
name: model.layers.58.self_attn.k_proj.weight, type: torch.int8, ratio: 0.027137380093336105, diff: 762.696533203125, norm: 28105.017578125
name: model.layers.58.self_attn.v_proj.weight, type: torch.int8, ratio: 0.027779916301369667, diff: 760.7916870117188, norm: 27386.392578125
name: model.layers.58.self_attn.o_proj.weight, type: torch.int8, ratio: 0.013193492777645588, diff: 2160.5029296875, norm: 163755.1875
name: model.layers.58.mlp.gate_proj.weight, type: torch.int8, ratio: 0.01571318320930004, diff: 4067.12353515625, norm: 258835.109375
name: model.layers.58.mlp.up_proj.weight, type: torch.int8, ratio: 0.012061459012329578, diff: 4257.783203125, norm: 353007.3125
name: model.layers.59.self_attn.q_proj.weight, type: torch.int8, ratio: 0.02061345800757408, diff: 1715.9869384765625, norm: 83245.953125
name: model.layers.59.self_attn.k_proj.weight, type: torch.int8, ratio: 0.02399435266852379, diff: 762.677490234375, norm: 31785.70703125
name: model.layers.59.self_attn.v_proj.weight, type: torch.int8, ratio: 0.017262514680624008, diff: 774.9335327148438, norm: 44891.1171875
name: model.layers.59.self_attn.o_proj.weight, type: torch.int8, ratio: 0.01223941333591938, diff: 1993.5689697265625, norm: 162881.09375
name: model.layers.59.mlp.gate_proj.weight, type: torch.int8, ratio: 0.016067849472165108, diff: 4057.975341796875, norm: 252552.5
name: model.layers.59.mlp.up_proj.weight, type: torch.int8, ratio: 0.012436797842383385, diff: 4222.9443359375, norm: 339552.375
name: model.layers.60.self_attn.q_proj.weight, type: torch.int8, ratio: 0.020807772874832153, diff: 1719.193359375, norm: 82622.6484375
name: model.layers.60.self_attn.k_proj.weight, type: torch.int8, ratio: 0.026701221242547035, diff: 760.2565307617188, norm: 28472.724609375
name: model.layers.60.self_attn.v_proj.weight, type: torch.int8, ratio: 0.016430355608463287, diff: 776.7766723632812, norm: 47276.92578125
name: model.layers.60.self_attn.o_proj.weight, type: torch.int8, ratio: 0.013162192888557911, diff: 2085.68701171875, norm: 158460.453125
name: model.layers.60.mlp.gate_proj.weight, type: torch.int8, ratio: 0.018116356804966927, diff: 4034.492431640625, norm: 222698.875
name: model.layers.60.mlp.up_proj.weight, type: torch.int8, ratio: 0.012924804352223873, diff: 4199.65869140625, norm: 324930.15625
name: model.layers.61.self_attn.q_proj.weight, type: torch.int8, ratio: 0.0203167162835598, diff: 1729.8592529296875, norm: 85144.625
name: model.layers.61.self_attn.k_proj.weight, type: torch.int8, ratio: 0.026287900283932686, diff: 766.2584228515625, norm: 29148.7109375
name: model.layers.61.self_attn.v_proj.weight, type: torch.int8, ratio: 0.017367426306009293, diff: 778.5037231445312, norm: 44825.5078125
name: model.layers.61.self_attn.o_proj.weight, type: torch.int8, ratio: 0.013413534499704838, diff: 2119.78173828125, norm: 158033.046875
name: model.layers.61.mlp.gate_proj.weight, type: torch.int8, ratio: 0.019049828872084618, diff: 4038.642333984375, norm: 212004.125
name: model.layers.61.mlp.up_proj.weight, type: torch.int8, ratio: 0.013740822672843933, diff: 4171.04248046875, norm: 303551.15625
name: model.layers.62.self_attn.q_proj.weight, type: torch.int8, ratio: 0.02209828607738018, diff: 1738.5933837890625, norm: 78675.484375
name: model.layers.62.self_attn.k_proj.weight, type: torch.int8, ratio: 0.023235969245433807, diff: 775.6229858398438, norm: 33380.2734375
name: model.layers.62.self_attn.v_proj.weight, type: torch.int8, ratio: 0.01990439184010029, diff: 781.4365234375, norm: 39259.50390625
name: model.layers.62.self_attn.o_proj.weight, type: torch.int8, ratio: 0.013178532011806965, diff: 2054.5078125, norm: 155898.078125
name: model.layers.62.mlp.gate_proj.weight, type: torch.int8, ratio: 0.02112024836242199, diff: 4068.95263671875, norm: 192656.484375
name: model.layers.62.mlp.up_proj.weight, type: torch.int8, ratio: 0.015615480951964855, diff: 4147.44091796875, norm: 265598.03125
name: model.layers.63.self_attn.q_proj.weight, type: torch.int8, ratio: 0.022553468123078346, diff: 1779.7491455078125, norm: 78912.4375
name: model.layers.63.self_attn.k_proj.weight, type: torch.int8, ratio: 0.02696647122502327, diff: 791.03857421875, norm: 29334.15234375
name: model.layers.63.self_attn.v_proj.weight, type: torch.int8, ratio: 0.03526969626545906, diff: 786.1609497070312, norm: 22289.982421875
name: model.layers.63.self_attn.o_proj.weight, type: torch.int8, ratio: 0.013537694700062275, diff: 2070.238037109375, norm: 152923.96875
name: model.layers.63.mlp.gate_proj.weight, type: torch.int8, ratio: 0.019207585602998734, diff: 4082.9638671875, norm: 212570.375
name: model.layers.63.mlp.up_proj.weight, type: torch.int8, ratio: 0.015126537531614304, diff: 4173.20849609375, norm: 275886.5625
name: model.layers.0.mlp.down_proj.weight, type: torch.int8, ratio: 0.02855706214904785, diff: 6449.30029296875, norm: 225839.0625
name: model.layers.1.mlp.down_proj.weight, type: torch.int8, ratio: 0.07993360608816147, diff: 5836.6259765625, norm: 73018.421875
name: model.layers.2.mlp.down_proj.weight, type: torch.int8, ratio: 0.041704561561346054, diff: 5512.75537109375, norm: 132185.90625
name: model.layers.3.mlp.down_proj.weight, type: torch.int8, ratio: 0.034216903150081635, diff: 6282.29296875, norm: 183602.03125
name: model.layers.4.mlp.down_proj.weight, type: torch.int8, ratio: 0.012102450244128704, diff: 2654.67041015625, norm: 219349.828125
name: model.layers.5.mlp.down_proj.weight, type: torch.int8, ratio: 0.020378660410642624, diff: 5215.0849609375, norm: 255909.125
name: model.layers.6.mlp.down_proj.weight, type: torch.int8, ratio: 0.01824532076716423, diff: 4785.1865234375, norm: 262269.25
name: model.layers.7.mlp.down_proj.weight, type: torch.int8, ratio: 0.024325555190443993, diff: 7054.287109375, norm: 289994.90625
name: model.layers.8.mlp.down_proj.weight, type: torch.int8, ratio: 0.02204900234937668, diff: 6334.1298828125, norm: 287275.125
name: model.layers.9.mlp.down_proj.weight, type: torch.int8, ratio: 0.017485523596405983, diff: 4912.45263671875, norm: 280943.96875
name: model.layers.10.mlp.down_proj.weight, type: torch.int8, ratio: 0.01721879467368126, diff: 4812.806640625, norm: 279508.90625
name: model.layers.11.mlp.down_proj.weight, type: torch.int8, ratio: 0.017061877995729446, diff: 4892.466796875, norm: 286748.4375
name: model.layers.12.mlp.down_proj.weight, type: torch.int8, ratio: 0.016088880598545074, diff: 4583.703125, norm: 284898.8125
name: model.layers.13.mlp.down_proj.weight, type: torch.int8, ratio: 0.016130900010466576, diff: 4519.3017578125, norm: 280164.28125
name: model.layers.14.mlp.down_proj.weight, type: torch.int8, ratio: 0.01654721237719059, diff: 4464.79736328125, norm: 269821.71875
name: model.layers.15.mlp.down_proj.weight, type: torch.int8, ratio: 0.01625104807317257, diff: 4419.17529296875, norm: 271931.71875
name: model.layers.16.mlp.down_proj.weight, type: torch.int8, ratio: 0.015942709520459175, diff: 4364.57666015625, norm: 273766.3125
name: model.layers.17.mlp.down_proj.weight, type: torch.int8, ratio: 0.015833493322134018, diff: 4296.21435546875, norm: 271337.125
name: model.layers.18.mlp.down_proj.weight, type: torch.int8, ratio: 0.015993328765034676, diff: 4262.1748046875, norm: 266497.03125
name: model.layers.19.mlp.down_proj.weight, type: torch.int8, ratio: 0.01600395143032074, diff: 4245.28515625, norm: 265264.8125
name: model.layers.20.mlp.down_proj.weight, type: torch.int8, ratio: 0.01577967032790184, diff: 4223.54296875, norm: 267657.25
name: model.layers.21.mlp.down_proj.weight, type: torch.int8, ratio: 0.015519692562520504, diff: 4195.072265625, norm: 270306.40625
name: model.layers.22.mlp.down_proj.weight, type: torch.int8, ratio: 0.015750950202345848, diff: 4166.72265625, norm: 264537.875
name: model.layers.23.mlp.down_proj.weight, type: torch.int8, ratio: 0.01573377288877964, diff: 4184.6181640625, norm: 265964.0625
name: model.layers.24.mlp.down_proj.weight, type: torch.int8, ratio: 0.014913707040250301, diff: 4126.482421875, norm: 276690.59375
name: model.layers.25.mlp.down_proj.weight, type: torch.int8, ratio: 0.01454529631882906, diff: 4119.3642578125, norm: 283209.375
name: model.layers.26.mlp.down_proj.weight, type: torch.int8, ratio: 0.014565249904990196, diff: 4077.394775390625, norm: 279939.90625
name: model.layers.27.mlp.down_proj.weight, type: torch.int8, ratio: 0.014736983925104141, diff: 4064.7880859375, norm: 275822.25
name: model.layers.28.mlp.down_proj.weight, type: torch.int8, ratio: 0.01490447111427784, diff: 4118.70849609375, norm: 276340.46875
name: model.layers.29.mlp.down_proj.weight, type: torch.int8, ratio: 0.01492962334305048, diff: 4050.45263671875, norm: 271303.0625
name: model.layers.30.mlp.down_proj.weight, type: torch.int8, ratio: 0.014599473215639591, diff: 4030.409423828125, norm: 276065.40625
name: model.layers.31.mlp.down_proj.weight, type: torch.int8, ratio: 0.014848379418253899, diff: 4046.58837890625, norm: 272527.28125
name: model.layers.32.mlp.down_proj.weight, type: torch.int8, ratio: 0.015430925413966179, diff: 4155.3818359375, norm: 269289.21875
name: model.layers.33.mlp.down_proj.weight, type: torch.int8, ratio: 0.015245218761265278, diff: 4092.4541015625, norm: 268441.8125
name: model.layers.34.mlp.down_proj.weight, type: torch.int8, ratio: 0.015275065787136555, diff: 4106.81689453125, norm: 268857.5625
name: model.layers.35.mlp.down_proj.weight, type: torch.int8, ratio: 0.015320864506065845, diff: 4111.1318359375, norm: 268335.5
name: model.layers.36.mlp.down_proj.weight, type: torch.int8, ratio: 0.015494735911488533, diff: 4169.51904296875, norm: 269092.625
name: model.layers.37.mlp.down_proj.weight, type: torch.int8, ratio: 0.014994900673627853, diff: 4078.4658203125, norm: 271990.1875
name: model.layers.38.mlp.down_proj.weight, type: torch.int8, ratio: 0.01529804989695549, diff: 4061.619384765625, norm: 265499.15625
name: model.layers.39.mlp.down_proj.weight, type: torch.int8, ratio: 0.015369630418717861, diff: 4155.1181640625, norm: 270346.0
name: model.layers.40.mlp.down_proj.weight, type: torch.int8, ratio: 0.014548860490322113, diff: 4122.07177734375, norm: 283326.09375
name: model.layers.41.mlp.down_proj.weight, type: torch.int8, ratio: 0.014191773720085621, diff: 4087.94873046875, norm: 288050.59375
name: model.layers.42.mlp.down_proj.weight, type: torch.int8, ratio: 0.014672955498099327, diff: 4016.164794921875, norm: 273712.0625
name: model.layers.43.mlp.down_proj.weight, type: torch.int8, ratio: 0.014601758681237698, diff: 4058.189697265625, norm: 277924.71875
name: model.layers.44.mlp.down_proj.weight, type: torch.int8, ratio: 0.015122883953154087, diff: 4181.6494140625, norm: 276511.375
name: model.layers.45.mlp.down_proj.weight, type: torch.int8, ratio: 0.015098056755959988, diff: 4184.625, norm: 277163.15625
name: model.layers.46.mlp.down_proj.weight, type: torch.int8, ratio: 0.014696182683110237, diff: 4179.64990234375, norm: 284403.78125
name: model.layers.47.mlp.down_proj.weight, type: torch.int8, ratio: 0.014911483973264694, diff: 4235.42724609375, norm: 284037.9375
name: model.layers.48.mlp.down_proj.weight, type: torch.int8, ratio: 0.014625758863985538, diff: 4161.73095703125, norm: 284548.03125
name: model.layers.49.mlp.down_proj.weight, type: torch.int8, ratio: 0.015375485643744469, diff: 4261.46923828125, norm: 277159.96875
name: model.layers.50.mlp.down_proj.weight, type: torch.int8, ratio: 0.015450403094291687, diff: 4331.34521484375, norm: 280338.65625
name: model.layers.51.mlp.down_proj.weight, type: torch.int8, ratio: 0.015120316296815872, diff: 4307.59765625, norm: 284888.0625
name: model.layers.52.mlp.down_proj.weight, type: torch.int8, ratio: 0.015355976298451424, diff: 4284.3173828125, norm: 279000.0
name: model.layers.53.mlp.down_proj.weight, type: torch.int8, ratio: 0.015280856750905514, diff: 4248.16455078125, norm: 278005.65625
name: model.layers.54.mlp.down_proj.weight, type: torch.int8, ratio: 0.01600251905620098, diff: 4185.94873046875, norm: 261580.609375
name: model.layers.55.mlp.down_proj.weight, type: torch.int8, ratio: 0.01554996706545353, diff: 4204.32421875, norm: 270375.125
name: model.layers.56.mlp.down_proj.weight, type: torch.int8, ratio: 0.014913232065737247, diff: 4204.69482421875, norm: 281943.90625
name: model.layers.57.mlp.down_proj.weight, type: torch.int8, ratio: 0.015766814351081848, diff: 4144.9736328125, norm: 262892.28125
name: model.layers.58.mlp.down_proj.weight, type: torch.int8, ratio: 0.015537799336016178, diff: 4232.85693359375, norm: 272423.1875
name: model.layers.59.mlp.down_proj.weight, type: torch.int8, ratio: 0.016808422282338142, diff: 4424.97509765625, norm: 263259.40625
name: model.layers.60.mlp.down_proj.weight, type: torch.int8, ratio: 0.01874670386314392, diff: 4728.97265625, norm: 252256.21875
name: model.layers.61.mlp.down_proj.weight, type: torch.int8, ratio: 0.02057134546339512, diff: 4943.04150390625, norm: 240287.71875
name: model.layers.62.mlp.down_proj.weight, type: torch.int8, ratio: 0.02873571403324604, diff: 5468.8095703125, norm: 190314.03125
name: model.layers.63.mlp.down_proj.weight, type: torch.int8, ratio: 0.026001887395977974, diff: 6152.3212890625, norm: 236610.5625
