name: model.layers.0.self_attn.q_proj.weight, type: torch.int8, ratio: 0.1365627497434616, diff: 9320.2109375, norm: 68248.5625
name: model.layers.0.self_attn.k_proj.weight, type: torch.int8, ratio: 0.09261593222618103, diff: 3181.691650390625, norm: 34353.609375
name: model.layers.0.self_attn.v_proj.weight, type: torch.int8, ratio: 0.15767627954483032, diff: 6187.87646484375, norm: 39244.1796875
name: model.layers.0.self_attn.o_proj.weight, type: torch.int8, ratio: 0.40038299560546875, diff: 38712.265625, norm: 96688.0859375
name: model.layers.0.mlp.gate_proj.weight, type: torch.int8, ratio: 0.1390531361103058, diff: 22814.025390625, norm: 164066.953125
name: model.layers.0.mlp.up_proj.weight, type: torch.int8, ratio: 0.16866059601306915, diff: 33541.0703125, norm: 198867.265625
name: model.layers.0.mlp.down_proj.weight, type: torch.int8, ratio: 0.14557597041130066, diff: 30240.328125, norm: 207728.84375
name: model.layers.0.input_layernorm.weight, type: torch.float16, ratio: 0.058604367077350616, diff: 0.3751184344291687, norm: 6.4008612632751465
name: model.layers.0.post_attention_layernorm.weight, type: torch.float16, ratio: 0.028374556452035904, diff: 0.22012515366077423, norm: 7.757835865020752
name: model.layers.1.self_attn.q_proj.weight, type: torch.int8, ratio: 0.14753806591033936, diff: 5599.8271484375, norm: 37955.1328125
name: model.layers.1.self_attn.k_proj.weight, type: torch.int8, ratio: 0.12565399706363678, diff: 1878.6795654296875, norm: 14951.212890625
name: model.layers.1.self_attn.v_proj.weight, type: torch.int8, ratio: 0.1459924280643463, diff: 3616.758544921875, norm: 24773.603515625
name: model.layers.1.self_attn.o_proj.weight, type: torch.int8, ratio: 0.3923529386520386, diff: 42720.52734375, norm: 108882.90625
name: model.layers.1.mlp.gate_proj.weight, type: torch.int8, ratio: 0.10360027849674225, diff: 8031.70703125, norm: 77525.921875
name: model.layers.1.mlp.up_proj.weight, type: torch.int8, ratio: 0.11914711445569992, diff: 15283.662109375, norm: 128275.5546875
name: model.layers.1.mlp.down_proj.weight, type: torch.int8, ratio: 0.13574256002902985, diff: 24754.40234375, norm: 182362.859375
name: model.layers.1.input_layernorm.weight, type: torch.float16, ratio: 0.42324021458625793, diff: 2.516737699508667, norm: 5.946357727050781
name: model.layers.1.post_attention_layernorm.weight, type: torch.float16, ratio: 0.020393185317516327, diff: 0.18462905287742615, norm: 9.053467750549316
name: model.layers.2.self_attn.q_proj.weight, type: torch.int8, ratio: 0.1452445089817047, diff: 8425.751953125, norm: 58010.8125
name: model.layers.2.self_attn.k_proj.weight, type: torch.int8, ratio: 0.10691269487142563, diff: 2032.353271484375, norm: 19009.466796875
name: model.layers.2.self_attn.v_proj.weight, type: torch.int8, ratio: 0.16251666843891144, diff: 4897.96142578125, norm: 30138.2109375
name: model.layers.2.self_attn.o_proj.weight, type: torch.int8, ratio: 0.39182594418525696, diff: 43797.484375, norm: 111777.90625
name: model.layers.2.mlp.gate_proj.weight, type: torch.int8, ratio: 0.10890226066112518, diff: 9082.4296875, norm: 83399.828125
name: model.layers.2.mlp.up_proj.weight, type: torch.int8, ratio: 0.12748508155345917, diff: 19467.046875, norm: 152700.59375
name: model.layers.2.mlp.down_proj.weight, type: torch.int8, ratio: 0.13615816831588745, diff: 28174.16015625, norm: 206922.296875
name: model.layers.2.input_layernorm.weight, type: torch.float16, ratio: 0.351961612701416, diff: 2.648500680923462, norm: 7.524970531463623
name: model.layers.2.post_attention_layernorm.weight, type: torch.float16, ratio: 0.020831922069191933, diff: 0.18392668664455414, norm: 8.829078674316406
name: model.layers.3.self_attn.q_proj.weight, type: torch.int8, ratio: 0.15197540819644928, diff: 8433.7744140625, norm: 55494.3359375
name: model.layers.3.self_attn.k_proj.weight, type: torch.int8, ratio: 0.10725407302379608, diff: 1886.2550048828125, norm: 17586.791015625
name: model.layers.3.self_attn.v_proj.weight, type: torch.int8, ratio: 0.14614403247833252, diff: 3837.454833984375, norm: 26258.033203125
name: model.layers.3.self_attn.o_proj.weight, type: torch.int8, ratio: 0.3901512920856476, diff: 41355.12890625, norm: 105997.671875
name: model.layers.3.mlp.gate_proj.weight, type: torch.int8, ratio: 0.11393866688013077, diff: 14220.935546875, norm: 124812.1953125
name: model.layers.3.mlp.up_proj.weight, type: torch.int8, ratio: 0.12795715034008026, diff: 27753.662109375, norm: 216898.09375
name: model.layers.3.mlp.down_proj.weight, type: torch.int8, ratio: 0.1338590383529663, diff: 29286.546875, norm: 218786.484375
name: model.layers.3.input_layernorm.weight, type: torch.float16, ratio: 0.06846525520086288, diff: 0.48859676718711853, norm: 7.136419296264648
name: model.layers.3.post_attention_layernorm.weight, type: torch.float16, ratio: 0.023955658078193665, diff: 0.22225938737392426, norm: 9.277949333190918
name: model.layers.4.self_attn.q_proj.weight, type: torch.int8, ratio: 0.1776663362979889, diff: 10242.857421875, norm: 57652.21484375
name: model.layers.4.self_attn.k_proj.weight, type: torch.int8, ratio: 0.16108952462673187, diff: 3140.07568359375, norm: 19492.736328125
name: model.layers.4.self_attn.v_proj.weight, type: torch.int8, ratio: 0.1482522040605545, diff: 4192.50244140625, norm: 28279.529296875
name: model.layers.4.self_attn.o_proj.weight, type: torch.int8, ratio: 0.38818520307540894, diff: 42200.4765625, norm: 108712.2265625
name: model.layers.4.mlp.gate_proj.weight, type: torch.int8, ratio: 0.11836444586515427, diff: 12905.0126953125, norm: 109027.78125
name: model.layers.4.mlp.up_proj.weight, type: torch.int8, ratio: 0.1344105750322342, diff: 31126.12890625, norm: 231575.0
name: model.layers.4.mlp.down_proj.weight, type: torch.int8, ratio: 0.13731200993061066, diff: 30962.51953125, norm: 225490.25
name: model.layers.4.input_layernorm.weight, type: torch.float16, ratio: 1.764590859413147, diff: 12.759556770324707, norm: 7.230886936187744
name: model.layers.4.post_attention_layernorm.weight, type: torch.float16, ratio: 0.021312003955245018, diff: 0.19285239279270172, norm: 9.049003601074219
name: model.layers.5.self_attn.q_proj.weight, type: torch.int8, ratio: 0.1628447324037552, diff: 10922.0517578125, norm: 67070.34375
name: model.layers.5.self_attn.k_proj.weight, type: torch.int8, ratio: 0.1580614298582077, diff: 3674.045166015625, norm: 23244.412109375
name: model.layers.5.self_attn.v_proj.weight, type: torch.int8, ratio: 0.13908571004867554, diff: 4258.63818359375, norm: 30618.8046875
name: model.layers.5.self_attn.o_proj.weight, type: torch.int8, ratio: 0.3886708617210388, diff: 43709.96484375, norm: 112460.1015625
name: model.layers.5.mlp.gate_proj.weight, type: torch.int8, ratio: 0.12695522606372833, diff: 11844.919921875, norm: 93299.984375
name: model.layers.5.mlp.up_proj.weight, type: torch.int8, ratio: 0.130750373005867, diff: 29719.107421875, norm: 227296.53125
name: model.layers.5.mlp.down_proj.weight, type: torch.int8, ratio: 0.1335107833147049, diff: 30068.119140625, norm: 225211.15625
name: model.layers.5.input_layernorm.weight, type: torch.float16, ratio: 0.08634669333696365, diff: 0.6651577949523926, norm: 7.703338146209717
name: model.layers.5.post_attention_layernorm.weight, type: torch.float16, ratio: 0.0225899089127779, diff: 0.20781950652599335, norm: 9.199661254882812
name: model.layers.6.self_attn.q_proj.weight, type: torch.int8, ratio: 0.1551828235387802, diff: 9503.541015625, norm: 61240.93359375
name: model.layers.6.self_attn.k_proj.weight, type: torch.int8, ratio: 0.12858176231384277, diff: 2705.917236328125, norm: 21044.33203125
name: model.layers.6.self_attn.v_proj.weight, type: torch.int8, ratio: 0.12918518483638763, diff: 3881.15771484375, norm: 30043.365234375
name: model.layers.6.self_attn.o_proj.weight, type: torch.int8, ratio: 0.38666123151779175, diff: 42377.51171875, norm: 109598.5546875
name: model.layers.6.mlp.gate_proj.weight, type: torch.int8, ratio: 0.14843709766864777, diff: 23433.443359375, norm: 157867.828125
name: model.layers.6.mlp.up_proj.weight, type: torch.int8, ratio: 0.13712604343891144, diff: 35523.39453125, norm: 259056.515625
name: model.layers.6.mlp.down_proj.weight, type: torch.int8, ratio: 0.14207956194877625, diff: 32254.537109375, norm: 227017.421875
name: model.layers.6.input_layernorm.weight, type: torch.float16, ratio: 0.05067017674446106, diff: 0.38408488035202026, norm: 7.580097675323486
name: model.layers.6.post_attention_layernorm.weight, type: torch.float16, ratio: 0.019033553078770638, diff: 0.16068536043167114, norm: 8.442215919494629
name: model.layers.7.self_attn.q_proj.weight, type: torch.int8, ratio: 0.16477088630199432, diff: 10913.0732421875, norm: 66231.8046875
name: model.layers.7.self_attn.k_proj.weight, type: torch.int8, ratio: 0.152069553732872, diff: 2902.887451171875, norm: 19089.208984375
name: model.layers.7.self_attn.v_proj.weight, type: torch.int8, ratio: 0.11294644325971603, diff: 3501.705810546875, norm: 31003.240234375
name: model.layers.7.self_attn.o_proj.weight, type: torch.int8, ratio: 0.38398823142051697, diff: 41700.9453125, norm: 108599.5390625
name: model.layers.7.mlp.gate_proj.weight, type: torch.int8, ratio: 0.1481648087501526, diff: 28347.859375, norm: 191326.53125
name: model.layers.7.mlp.up_proj.weight, type: torch.int8, ratio: 0.13693122565746307, diff: 35005.109375, norm: 255640.078125
name: model.layers.7.mlp.down_proj.weight, type: torch.int8, ratio: 0.14153297245502472, diff: 32038.87109375, norm: 226370.375
name: model.layers.7.input_layernorm.weight, type: torch.float16, ratio: 0.8879115581512451, diff: 7.224642753601074, norm: 8.136669158935547
name: model.layers.7.post_attention_layernorm.weight, type: torch.float16, ratio: 0.01955408789217472, diff: 0.16570082306861877, norm: 8.473973274230957
name: model.layers.8.self_attn.q_proj.weight, type: torch.int8, ratio: 0.17010203003883362, diff: 11007.0556640625, norm: 64708.546875
name: model.layers.8.self_attn.k_proj.weight, type: torch.int8, ratio: 0.16028262674808502, diff: 3316.345947265625, norm: 20690.61328125
name: model.layers.8.self_attn.v_proj.weight, type: torch.int8, ratio: 0.1302252560853958, diff: 3971.64892578125, norm: 30498.30078125
name: model.layers.8.self_attn.o_proj.weight, type: torch.int8, ratio: 0.385063499212265, diff: 41173.66796875, norm: 106926.953125
name: model.layers.8.mlp.gate_proj.weight, type: torch.int8, ratio: 0.15090245008468628, diff: 28311.912109375, norm: 187617.3125
name: model.layers.8.mlp.up_proj.weight, type: torch.int8, ratio: 0.13712571561336517, diff: 35604.63671875, norm: 259649.609375
name: model.layers.8.mlp.down_proj.weight, type: torch.int8, ratio: 0.14217916131019592, diff: 32167.828125, norm: 226248.546875
name: model.layers.8.input_layernorm.weight, type: torch.float16, ratio: 0.39614537358283997, diff: 3.431767702102661, norm: 8.6628999710083
name: model.layers.8.post_attention_layernorm.weight, type: torch.float16, ratio: 0.017492854967713356, diff: 0.15975111722946167, norm: 9.132364273071289
name: model.layers.9.self_attn.q_proj.weight, type: torch.int8, ratio: 0.1785486936569214, diff: 10674.8173828125, norm: 59786.58984375
name: model.layers.9.self_attn.k_proj.weight, type: torch.int8, ratio: 0.1700458824634552, diff: 3144.636474609375, norm: 18492.87109375
name: model.layers.9.self_attn.v_proj.weight, type: torch.int8, ratio: 0.11122184991836548, diff: 3464.912353515625, norm: 31153.162109375
name: model.layers.9.self_attn.o_proj.weight, type: torch.int8, ratio: 0.3849089741706848, diff: 41682.75, norm: 108292.484375
name: model.layers.9.mlp.gate_proj.weight, type: torch.int8, ratio: 0.15882356464862823, diff: 18985.287109375, norm: 119536.96875
name: model.layers.9.mlp.up_proj.weight, type: torch.int8, ratio: 0.1400308609008789, diff: 36200.77734375, norm: 258519.984375
name: model.layers.9.mlp.down_proj.weight, type: torch.int8, ratio: 0.1404910683631897, diff: 31916.240234375, norm: 227176.296875
name: model.layers.9.input_layernorm.weight, type: torch.float16, ratio: 0.034457895904779434, diff: 0.31595584750175476, norm: 9.169330596923828
name: model.layers.9.post_attention_layernorm.weight, type: torch.float16, ratio: 0.023959120735526085, diff: 0.246420219540596, norm: 10.285027503967285
name: model.layers.10.self_attn.q_proj.weight, type: torch.int8, ratio: 0.16683219373226166, diff: 11446.9814453125, norm: 68613.7421875
name: model.layers.10.self_attn.k_proj.weight, type: torch.int8, ratio: 0.14954619109630585, diff: 3230.780029296875, norm: 21603.89453125
name: model.layers.10.self_attn.v_proj.weight, type: torch.int8, ratio: 0.12734542787075043, diff: 4243.16259765625, norm: 33320.1015625
name: model.layers.10.self_attn.o_proj.weight, type: torch.int8, ratio: 0.38308772444725037, diff: 40865.390625, norm: 106673.71875
name: model.layers.10.mlp.gate_proj.weight, type: torch.int8, ratio: 0.15766069293022156, diff: 34240.890625, norm: 217180.90625
name: model.layers.10.mlp.up_proj.weight, type: torch.int8, ratio: 0.13830748200416565, diff: 35171.234375, norm: 254297.421875
name: model.layers.10.mlp.down_proj.weight, type: torch.int8, ratio: 0.14240974187850952, diff: 32157.373046875, norm: 225808.796875
name: model.layers.10.input_layernorm.weight, type: torch.float16, ratio: 0.49891388416290283, diff: 4.588168621063232, norm: 9.196313858032227
name: model.layers.10.post_attention_layernorm.weight, type: torch.float16, ratio: 0.017591089010238647, diff: 0.1728566586971283, norm: 9.826375961303711
name: model.layers.11.self_attn.q_proj.weight, type: torch.int8, ratio: 0.16833096742630005, diff: 11059.625, norm: 65701.6640625
name: model.layers.11.self_attn.k_proj.weight, type: torch.int8, ratio: 0.1535409390926361, diff: 3172.2802734375, norm: 20660.810546875
name: model.layers.11.self_attn.v_proj.weight, type: torch.int8, ratio: 0.13774219155311584, diff: 4314.5986328125, norm: 31323.724609375
name: model.layers.11.self_attn.o_proj.weight, type: torch.int8, ratio: 0.3843225836753845, diff: 42075.84375, norm: 109480.5390625
name: model.layers.11.mlp.gate_proj.weight, type: torch.int8, ratio: 0.16092073917388916, diff: 37219.1015625, norm: 231288.40625
name: model.layers.11.mlp.up_proj.weight, type: torch.int8, ratio: 0.14251498878002167, diff: 36022.109375, norm: 252760.140625
name: model.layers.11.mlp.down_proj.weight, type: torch.int8, ratio: 0.14735925197601318, diff: 33615.9375, norm: 228122.34375
name: model.layers.11.input_layernorm.weight, type: torch.float16, ratio: 0.4157083332538605, diff: 4.142794132232666, norm: 9.96562671661377
name: model.layers.11.post_attention_layernorm.weight, type: torch.float16, ratio: 0.018812131136655807, diff: 0.2006027102470398, norm: 10.66347599029541
name: model.layers.12.self_attn.q_proj.weight, type: torch.int8, ratio: 0.17377060651779175, diff: 10963.4951171875, norm: 63091.76953125
name: model.layers.12.self_attn.k_proj.weight, type: torch.int8, ratio: 0.1592029631137848, diff: 3181.819091796875, norm: 19985.9296875
name: model.layers.12.self_attn.v_proj.weight, type: torch.int8, ratio: 0.13132871687412262, diff: 3873.041259765625, norm: 29491.19921875
name: model.layers.12.self_attn.o_proj.weight, type: torch.int8, ratio: 0.38665860891342163, diff: 43351.85546875, norm: 112119.203125
name: model.layers.12.mlp.gate_proj.weight, type: torch.int8, ratio: 0.16328926384449005, diff: 31338.736328125, norm: 191921.59375
name: model.layers.12.mlp.up_proj.weight, type: torch.int8, ratio: 0.1454589068889618, diff: 35592.21875, norm: 244689.171875
name: model.layers.12.mlp.down_proj.weight, type: torch.int8, ratio: 0.14783975481987, diff: 31977.89453125, norm: 216301.0625
name: model.layers.12.input_layernorm.weight, type: torch.float16, ratio: 0.3381083607673645, diff: 3.573457717895508, norm: 10.568971633911133
name: model.layers.12.post_attention_layernorm.weight, type: torch.float16, ratio: 0.01915418729186058, diff: 0.2123754322528839, norm: 11.087676048278809
name: model.layers.13.self_attn.q_proj.weight, type: torch.int8, ratio: 0.17955845594406128, diff: 11899.126953125, norm: 66268.8203125
name: model.layers.13.self_attn.k_proj.weight, type: torch.int8, ratio: 0.1599288433790207, diff: 3243.847900390625, norm: 20283.0703125
name: model.layers.13.self_attn.v_proj.weight, type: torch.int8, ratio: 0.11602865904569626, diff: 3292.368408203125, norm: 28375.4765625
name: model.layers.13.self_attn.o_proj.weight, type: torch.int8, ratio: 0.3876631259918213, diff: 40674.9609375, norm: 104923.46875
name: model.layers.13.mlp.gate_proj.weight, type: torch.int8, ratio: 0.16644641757011414, diff: 33681.83984375, norm: 202358.453125
name: model.layers.13.mlp.up_proj.weight, type: torch.int8, ratio: 0.14762648940086365, diff: 36358.86328125, norm: 246289.5625
name: model.layers.13.mlp.down_proj.weight, type: torch.int8, ratio: 0.14929252862930298, diff: 33089.046875, norm: 221639.0
name: model.layers.13.input_layernorm.weight, type: torch.float16, ratio: 0.3465140461921692, diff: 3.8006198406219482, norm: 10.968154907226562
name: model.layers.13.post_attention_layernorm.weight, type: torch.float16, ratio: 0.022295787930488586, diff: 0.25175392627716064, norm: 11.291546821594238
name: model.layers.14.self_attn.q_proj.weight, type: torch.int8, ratio: 0.21002884209156036, diff: 12799.0126953125, norm: 60939.30859375
name: model.layers.14.self_attn.k_proj.weight, type: torch.int8, ratio: 0.22591181099414825, diff: 4435.76025390625, norm: 19634.919921875
name: model.layers.14.self_attn.v_proj.weight, type: torch.int8, ratio: 0.1336691975593567, diff: 3872.037109375, norm: 28967.30859375
name: model.layers.14.self_attn.o_proj.weight, type: torch.int8, ratio: 0.3903380036354065, diff: 40759.59765625, norm: 104421.2890625
name: model.layers.14.mlp.gate_proj.weight, type: torch.int8, ratio: 0.16995014250278473, diff: 34188.30859375, norm: 201166.6875
name: model.layers.14.mlp.up_proj.weight, type: torch.int8, ratio: 0.14919959008693695, diff: 36672.94921875, norm: 245797.921875
name: model.layers.14.mlp.down_proj.weight, type: torch.int8, ratio: 0.14994043111801147, diff: 32009.265625, norm: 213479.890625
name: model.layers.14.input_layernorm.weight, type: torch.float16, ratio: 0.7476856112480164, diff: 8.580402374267578, norm: 11.47594928741455
name: model.layers.14.post_attention_layernorm.weight, type: torch.float16, ratio: 0.019869081676006317, diff: 0.23674443364143372, norm: 11.915217399597168
name: model.layers.15.self_attn.q_proj.weight, type: torch.int8, ratio: 0.204354926943779, diff: 12816.7294921875, norm: 62717.98828125
name: model.layers.15.self_attn.k_proj.weight, type: torch.int8, ratio: 0.17659299075603485, diff: 3533.87255859375, norm: 20011.3984375
name: model.layers.15.self_attn.v_proj.weight, type: torch.int8, ratio: 0.12625668942928314, diff: 3478.849853515625, norm: 27553.787109375
name: model.layers.15.self_attn.o_proj.weight, type: torch.int8, ratio: 0.3879568874835968, diff: 42759.9375, norm: 110218.2734375
name: model.layers.15.mlp.gate_proj.weight, type: torch.int8, ratio: 0.16941562294960022, diff: 33673.6484375, norm: 198763.53125
name: model.layers.15.mlp.up_proj.weight, type: torch.int8, ratio: 0.14954906702041626, diff: 35654.9921875, norm: 238416.6875
name: model.layers.15.mlp.down_proj.weight, type: torch.int8, ratio: 0.15190674364566803, diff: 33734.01953125, norm: 222070.578125
name: model.layers.15.input_layernorm.weight, type: torch.float16, ratio: 2.1991512775421143, diff: 25.458776473999023, norm: 11.576637268066406
name: model.layers.15.post_attention_layernorm.weight, type: torch.float16, ratio: 0.020453212782740593, diff: 0.2526008188724518, norm: 12.350177764892578
name: model.layers.16.self_attn.q_proj.weight, type: torch.int8, ratio: 0.20982526242733002, diff: 12602.8896484375, norm: 60063.73828125
name: model.layers.16.self_attn.k_proj.weight, type: torch.int8, ratio: 0.21892885863780975, diff: 3969.745361328125, norm: 18132.58203125
name: model.layers.16.self_attn.v_proj.weight, type: torch.int8, ratio: 0.12175601720809937, diff: 3794.184814453125, norm: 31162.1953125
name: model.layers.16.self_attn.o_proj.weight, type: torch.int8, ratio: 0.3902033269405365, diff: 41088.22265625, norm: 105299.515625
name: model.layers.16.mlp.gate_proj.weight, type: torch.int8, ratio: 0.17312949895858765, diff: 35943.125, norm: 207608.328125
name: model.layers.16.mlp.up_proj.weight, type: torch.int8, ratio: 0.153385728597641, diff: 37732.52734375, norm: 245997.640625
name: model.layers.16.mlp.down_proj.weight, type: torch.int8, ratio: 0.1552642434835434, diff: 35152.14453125, norm: 226402.0625
name: model.layers.16.input_layernorm.weight, type: torch.float16, ratio: 0.1061835065484047, diff: 1.2729111909866333, norm: 11.987842559814453
name: model.layers.16.post_attention_layernorm.weight, type: torch.float16, ratio: 0.023085692897439003, diff: 0.28350797295570374, norm: 12.280678749084473
name: model.layers.17.self_attn.q_proj.weight, type: torch.int8, ratio: 0.20812080800533295, diff: 13672.55859375, norm: 65695.296875
name: model.layers.17.self_attn.k_proj.weight, type: torch.int8, ratio: 0.19458311796188354, diff: 4173.98681640625, norm: 21450.919921875
name: model.layers.17.self_attn.v_proj.weight, type: torch.int8, ratio: 0.12276002764701843, diff: 3586.89599609375, norm: 29218.76171875
name: model.layers.17.self_attn.o_proj.weight, type: torch.int8, ratio: 0.3897123634815216, diff: 41044.58984375, norm: 105320.21875
name: model.layers.17.mlp.gate_proj.weight, type: torch.int8, ratio: 0.17282651364803314, diff: 34605.0234375, norm: 200229.828125
name: model.layers.17.mlp.up_proj.weight, type: torch.int8, ratio: 0.15201450884342194, diff: 36741.48046875, norm: 241697.203125
name: model.layers.17.mlp.down_proj.weight, type: torch.int8, ratio: 0.1554691344499588, diff: 34008.09375, norm: 218744.984375
name: model.layers.17.input_layernorm.weight, type: torch.float16, ratio: 1.0955523252487183, diff: 13.141499519348145, norm: 11.995318412780762
name: model.layers.17.post_attention_layernorm.weight, type: torch.float16, ratio: 0.022111106663942337, diff: 0.26998916268348694, norm: 12.210567474365234
name: model.layers.18.self_attn.q_proj.weight, type: torch.int8, ratio: 0.20737741887569427, diff: 13538.4521484375, norm: 65284.12109375
name: model.layers.18.self_attn.k_proj.weight, type: torch.int8, ratio: 0.1915975660085678, diff: 3831.195556640625, norm: 19996.0546875
name: model.layers.18.self_attn.v_proj.weight, type: torch.int8, ratio: 0.10591056942939758, diff: 3221.464111328125, norm: 30416.833984375
name: model.layers.18.self_attn.o_proj.weight, type: torch.int8, ratio: 0.38692110776901245, diff: 39384.5703125, norm: 101789.6640625
name: model.layers.18.mlp.gate_proj.weight, type: torch.int8, ratio: 0.17238622903823853, diff: 31754.78125, norm: 184207.1875
name: model.layers.18.mlp.up_proj.weight, type: torch.int8, ratio: 0.14989618957042694, diff: 35499.0390625, norm: 236824.15625
name: model.layers.18.mlp.down_proj.weight, type: torch.int8, ratio: 0.14951814711093903, diff: 33229.43359375, norm: 222243.484375
name: model.layers.18.input_layernorm.weight, type: torch.float16, ratio: 0.15458792448043823, diff: 1.7644991874694824, norm: 11.41421127319336
name: model.layers.18.post_attention_layernorm.weight, type: torch.float16, ratio: 0.02201787382364273, diff: 0.2706996500492096, norm: 12.294541358947754
name: model.layers.19.self_attn.q_proj.weight, type: torch.int8, ratio: 0.20953568816184998, diff: 13517.443359375, norm: 64511.4140625
name: model.layers.19.self_attn.k_proj.weight, type: torch.int8, ratio: 0.2459985613822937, diff: 4838.23828125, norm: 19667.75
name: model.layers.19.self_attn.v_proj.weight, type: torch.int8, ratio: 0.1025412306189537, diff: 2962.1650390625, norm: 28887.55078125
name: model.layers.19.self_attn.o_proj.weight, type: torch.int8, ratio: 0.3887273073196411, diff: 42210.75, norm: 108587.046875
name: model.layers.19.mlp.gate_proj.weight, type: torch.int8, ratio: 0.17152340710163116, diff: 30118.767578125, norm: 175595.671875
name: model.layers.19.mlp.up_proj.weight, type: torch.int8, ratio: 0.14877817034721375, diff: 34289.67578125, norm: 230475.171875
name: model.layers.19.mlp.down_proj.weight, type: torch.int8, ratio: 0.14899525046348572, diff: 33669.6796875, norm: 225978.21875
name: model.layers.19.input_layernorm.weight, type: torch.float16, ratio: 0.17001299560070038, diff: 1.8900192975997925, norm: 11.116910934448242
name: model.layers.19.post_attention_layernorm.weight, type: torch.float16, ratio: 0.02366398088634014, diff: 0.28270554542541504, norm: 11.946660041809082
name: model.layers.20.self_attn.q_proj.weight, type: torch.int8, ratio: 0.19962133467197418, diff: 13712.3388671875, norm: 68691.75
name: model.layers.20.self_attn.k_proj.weight, type: torch.int8, ratio: 0.19593876600265503, diff: 3848.39892578125, norm: 19640.82421875
name: model.layers.20.self_attn.v_proj.weight, type: torch.int8, ratio: 0.10654661059379578, diff: 3021.30029296875, norm: 28356.60546875
name: model.layers.20.self_attn.o_proj.weight, type: torch.int8, ratio: 0.38886722922325134, diff: 43412.59375, norm: 111638.6015625
name: model.layers.20.mlp.gate_proj.weight, type: torch.int8, ratio: 0.16982026398181915, diff: 28592.181640625, norm: 168367.3125
name: model.layers.20.mlp.up_proj.weight, type: torch.int8, ratio: 0.14769384264945984, diff: 31973.90234375, norm: 216487.703125
name: model.layers.20.mlp.down_proj.weight, type: torch.int8, ratio: 0.14905525743961334, diff: 33850.81640625, norm: 227102.46875
name: model.layers.20.input_layernorm.weight, type: torch.float16, ratio: 0.23491811752319336, diff: 2.599055290222168, norm: 11.063664436340332
name: model.layers.20.post_attention_layernorm.weight, type: torch.float16, ratio: 0.02451530657708645, diff: 0.2806912064552307, norm: 11.449630737304688
name: model.layers.21.self_attn.q_proj.weight, type: torch.int8, ratio: 0.22672443091869354, diff: 14245.0439453125, norm: 62829.76953125
name: model.layers.21.self_attn.k_proj.weight, type: torch.int8, ratio: 0.2226048856973648, diff: 3759.501220703125, norm: 16888.673828125
name: model.layers.21.self_attn.v_proj.weight, type: torch.int8, ratio: 0.09626615047454834, diff: 2596.27734375, norm: 26969.78515625
name: model.layers.21.self_attn.o_proj.weight, type: torch.int8, ratio: 0.38841137290000916, diff: 40623.21875, norm: 104588.1328125
name: model.layers.21.mlp.gate_proj.weight, type: torch.int8, ratio: 0.16781334578990936, diff: 25630.517578125, norm: 152732.296875
name: model.layers.21.mlp.up_proj.weight, type: torch.int8, ratio: 0.14397019147872925, diff: 29758.763671875, norm: 206700.875
name: model.layers.21.mlp.down_proj.weight, type: torch.int8, ratio: 0.145921990275383, diff: 33633.05859375, norm: 230486.578125
name: model.layers.21.input_layernorm.weight, type: torch.float16, ratio: 0.2733795642852783, diff: 2.853001594543457, norm: 10.43604564666748
name: model.layers.21.post_attention_layernorm.weight, type: torch.float16, ratio: 0.024136876687407494, diff: 0.2633790969848633, norm: 10.911896705627441
name: model.layers.22.self_attn.q_proj.weight, type: torch.int8, ratio: 0.24461525678634644, diff: 15188.84765625, norm: 62092.8046875
name: model.layers.22.self_attn.k_proj.weight, type: torch.int8, ratio: 0.2788274586200714, diff: 4999.72802734375, norm: 17931.26171875
name: model.layers.22.self_attn.v_proj.weight, type: torch.int8, ratio: 0.09190773963928223, diff: 1930.2996826171875, norm: 21002.580078125
name: model.layers.22.self_attn.o_proj.weight, type: torch.int8, ratio: 0.3933123052120209, diff: 44831.6953125, norm: 113984.984375
name: model.layers.22.mlp.gate_proj.weight, type: torch.int8, ratio: 0.16601432859897614, diff: 24517.8828125, norm: 147685.34375
name: model.layers.22.mlp.up_proj.weight, type: torch.int8, ratio: 0.14263029396533966, diff: 29749.796875, norm: 208579.796875
name: model.layers.22.mlp.down_proj.weight, type: torch.int8, ratio: 0.14220337569713593, diff: 33018.13671875, norm: 232189.546875
name: model.layers.22.input_layernorm.weight, type: torch.float16, ratio: 0.18770527839660645, diff: 1.8429408073425293, norm: 9.818268775939941
name: model.layers.22.post_attention_layernorm.weight, type: torch.float16, ratio: 0.02255653403699398, diff: 0.23534855246543884, norm: 10.433719635009766
name: model.layers.23.self_attn.q_proj.weight, type: torch.int8, ratio: 0.23112939298152924, diff: 14471.4873046875, norm: 62612.05859375
name: model.layers.23.self_attn.k_proj.weight, type: torch.int8, ratio: 0.24295596778392792, diff: 4337.70556640625, norm: 17853.875
name: model.layers.23.self_attn.v_proj.weight, type: torch.int8, ratio: 0.09454669058322906, diff: 2066.13037109375, norm: 21853.015625
name: model.layers.23.self_attn.o_proj.weight, type: torch.int8, ratio: 0.3887587785720825, diff: 43908.36328125, norm: 112945.0078125
name: model.layers.23.mlp.gate_proj.weight, type: torch.int8, ratio: 0.1626211702823639, diff: 23550.58203125, norm: 144818.671875
name: model.layers.23.mlp.up_proj.weight, type: torch.int8, ratio: 0.13827718794345856, diff: 30648.693359375, norm: 221646.78125
name: model.layers.23.mlp.down_proj.weight, type: torch.int8, ratio: 0.13823021948337555, diff: 32606.400390625, norm: 235884.75
name: model.layers.23.input_layernorm.weight, type: torch.float16, ratio: 0.16234983503818512, diff: 1.5015558004379272, norm: 9.248889923095703
name: model.layers.23.post_attention_layernorm.weight, type: torch.float16, ratio: 0.028598740696907043, diff: 0.2923760414123535, norm: 10.223388671875
name: model.layers.24.self_attn.q_proj.weight, type: torch.int8, ratio: 0.21791629493236542, diff: 15263.283203125, norm: 70041.953125
name: model.layers.24.self_attn.k_proj.weight, type: torch.int8, ratio: 0.25086089968681335, diff: 5441.75439453125, norm: 21692.318359375
name: model.layers.24.self_attn.v_proj.weight, type: torch.int8, ratio: 0.10773084312677383, diff: 2665.689697265625, norm: 24743.978515625
name: model.layers.24.self_attn.o_proj.weight, type: torch.int8, ratio: 0.38600507378578186, diff: 44095.58203125, norm: 114235.7578125
name: model.layers.24.mlp.gate_proj.weight, type: torch.int8, ratio: 0.16337266564369202, diff: 27112.791015625, norm: 165956.71875
name: model.layers.24.mlp.up_proj.weight, type: torch.int8, ratio: 0.13922517001628876, diff: 31587.400390625, norm: 226879.953125
name: model.layers.24.mlp.down_proj.weight, type: torch.int8, ratio: 0.13798759877681732, diff: 32484.18359375, norm: 235413.78125
name: model.layers.24.input_layernorm.weight, type: torch.float16, ratio: 0.08772087842226028, diff: 0.8061173558235168, norm: 9.18957233428955
name: model.layers.24.post_attention_layernorm.weight, type: torch.float16, ratio: 0.021807953715324402, diff: 0.21863241493701935, norm: 10.025352478027344
name: model.layers.25.self_attn.q_proj.weight, type: torch.int8, ratio: 0.22116564214229584, diff: 14785.0078125, norm: 66850.3828125
name: model.layers.25.self_attn.k_proj.weight, type: torch.int8, ratio: 0.24755266308784485, diff: 4464.86962890625, norm: 18036.0390625
name: model.layers.25.self_attn.v_proj.weight, type: torch.int8, ratio: 0.08548925817012787, diff: 2051.586181640625, norm: 23998.17578125
name: model.layers.25.self_attn.o_proj.weight, type: torch.int8, ratio: 0.3854552209377289, diff: 43463.03125, norm: 112757.6640625
name: model.layers.25.mlp.gate_proj.weight, type: torch.int8, ratio: 0.16052491962909698, diff: 27073.109375, norm: 168653.625
name: model.layers.25.mlp.up_proj.weight, type: torch.int8, ratio: 0.13765600323677063, diff: 31316.673828125, norm: 227499.515625
name: model.layers.25.mlp.down_proj.weight, type: torch.int8, ratio: 0.13532964885234833, diff: 31486.96484375, norm: 232668.625
name: model.layers.25.input_layernorm.weight, type: torch.float16, ratio: 0.16708262264728546, diff: 1.5359070301055908, norm: 9.192500114440918
name: model.layers.25.post_attention_layernorm.weight, type: torch.float16, ratio: 0.02416481450200081, diff: 0.24901379644870758, norm: 10.304808616638184
name: model.layers.26.self_attn.q_proj.weight, type: torch.int8, ratio: 0.2881772816181183, diff: 15660.2958984375, norm: 54342.57421875
name: model.layers.26.self_attn.k_proj.weight, type: torch.int8, ratio: 0.27082088589668274, diff: 5051.2666015625, norm: 18651.6875
name: model.layers.26.self_attn.v_proj.weight, type: torch.int8, ratio: 0.07355306297540665, diff: 1346.654052734375, norm: 18308.60546875
name: model.layers.26.self_attn.o_proj.weight, type: torch.int8, ratio: 0.3848346471786499, diff: 42646.42578125, norm: 110817.53125
name: model.layers.26.mlp.gate_proj.weight, type: torch.int8, ratio: 0.1580350548028946, diff: 25808.990234375, norm: 163311.8125
name: model.layers.26.mlp.up_proj.weight, type: torch.int8, ratio: 0.13313235342502594, diff: 28318.552734375, norm: 212709.78125
name: model.layers.26.mlp.down_proj.weight, type: torch.int8, ratio: 0.12973107397556305, diff: 30014.8515625, norm: 231362.078125
name: model.layers.26.input_layernorm.weight, type: torch.float16, ratio: 0.10075546056032181, diff: 0.960716962814331, norm: 9.535135269165039
name: model.layers.26.post_attention_layernorm.weight, type: torch.float16, ratio: 0.02583928219974041, diff: 0.27945810556411743, norm: 10.815242767333984
name: model.layers.27.self_attn.q_proj.weight, type: torch.int8, ratio: 0.2778724431991577, diff: 14312.4111328125, norm: 51507.12890625
name: model.layers.27.self_attn.k_proj.weight, type: torch.int8, ratio: 0.3075239658355713, diff: 5745.3662109375, norm: 18682.662109375
name: model.layers.27.self_attn.v_proj.weight, type: torch.int8, ratio: 0.06873267143964767, diff: 841.0755004882812, norm: 12236.9091796875
name: model.layers.27.self_attn.o_proj.weight, type: torch.int8, ratio: 0.38499826192855835, diff: 41631.94140625, norm: 108135.3984375
name: model.layers.27.mlp.gate_proj.weight, type: torch.int8, ratio: 0.13519591093063354, diff: 19482.767578125, norm: 144107.671875
name: model.layers.27.mlp.up_proj.weight, type: torch.int8, ratio: 0.11465422809123993, diff: 22651.59765625, norm: 197564.4375
name: model.layers.27.mlp.down_proj.weight, type: torch.int8, ratio: 0.11486800014972687, diff: 25467.548828125, norm: 221711.4375
name: model.layers.27.input_layernorm.weight, type: torch.float16, ratio: 0.02822733297944069, diff: 0.2523804008960724, norm: 8.940993309020996
name: model.layers.27.post_attention_layernorm.weight, type: torch.float16, ratio: 0.025531021878123283, diff: 0.3062133491039276, norm: 11.993775367736816
