name: model.layers.0.self_attn.q_proj.weight, type: torch.int8, ratio: 0.02594694495201111, diff: 1720.137451171875, norm: 66294.4140625
name: model.layers.0.self_attn.k_proj.weight, type: torch.int8, ratio: 0.019394783303141594, diff: 656.5736694335938, norm: 33853.10546875
name: model.layers.0.self_attn.v_proj.weight, type: torch.int8, ratio: 0.01694333367049694, diff: 658.2081909179688, norm: 38847.62109375
name: model.layers.0.self_attn.o_proj.weight, type: torch.int8, ratio: 0.01621146872639656, diff: 1569.7371826171875, norm: 96828.8125
name: model.layers.0.mlp.gate_proj.weight, type: torch.int8, ratio: 0.023978903889656067, diff: 3923.510986328125, norm: 163623.453125
name: model.layers.0.mlp.up_proj.weight, type: torch.int8, ratio: 0.020986037328839302, diff: 4159.62451171875, norm: 198209.140625
name: model.layers.0.mlp.down_proj.weight, type: torch.int8, ratio: 0.01633460819721222, diff: 3398.023193359375, norm: 208026.0
name: model.layers.0.input_layernorm.weight, type: torch.float16, ratio: 0.0, diff: 0.0, norm: 6.296355247497559
name: model.layers.0.post_attention_layernorm.weight, type: torch.float16, ratio: 0.0, diff: 0.0, norm: 7.503583908081055
name: model.layers.1.self_attn.q_proj.weight, type: torch.int8, ratio: 0.04217790067195892, diff: 1598.686279296875, norm: 37903.41015625
name: model.layers.1.self_attn.k_proj.weight, type: torch.int8, ratio: 0.04081570357084274, diff: 606.547607421875, norm: 14860.6435546875
name: model.layers.1.self_attn.v_proj.weight, type: torch.int8, ratio: 0.025047026574611664, diff: 620.6939697265625, norm: 24781.14453125
name: model.layers.1.self_attn.o_proj.weight, type: torch.int8, ratio: 0.014381792396306992, diff: 1567.73974609375, norm: 109008.6484375
name: model.layers.1.mlp.gate_proj.weight, type: torch.int8, ratio: 0.040234677493572235, diff: 3048.626708984375, norm: 75771.125
name: model.layers.1.mlp.up_proj.weight, type: torch.int8, ratio: 0.02688293717801571, diff: 3416.9990234375, norm: 127106.609375
name: model.layers.1.mlp.down_proj.weight, type: torch.int8, ratio: 0.02290436252951622, diff: 4178.87109375, norm: 182448.703125
name: model.layers.1.input_layernorm.weight, type: torch.float16, ratio: 0.0, diff: 0.0, norm: 5.886509895324707
name: model.layers.1.post_attention_layernorm.weight, type: torch.float16, ratio: 0.0, diff: 0.0, norm: 8.965354919433594
name: model.layers.2.self_attn.q_proj.weight, type: torch.int8, ratio: 0.023322615772485733, diff: 1340.3861083984375, norm: 57471.515625
name: model.layers.2.self_attn.k_proj.weight, type: torch.int8, ratio: 0.026746977120637894, diff: 504.3748474121094, norm: 18857.265625
name: model.layers.2.self_attn.v_proj.weight, type: torch.int8, ratio: 0.017106594517827034, diff: 514.6212158203125, norm: 30083.20703125
name: model.layers.2.self_attn.o_proj.weight, type: torch.int8, ratio: 0.012392459437251091, diff: 1385.9368896484375, norm: 111837.109375
name: model.layers.2.mlp.gate_proj.weight, type: torch.int8, ratio: 0.035134296864271164, diff: 2865.76513671875, norm: 81566.03125
name: model.layers.2.mlp.up_proj.weight, type: torch.int8, ratio: 0.0207534059882164, diff: 3084.0615234375, norm: 148605.078125
name: model.layers.2.mlp.down_proj.weight, type: torch.int8, ratio: 0.015005857683718204, diff: 3104.05517578125, norm: 206856.234375
name: model.layers.2.input_layernorm.weight, type: torch.float16, ratio: 0.0, diff: 0.0, norm: 7.532243251800537
name: model.layers.2.post_attention_layernorm.weight, type: torch.float16, ratio: 0.0, diff: 0.0, norm: 8.748673439025879
name: model.layers.3.self_attn.q_proj.weight, type: torch.int8, ratio: 0.024188663810491562, diff: 1333.65478515625, norm: 55135.53125
name: model.layers.3.self_attn.k_proj.weight, type: torch.int8, ratio: 0.0282463189214468, diff: 500.6655578613281, norm: 17724.984375
name: model.layers.3.self_attn.v_proj.weight, type: torch.int8, ratio: 0.01940501295030117, diff: 510.888427734375, norm: 26327.65234375
name: model.layers.3.self_attn.o_proj.weight, type: torch.int8, ratio: 0.012635817751288414, diff: 1340.699462890625, norm: 106103.1015625
name: model.layers.3.mlp.gate_proj.weight, type: torch.int8, ratio: 0.026047172024846077, diff: 3089.614501953125, norm: 118616.1171875
name: model.layers.3.mlp.up_proj.weight, type: torch.int8, ratio: 0.015164317563176155, diff: 3213.30224609375, norm: 211898.90625
name: model.layers.3.mlp.down_proj.weight, type: torch.int8, ratio: 0.013878914527595043, diff: 3041.766845703125, norm: 219164.609375
name: model.layers.3.input_layernorm.weight, type: torch.float16, ratio: 0.0, diff: 0.0, norm: 7.0371575355529785
name: model.layers.3.post_attention_layernorm.weight, type: torch.float16, ratio: 0.0, diff: 0.0, norm: 9.07958984375
name: model.layers.4.self_attn.q_proj.weight, type: torch.int8, ratio: 0.023648701608181, diff: 1339.9171142578125, norm: 56659.2265625
name: model.layers.4.self_attn.k_proj.weight, type: torch.int8, ratio: 0.026210758835077286, diff: 503.7856750488281, norm: 19220.568359375
name: model.layers.4.self_attn.v_proj.weight, type: torch.int8, ratio: 0.018070226535201073, diff: 513.4656982421875, norm: 28415.01171875
name: model.layers.4.self_attn.o_proj.weight, type: torch.int8, ratio: 0.011811909265816212, diff: 1283.4036865234375, norm: 108653.3671875
name: model.layers.4.mlp.gate_proj.weight, type: torch.int8, ratio: 0.02780788205564022, diff: 3086.169921875, norm: 110981.84375
name: model.layers.4.mlp.up_proj.weight, type: torch.int8, ratio: 0.0141611872240901, diff: 3244.77587890625, norm: 229131.625
name: model.layers.4.mlp.down_proj.weight, type: torch.int8, ratio: 0.01014325674623251, diff: 2290.5576171875, norm: 225820.71875
name: model.layers.4.input_layernorm.weight, type: torch.float16, ratio: 0.0, diff: 0.0, norm: 7.115372180938721
name: model.layers.4.post_attention_layernorm.weight, type: torch.float16, ratio: 0.0, diff: 0.0, norm: 8.896988868713379
name: model.layers.5.self_attn.q_proj.weight, type: torch.int8, ratio: 0.020220758393406868, diff: 1354.8143310546875, norm: 67001.1640625
name: model.layers.5.self_attn.k_proj.weight, type: torch.int8, ratio: 0.021935584023594856, diff: 509.4320373535156, norm: 23224.001953125
name: model.layers.5.self_attn.v_proj.weight, type: torch.int8, ratio: 0.01681920699775219, diff: 518.2537841796875, norm: 30813.2109375
name: model.layers.5.self_attn.o_proj.weight, type: torch.int8, ratio: 0.0110413683578372, diff: 1240.8089599609375, norm: 112378.1875
name: model.layers.5.mlp.gate_proj.weight, type: torch.int8, ratio: 0.03182857856154442, diff: 3054.942138671875, norm: 95981.109375
name: model.layers.5.mlp.up_proj.weight, type: torch.int8, ratio: 0.01450859010219574, diff: 3270.826171875, norm: 225440.65625
name: model.layers.5.mlp.down_proj.weight, type: torch.int8, ratio: 0.013550053350627422, diff: 3052.402099609375, norm: 225268.640625
name: model.layers.5.input_layernorm.weight, type: torch.float16, ratio: 0.0, diff: 0.0, norm: 7.605808734893799
name: model.layers.5.post_attention_layernorm.weight, type: torch.float16, ratio: 0.0, diff: 0.0, norm: 9.025168418884277
name: model.layers.6.self_attn.q_proj.weight, type: torch.int8, ratio: 0.02249979041516781, diff: 1348.247802734375, norm: 59922.68359375
name: model.layers.6.self_attn.k_proj.weight, type: torch.int8, ratio: 0.024364255368709564, diff: 508.1751708984375, norm: 20857.40625
name: model.layers.6.self_attn.v_proj.weight, type: torch.int8, ratio: 0.017292160540819168, diff: 519.3890380859375, norm: 30036.09765625
name: model.layers.6.self_attn.o_proj.weight, type: torch.int8, ratio: 0.012002898380160332, diff: 1315.8138427734375, norm: 109624.6796875
name: model.layers.6.mlp.gate_proj.weight, type: torch.int8, ratio: 0.019533758983016014, diff: 3132.1875, norm: 160347.40625
name: model.layers.6.mlp.up_proj.weight, type: torch.int8, ratio: 0.012719026766717434, diff: 3297.30029296875, norm: 259241.546875
name: model.layers.6.mlp.down_proj.weight, type: torch.int8, ratio: 0.014714047312736511, diff: 3346.0869140625, norm: 227407.65625
name: model.layers.6.input_layernorm.weight, type: torch.float16, ratio: 0.0, diff: 0.0, norm: 7.400882244110107
name: model.layers.6.post_attention_layernorm.weight, type: torch.float16, ratio: 0.0, diff: 0.0, norm: 8.212176322937012
name: model.layers.7.self_attn.q_proj.weight, type: torch.int8, ratio: 0.02105160802602768, diff: 1363.5465087890625, norm: 64771.609375
name: model.layers.7.self_attn.k_proj.weight, type: torch.int8, ratio: 0.02690810337662697, diff: 509.16302490234375, norm: 18922.29296875
name: model.layers.7.self_attn.v_proj.weight, type: torch.int8, ratio: 0.016904251649975777, diff: 524.3672485351562, norm: 31019.84375
name: model.layers.7.self_attn.o_proj.weight, type: torch.int8, ratio: 0.012287648394703865, diff: 1334.3665771484375, norm: 108594.140625
name: model.layers.7.mlp.gate_proj.weight, type: torch.int8, ratio: 0.016426216810941696, diff: 3194.921630859375, norm: 194501.359375
name: model.layers.7.mlp.up_proj.weight, type: torch.int8, ratio: 0.012931308709084988, diff: 3302.669189453125, norm: 255401.0
name: model.layers.7.mlp.down_proj.weight, type: torch.int8, ratio: 0.013174653984606266, diff: 2984.267822265625, norm: 226515.84375
name: model.layers.7.input_layernorm.weight, type: torch.float16, ratio: 0.0, diff: 0.0, norm: 7.88212251663208
name: model.layers.7.post_attention_layernorm.weight, type: torch.float16, ratio: 0.0, diff: 0.0, norm: 8.192342758178711
name: model.layers.8.self_attn.q_proj.weight, type: torch.int8, ratio: 0.021414587274193764, diff: 1368.1455078125, norm: 63888.484375
name: model.layers.8.self_attn.k_proj.weight, type: torch.int8, ratio: 0.024418659508228302, diff: 512.4119262695312, norm: 20984.44140625
name: model.layers.8.self_attn.v_proj.weight, type: torch.int8, ratio: 0.01709354668855667, diff: 522.5217895507812, norm: 30568.3671875
name: model.layers.8.self_attn.o_proj.weight, type: torch.int8, ratio: 0.011972512118518353, diff: 1277.933837890625, norm: 106738.9921875
name: model.layers.8.mlp.gate_proj.weight, type: torch.int8, ratio: 0.016873881220817566, diff: 3215.975830078125, norm: 190588.984375
name: model.layers.8.mlp.up_proj.weight, type: torch.int8, ratio: 0.012699279002845287, diff: 3311.682861328125, norm: 260777.234375
name: model.layers.8.mlp.down_proj.weight, type: torch.int8, ratio: 0.013603822328150272, diff: 3079.772216796875, norm: 226390.21875
name: model.layers.8.input_layernorm.weight, type: torch.float16, ratio: 0.0, diff: 0.0, norm: 8.30206298828125
name: model.layers.8.post_attention_layernorm.weight, type: torch.float16, ratio: 0.0, diff: 0.0, norm: 8.652865409851074
name: model.layers.9.self_attn.q_proj.weight, type: torch.int8, ratio: 0.02286062203347683, diff: 1373.783447265625, norm: 60093.87890625
name: model.layers.9.self_attn.k_proj.weight, type: torch.int8, ratio: 0.026949509978294373, diff: 514.7630615234375, norm: 19101.017578125
name: model.layers.9.self_attn.v_proj.weight, type: torch.int8, ratio: 0.017255743965506554, diff: 533.4351196289062, norm: 30913.482421875
name: model.layers.9.self_attn.o_proj.weight, type: torch.int8, ratio: 0.012701280415058136, diff: 1374.957763671875, norm: 108253.4765625
name: model.layers.9.mlp.gate_proj.weight, type: torch.int8, ratio: 0.026197349652647972, diff: 3163.20458984375, norm: 120745.2109375
name: model.layers.9.mlp.up_proj.weight, type: torch.int8, ratio: 0.012948427349328995, diff: 3358.060791015625, norm: 259341.203125
name: model.layers.9.mlp.down_proj.weight, type: torch.int8, ratio: 0.013509231619536877, diff: 3072.7998046875, norm: 227459.265625
name: model.layers.9.input_layernorm.weight, type: torch.float16, ratio: 0.0, diff: 0.0, norm: 8.666647911071777
name: model.layers.9.post_attention_layernorm.weight, type: torch.float16, ratio: 0.0, diff: 0.0, norm: 9.646605491638184
name: model.layers.10.self_attn.q_proj.weight, type: torch.int8, ratio: 0.021619116887450218, diff: 1479.474853515625, norm: 68433.640625
name: model.layers.10.self_attn.k_proj.weight, type: torch.int8, ratio: 0.025337902829051018, diff: 555.1891479492188, norm: 21911.408203125
name: model.layers.10.self_attn.v_proj.weight, type: torch.int8, ratio: 0.01705869473516941, diff: 566.2799682617188, norm: 33195.97265625
name: model.layers.10.self_attn.o_proj.weight, type: torch.int8, ratio: 0.014099306426942348, diff: 1503.48291015625, norm: 106635.2421875
name: model.layers.10.mlp.gate_proj.weight, type: torch.int8, ratio: 0.015634240582585335, diff: 3434.966552734375, norm: 219707.9375
name: model.layers.10.mlp.up_proj.weight, type: torch.int8, ratio: 0.01356637105345726, diff: 3460.741943359375, norm: 255097.09375
name: model.layers.10.mlp.down_proj.weight, type: torch.int8, ratio: 0.013456619344651699, diff: 3040.693603515625, norm: 225962.671875
name: model.layers.10.input_layernorm.weight, type: torch.float16, ratio: 0.0, diff: 0.0, norm: 8.732150077819824
name: model.layers.10.post_attention_layernorm.weight, type: torch.float16, ratio: 0.0, diff: 0.0, norm: 9.261273384094238
name: model.layers.11.self_attn.q_proj.weight, type: torch.int8, ratio: 0.020894251763820648, diff: 1377.371826171875, norm: 65921.0859375
name: model.layers.11.self_attn.k_proj.weight, type: torch.int8, ratio: 0.024297203868627548, diff: 515.1737670898438, norm: 21203.005859375
name: model.layers.11.self_attn.v_proj.weight, type: torch.int8, ratio: 0.016633927822113037, diff: 526.0018920898438, norm: 31622.23046875
name: model.layers.11.self_attn.o_proj.weight, type: torch.int8, ratio: 0.013013196177780628, diff: 1423.5382080078125, norm: 109391.8984375
name: model.layers.11.mlp.gate_proj.weight, type: torch.int8, ratio: 0.014005586504936218, diff: 3271.31689453125, norm: 233572.28125
name: model.layers.11.mlp.up_proj.weight, type: torch.int8, ratio: 0.01301652193069458, diff: 3287.643310546875, norm: 252574.640625
name: model.layers.11.mlp.down_proj.weight, type: torch.int8, ratio: 0.01324143260717392, diff: 3022.4892578125, norm: 228259.984375
name: model.layers.11.input_layernorm.weight, type: torch.float16, ratio: 0.0, diff: 0.0, norm: 9.353513717651367
name: model.layers.11.post_attention_layernorm.weight, type: torch.float16, ratio: 0.0, diff: 0.0, norm: 9.841545104980469
name: model.layers.12.self_attn.q_proj.weight, type: torch.int8, ratio: 0.022734062746167183, diff: 1456.754638671875, norm: 64078.05859375
name: model.layers.12.self_attn.k_proj.weight, type: torch.int8, ratio: 0.026271505281329155, diff: 546.7467651367188, norm: 20811.3984375
name: model.layers.12.self_attn.v_proj.weight, type: torch.int8, ratio: 0.01911373808979988, diff: 557.7696533203125, norm: 29181.609375
name: model.layers.12.self_attn.o_proj.weight, type: torch.int8, ratio: 0.012691478244960308, diff: 1422.717529296875, norm: 112100.21875
name: model.layers.12.mlp.gate_proj.weight, type: torch.int8, ratio: 0.01576576754450798, diff: 3317.132080078125, norm: 210400.9375
name: model.layers.12.mlp.up_proj.weight, type: torch.int8, ratio: 0.01352842990309, diff: 3351.1474609375, norm: 247711.484375
name: model.layers.12.mlp.down_proj.weight, type: torch.int8, ratio: 0.01510753482580185, diff: 3263.392333984375, norm: 216010.90625
name: model.layers.12.input_layernorm.weight, type: torch.float16, ratio: 0.0, diff: 0.0, norm: 9.751738548278809
name: model.layers.12.post_attention_layernorm.weight, type: torch.float16, ratio: 0.0, diff: 0.0, norm: 10.069429397583008
name: model.layers.13.self_attn.q_proj.weight, type: torch.int8, ratio: 0.02099015936255455, diff: 1410.36767578125, norm: 67191.8515625
name: model.layers.13.self_attn.k_proj.weight, type: torch.int8, ratio: 0.02469940297305584, diff: 526.9544677734375, norm: 21334.705078125
name: model.layers.13.self_attn.v_proj.weight, type: torch.int8, ratio: 0.019207952544093132, diff: 539.307861328125, norm: 28077.3203125
name: model.layers.13.self_attn.o_proj.weight, type: torch.int8, ratio: 0.01379979494959116, diff: 1446.7208251953125, norm: 104836.3984375
name: model.layers.13.mlp.gate_proj.weight, type: torch.int8, ratio: 0.015413500368595123, diff: 3234.245361328125, norm: 209831.984375
name: model.layers.13.mlp.up_proj.weight, type: torch.int8, ratio: 0.01329023763537407, diff: 3270.32861328125, norm: 246069.984375
name: model.layers.13.mlp.down_proj.weight, type: torch.int8, ratio: 0.013947784900665283, diff: 3090.68701171875, norm: 221589.8125
name: model.layers.13.input_layernorm.weight, type: torch.float16, ratio: 0.0, diff: 0.0, norm: 10.022387504577637
name: model.layers.13.post_attention_layernorm.weight, type: torch.float16, ratio: 0.0, diff: 0.0, norm: 10.073298454284668
name: model.layers.14.self_attn.q_proj.weight, type: torch.int8, ratio: 0.02177521213889122, diff: 1356.9945068359375, norm: 62318.3125
name: model.layers.14.self_attn.k_proj.weight, type: torch.int8, ratio: 0.02443205937743187, diff: 509.5596008300781, norm: 20856.1875
name: model.layers.14.self_attn.v_proj.weight, type: torch.int8, ratio: 0.01797717623412609, diff: 521.77392578125, norm: 29024.2421875
name: model.layers.14.self_attn.o_proj.weight, type: torch.int8, ratio: 0.013469863682985306, diff: 1403.7076416015625, norm: 104210.9765625
name: model.layers.14.mlp.gate_proj.weight, type: torch.int8, ratio: 0.01506231352686882, diff: 3155.193359375, norm: 209476.015625
name: model.layers.14.mlp.up_proj.weight, type: torch.int8, ratio: 0.012988047674298286, diff: 3192.1416015625, norm: 245775.328125
name: model.layers.14.mlp.down_proj.weight, type: torch.int8, ratio: 0.014908252283930779, diff: 3179.365234375, norm: 213262.109375
name: model.layers.14.input_layernorm.weight, type: torch.float16, ratio: 0.0, diff: 0.0, norm: 10.420616149902344
name: model.layers.14.post_attention_layernorm.weight, type: torch.float16, ratio: 0.0, diff: 0.0, norm: 10.469148635864258
name: model.layers.15.self_attn.q_proj.weight, type: torch.int8, ratio: 0.02121051773428917, diff: 1339.761962890625, norm: 63164.984375
name: model.layers.15.self_attn.k_proj.weight, type: torch.int8, ratio: 0.024282924830913544, diff: 501.9960021972656, norm: 20672.798828125
name: model.layers.15.self_attn.v_proj.weight, type: torch.int8, ratio: 0.018203770741820335, diff: 510.7866516113281, norm: 28059.38671875
name: model.layers.15.self_attn.o_proj.weight, type: torch.int8, ratio: 0.013150428421795368, diff: 1447.7288818359375, norm: 110089.8671875
name: model.layers.15.mlp.gate_proj.weight, type: torch.int8, ratio: 0.015006033703684807, diff: 3125.236083984375, norm: 208265.296875
name: model.layers.15.mlp.up_proj.weight, type: torch.int8, ratio: 0.013210650533437729, diff: 3154.324462890625, norm: 238771.328125
name: model.layers.15.mlp.down_proj.weight, type: torch.int8, ratio: 0.01422291249036789, diff: 3154.115966796875, norm: 221763.015625
name: model.layers.15.input_layernorm.weight, type: torch.float16, ratio: 0.0, diff: 0.0, norm: 10.324601173400879
name: model.layers.15.post_attention_layernorm.weight, type: torch.float16, ratio: 0.0, diff: 0.0, norm: 10.811212539672852
name: model.layers.16.self_attn.q_proj.weight, type: torch.int8, ratio: 0.020874230191111565, diff: 1333.9632568359375, norm: 63904.7890625
name: model.layers.16.self_attn.k_proj.weight, type: torch.int8, ratio: 0.025327686220407486, diff: 498.75042724609375, norm: 19691.90625
name: model.layers.16.self_attn.v_proj.weight, type: torch.int8, ratio: 0.016749413684010506, diff: 520.6198120117188, norm: 31082.869140625
name: model.layers.16.self_attn.o_proj.weight, type: torch.int8, ratio: 0.013669961132109165, diff: 1437.2918701171875, norm: 105142.3515625
name: model.layers.16.mlp.gate_proj.weight, type: torch.int8, ratio: 0.014177078381180763, diff: 3091.6533203125, norm: 218074.078125
name: model.layers.16.mlp.up_proj.weight, type: torch.int8, ratio: 0.012728152796626091, diff: 3117.067138671875, norm: 244895.484375
name: model.layers.16.mlp.down_proj.weight, type: torch.int8, ratio: 0.013967644423246384, diff: 3155.925048828125, norm: 225945.40625
name: model.layers.16.input_layernorm.weight, type: torch.float16, ratio: 0.0, diff: 0.0, norm: 10.782100677490234
name: model.layers.16.post_attention_layernorm.weight, type: torch.float16, ratio: 0.0, diff: 0.0, norm: 10.562620162963867
name: model.layers.17.self_attn.q_proj.weight, type: torch.int8, ratio: 0.01930280402302742, diff: 1324.81396484375, norm: 68633.2421875
name: model.layers.17.self_attn.k_proj.weight, type: torch.int8, ratio: 0.021951228380203247, diff: 496.34765625, norm: 22611.384765625
name: model.layers.17.self_attn.v_proj.weight, type: torch.int8, ratio: 0.017171261832118034, diff: 507.7312316894531, norm: 29568.662109375
name: model.layers.17.self_attn.o_proj.weight, type: torch.int8, ratio: 0.013574481941759586, diff: 1429.79541015625, norm: 105329.6484375
name: model.layers.17.mlp.gate_proj.weight, type: torch.int8, ratio: 0.01456504873931408, diff: 3062.98583984375, norm: 210296.984375
name: model.layers.17.mlp.up_proj.weight, type: torch.int8, ratio: 0.01280625443905592, diff: 3099.058837890625, norm: 241995.734375
name: model.layers.17.mlp.down_proj.weight, type: torch.int8, ratio: 0.014513662084937096, diff: 3167.728515625, norm: 218258.390625
name: model.layers.17.input_layernorm.weight, type: torch.float16, ratio: 0.0, diff: 0.0, norm: 10.632035255432129
name: model.layers.17.post_attention_layernorm.weight, type: torch.float16, ratio: 0.0, diff: 0.0, norm: 10.467315673828125
name: model.layers.18.self_attn.q_proj.weight, type: torch.int8, ratio: 0.019475040957331657, diff: 1317.7086181640625, norm: 67661.40625
name: model.layers.18.self_attn.k_proj.weight, type: torch.int8, ratio: 0.023328116163611412, diff: 492.3951721191406, norm: 21107.369140625
name: model.layers.18.self_attn.v_proj.weight, type: torch.int8, ratio: 0.01672571711242199, diff: 507.2405700683594, norm: 30326.984375
name: model.layers.18.self_attn.o_proj.weight, type: torch.int8, ratio: 0.014266331680119038, diff: 1454.72021484375, norm: 101968.765625
name: model.layers.18.mlp.gate_proj.weight, type: torch.int8, ratio: 0.015581183135509491, diff: 3059.92724609375, norm: 196386.0625
name: model.layers.18.mlp.up_proj.weight, type: torch.int8, ratio: 0.012941395863890648, diff: 3111.945068359375, norm: 240464.40625
name: model.layers.18.mlp.down_proj.weight, type: torch.int8, ratio: 0.014950519427657127, diff: 3318.346923828125, norm: 221955.296875
name: model.layers.18.input_layernorm.weight, type: torch.float16, ratio: 0.0, diff: 0.0, norm: 10.166410446166992
name: model.layers.18.post_attention_layernorm.weight, type: torch.float16, ratio: 0.0, diff: 0.0, norm: 10.608859062194824
name: model.layers.19.self_attn.q_proj.weight, type: torch.int8, ratio: 0.018942411988973618, diff: 1324.5689697265625, norm: 69926.1015625
name: model.layers.19.self_attn.k_proj.weight, type: torch.int8, ratio: 0.02362127974629402, diff: 493.2595520019531, norm: 20882.0
name: model.layers.19.self_attn.v_proj.weight, type: torch.int8, ratio: 0.016965841874480247, diff: 503.618896484375, norm: 29684.28515625
name: model.layers.19.self_attn.o_proj.weight, type: torch.int8, ratio: 0.013503202237188816, diff: 1464.987060546875, norm: 108491.828125
name: model.layers.19.mlp.gate_proj.weight, type: torch.int8, ratio: 0.016323575749993324, diff: 3061.205078125, norm: 187532.75
name: model.layers.19.mlp.up_proj.weight, type: torch.int8, ratio: 0.01321124006062746, diff: 3145.164306640625, norm: 238067.296875
name: model.layers.19.mlp.down_proj.weight, type: torch.int8, ratio: 0.014813341200351715, diff: 3347.732421875, norm: 225994.421875
name: model.layers.19.input_layernorm.weight, type: torch.float16, ratio: 0.0, diff: 0.0, norm: 10.220796585083008
name: model.layers.19.post_attention_layernorm.weight, type: torch.float16, ratio: 0.0, diff: 0.0, norm: 10.427136421203613
name: model.layers.20.self_attn.q_proj.weight, type: torch.int8, ratio: 0.01852508634328842, diff: 1340.51220703125, norm: 72361.9921875
name: model.layers.20.self_attn.k_proj.weight, type: torch.int8, ratio: 0.02387644536793232, diff: 498.4064636230469, norm: 20874.400390625
name: model.layers.20.self_attn.v_proj.weight, type: torch.int8, ratio: 0.017343496903777122, diff: 510.4096374511719, norm: 29429.453125
name: model.layers.20.self_attn.o_proj.weight, type: torch.int8, ratio: 0.012958736158907413, diff: 1444.330322265625, norm: 111456.109375
name: model.layers.20.mlp.gate_proj.weight, type: torch.int8, ratio: 0.016998080536723137, diff: 3091.2998046875, norm: 181861.703125
name: model.layers.20.mlp.up_proj.weight, type: torch.int8, ratio: 0.014103338122367859, diff: 3202.724365234375, norm: 227089.8125
name: model.layers.20.mlp.down_proj.weight, type: torch.int8, ratio: 0.015464024618268013, diff: 3506.845703125, norm: 226774.453125
name: model.layers.20.input_layernorm.weight, type: torch.float16, ratio: 0.0, diff: 0.0, norm: 10.07174015045166
name: model.layers.20.post_attention_layernorm.weight, type: torch.float16, ratio: 0.0, diff: 0.0, norm: 10.062582015991211
name: model.layers.21.self_attn.q_proj.weight, type: torch.int8, ratio: 0.019727835431694984, diff: 1352.835205078125, norm: 68574.9453125
name: model.layers.21.self_attn.k_proj.weight, type: torch.int8, ratio: 0.02750612050294876, diff: 503.0218811035156, norm: 18287.634765625
name: model.layers.21.self_attn.v_proj.weight, type: torch.int8, ratio: 0.01854819431900978, diff: 512.6460571289062, norm: 27638.595703125
name: model.layers.21.self_attn.o_proj.weight, type: torch.int8, ratio: 0.013886852189898491, diff: 1450.6856689453125, norm: 104464.6875
name: model.layers.21.mlp.gate_proj.weight, type: torch.int8, ratio: 0.018411004915833473, diff: 3118.85009765625, norm: 169401.40625
name: model.layers.21.mlp.up_proj.weight, type: torch.int8, ratio: 0.014068924821913242, diff: 3241.1162109375, norm: 230374.125
name: model.layers.21.mlp.down_proj.weight, type: torch.int8, ratio: 0.015218596905469894, diff: 3505.86669921875, norm: 230367.28125
name: model.layers.21.input_layernorm.weight, type: torch.float16, ratio: 0.0, diff: 0.0, norm: 9.582324028015137
name: model.layers.21.post_attention_layernorm.weight, type: torch.float16, ratio: 0.0, diff: 0.0, norm: 9.691967964172363
name: model.layers.22.self_attn.q_proj.weight, type: torch.int8, ratio: 0.02036297507584095, diff: 1357.9676513671875, norm: 66688.078125
name: model.layers.22.self_attn.k_proj.weight, type: torch.int8, ratio: 0.02621387504041195, diff: 506.6359558105469, norm: 19327.015625
name: model.layers.22.self_attn.v_proj.weight, type: torch.int8, ratio: 0.023609258234500885, diff: 510.1225280761719, norm: 21606.884765625
name: model.layers.22.self_attn.o_proj.weight, type: torch.int8, ratio: 0.01300311554223299, diff: 1476.715576171875, norm: 113566.2890625
name: model.layers.22.mlp.gate_proj.weight, type: torch.int8, ratio: 0.019478876143693924, diff: 3105.97119140625, norm: 159453.3125
name: model.layers.22.mlp.up_proj.weight, type: torch.int8, ratio: 0.01432088017463684, diff: 3186.511962890625, norm: 222508.109375
name: model.layers.22.mlp.down_proj.weight, type: torch.int8, ratio: 0.015383685939013958, diff: 3572.479736328125, norm: 232225.21875
name: model.layers.22.input_layernorm.weight, type: torch.float16, ratio: 0.0, diff: 0.0, norm: 8.948474884033203
name: model.layers.22.post_attention_layernorm.weight, type: torch.float16, ratio: 0.0, diff: 0.0, norm: 9.374672889709473
name: model.layers.23.self_attn.q_proj.weight, type: torch.int8, ratio: 0.020503738895058632, diff: 1358.0416259765625, norm: 66233.8515625
name: model.layers.23.self_attn.k_proj.weight, type: torch.int8, ratio: 0.02661481313407421, diff: 506.34375, norm: 19024.884765625
name: model.layers.23.self_attn.v_proj.weight, type: torch.int8, ratio: 0.022446874529123306, diff: 509.0609130859375, norm: 22678.4765625
name: model.layers.23.self_attn.o_proj.weight, type: torch.int8, ratio: 0.012963498942553997, diff: 1462.484130859375, norm: 112815.5390625
name: model.layers.23.mlp.gate_proj.weight, type: torch.int8, ratio: 0.020230654627084732, diff: 3115.99658203125, norm: 154023.515625
name: model.layers.23.mlp.up_proj.weight, type: torch.int8, ratio: 0.013883786275982857, diff: 3195.591796875, norm: 230167.171875
name: model.layers.23.mlp.down_proj.weight, type: torch.int8, ratio: 0.01562671735882759, diff: 3686.929931640625, norm: 235937.59375
name: model.layers.23.input_layernorm.weight, type: torch.float16, ratio: 0.0, diff: 0.0, norm: 8.492598533630371
name: model.layers.23.post_attention_layernorm.weight, type: torch.float16, ratio: 0.0, diff: 0.0, norm: 9.30893325805664
name: model.layers.24.self_attn.q_proj.weight, type: torch.int8, ratio: 0.018633093684911728, diff: 1363.4169921875, norm: 73171.796875
name: model.layers.24.self_attn.k_proj.weight, type: torch.int8, ratio: 0.02219936065375805, diff: 508.6619567871094, norm: 22913.361328125
name: model.layers.24.self_attn.v_proj.weight, type: torch.int8, ratio: 0.01980852149426937, diff: 510.4576416015625, norm: 25769.59765625
name: model.layers.24.self_attn.o_proj.weight, type: torch.int8, ratio: 0.012653043493628502, diff: 1443.4989013671875, norm: 114083.140625
name: model.layers.24.mlp.gate_proj.weight, type: torch.int8, ratio: 0.018365124240517616, diff: 3132.74951171875, norm: 170581.453125
name: model.layers.24.mlp.up_proj.weight, type: torch.int8, ratio: 0.013889378868043423, diff: 3190.1298828125, norm: 229681.25
name: model.layers.24.mlp.down_proj.weight, type: torch.int8, ratio: 0.015789000317454338, diff: 3714.1064453125, norm: 235233.796875
name: model.layers.24.input_layernorm.weight, type: torch.float16, ratio: 0.0, diff: 0.0, norm: 8.58464241027832
name: model.layers.24.post_attention_layernorm.weight, type: torch.float16, ratio: 0.0, diff: 0.0, norm: 9.208847045898438
name: model.layers.25.self_attn.q_proj.weight, type: torch.int8, ratio: 0.0197139885276556, diff: 1362.348388671875, norm: 69105.671875
name: model.layers.25.self_attn.k_proj.weight, type: torch.int8, ratio: 0.02596726268529892, diff: 506.6004333496094, norm: 19509.197265625
name: model.layers.25.self_attn.v_proj.weight, type: torch.int8, ratio: 0.021062541753053665, diff: 515.8178100585938, norm: 24489.818359375
name: model.layers.25.self_attn.o_proj.weight, type: torch.int8, ratio: 0.012854675762355328, diff: 1449.8240966796875, norm: 112785.734375
name: model.layers.25.mlp.gate_proj.weight, type: torch.int8, ratio: 0.017627231776714325, diff: 3124.059814453125, norm: 177229.171875
name: model.layers.25.mlp.up_proj.weight, type: torch.int8, ratio: 0.013800286687910557, diff: 3194.189453125, norm: 231458.203125
name: model.layers.25.mlp.down_proj.weight, type: torch.int8, ratio: 0.016240840777754784, diff: 3782.712890625, norm: 232913.625
name: model.layers.25.input_layernorm.weight, type: torch.float16, ratio: 0.0, diff: 0.0, norm: 8.60540771484375
name: model.layers.25.post_attention_layernorm.weight, type: torch.float16, ratio: 0.0, diff: 0.0, norm: 9.504039764404297
name: model.layers.26.self_attn.q_proj.weight, type: torch.int8, ratio: 0.02380208671092987, diff: 1351.2242431640625, norm: 56769.1484375
name: model.layers.26.self_attn.k_proj.weight, type: torch.int8, ratio: 0.025238987058401108, diff: 508.2882995605469, norm: 20139.013671875
name: model.layers.26.self_attn.v_proj.weight, type: torch.int8, ratio: 0.027460433542728424, diff: 507.2474670410156, norm: 18471.939453125
name: model.layers.26.self_attn.o_proj.weight, type: torch.int8, ratio: 0.0132601298391819, diff: 1470.0723876953125, norm: 110864.1015625
name: model.layers.26.mlp.gate_proj.weight, type: torch.int8, ratio: 0.018078476190567017, diff: 3092.103759765625, norm: 171037.859375
name: model.layers.26.mlp.up_proj.weight, type: torch.int8, ratio: 0.014526695013046265, diff: 3171.5712890625, norm: 218327.109375
name: model.layers.26.mlp.down_proj.weight, type: torch.int8, ratio: 0.01657181791961193, diff: 3835.025634765625, norm: 231418.515625
name: model.layers.26.input_layernorm.weight, type: torch.float16, ratio: 0.0, diff: 0.0, norm: 8.937135696411133
name: model.layers.26.post_attention_layernorm.weight, type: torch.float16, ratio: 0.0, diff: 0.0, norm: 9.865167617797852
name: model.layers.27.self_attn.q_proj.weight, type: torch.int8, ratio: 0.025820957496762276, diff: 1352.1583251953125, norm: 52366.69921875
name: model.layers.27.self_attn.k_proj.weight, type: torch.int8, ratio: 0.025071680545806885, diff: 510.90411376953125, norm: 20377.736328125
name: model.layers.27.self_attn.v_proj.weight, type: torch.int8, ratio: 0.041391730308532715, diff: 503.64471435546875, norm: 12167.76171875
name: model.layers.27.self_attn.o_proj.weight, type: torch.int8, ratio: 0.013528299517929554, diff: 1462.7333984375, norm: 108123.96875
name: model.layers.27.mlp.gate_proj.weight, type: torch.int8, ratio: 0.022031841799616814, diff: 3053.60888671875, norm: 138599.796875
name: model.layers.27.mlp.up_proj.weight, type: torch.int8, ratio: 0.015634743496775627, diff: 3167.417236328125, norm: 202588.375
name: model.layers.27.mlp.down_proj.weight, type: torch.int8, ratio: 0.014504372142255306, diff: 3212.6298828125, norm: 221493.890625
name: model.layers.27.input_layernorm.weight, type: torch.float16, ratio: 0.0, diff: 0.0, norm: 8.523696899414062
name: model.layers.27.post_attention_layernorm.weight, type: torch.float16, ratio: 0.0, diff: 0.0, norm: 11.14793586730957
