name: model.layers.0.self_attn.q_proj.weight, type: torch.int8, ratio: 0.025567539036273956, diff: 1701.5443115234375, norm: 66550.9609375
name: model.layers.0.self_attn.k_proj.weight, type: torch.int8, ratio: 0.01902080699801445, diff: 645.3262939453125, norm: 33927.38671875
name: model.layers.0.self_attn.v_proj.weight, type: torch.int8, ratio: 0.018554626032710075, diff: 721.7651977539062, norm: 38899.47265625
name: model.layers.0.self_attn.o_proj.weight, type: torch.int8, ratio: 0.016043346375226974, diff: 1553.827880859375, norm: 96851.859375
name: model.layers.0.mlp.gate_proj.weight, type: torch.int8, ratio: 0.023631466552615166, diff: 3869.6142578125, norm: 163748.375
name: model.layers.0.mlp.up_proj.weight, type: torch.int8, ratio: 0.020565610378980637, diff: 4079.939697265625, norm: 198386.515625
name: model.layers.0.mlp.down_proj.weight, type: torch.int8, ratio: 0.01629091240465641, diff: 3389.57421875, norm: 208065.34375
name: model.layers.0.input_layernorm.weight, type: torch.float16, ratio: 0.0016171844908967614, diff: 0.010189089924097061, norm: 6.300511837005615
name: model.layers.0.post_attention_layernorm.weight, type: torch.float16, ratio: 0.034681256860494614, diff: 0.260939359664917, norm: 7.523930549621582
name: model.layers.1.self_attn.q_proj.weight, type: torch.int8, ratio: 0.04192408174276352, diff: 1590.3651123046875, norm: 37934.40625
name: model.layers.1.self_attn.k_proj.weight, type: torch.int8, ratio: 0.04052940011024475, diff: 603.1881713867188, norm: 14882.7314453125
name: model.layers.1.self_attn.v_proj.weight, type: torch.int8, ratio: 0.025867914780974388, diff: 642.0576171875, norm: 24820.6171875
name: model.layers.1.self_attn.o_proj.weight, type: torch.int8, ratio: 0.014182851649820805, diff: 1546.3994140625, norm: 109033.0390625
name: model.layers.1.mlp.gate_proj.weight, type: torch.int8, ratio: 0.039988014847040176, diff: 3033.387451171875, norm: 75857.4140625
name: model.layers.1.mlp.up_proj.weight, type: torch.int8, ratio: 0.026638131588697433, diff: 3391.32373046875, norm: 127310.8671875
name: model.layers.1.mlp.down_proj.weight, type: torch.int8, ratio: 0.02284030057489872, diff: 4168.17529296875, norm: 182492.140625
name: model.layers.1.input_layernorm.weight, type: torch.float16, ratio: 0.09760971367359161, diff: 0.5752846598625183, norm: 5.893723487854004
name: model.layers.1.post_attention_layernorm.weight, type: torch.float16, ratio: 0.00016402626351919025, diff: 0.0014748431276530027, norm: 8.99150562286377
name: model.layers.2.self_attn.q_proj.weight, type: torch.int8, ratio: 0.02283466048538685, diff: 1317.7222900390625, norm: 57707.109375
name: model.layers.2.self_attn.k_proj.weight, type: torch.int8, ratio: 0.026384305208921432, diff: 498.76446533203125, norm: 18903.83203125
name: model.layers.2.self_attn.v_proj.weight, type: torch.int8, ratio: 0.01860245130956173, diff: 560.8244018554688, norm: 30147.876953125
name: model.layers.2.self_attn.o_proj.weight, type: torch.int8, ratio: 0.012169082649052143, diff: 1361.232177734375, norm: 111859.8828125
name: model.layers.2.mlp.gate_proj.weight, type: torch.int8, ratio: 0.03480028733611107, diff: 2842.831787109375, norm: 81689.8984375
name: model.layers.2.mlp.up_proj.weight, type: torch.int8, ratio: 0.02037571370601654, diff: 3031.802734375, norm: 148794.921875
name: model.layers.2.mlp.down_proj.weight, type: torch.int8, ratio: 0.01498204655945301, diff: 3099.5908203125, norm: 206887.015625
name: model.layers.2.input_layernorm.weight, type: torch.float16, ratio: 0.014371698722243309, diff: 0.10853756219148636, norm: 7.552173614501953
name: model.layers.2.post_attention_layernorm.weight, type: torch.float16, ratio: 0.0008493196801282465, diff: 0.007454609498381615, norm: 8.777153968811035
name: model.layers.3.self_attn.q_proj.weight, type: torch.int8, ratio: 0.023743582889437675, diff: 1311.38671875, norm: 55231.20703125
name: model.layers.3.self_attn.k_proj.weight, type: torch.int8, ratio: 0.027965238317847252, diff: 496.1320495605469, norm: 17741.02734375
name: model.layers.3.self_attn.v_proj.weight, type: torch.int8, ratio: 0.021101364865899086, diff: 555.9136352539062, norm: 26344.9140625
name: model.layers.3.self_attn.o_proj.weight, type: torch.int8, ratio: 0.012136091478168964, diff: 1288.175048828125, norm: 106144.140625
name: model.layers.3.mlp.gate_proj.weight, type: torch.int8, ratio: 0.02555893547832966, diff: 3035.858154296875, norm: 118778.7421875
name: model.layers.3.mlp.up_proj.weight, type: torch.int8, ratio: 0.01453960407525301, diff: 3079.296630859375, norm: 211786.828125
name: model.layers.3.mlp.down_proj.weight, type: torch.int8, ratio: 0.013825541362166405, diff: 3030.308349609375, norm: 219181.890625
name: model.layers.3.input_layernorm.weight, type: torch.float16, ratio: 0.021265966817736626, diff: 0.14998994767665863, norm: 7.053050994873047
name: model.layers.3.post_attention_layernorm.weight, type: torch.float16, ratio: 5.600570511887781e-05, diff: 0.0005102006252855062, norm: 9.109797477722168
name: model.layers.4.self_attn.q_proj.weight, type: torch.int8, ratio: 0.023496678099036217, diff: 1327.274658203125, norm: 56487.7578125
name: model.layers.4.self_attn.k_proj.weight, type: torch.int8, ratio: 0.026975534856319427, diff: 517.2117309570312, norm: 19173.36328125
name: model.layers.4.self_attn.v_proj.weight, type: torch.int8, ratio: 0.022272368893027306, diff: 633.0047607421875, norm: 28421.078125
name: model.layers.4.self_attn.o_proj.weight, type: torch.int8, ratio: 0.011265167966485023, diff: 1224.425537109375, norm: 108691.28125
name: model.layers.4.mlp.gate_proj.weight, type: torch.int8, ratio: 0.027621077373623848, diff: 3038.136962890625, norm: 109993.4296875
name: model.layers.4.mlp.up_proj.weight, type: torch.int8, ratio: 0.013525310903787613, diff: 3094.067138671875, norm: 228761.265625
name: model.layers.4.mlp.down_proj.weight, type: torch.int8, ratio: 0.009918589144945145, diff: 2240.065673828125, norm: 225845.1875
name: model.layers.4.input_layernorm.weight, type: torch.float16, ratio: 0.8228761553764343, diff: 5.86381196975708, norm: 7.125995635986328
name: model.layers.4.post_attention_layernorm.weight, type: torch.float16, ratio: 0.0007783862529322505, diff: 0.006953911855816841, norm: 8.933754920959473
name: model.layers.5.self_attn.q_proj.weight, type: torch.int8, ratio: 0.01980389840900898, diff: 1323.2659912109375, norm: 66818.4609375
name: model.layers.5.self_attn.k_proj.weight, type: torch.int8, ratio: 0.021912453696131706, diff: 508.67181396484375, norm: 23213.822265625
name: model.layers.5.self_attn.v_proj.weight, type: torch.int8, ratio: 0.018027419224381447, diff: 554.8702392578125, norm: 30779.23828125
name: model.layers.5.self_attn.o_proj.weight, type: torch.int8, ratio: 0.010616190731525421, diff: 1193.3775634765625, norm: 112411.09375
name: model.layers.5.mlp.gate_proj.weight, type: torch.int8, ratio: 0.03169639781117439, diff: 3021.3232421875, norm: 95320.7109375
name: model.layers.5.mlp.up_proj.weight, type: torch.int8, ratio: 0.013683461584150791, diff: 3078.681396484375, norm: 224992.875
name: model.layers.5.mlp.down_proj.weight, type: torch.int8, ratio: 0.013187444768846035, diff: 2971.05859375, norm: 225294.484375
name: model.layers.5.input_layernorm.weight, type: torch.float16, ratio: 0.0017558076651766896, diff: 0.013362274505198002, norm: 7.6103291511535645
name: model.layers.5.post_attention_layernorm.weight, type: torch.float16, ratio: 2.9941853426862508e-05, diff: 0.0002712461573537439, norm: 9.059097290039062
name: model.layers.6.self_attn.q_proj.weight, type: torch.int8, ratio: 0.02210848592221737, diff: 1322.1905517578125, norm: 59804.6640625
name: model.layers.6.self_attn.k_proj.weight, type: torch.int8, ratio: 0.024180931970477104, diff: 503.499755859375, norm: 20822.181640625
name: model.layers.6.self_attn.v_proj.weight, type: torch.int8, ratio: 0.018354453146457672, diff: 550.9192504882812, norm: 30015.5625
name: model.layers.6.self_attn.o_proj.weight, type: torch.int8, ratio: 0.011443027295172215, diff: 1254.8880615234375, norm: 109663.9921875
name: model.layers.6.mlp.gate_proj.weight, type: torch.int8, ratio: 0.019091874361038208, diff: 3057.966552734375, norm: 160171.109375
name: model.layers.6.mlp.up_proj.weight, type: torch.int8, ratio: 0.012004429474473, diff: 3113.49560546875, norm: 259362.234375
name: model.layers.6.mlp.down_proj.weight, type: torch.int8, ratio: 0.01466963067650795, diff: 3336.299072265625, norm: 227428.96875
name: model.layers.6.input_layernorm.weight, type: torch.float16, ratio: 0.0016126645496115088, diff: 0.011956993490457535, norm: 7.414433002471924
name: model.layers.6.post_attention_layernorm.weight, type: torch.float16, ratio: 0.0013134140754118562, diff: 0.010812808759510517, norm: 8.232597351074219
name: model.layers.7.self_attn.q_proj.weight, type: torch.int8, ratio: 0.02061501517891884, diff: 1335.0130615234375, norm: 64759.25390625
name: model.layers.7.self_attn.k_proj.weight, type: torch.int8, ratio: 0.02675449475646019, diff: 506.5481262207031, norm: 18933.197265625
name: model.layers.7.self_attn.v_proj.weight, type: torch.int8, ratio: 0.01753818802535534, diff: 543.4979248046875, norm: 30989.400390625
name: model.layers.7.self_attn.o_proj.weight, type: torch.int8, ratio: 0.011464666575193405, diff: 1245.728271484375, norm: 108658.046875
name: model.layers.7.mlp.gate_proj.weight, type: torch.int8, ratio: 0.01587829738855362, diff: 3076.237548828125, norm: 193738.5
name: model.layers.7.mlp.up_proj.weight, type: torch.int8, ratio: 0.012147095054388046, diff: 3103.39208984375, norm: 255484.296875
name: model.layers.7.mlp.down_proj.weight, type: torch.int8, ratio: 0.013037028722465038, diff: 2953.337646484375, norm: 226534.5625
name: model.layers.7.input_layernorm.weight, type: torch.float16, ratio: 0.000321695813909173, diff: 0.00253684027120471, norm: 7.885835647583008
name: model.layers.7.post_attention_layernorm.weight, type: torch.float16, ratio: 0.0020717629231512547, diff: 0.016992300748825073, norm: 8.201855659484863
name: model.layers.8.self_attn.q_proj.weight, type: torch.int8, ratio: 0.02101476676762104, diff: 1342.478271484375, norm: 63882.61328125
name: model.layers.8.self_attn.k_proj.weight, type: torch.int8, ratio: 0.024513613432645798, diff: 513.7070922851562, norm: 20955.9921875
name: model.layers.8.self_attn.v_proj.weight, type: torch.int8, ratio: 0.018729563802480698, diff: 572.05419921875, norm: 30542.84765625
name: model.layers.8.self_attn.o_proj.weight, type: torch.int8, ratio: 0.01121777668595314, diff: 1197.93994140625, norm: 106789.4296875
name: model.layers.8.mlp.gate_proj.weight, type: torch.int8, ratio: 0.016281580552458763, diff: 3106.66552734375, norm: 190808.59375
name: model.layers.8.mlp.up_proj.weight, type: torch.int8, ratio: 0.012023281306028366, diff: 3136.3134765625, norm: 260853.375
name: model.layers.8.mlp.down_proj.weight, type: torch.int8, ratio: 0.013492947444319725, diff: 3054.919921875, norm: 226408.640625
name: model.layers.8.input_layernorm.weight, type: torch.float16, ratio: 0.0002536210522521287, diff: 0.0021050216164439917, norm: 8.299869537353516
name: model.layers.8.post_attention_layernorm.weight, type: torch.float16, ratio: 0.000987137435004115, diff: 0.008544053882360458, norm: 8.655384063720703
name: model.layers.9.self_attn.q_proj.weight, type: torch.int8, ratio: 0.02251303382217884, diff: 1349.4468994140625, norm: 59940.6953125
name: model.layers.9.self_attn.k_proj.weight, type: torch.int8, ratio: 0.02687220089137554, diff: 513.2747802734375, norm: 19100.5859375
name: model.layers.9.self_attn.v_proj.weight, type: torch.int8, ratio: 0.017625289037823677, diff: 545.6912841796875, norm: 30960.701171875
name: model.layers.9.self_attn.o_proj.weight, type: torch.int8, ratio: 0.01193383987993002, diff: 1292.6817626953125, norm: 108320.6875
name: model.layers.9.mlp.gate_proj.weight, type: torch.int8, ratio: 0.025811780244112015, diff: 3118.38818359375, norm: 120812.59375
name: model.layers.9.mlp.up_proj.weight, type: torch.int8, ratio: 0.012296885251998901, diff: 3190.28369140625, norm: 259438.359375
name: model.layers.9.mlp.down_proj.weight, type: torch.int8, ratio: 0.013358534313738346, diff: 3038.76220703125, norm: 227477.21875
name: model.layers.9.input_layernorm.weight, type: torch.float16, ratio: 0.0005279509350657463, diff: 0.004566720221191645, norm: 8.649894714355469
name: model.layers.9.post_attention_layernorm.weight, type: torch.float16, ratio: 0.00025639598607085645, diff: 0.0024742097593843937, norm: 9.649954795837402
name: model.layers.10.self_attn.q_proj.weight, type: torch.int8, ratio: 0.021333342418074608, diff: 1455.0399169921875, norm: 68204.96875
name: model.layers.10.self_attn.k_proj.weight, type: torch.int8, ratio: 0.02514643408358097, diff: 550.0472412109375, norm: 21873.767578125
name: model.layers.10.self_attn.v_proj.weight, type: torch.int8, ratio: 0.017789898440241814, diff: 591.8901977539062, norm: 33271.140625
name: model.layers.10.self_attn.o_proj.weight, type: torch.int8, ratio: 0.013546301983296871, diff: 1445.3076171875, norm: 106693.890625
name: model.layers.10.mlp.gate_proj.weight, type: torch.int8, ratio: 0.015183847397565842, diff: 3332.629150390625, norm: 219485.15625
name: model.layers.10.mlp.up_proj.weight, type: torch.int8, ratio: 0.013119401410222054, diff: 3349.55517578125, norm: 255313.109375
name: model.layers.10.mlp.down_proj.weight, type: torch.int8, ratio: 0.013486052863299847, diff: 3047.53515625, norm: 225976.8125
name: model.layers.10.input_layernorm.weight, type: torch.float16, ratio: 0.0002105734165525064, diff: 0.0018415310187265277, norm: 8.745315551757812
name: model.layers.10.post_attention_layernorm.weight, type: torch.float16, ratio: 0.00023884886468295008, diff: 0.0022143421228975058, norm: 9.270892143249512
name: model.layers.11.self_attn.q_proj.weight, type: torch.int8, ratio: 0.020563187077641487, diff: 1354.2987060546875, norm: 65860.3515625
name: model.layers.11.self_attn.k_proj.weight, type: torch.int8, ratio: 0.024262040853500366, diff: 514.7533569335938, norm: 21216.408203125
name: model.layers.11.self_attn.v_proj.weight, type: torch.int8, ratio: 0.01821315847337246, diff: 576.3280029296875, norm: 31643.49609375
name: model.layers.11.self_attn.o_proj.weight, type: torch.int8, ratio: 0.012494462542235851, diff: 1367.423095703125, norm: 109442.328125
name: model.layers.11.mlp.gate_proj.weight, type: torch.int8, ratio: 0.01353954616934061, diff: 3151.044189453125, norm: 232728.9375
name: model.layers.11.mlp.up_proj.weight, type: torch.int8, ratio: 0.012517116963863373, diff: 3161.598388671875, norm: 252582.0
name: model.layers.11.mlp.down_proj.weight, type: torch.int8, ratio: 0.01326530147343874, diff: 3028.1552734375, norm: 228276.40625
name: model.layers.11.input_layernorm.weight, type: torch.float16, ratio: 0.00021570817625615746, diff: 0.002020651940256357, norm: 9.367526054382324
name: model.layers.11.post_attention_layernorm.weight, type: torch.float16, ratio: 0.0007374740671366453, diff: 0.0072670141234993935, norm: 9.853924751281738
name: model.layers.12.self_attn.q_proj.weight, type: torch.int8, ratio: 0.022389592602849007, diff: 1436.85595703125, norm: 64175.171875
name: model.layers.12.self_attn.k_proj.weight, type: torch.int8, ratio: 0.02616877667605877, diff: 545.7169799804688, norm: 20853.744140625
name: model.layers.12.self_attn.v_proj.weight, type: torch.int8, ratio: 0.020365409553050995, diff: 593.6842651367188, norm: 29151.599609375
name: model.layers.12.self_attn.o_proj.weight, type: torch.int8, ratio: 0.012241881340742111, diff: 1372.9232177734375, norm: 112149.6875
name: model.layers.12.mlp.gate_proj.weight, type: torch.int8, ratio: 0.01515887025743723, diff: 3217.55615234375, norm: 212255.671875
name: model.layers.12.mlp.up_proj.weight, type: torch.int8, ratio: 0.01304185763001442, diff: 3234.0078125, norm: 247971.40625
name: model.layers.12.mlp.down_proj.weight, type: torch.int8, ratio: 0.015049233101308346, diff: 3251.068359375, norm: 216028.84375
name: model.layers.12.input_layernorm.weight, type: torch.float16, ratio: 0.00022720039123669267, diff: 0.0022157973144203424, norm: 9.752612113952637
name: model.layers.12.post_attention_layernorm.weight, type: torch.float16, ratio: 0.0006856694235466421, diff: 0.006908804178237915, norm: 10.075998306274414
name: model.layers.13.self_attn.q_proj.weight, type: torch.int8, ratio: 0.02060006372630596, diff: 1384.007568359375, norm: 67184.625
name: model.layers.13.self_attn.k_proj.weight, type: torch.int8, ratio: 0.024629054591059685, diff: 525.793701171875, norm: 21348.513671875
name: model.layers.13.self_attn.v_proj.weight, type: torch.int8, ratio: 0.019974540919065475, diff: 560.3525390625, norm: 28053.337890625
name: model.layers.13.self_attn.o_proj.weight, type: torch.int8, ratio: 0.013248609378933907, diff: 1389.767578125, norm: 104899.125
name: model.layers.13.mlp.gate_proj.weight, type: torch.int8, ratio: 0.014868549071252346, diff: 3132.798828125, norm: 210699.703125
name: model.layers.13.mlp.up_proj.weight, type: torch.int8, ratio: 0.012793878093361855, diff: 3149.4482421875, norm: 246168.375
name: model.layers.13.mlp.down_proj.weight, type: torch.int8, ratio: 0.013951410539448261, diff: 3091.68310546875, norm: 221603.625
name: model.layers.13.input_layernorm.weight, type: torch.float16, ratio: 0.000617210054770112, diff: 0.006189583335071802, norm: 10.028325080871582
name: model.layers.13.post_attention_layernorm.weight, type: torch.float16, ratio: 0.0010272737126797438, diff: 0.010360607877373695, norm: 10.085537910461426
name: model.layers.14.self_attn.q_proj.weight, type: torch.int8, ratio: 0.021480519324541092, diff: 1339.81494140625, norm: 62373.48828125
name: model.layers.14.self_attn.k_proj.weight, type: torch.int8, ratio: 0.024845486506819725, diff: 517.0405883789062, norm: 20810.2421875
name: model.layers.14.self_attn.v_proj.weight, type: torch.int8, ratio: 0.02014078199863434, diff: 585.3912963867188, norm: 29064.97265625
name: model.layers.14.self_attn.o_proj.weight, type: torch.int8, ratio: 0.012987909838557243, diff: 1354.16943359375, norm: 104263.84375
name: model.layers.14.mlp.gate_proj.weight, type: torch.int8, ratio: 0.01451637502759695, diff: 3047.45556640625, norm: 209932.265625
name: model.layers.14.mlp.up_proj.weight, type: torch.int8, ratio: 0.012460585683584213, diff: 3063.888427734375, norm: 245886.390625
name: model.layers.14.mlp.down_proj.weight, type: torch.int8, ratio: 0.01483998168259859, diff: 3165.005126953125, norm: 213275.546875
name: model.layers.14.input_layernorm.weight, type: torch.float16, ratio: 0.00019947763939853758, diff: 0.0020828666165471077, norm: 10.441604614257812
name: model.layers.14.post_attention_layernorm.weight, type: torch.float16, ratio: 0.0005286760861054063, diff: 0.00554381450638175, norm: 10.486221313476562
name: model.layers.15.self_attn.q_proj.weight, type: torch.int8, ratio: 0.020880192518234253, diff: 1320.4984130859375, norm: 63241.6796875
name: model.layers.15.self_attn.k_proj.weight, type: torch.int8, ratio: 0.024438053369522095, diff: 505.9822082519531, norm: 20704.685546875
name: model.layers.15.self_attn.v_proj.weight, type: torch.int8, ratio: 0.019886430352926254, diff: 558.8756713867188, norm: 28103.3671875
name: model.layers.15.self_attn.o_proj.weight, type: torch.int8, ratio: 0.012789093889296055, diff: 1408.4864501953125, norm: 110131.84375
name: model.layers.15.mlp.gate_proj.weight, type: torch.int8, ratio: 0.01448347419500351, diff: 3014.629638671875, norm: 208142.71875
name: model.layers.15.mlp.up_proj.weight, type: torch.int8, ratio: 0.012679854407906532, diff: 3028.2333984375, norm: 238822.40625
name: model.layers.15.mlp.down_proj.weight, type: torch.int8, ratio: 0.01421336643397808, diff: 3152.1982421875, norm: 221777.03125
name: model.layers.15.input_layernorm.weight, type: torch.float16, ratio: 0.00022418529260903597, diff: 0.002318331738933921, norm: 10.341140747070312
name: model.layers.15.post_attention_layernorm.weight, type: torch.float16, ratio: 0.0006508880178444088, diff: 0.007044505327939987, norm: 10.822914123535156
name: model.layers.16.self_attn.q_proj.weight, type: torch.int8, ratio: 0.02055986225605011, diff: 1314.078369140625, norm: 63914.74609375
name: model.layers.16.self_attn.k_proj.weight, type: torch.int8, ratio: 0.025685478001832962, diff: 506.6231384277344, norm: 19724.107421875
name: model.layers.16.self_attn.v_proj.weight, type: torch.int8, ratio: 0.01834140717983246, diff: 570.7845458984375, norm: 31119.99609375
name: model.layers.16.self_attn.o_proj.weight, type: torch.int8, ratio: 0.013103562407195568, diff: 1378.5677490234375, norm: 105205.5703125
name: model.layers.16.mlp.gate_proj.weight, type: torch.int8, ratio: 0.01358041912317276, diff: 2971.678466796875, norm: 218820.828125
name: model.layers.16.mlp.up_proj.weight, type: torch.int8, ratio: 0.012182960286736488, diff: 2984.6064453125, norm: 244982.046875
name: model.layers.16.mlp.down_proj.weight, type: torch.int8, ratio: 0.013991077430546284, diff: 3161.385498046875, norm: 225957.265625
name: model.layers.16.input_layernorm.weight, type: torch.float16, ratio: 0.00021105694759171456, diff: 0.0022757218685001135, norm: 10.782501220703125
name: model.layers.16.post_attention_layernorm.weight, type: torch.float16, ratio: 0.0007164582493714988, diff: 0.007561715319752693, norm: 10.554300308227539
name: model.layers.17.self_attn.q_proj.weight, type: torch.int8, ratio: 0.018964650109410286, diff: 1301.9097900390625, norm: 68649.2890625
name: model.layers.17.self_attn.k_proj.weight, type: torch.int8, ratio: 0.022122720256447792, diff: 502.0209045410156, norm: 22692.548828125
name: model.layers.17.self_attn.v_proj.weight, type: torch.int8, ratio: 0.01829022355377674, diff: 541.6151733398438, norm: 29612.27734375
name: model.layers.17.self_attn.o_proj.weight, type: torch.int8, ratio: 0.012955627404153347, diff: 1365.42626953125, norm: 105392.5234375
name: model.layers.17.mlp.gate_proj.weight, type: torch.int8, ratio: 0.013958561234176159, diff: 2940.4580078125, norm: 210656.234375
name: model.layers.17.mlp.up_proj.weight, type: torch.int8, ratio: 0.012218542397022247, diff: 2955.38623046875, norm: 241877.15625
name: model.layers.17.mlp.down_proj.weight, type: torch.int8, ratio: 0.014464367181062698, diff: 3157.182373046875, norm: 218273.109375
name: model.layers.17.input_layernorm.weight, type: torch.float16, ratio: 0.00018042506417259574, diff: 0.001913335989229381, norm: 10.604601860046387
name: model.layers.17.post_attention_layernorm.weight, type: torch.float16, ratio: 0.0006462176097556949, diff: 0.006739036180078983, norm: 10.428431510925293
name: model.layers.18.self_attn.q_proj.weight, type: torch.int8, ratio: 0.019044334068894386, diff: 1293.0440673828125, norm: 67896.5234375
name: model.layers.18.self_attn.k_proj.weight, type: torch.int8, ratio: 0.023585472255945206, diff: 500.4877624511719, norm: 21220.171875
name: model.layers.18.self_attn.v_proj.weight, type: torch.int8, ratio: 0.017395365983247757, diff: 526.7466430664062, norm: 30280.861328125
name: model.layers.18.self_attn.o_proj.weight, type: torch.int8, ratio: 0.013867050409317017, diff: 1414.7420654296875, norm: 102021.84375
name: model.layers.18.mlp.gate_proj.weight, type: torch.int8, ratio: 0.014953513629734516, diff: 2943.6005859375, norm: 196850.09375
name: model.layers.18.mlp.up_proj.weight, type: torch.int8, ratio: 0.012311307713389397, diff: 2962.794189453125, norm: 240656.328125
name: model.layers.18.mlp.down_proj.weight, type: torch.int8, ratio: 0.014921126887202263, diff: 3311.99755859375, norm: 221966.984375
name: model.layers.18.input_layernorm.weight, type: torch.float16, ratio: 0.0001875381713034585, diff: 0.001901541487313807, norm: 10.139490127563477
name: model.layers.18.post_attention_layernorm.weight, type: torch.float16, ratio: 0.0005713976570405066, diff: 0.0060289897955954075, norm: 10.551302909851074
name: model.layers.19.self_attn.q_proj.weight, type: torch.int8, ratio: 0.01848152093589306, diff: 1297.8343505859375, norm: 70223.3515625
name: model.layers.19.self_attn.k_proj.weight, type: torch.int8, ratio: 0.02382318302989006, diff: 501.7977600097656, norm: 21063.421875
name: model.layers.19.self_attn.v_proj.weight, type: torch.int8, ratio: 0.017771784216165543, diff: 529.6885986328125, norm: 29805.03125
name: model.layers.19.self_attn.o_proj.weight, type: torch.int8, ratio: 0.012884325347840786, diff: 1398.764404296875, norm: 108563.265625
name: model.layers.19.mlp.gate_proj.weight, type: torch.int8, ratio: 0.015663405880331993, diff: 2948.61669921875, norm: 188248.75
name: model.layers.19.mlp.up_proj.weight, type: torch.int8, ratio: 0.01245775818824768, diff: 2970.94091796875, norm: 238481.1875
name: model.layers.19.mlp.down_proj.weight, type: torch.int8, ratio: 0.014814200811088085, diff: 3348.07568359375, norm: 226004.46875
name: model.layers.19.input_layernorm.weight, type: torch.float16, ratio: 0.0001197373858303763, diff: 0.0012176953023299575, norm: 10.169716835021973
name: model.layers.19.post_attention_layernorm.weight, type: torch.float16, ratio: 0.0007840454927645624, diff: 0.008111262694001198, norm: 10.34539794921875
name: model.layers.20.self_attn.q_proj.weight, type: torch.int8, ratio: 0.01801128312945366, diff: 1310.4530029296875, norm: 72757.3359375
name: model.layers.20.self_attn.k_proj.weight, type: torch.int8, ratio: 0.0239019263535738, diff: 503.2295837402344, norm: 21053.93359375
name: model.layers.20.self_attn.v_proj.weight, type: torch.int8, ratio: 0.017355943098664284, diff: 512.1083984375, norm: 29506.228515625
name: model.layers.20.self_attn.o_proj.weight, type: torch.int8, ratio: 0.012295006774365902, diff: 1371.25048828125, norm: 111529.0546875
name: model.layers.20.mlp.gate_proj.weight, type: torch.int8, ratio: 0.0162338949739933, diff: 2981.227294921875, norm: 183642.140625
name: model.layers.20.mlp.up_proj.weight, type: torch.int8, ratio: 0.013141725212335587, diff: 2999.8642578125, norm: 228270.203125
name: model.layers.20.mlp.down_proj.weight, type: torch.int8, ratio: 0.015474051237106323, diff: 3509.32861328125, norm: 226787.96875
name: model.layers.20.input_layernorm.weight, type: torch.float16, ratio: 8.458482625428587e-05, diff: 0.0008441089885309339, norm: 9.979437828063965
name: model.layers.20.post_attention_layernorm.weight, type: torch.float16, ratio: 0.0007069637649692595, diff: 0.007036569528281689, norm: 9.953225135803223
name: model.layers.21.self_attn.q_proj.weight, type: torch.int8, ratio: 0.019244829192757607, diff: 1325.9151611328125, norm: 68897.21875
name: model.layers.21.self_attn.k_proj.weight, type: torch.int8, ratio: 0.027682574465870857, diff: 511.1878356933594, norm: 18466.05078125
name: model.layers.21.self_attn.v_proj.weight, type: torch.int8, ratio: 0.01852075196802616, diff: 514.9815673828125, norm: 27805.65234375
name: model.layers.21.self_attn.o_proj.weight, type: torch.int8, ratio: 0.013401973992586136, diff: 1400.8668212890625, norm: 104526.8984375
name: model.layers.21.mlp.gate_proj.weight, type: torch.int8, ratio: 0.017677824944257736, diff: 3031.41455078125, norm: 171481.1875
name: model.layers.21.mlp.up_proj.weight, type: torch.int8, ratio: 0.013153008185327053, diff: 3054.634765625, norm: 232238.484375
name: model.layers.21.mlp.down_proj.weight, type: torch.int8, ratio: 0.015236292965710163, diff: 3510.095703125, norm: 230377.28125
name: model.layers.21.input_layernorm.weight, type: torch.float16, ratio: 5.561145007959567e-05, diff: 0.0005270360270515084, norm: 9.477113723754883
name: model.layers.21.post_attention_layernorm.weight, type: torch.float16, ratio: 0.000727433362044394, diff: 0.006970327813178301, norm: 9.582084655761719
name: model.layers.22.self_attn.q_proj.weight, type: torch.int8, ratio: 0.019997160881757736, diff: 1338.1116943359375, norm: 66915.0859375
name: model.layers.22.self_attn.k_proj.weight, type: torch.int8, ratio: 0.0267343670129776, diff: 520.440185546875, norm: 19467.083984375
name: model.layers.22.self_attn.v_proj.weight, type: torch.int8, ratio: 0.02350299060344696, diff: 510.882568359375, norm: 21736.91796875
name: model.layers.22.self_attn.o_proj.weight, type: torch.int8, ratio: 0.012392966076731682, diff: 1408.4189453125, norm: 113646.640625
name: model.layers.22.mlp.gate_proj.weight, type: torch.int8, ratio: 0.018714850768446922, diff: 3029.40283203125, norm: 161871.59375
name: model.layers.22.mlp.up_proj.weight, type: torch.int8, ratio: 0.013570510782301426, diff: 3051.96484375, norm: 224896.828125
name: model.layers.22.mlp.down_proj.weight, type: torch.int8, ratio: 0.01543398853391409, diff: 3584.31787109375, norm: 232235.359375
name: model.layers.22.input_layernorm.weight, type: torch.float16, ratio: 5.113780571264215e-05, diff: 0.0004531629092525691, norm: 8.861602783203125
name: model.layers.22.post_attention_layernorm.weight, type: torch.float16, ratio: 0.0004668105684686452, diff: 0.004337718244642019, norm: 9.292244911193848
name: model.layers.23.self_attn.q_proj.weight, type: torch.int8, ratio: 0.020036865025758743, diff: 1333.5943603515625, norm: 66557.0390625
name: model.layers.23.self_attn.k_proj.weight, type: torch.int8, ratio: 0.026732636615633965, diff: 513.22412109375, norm: 19198.41015625
name: model.layers.23.self_attn.v_proj.weight, type: torch.int8, ratio: 0.022263314574956894, diff: 508.8329772949219, norm: 22855.220703125
name: model.layers.23.self_attn.o_proj.weight, type: torch.int8, ratio: 0.012299693189561367, diff: 1388.6112060546875, norm: 112898.0390625
name: model.layers.23.mlp.gate_proj.weight, type: torch.int8, ratio: 0.019458036869764328, diff: 3045.362060546875, norm: 156509.21875
name: model.layers.23.mlp.up_proj.weight, type: torch.int8, ratio: 0.013211908750236034, diff: 3071.730712890625, norm: 232497.125
name: model.layers.23.mlp.down_proj.weight, type: torch.int8, ratio: 0.01563693769276142, diff: 3689.46728515625, norm: 235945.640625
name: model.layers.23.input_layernorm.weight, type: torch.float16, ratio: 2.9578101020888425e-05, diff: 0.0002490970946382731, norm: 8.421672821044922
name: model.layers.23.post_attention_layernorm.weight, type: torch.float16, ratio: 0.0002325702807866037, diff: 0.002149435458704829, norm: 9.242090225219727
name: model.layers.24.self_attn.q_proj.weight, type: torch.int8, ratio: 0.018094059079885483, diff: 1330.337890625, norm: 73523.4609375
name: model.layers.24.self_attn.k_proj.weight, type: torch.int8, ratio: 0.022425660863518715, diff: 516.822998046875, norm: 23046.0546875
name: model.layers.24.self_attn.v_proj.weight, type: torch.int8, ratio: 0.01945984736084938, diff: 504.1993713378906, norm: 25909.728515625
name: model.layers.24.self_attn.o_proj.weight, type: torch.int8, ratio: 0.012033157050609589, diff: 1373.760498046875, norm: 114164.59375
name: model.layers.24.mlp.gate_proj.weight, type: torch.int8, ratio: 0.01750732585787773, diff: 3031.5537109375, norm: 173159.15625
name: model.layers.24.mlp.up_proj.weight, type: torch.int8, ratio: 0.013173803687095642, diff: 3051.79931640625, norm: 231656.65625
name: model.layers.24.mlp.down_proj.weight, type: torch.int8, ratio: 0.01580345444381237, diff: 3717.661865234375, norm: 235243.625
name: model.layers.24.input_layernorm.weight, type: torch.float16, ratio: 3.2647829357301816e-05, diff: 0.00027813302585855126, norm: 8.51918888092041
name: model.layers.24.post_attention_layernorm.weight, type: torch.float16, ratio: 0.002683101687580347, diff: 0.024552054703235626, norm: 9.15062427520752
name: model.layers.25.self_attn.q_proj.weight, type: torch.int8, ratio: 0.019191130995750427, diff: 1334.8377685546875, norm: 69554.9296875
name: model.layers.25.self_attn.k_proj.weight, type: torch.int8, ratio: 0.026355182752013206, diff: 517.3973388671875, norm: 19631.7109375
name: model.layers.25.self_attn.v_proj.weight, type: torch.int8, ratio: 0.02060757949948311, diff: 506.9625244140625, norm: 24600.779296875
name: model.layers.25.self_attn.o_proj.weight, type: torch.int8, ratio: 0.012412896379828453, diff: 1400.952880859375, norm: 112862.6875
name: model.layers.25.mlp.gate_proj.weight, type: torch.int8, ratio: 0.016822535544633865, diff: 3017.973876953125, norm: 179400.65625
name: model.layers.25.mlp.up_proj.weight, type: torch.int8, ratio: 0.012995176948606968, diff: 3037.821044921875, norm: 233765.265625
name: model.layers.25.mlp.down_proj.weight, type: torch.int8, ratio: 0.016155695542693138, diff: 3762.996826171875, norm: 232920.765625
name: model.layers.25.input_layernorm.weight, type: torch.float16, ratio: 2.4002969439607114e-05, diff: 0.0002054277283605188, norm: 8.558429718017578
name: model.layers.25.post_attention_layernorm.weight, type: torch.float16, ratio: 0.0005647485377267003, diff: 0.005326215177774429, norm: 9.431126594543457
name: model.layers.26.self_attn.q_proj.weight, type: torch.int8, ratio: 0.023630017414689064, diff: 1343.6097412109375, norm: 56860.29296875
name: model.layers.26.self_attn.k_proj.weight, type: torch.int8, ratio: 0.026883041486144066, diff: 543.7186889648438, norm: 20225.341796875
name: model.layers.26.self_attn.v_proj.weight, type: torch.int8, ratio: 0.027245959267020226, diff: 502.6579284667969, norm: 18448.8984375
name: model.layers.26.self_attn.o_proj.weight, type: torch.int8, ratio: 0.012943875975906849, diff: 1435.92236328125, norm: 110934.5
name: model.layers.26.mlp.gate_proj.weight, type: torch.int8, ratio: 0.017214829102158546, diff: 2993.598876953125, norm: 173896.515625
name: model.layers.26.mlp.up_proj.weight, type: torch.int8, ratio: 0.013613221235573292, diff: 3011.08642578125, norm: 221188.390625
name: model.layers.26.mlp.down_proj.weight, type: torch.int8, ratio: 0.01639653742313385, diff: 3794.542724609375, norm: 231423.421875
name: model.layers.26.input_layernorm.weight, type: torch.float16, ratio: 8.813483145786449e-05, diff: 0.0007822641055099666, norm: 8.875765800476074
name: model.layers.26.post_attention_layernorm.weight, type: torch.float16, ratio: 0.0004132817848585546, diff: 0.004035250283777714, norm: 9.763919830322266
name: model.layers.27.self_attn.q_proj.weight, type: torch.int8, ratio: 0.025903040543198586, diff: 1360.5172119140625, norm: 52523.45703125
name: model.layers.27.self_attn.k_proj.weight, type: torch.int8, ratio: 0.02692406252026558, diff: 550.6314697265625, norm: 20451.27734375
name: model.layers.27.self_attn.v_proj.weight, type: torch.int8, ratio: 0.041653286665678024, diff: 506.55108642578125, norm: 12161.130859375
name: model.layers.27.self_attn.o_proj.weight, type: torch.int8, ratio: 0.012992387637495995, diff: 1405.8414306640625, norm: 108205.0078125
name: model.layers.27.mlp.gate_proj.weight, type: torch.int8, ratio: 0.02176504023373127, diff: 3001.224609375, norm: 137891.984375
name: model.layers.27.mlp.up_proj.weight, type: torch.int8, ratio: 0.01481602992862463, diff: 3022.74951171875, norm: 204018.859375
name: model.layers.27.mlp.down_proj.weight, type: torch.int8, ratio: 0.01472276821732521, diff: 3261.119873046875, norm: 221501.8125
name: model.layers.27.input_layernorm.weight, type: torch.float16, ratio: 7.008187094470486e-05, diff: 0.0005953372456133366, norm: 8.494882583618164
name: model.layers.27.post_attention_layernorm.weight, type: torch.float16, ratio: 0.0002759915078058839, diff: 0.003099375171586871, norm: 11.229966163635254
