name: model.layers.0.input_layernorm.weight, type: torch.float16, ratio: 0.0, diff: 0.0, norm: 7.10510778427124
name: model.layers.0.post_attention_layernorm.weight, type: torch.float16, ratio: 0.0, diff: 0.0, norm: 8.98036003112793
name: model.layers.1.input_layernorm.weight, type: torch.float16, ratio: 0.0, diff: 0.0, norm: 4.003208637237549
name: model.layers.1.post_attention_layernorm.weight, type: torch.float16, ratio: 0.0, diff: 0.0, norm: 8.236239433288574
name: model.layers.2.input_layernorm.weight, type: torch.float16, ratio: 0.0, diff: 0.0, norm: 5.962635040283203
name: model.layers.2.post_attention_layernorm.weight, type: torch.float16, ratio: 0.0, diff: 0.0, norm: 10.610916137695312
name: model.layers.3.input_layernorm.weight, type: torch.float16, ratio: 0.0, diff: 0.0, norm: 7.393589496612549
name: model.layers.3.post_attention_layernorm.weight, type: torch.float16, ratio: 0.0, diff: 0.0, norm: 10.687458038330078
name: model.layers.4.input_layernorm.weight, type: torch.float16, ratio: 0.0, diff: 0.0, norm: 7.989410877227783
name: model.layers.4.post_attention_layernorm.weight, type: torch.float16, ratio: 0.0, diff: 0.0, norm: 11.272951126098633
name: model.layers.5.input_layernorm.weight, type: torch.float16, ratio: 0.0, diff: 0.0, norm: 9.058439254760742
name: model.layers.5.post_attention_layernorm.weight, type: torch.float16, ratio: 0.0, diff: 0.0, norm: 10.939037322998047
name: model.layers.6.input_layernorm.weight, type: torch.float16, ratio: 0.0, diff: 0.0, norm: 9.00478744506836
name: model.layers.6.post_attention_layernorm.weight, type: torch.float16, ratio: 0.0, diff: 0.0, norm: 10.797505378723145
name: model.layers.7.input_layernorm.weight, type: torch.float16, ratio: 0.0, diff: 0.0, norm: 9.29997444152832
name: model.layers.7.post_attention_layernorm.weight, type: torch.float16, ratio: 0.0, diff: 0.0, norm: 10.693974494934082
name: model.layers.8.input_layernorm.weight, type: torch.float16, ratio: 0.0, diff: 0.0, norm: 8.640863418579102
name: model.layers.8.post_attention_layernorm.weight, type: torch.float16, ratio: 0.0, diff: 0.0, norm: 10.211380004882812
name: model.layers.9.input_layernorm.weight, type: torch.float16, ratio: 0.0, diff: 0.0, norm: 9.328916549682617
name: model.layers.9.post_attention_layernorm.weight, type: torch.float16, ratio: 0.0, diff: 0.0, norm: 9.689294815063477
name: model.layers.10.input_layernorm.weight, type: torch.float16, ratio: 0.0, diff: 0.0, norm: 10.027703285217285
name: model.layers.10.post_attention_layernorm.weight, type: torch.float16, ratio: 0.0, diff: 0.0, norm: 9.928653717041016
name: model.layers.11.input_layernorm.weight, type: torch.float16, ratio: 0.0, diff: 0.0, norm: 9.343074798583984
name: model.layers.11.post_attention_layernorm.weight, type: torch.float16, ratio: 0.0, diff: 0.0, norm: 10.298734664916992
name: model.layers.12.input_layernorm.weight, type: torch.float16, ratio: 0.0, diff: 0.0, norm: 9.68443775177002
name: model.layers.12.post_attention_layernorm.weight, type: torch.float16, ratio: 0.0, diff: 0.0, norm: 10.258482933044434
name: model.layers.13.input_layernorm.weight, type: torch.float16, ratio: 0.0, diff: 0.0, norm: 9.560300827026367
name: model.layers.13.post_attention_layernorm.weight, type: torch.float16, ratio: 0.0, diff: 0.0, norm: 10.315560340881348
name: model.layers.14.input_layernorm.weight, type: torch.float16, ratio: 0.0, diff: 0.0, norm: 9.874542236328125
name: model.layers.14.post_attention_layernorm.weight, type: torch.float16, ratio: 0.0, diff: 0.0, norm: 10.366841316223145
name: model.layers.15.input_layernorm.weight, type: torch.float16, ratio: 0.0, diff: 0.0, norm: 10.16236400604248
name: model.layers.15.post_attention_layernorm.weight, type: torch.float16, ratio: 0.0, diff: 0.0, norm: 10.53101921081543
name: model.layers.16.input_layernorm.weight, type: torch.float16, ratio: 0.0, diff: 0.0, norm: 9.67309284210205
name: model.layers.16.post_attention_layernorm.weight, type: torch.float16, ratio: 0.0, diff: 0.0, norm: 10.50297737121582
name: model.layers.17.input_layernorm.weight, type: torch.float16, ratio: 0.0, diff: 0.0, norm: 10.103902816772461
name: model.layers.17.post_attention_layernorm.weight, type: torch.float16, ratio: 0.0, diff: 0.0, norm: 10.415595054626465
name: model.layers.18.input_layernorm.weight, type: torch.float16, ratio: 0.0, diff: 0.0, norm: 10.010273933410645
name: model.layers.18.post_attention_layernorm.weight, type: torch.float16, ratio: 0.0, diff: 0.0, norm: 10.339579582214355
name: model.layers.19.input_layernorm.weight, type: torch.float16, ratio: 0.0, diff: 0.0, norm: 10.213563919067383
name: model.layers.19.post_attention_layernorm.weight, type: torch.float16, ratio: 0.0, diff: 0.0, norm: 10.39822006225586
name: model.layers.20.input_layernorm.weight, type: torch.float16, ratio: 0.0, diff: 0.0, norm: 9.887263298034668
name: model.layers.20.post_attention_layernorm.weight, type: torch.float16, ratio: 0.0, diff: 0.0, norm: 10.335607528686523
name: model.layers.21.input_layernorm.weight, type: torch.float16, ratio: 0.0, diff: 0.0, norm: 10.274628639221191
name: model.layers.21.post_attention_layernorm.weight, type: torch.float16, ratio: 0.0, diff: 0.0, norm: 10.327126502990723
name: model.layers.22.input_layernorm.weight, type: torch.float16, ratio: 0.0, diff: 0.0, norm: 10.401602745056152
name: model.layers.22.post_attention_layernorm.weight, type: torch.float16, ratio: 0.0, diff: 0.0, norm: 10.355013847351074
name: model.layers.23.input_layernorm.weight, type: torch.float16, ratio: 0.0, diff: 0.0, norm: 10.487432479858398
name: model.layers.23.post_attention_layernorm.weight, type: torch.float16, ratio: 0.0, diff: 0.0, norm: 10.435731887817383
name: model.layers.24.input_layernorm.weight, type: torch.float16, ratio: 0.0, diff: 0.0, norm: 10.489429473876953
name: model.layers.24.post_attention_layernorm.weight, type: torch.float16, ratio: 0.0, diff: 0.0, norm: 10.397782325744629
name: model.layers.25.input_layernorm.weight, type: torch.float16, ratio: 0.0, diff: 0.0, norm: 10.681882858276367
name: model.layers.25.post_attention_layernorm.weight, type: torch.float16, ratio: 0.0, diff: 0.0, norm: 10.218960762023926
name: model.layers.26.input_layernorm.weight, type: torch.float16, ratio: 0.0, diff: 0.0, norm: 10.453580856323242
name: model.layers.26.post_attention_layernorm.weight, type: torch.float16, ratio: 0.0, diff: 0.0, norm: 10.16191577911377
name: model.layers.27.input_layernorm.weight, type: torch.float16, ratio: 0.0, diff: 0.0, norm: 10.290816307067871
name: model.layers.27.post_attention_layernorm.weight, type: torch.float16, ratio: 0.0, diff: 0.0, norm: 10.082042694091797
name: model.layers.28.input_layernorm.weight, type: torch.float16, ratio: 0.0, diff: 0.0, norm: 10.257452964782715
name: model.layers.28.post_attention_layernorm.weight, type: torch.float16, ratio: 0.0, diff: 0.0, norm: 10.135986328125
name: model.layers.29.input_layernorm.weight, type: torch.float16, ratio: 0.0, diff: 0.0, norm: 10.415602684020996
name: model.layers.29.post_attention_layernorm.weight, type: torch.float16, ratio: 0.0, diff: 0.0, norm: 10.147893905639648
name: model.layers.30.input_layernorm.weight, type: torch.float16, ratio: 0.0, diff: 0.0, norm: 10.411308288574219
name: model.layers.30.post_attention_layernorm.weight, type: torch.float16, ratio: 0.0, diff: 0.0, norm: 10.150508880615234
name: model.layers.31.input_layernorm.weight, type: torch.float16, ratio: 0.0, diff: 0.0, norm: 10.478535652160645
name: model.layers.31.post_attention_layernorm.weight, type: torch.float16, ratio: 0.0, diff: 0.0, norm: 10.281859397888184
name: model.layers.32.input_layernorm.weight, type: torch.float16, ratio: 0.0, diff: 0.0, norm: 10.05615520477295
name: model.layers.32.post_attention_layernorm.weight, type: torch.float16, ratio: 0.0, diff: 0.0, norm: 10.795454025268555
name: model.layers.33.input_layernorm.weight, type: torch.float16, ratio: 0.0, diff: 0.0, norm: 11.029335975646973
name: model.layers.33.post_attention_layernorm.weight, type: torch.float16, ratio: 0.0, diff: 0.0, norm: 11.001468658447266
name: model.layers.34.input_layernorm.weight, type: torch.float16, ratio: 0.0, diff: 0.0, norm: 11.211833953857422
name: model.layers.34.post_attention_layernorm.weight, type: torch.float16, ratio: 0.0, diff: 0.0, norm: 11.193708419799805
name: model.layers.35.input_layernorm.weight, type: torch.float16, ratio: 0.0, diff: 0.0, norm: 11.468482971191406
name: model.layers.35.post_attention_layernorm.weight, type: torch.float16, ratio: 0.0, diff: 0.0, norm: 11.440885543823242
name: model.layers.36.input_layernorm.weight, type: torch.float16, ratio: 0.0, diff: 0.0, norm: 11.668915748596191
name: model.layers.36.post_attention_layernorm.weight, type: torch.float16, ratio: 0.0, diff: 0.0, norm: 11.668220520019531
name: model.layers.37.input_layernorm.weight, type: torch.float16, ratio: 0.0, diff: 0.0, norm: 12.145586967468262
name: model.layers.37.post_attention_layernorm.weight, type: torch.float16, ratio: 0.0, diff: 0.0, norm: 11.862102508544922
name: model.layers.38.input_layernorm.weight, type: torch.float16, ratio: 0.0, diff: 0.0, norm: 12.49660873413086
name: model.layers.38.post_attention_layernorm.weight, type: torch.float16, ratio: 0.0, diff: 0.0, norm: 12.453401565551758
name: model.layers.39.input_layernorm.weight, type: torch.float16, ratio: 0.0, diff: 0.0, norm: 12.886021614074707
name: model.layers.39.post_attention_layernorm.weight, type: torch.float16, ratio: 0.0, diff: 0.0, norm: 12.179204940795898
name: model.layers.40.input_layernorm.weight, type: torch.float16, ratio: 0.0, diff: 0.0, norm: 12.888555526733398
name: model.layers.40.post_attention_layernorm.weight, type: torch.float16, ratio: 0.0, diff: 0.0, norm: 12.319490432739258
name: model.layers.41.input_layernorm.weight, type: torch.float16, ratio: 0.0, diff: 0.0, norm: 13.322657585144043
name: model.layers.41.post_attention_layernorm.weight, type: torch.float16, ratio: 0.0, diff: 0.0, norm: 12.241148948669434
name: model.layers.42.input_layernorm.weight, type: torch.float16, ratio: 0.0, diff: 0.0, norm: 12.709552764892578
name: model.layers.42.post_attention_layernorm.weight, type: torch.float16, ratio: 0.0, diff: 0.0, norm: 12.1821870803833
name: model.layers.43.input_layernorm.weight, type: torch.float16, ratio: 0.0, diff: 0.0, norm: 12.666350364685059
name: model.layers.43.post_attention_layernorm.weight, type: torch.float16, ratio: 0.0, diff: 0.0, norm: 12.161121368408203
name: model.layers.44.input_layernorm.weight, type: torch.float16, ratio: 0.0, diff: 0.0, norm: 12.594549179077148
name: model.layers.44.post_attention_layernorm.weight, type: torch.float16, ratio: 0.0, diff: 0.0, norm: 12.34444522857666
name: model.layers.45.input_layernorm.weight, type: torch.float16, ratio: 0.0, diff: 0.0, norm: 12.970955848693848
name: model.layers.45.post_attention_layernorm.weight, type: torch.float16, ratio: 0.0, diff: 0.0, norm: 12.324165344238281
name: model.layers.46.input_layernorm.weight, type: torch.float16, ratio: 0.0, diff: 0.0, norm: 12.665759086608887
name: model.layers.46.post_attention_layernorm.weight, type: torch.float16, ratio: 0.0, diff: 0.0, norm: 12.059720993041992
name: model.layers.47.input_layernorm.weight, type: torch.float16, ratio: 0.0, diff: 0.0, norm: 12.130254745483398
name: model.layers.47.post_attention_layernorm.weight, type: torch.float16, ratio: 0.0, diff: 0.0, norm: 11.906811714172363
name: model.layers.48.input_layernorm.weight, type: torch.float16, ratio: 0.0, diff: 0.0, norm: 11.8522367477417
name: model.layers.48.post_attention_layernorm.weight, type: torch.float16, ratio: 0.0, diff: 0.0, norm: 11.665412902832031
name: model.layers.49.input_layernorm.weight, type: torch.float16, ratio: 0.0, diff: 0.0, norm: 11.596097946166992
name: model.layers.49.post_attention_layernorm.weight, type: torch.float16, ratio: 0.0, diff: 0.0, norm: 11.392403602600098
name: model.layers.50.input_layernorm.weight, type: torch.float16, ratio: 0.0, diff: 0.0, norm: 11.274489402770996
name: model.layers.50.post_attention_layernorm.weight, type: torch.float16, ratio: 0.0, diff: 0.0, norm: 11.268383026123047
name: model.layers.51.input_layernorm.weight, type: torch.float16, ratio: 0.0, diff: 0.0, norm: 10.710776329040527
name: model.layers.51.post_attention_layernorm.weight, type: torch.float16, ratio: 0.0, diff: 0.0, norm: 11.224532127380371
name: model.layers.52.input_layernorm.weight, type: torch.float16, ratio: 0.0, diff: 0.0, norm: 10.940817832946777
name: model.layers.52.post_attention_layernorm.weight, type: torch.float16, ratio: 0.0, diff: 0.0, norm: 10.98035717010498
name: model.layers.53.input_layernorm.weight, type: torch.float16, ratio: 0.0, diff: 0.0, norm: 10.300145149230957
name: model.layers.53.post_attention_layernorm.weight, type: torch.float16, ratio: 0.0, diff: 0.0, norm: 10.827415466308594
name: model.layers.54.input_layernorm.weight, type: torch.float16, ratio: 0.0, diff: 0.0, norm: 10.151026725769043
name: model.layers.54.post_attention_layernorm.weight, type: torch.float16, ratio: 0.0, diff: 0.0, norm: 10.732163429260254
name: model.layers.55.input_layernorm.weight, type: torch.float16, ratio: 0.0, diff: 0.0, norm: 10.105628967285156
name: model.layers.55.post_attention_layernorm.weight, type: torch.float16, ratio: 0.0, diff: 0.0, norm: 10.632542610168457
name: model.layers.56.input_layernorm.weight, type: torch.float16, ratio: 0.0, diff: 0.0, norm: 10.018759727478027
name: model.layers.56.post_attention_layernorm.weight, type: torch.float16, ratio: 0.0, diff: 0.0, norm: 10.58003044128418
name: model.layers.57.input_layernorm.weight, type: torch.float16, ratio: 0.0, diff: 0.0, norm: 10.020526885986328
name: model.layers.57.post_attention_layernorm.weight, type: torch.float16, ratio: 0.0, diff: 0.0, norm: 10.584829330444336
name: model.layers.58.input_layernorm.weight, type: torch.float16, ratio: 0.0, diff: 0.0, norm: 9.5654878616333
name: model.layers.58.post_attention_layernorm.weight, type: torch.float16, ratio: 0.0, diff: 0.0, norm: 10.621166229248047
name: model.layers.59.input_layernorm.weight, type: torch.float16, ratio: 0.0, diff: 0.0, norm: 10.232407569885254
name: model.layers.59.post_attention_layernorm.weight, type: torch.float16, ratio: 0.0, diff: 0.0, norm: 11.051258087158203
name: model.layers.60.input_layernorm.weight, type: torch.float16, ratio: 0.0, diff: 0.0, norm: 10.478970527648926
name: model.layers.60.post_attention_layernorm.weight, type: torch.float16, ratio: 0.0, diff: 0.0, norm: 11.362638473510742
name: model.layers.61.input_layernorm.weight, type: torch.float16, ratio: 0.0, diff: 0.0, norm: 10.641018867492676
name: model.layers.61.post_attention_layernorm.weight, type: torch.float16, ratio: 0.0, diff: 0.0, norm: 11.428810119628906
name: model.layers.62.input_layernorm.weight, type: torch.float16, ratio: 0.0, diff: 0.0, norm: 11.637129783630371
name: model.layers.62.post_attention_layernorm.weight, type: torch.float16, ratio: 0.0, diff: 0.0, norm: 12.609186172485352
name: model.layers.63.input_layernorm.weight, type: torch.float16, ratio: 0.0, diff: 0.0, norm: 11.993173599243164
name: model.layers.63.post_attention_layernorm.weight, type: torch.float16, ratio: 0.0, diff: 0.0, norm: 13.64913272857666
name: model.layers.0.self_attn.q_proj.weight, type: torch.int8, ratio: 0.017230359837412834, diff: 1744.6346435546875, norm: 101253.5234375
name: model.layers.0.self_attn.k_proj.weight, type: torch.int8, ratio: 0.01484744530171156, diff: 791.5996704101562, norm: 53315.546875
name: model.layers.0.self_attn.v_proj.weight, type: torch.int8, ratio: 0.01220502145588398, diff: 815.556884765625, norm: 66821.421875
name: model.layers.0.self_attn.o_proj.weight, type: torch.int8, ratio: 0.017060458660125732, diff: 2341.47998046875, norm: 137246.015625
name: model.layers.0.mlp.gate_proj.weight, type: torch.int8, ratio: 0.016837051138281822, diff: 3448.15234375, norm: 204795.5
name: model.layers.0.mlp.up_proj.weight, type: torch.int8, ratio: 0.015411490574479103, diff: 3491.734619140625, norm: 226566.96875
name: model.layers.1.self_attn.q_proj.weight, type: torch.int8, ratio: 0.0313655324280262, diff: 800.0193481445312, norm: 25506.322265625
name: model.layers.1.self_attn.k_proj.weight, type: torch.int8, ratio: 0.02846049889922142, diff: 421.5412292480469, norm: 14811.44921875
name: model.layers.1.self_attn.v_proj.weight, type: torch.int8, ratio: 0.02431870996952057, diff: 586.2456665039062, norm: 24106.775390625
name: model.layers.1.self_attn.o_proj.weight, type: torch.int8, ratio: 0.017549583688378334, diff: 2368.566650390625, norm: 134964.265625
name: model.layers.1.mlp.gate_proj.weight, type: torch.int8, ratio: 0.03902481496334076, diff: 2027.268310546875, norm: 51948.1875
name: model.layers.1.mlp.up_proj.weight, type: torch.int8, ratio: 0.03802899643778801, diff: 2567.5556640625, norm: 67515.734375
name: model.layers.2.self_attn.q_proj.weight, type: torch.int8, ratio: 0.033052537590265274, diff: 1129.2086181640625, norm: 34164.05078125
name: model.layers.2.self_attn.k_proj.weight, type: torch.int8, ratio: 0.03314894437789917, diff: 520.4603881835938, norm: 15700.662109375
name: model.layers.2.self_attn.v_proj.weight, type: torch.int8, ratio: 0.017187444493174553, diff: 587.0289306640625, norm: 34154.51953125
name: model.layers.2.self_attn.o_proj.weight, type: torch.int8, ratio: 0.015564393252134323, diff: 2291.92626953125, norm: 147254.453125
name: model.layers.2.mlp.gate_proj.weight, type: torch.int8, ratio: 0.03668273240327835, diff: 2538.88330078125, norm: 69211.9453125
name: model.layers.2.mlp.up_proj.weight, type: torch.int8, ratio: 0.03619031608104706, diff: 3506.93994140625, norm: 96902.71875
name: model.layers.3.self_attn.q_proj.weight, type: torch.int8, ratio: 0.02675517648458481, diff: 1351.3985595703125, norm: 50509.796875
name: model.layers.3.self_attn.k_proj.weight, type: torch.int8, ratio: 0.029271766543388367, diff: 605.9835205078125, norm: 20701.98046875
name: model.layers.3.self_attn.v_proj.weight, type: torch.int8, ratio: 0.017451217398047447, diff: 633.6260986328125, norm: 36308.41796875
name: model.layers.3.self_attn.o_proj.weight, type: torch.int8, ratio: 0.014695432037115097, diff: 2244.12841796875, norm: 152709.25
name: model.layers.3.mlp.gate_proj.weight, type: torch.int8, ratio: 0.03194187209010124, diff: 2742.950439453125, norm: 85873.1875
name: model.layers.3.mlp.up_proj.weight, type: torch.int8, ratio: 0.02494569681584835, diff: 3359.07958984375, norm: 134655.671875
name: model.layers.4.self_attn.q_proj.weight, type: torch.int8, ratio: 0.027753237634897232, diff: 1495.9388427734375, norm: 53901.41796875
name: model.layers.4.self_attn.k_proj.weight, type: torch.int8, ratio: 0.029079962521791458, diff: 669.5946655273438, norm: 23025.98046875
name: model.layers.4.self_attn.v_proj.weight, type: torch.int8, ratio: 0.017536066472530365, diff: 687.9484252929688, norm: 39230.48828125
name: model.layers.4.self_attn.o_proj.weight, type: torch.int8, ratio: 0.013589822687208652, diff: 2139.587158203125, norm: 157440.40625
name: model.layers.4.mlp.gate_proj.weight, type: torch.int8, ratio: 0.02715492807328701, diff: 2956.677978515625, norm: 108881.8203125
name: model.layers.4.mlp.up_proj.weight, type: torch.int8, ratio: 0.020640956237912178, diff: 3446.462890625, norm: 166972.0625
name: model.layers.5.self_attn.q_proj.weight, type: torch.int8, ratio: 0.03128143027424812, diff: 2133.954833984375, norm: 68217.9453125
name: model.layers.5.self_attn.k_proj.weight, type: torch.int8, ratio: 0.03153615444898605, diff: 954.8895263671875, norm: 30279.201171875
name: model.layers.5.self_attn.v_proj.weight, type: torch.int8, ratio: 0.024215320125222206, diff: 959.692138671875, norm: 39631.609375
name: model.layers.5.self_attn.o_proj.weight, type: torch.int8, ratio: 0.01302114874124527, diff: 2110.637939453125, norm: 162093.0625
name: model.layers.5.mlp.gate_proj.weight, type: torch.int8, ratio: 0.04962487146258354, diff: 3891.287841796875, norm: 78414.0625
name: model.layers.5.mlp.up_proj.weight, type: torch.int8, ratio: 0.021826080977916718, diff: 4465.49365234375, norm: 204594.390625
name: model.layers.6.self_attn.q_proj.weight, type: torch.int8, ratio: 0.029902955517172813, diff: 2041.4962158203125, norm: 68270.71875
name: model.layers.6.self_attn.k_proj.weight, type: torch.int8, ratio: 0.029383067041635513, diff: 913.0739135742188, norm: 31074.833984375
name: model.layers.6.self_attn.v_proj.weight, type: torch.int8, ratio: 0.019457491114735603, diff: 924.6301879882812, norm: 47520.5234375
name: model.layers.6.self_attn.o_proj.weight, type: torch.int8, ratio: 0.013628070242702961, diff: 2189.231689453125, norm: 160641.359375
name: model.layers.6.mlp.gate_proj.weight, type: torch.int8, ratio: 0.049490898847579956, diff: 3935.803955078125, norm: 79525.8125
name: model.layers.6.mlp.up_proj.weight, type: torch.int8, ratio: 0.01811789907515049, diff: 4398.74072265625, norm: 242784.25
name: model.layers.7.self_attn.q_proj.weight, type: torch.int8, ratio: 0.025134947150945663, diff: 1979.947509765625, norm: 78772.6953125
name: model.layers.7.self_attn.k_proj.weight, type: torch.int8, ratio: 0.02612118422985077, diff: 884.8525390625, norm: 33874.90234375
name: model.layers.7.self_attn.v_proj.weight, type: torch.int8, ratio: 0.01661611534655094, diff: 902.1707153320312, norm: 54294.92578125
name: model.layers.7.self_attn.o_proj.weight, type: torch.int8, ratio: 0.012937701307237148, diff: 2107.434326171875, norm: 162890.9375
name: model.layers.7.mlp.gate_proj.weight, type: torch.int8, ratio: 0.0410023108124733, diff: 4179.1640625, norm: 101925.0859375
name: model.layers.7.mlp.up_proj.weight, type: torch.int8, ratio: 0.013864054344594479, diff: 4436.69091796875, norm: 320013.96875
name: model.layers.8.self_attn.q_proj.weight, type: torch.int8, ratio: 0.030233800411224365, diff: 1937.9573974609375, norm: 64099.03515625
name: model.layers.8.self_attn.k_proj.weight, type: torch.int8, ratio: 0.029931895434856415, diff: 867.2127685546875, norm: 28972.865234375
name: model.layers.8.self_attn.v_proj.weight, type: torch.int8, ratio: 0.019138505682349205, diff: 877.4776611328125, norm: 45848.80859375
name: model.layers.8.self_attn.o_proj.weight, type: torch.int8, ratio: 0.014235821552574635, diff: 2254.1005859375, norm: 158340.046875
name: model.layers.8.mlp.gate_proj.weight, type: torch.int8, ratio: 0.030146241188049316, diff: 4219.08056640625, norm: 139953.78125
name: model.layers.8.mlp.up_proj.weight, type: torch.int8, ratio: 0.012580775655806065, diff: 4491.81103515625, norm: 357037.6875
name: model.layers.9.self_attn.q_proj.weight, type: torch.int8, ratio: 0.024546397849917412, diff: 1901.8375244140625, norm: 77479.2890625
name: model.layers.9.self_attn.k_proj.weight, type: torch.int8, ratio: 0.026142384856939316, diff: 850.0382080078125, norm: 32515.7109375
name: model.layers.9.self_attn.v_proj.weight, type: torch.int8, ratio: 0.01653604954481125, diff: 866.7888793945312, norm: 52418.13671875
name: model.layers.9.self_attn.o_proj.weight, type: torch.int8, ratio: 0.013727910816669464, diff: 2144.469482421875, norm: 156212.375
name: model.layers.9.mlp.gate_proj.weight, type: torch.int8, ratio: 0.015627698972821236, diff: 4358.51904296875, norm: 278897.03125
name: model.layers.9.mlp.up_proj.weight, type: torch.int8, ratio: 0.012260302901268005, diff: 4513.73046875, norm: 368158.15625
name: model.layers.10.self_attn.q_proj.weight, type: torch.int8, ratio: 0.019484924152493477, diff: 1892.687255859375, norm: 97135.984375
name: model.layers.10.self_attn.k_proj.weight, type: torch.int8, ratio: 0.020146753638982773, diff: 846.4537963867188, norm: 42014.40234375
name: model.layers.10.self_attn.v_proj.weight, type: torch.int8, ratio: 0.015298087149858475, diff: 860.6235961914062, norm: 56256.94140625
name: model.layers.10.self_attn.o_proj.weight, type: torch.int8, ratio: 0.013724853284657001, diff: 2174.587890625, norm: 158441.609375
name: model.layers.10.mlp.gate_proj.weight, type: torch.int8, ratio: 0.01642773672938347, diff: 4315.759765625, norm: 262711.78125
name: model.layers.10.mlp.up_proj.weight, type: torch.int8, ratio: 0.012257607653737068, diff: 4485.9423828125, norm: 365972.09375
name: model.layers.11.self_attn.q_proj.weight, type: torch.int8, ratio: 0.025840317830443382, diff: 1876.4403076171875, norm: 72616.765625
name: model.layers.11.self_attn.k_proj.weight, type: torch.int8, ratio: 0.026256168261170387, diff: 839.5451049804688, norm: 31975.15625
name: model.layers.11.self_attn.v_proj.weight, type: torch.int8, ratio: 0.0185511726886034, diff: 851.81689453125, norm: 45917.14453125
name: model.layers.11.self_attn.o_proj.weight, type: torch.int8, ratio: 0.014407520182430744, diff: 2241.04638671875, norm: 155546.984375
name: model.layers.11.mlp.gate_proj.weight, type: torch.int8, ratio: 0.015647761523723602, diff: 4367.98779296875, norm: 279144.5625
name: model.layers.11.mlp.up_proj.weight, type: torch.int8, ratio: 0.012095371261239052, diff: 4506.537109375, norm: 372583.625
name: model.layers.12.self_attn.q_proj.weight, type: torch.int8, ratio: 0.024187447503209114, diff: 1870.173828125, norm: 77320.015625
name: model.layers.12.self_attn.k_proj.weight, type: torch.int8, ratio: 0.024720769375562668, diff: 836.637939453125, norm: 33843.5234375
name: model.layers.12.self_attn.v_proj.weight, type: torch.int8, ratio: 0.015031354501843452, diff: 863.4193725585938, norm: 57441.22265625
name: model.layers.12.self_attn.o_proj.weight, type: torch.int8, ratio: 0.013082439079880714, diff: 2062.27783203125, norm: 157637.109375
name: model.layers.12.mlp.gate_proj.weight, type: torch.int8, ratio: 0.013580228202044964, diff: 4382.01318359375, norm: 322675.96875
name: model.layers.12.mlp.up_proj.weight, type: torch.int8, ratio: 0.011886738240718842, diff: 4470.427734375, norm: 376085.3125
name: model.layers.13.self_attn.q_proj.weight, type: torch.int8, ratio: 0.024340417236089706, diff: 1851.745361328125, norm: 76076.9765625
name: model.layers.13.self_attn.k_proj.weight, type: torch.int8, ratio: 0.02489669993519783, diff: 828.7152709960938, norm: 33286.1484375
name: model.layers.13.self_attn.v_proj.weight, type: torch.int8, ratio: 0.015921635553240776, diff: 845.7872314453125, norm: 53121.87890625
name: model.layers.13.self_attn.o_proj.weight, type: torch.int8, ratio: 0.013658344745635986, diff: 2135.68017578125, norm: 156364.5
name: model.layers.13.mlp.gate_proj.weight, type: torch.int8, ratio: 0.013545147143304348, diff: 4332.33984375, norm: 319844.4375
name: model.layers.13.mlp.up_proj.weight, type: torch.int8, ratio: 0.011848940514028072, diff: 4426.3232421875, norm: 373562.78125
name: model.layers.14.self_attn.q_proj.weight, type: torch.int8, ratio: 0.022531045600771904, diff: 1831.218505859375, norm: 81275.34375
name: model.layers.14.self_attn.k_proj.weight, type: torch.int8, ratio: 0.02354077249765396, diff: 819.1190185546875, norm: 34795.7578125
name: model.layers.14.self_attn.v_proj.weight, type: torch.int8, ratio: 0.014983373694121838, diff: 839.9970092773438, norm: 56061.94140625
name: model.layers.14.self_attn.o_proj.weight, type: torch.int8, ratio: 0.01279615517705679, diff: 2059.6689453125, norm: 160959.984375
name: model.layers.14.mlp.gate_proj.weight, type: torch.int8, ratio: 0.01346433162689209, diff: 4309.7685546875, norm: 320087.8125
name: model.layers.14.mlp.up_proj.weight, type: torch.int8, ratio: 0.01179899089038372, diff: 4401.22802734375, norm: 373017.3125
name: model.layers.15.self_attn.q_proj.weight, type: torch.int8, ratio: 0.021636903285980225, diff: 1816.657958984375, norm: 83961.0859375
name: model.layers.15.self_attn.k_proj.weight, type: torch.int8, ratio: 0.023116128519177437, diff: 809.8870239257812, norm: 35035.58203125
name: model.layers.15.self_attn.v_proj.weight, type: torch.int8, ratio: 0.013227755203843117, diff: 847.7222290039062, norm: 64086.62890625
name: model.layers.15.self_attn.o_proj.weight, type: torch.int8, ratio: 0.012253179214894772, diff: 1981.3104248046875, norm: 161697.65625
name: model.layers.15.mlp.gate_proj.weight, type: torch.int8, ratio: 0.013725778087973595, diff: 4280.82568359375, norm: 311882.1875
name: model.layers.15.mlp.up_proj.weight, type: torch.int8, ratio: 0.011839590966701508, diff: 4381.7177734375, norm: 370090.3125
name: model.layers.16.self_attn.q_proj.weight, type: torch.int8, ratio: 0.025459425523877144, diff: 1805.784912109375, norm: 70927.953125
name: model.layers.16.self_attn.k_proj.weight, type: torch.int8, ratio: 0.02611532062292099, diff: 807.980224609375, norm: 30938.935546875
name: model.layers.16.self_attn.v_proj.weight, type: torch.int8, ratio: 0.014649096876382828, diff: 838.5851440429688, norm: 57244.8359375
name: model.layers.16.self_attn.o_proj.weight, type: torch.int8, ratio: 0.013802246190607548, diff: 2120.752685546875, norm: 153652.71875
name: model.layers.16.mlp.gate_proj.weight, type: torch.int8, ratio: 0.01309935748577118, diff: 4328.24951171875, norm: 330416.9375
name: model.layers.16.mlp.up_proj.weight, type: torch.int8, ratio: 0.01188612636178732, diff: 4385.87841796875, norm: 368991.40625
name: model.layers.17.self_attn.q_proj.weight, type: torch.int8, ratio: 0.02243795245885849, diff: 1810.685546875, norm: 80697.453125
name: model.layers.17.self_attn.k_proj.weight, type: torch.int8, ratio: 0.02326091192662716, diff: 808.8770141601562, norm: 34774.08984375
name: model.layers.17.self_attn.v_proj.weight, type: torch.int8, ratio: 0.015111641958355904, diff: 830.8995361328125, norm: 54984.06640625
name: model.layers.17.self_attn.o_proj.weight, type: torch.int8, ratio: 0.013117754831910133, diff: 2077.200927734375, norm: 158350.34375
name: model.layers.17.mlp.gate_proj.weight, type: torch.int8, ratio: 0.01318085752427578, diff: 4308.95751953125, norm: 326910.25
name: model.layers.17.mlp.up_proj.weight, type: torch.int8, ratio: 0.011896071955561638, diff: 4374.94775390625, norm: 367764.0625
name: model.layers.18.self_attn.q_proj.weight, type: torch.int8, ratio: 0.023850908502936363, diff: 1791.960693359375, norm: 75131.7578125
name: model.layers.18.self_attn.k_proj.weight, type: torch.int8, ratio: 0.023467382416129112, diff: 802.9121704101562, norm: 34213.96484375
name: model.layers.18.self_attn.v_proj.weight, type: torch.int8, ratio: 0.014832942746579647, diff: 823.0911254882812, norm: 55490.75
name: model.layers.18.self_attn.o_proj.weight, type: torch.int8, ratio: 0.013024939224123955, diff: 2027.8189697265625, norm: 155687.40625
name: model.layers.18.mlp.gate_proj.weight, type: torch.int8, ratio: 0.01308796089142561, diff: 4292.61767578125, norm: 327982.15625
name: model.layers.18.mlp.up_proj.weight, type: torch.int8, ratio: 0.01188772451132536, diff: 4351.28955078125, norm: 366032.15625
name: model.layers.19.self_attn.q_proj.weight, type: torch.int8, ratio: 0.023184271529316902, diff: 1779.2572021484375, norm: 76744.1484375
name: model.layers.19.self_attn.k_proj.weight, type: torch.int8, ratio: 0.022172704339027405, diff: 797.4835205078125, norm: 35966.90234375
name: model.layers.19.self_attn.v_proj.weight, type: torch.int8, ratio: 0.014464257284998894, diff: 819.714599609375, norm: 56671.73828125
name: model.layers.19.self_attn.o_proj.weight, type: torch.int8, ratio: 0.013356720097362995, diff: 2060.671875, norm: 154279.78125
name: model.layers.19.mlp.gate_proj.weight, type: torch.int8, ratio: 0.013008984737098217, diff: 4272.69140625, norm: 328441.5625
name: model.layers.19.mlp.up_proj.weight, type: torch.int8, ratio: 0.011799141764640808, diff: 4332.6220703125, norm: 367198.0625
name: model.layers.20.self_attn.q_proj.weight, type: torch.int8, ratio: 0.02508614771068096, diff: 1783.4520263671875, norm: 71093.1015625
name: model.layers.20.self_attn.k_proj.weight, type: torch.int8, ratio: 0.02442539855837822, diff: 799.2627563476562, norm: 32722.607421875
name: model.layers.20.self_attn.v_proj.weight, type: torch.int8, ratio: 0.016267649829387665, diff: 815.7591552734375, norm: 50146.09765625
name: model.layers.20.self_attn.o_proj.weight, type: torch.int8, ratio: 0.01363261230289936, diff: 2169.81103515625, norm: 159163.265625
name: model.layers.20.mlp.gate_proj.weight, type: torch.int8, ratio: 0.013397266156971455, diff: 4258.43603515625, norm: 317858.59375
name: model.layers.20.mlp.up_proj.weight, type: torch.int8, ratio: 0.011944165453314781, diff: 4328.8193359375, norm: 362421.25
name: model.layers.21.self_attn.q_proj.weight, type: torch.int8, ratio: 0.02313275821506977, diff: 1761.9837646484375, norm: 76168.3359375
name: model.layers.21.self_attn.k_proj.weight, type: torch.int8, ratio: 0.023112725466489792, diff: 788.6500854492188, norm: 34121.8984375
name: model.layers.21.self_attn.v_proj.weight, type: torch.int8, ratio: 0.015963668003678322, diff: 805.3732299804688, norm: 50450.38671875
name: model.layers.21.self_attn.o_proj.weight, type: torch.int8, ratio: 0.013142191804945469, diff: 2095.452880859375, norm: 159444.703125
name: model.layers.21.mlp.gate_proj.weight, type: torch.int8, ratio: 0.013567877002060413, diff: 4244.7060546875, norm: 312849.6875
name: model.layers.21.mlp.up_proj.weight, type: torch.int8, ratio: 0.011984509415924549, diff: 4319.07958984375, norm: 360388.53125
name: model.layers.22.self_attn.q_proj.weight, type: torch.int8, ratio: 0.023513492196798325, diff: 1767.867919921875, norm: 75185.2578125
name: model.layers.22.self_attn.k_proj.weight, type: torch.int8, ratio: 0.024674734100699425, diff: 790.04052734375, norm: 32018.19921875
name: model.layers.22.self_attn.v_proj.weight, type: torch.int8, ratio: 0.015351514331996441, diff: 808.8355712890625, norm: 52687.671875
name: model.layers.22.self_attn.o_proj.weight, type: torch.int8, ratio: 0.012819225899875164, diff: 2017.868408203125, norm: 157409.53125
name: model.layers.22.mlp.gate_proj.weight, type: torch.int8, ratio: 0.013890921138226986, diff: 4214.34912109375, norm: 303388.75
name: model.layers.22.mlp.up_proj.weight, type: torch.int8, ratio: 0.011920168995857239, diff: 4312.30126953125, norm: 361765.125
name: model.layers.23.self_attn.q_proj.weight, type: torch.int8, ratio: 0.02233222685754299, diff: 1750.298583984375, norm: 78375.4609375
name: model.layers.23.self_attn.k_proj.weight, type: torch.int8, ratio: 0.023223768919706345, diff: 783.3677368164062, norm: 33731.29296875
name: model.layers.23.self_attn.v_proj.weight, type: torch.int8, ratio: 0.0135699063539505, diff: 810.0283813476562, norm: 59692.99609375
name: model.layers.23.self_attn.o_proj.weight, type: torch.int8, ratio: 0.01376106683164835, diff: 2099.479248046875, norm: 152566.609375
name: model.layers.23.mlp.gate_proj.weight, type: torch.int8, ratio: 0.013973750174045563, diff: 4199.53466796875, norm: 300530.25
name: model.layers.23.mlp.up_proj.weight, type: torch.int8, ratio: 0.011900095269083977, diff: 4306.2314453125, norm: 361865.28125
name: model.layers.24.self_attn.q_proj.weight, type: torch.int8, ratio: 0.023699549958109856, diff: 1762.08935546875, norm: 74351.171875
name: model.layers.24.self_attn.k_proj.weight, type: torch.int8, ratio: 0.02414836175739765, diff: 788.4903564453125, norm: 32651.919921875
name: model.layers.24.self_attn.v_proj.weight, type: torch.int8, ratio: 0.014613095670938492, diff: 811.8552856445312, norm: 55556.6953125
name: model.layers.24.self_attn.o_proj.weight, type: torch.int8, ratio: 0.013050585053861141, diff: 2069.3828125, norm: 158566.28125
name: model.layers.24.mlp.gate_proj.weight, type: torch.int8, ratio: 0.013500576838850975, diff: 4233.7734375, norm: 313599.4375
name: model.layers.24.mlp.up_proj.weight, type: torch.int8, ratio: 0.01186977606266737, diff: 4322.46533203125, norm: 364157.28125
name: model.layers.25.self_attn.q_proj.weight, type: torch.int8, ratio: 0.022657614201307297, diff: 1752.7515869140625, norm: 77358.171875
name: model.layers.25.self_attn.k_proj.weight, type: torch.int8, ratio: 0.02149190381169319, diff: 787.9213256835938, norm: 36661.30859375
name: model.layers.25.self_attn.v_proj.weight, type: torch.int8, ratio: 0.014616836793720722, diff: 804.8037109375, norm: 55060.046875
name: model.layers.25.self_attn.o_proj.weight, type: torch.int8, ratio: 0.013268200680613518, diff: 2083.0283203125, norm: 156994.03125
name: model.layers.25.mlp.gate_proj.weight, type: torch.int8, ratio: 0.012831814587116241, diff: 4252.91162109375, norm: 331434.9375
name: model.layers.25.mlp.up_proj.weight, type: torch.int8, ratio: 0.011866535060107708, diff: 4302.15380859375, norm: 362545.0625
name: model.layers.26.self_attn.q_proj.weight, type: torch.int8, ratio: 0.020480001345276833, diff: 1742.5555419921875, norm: 85085.7109375
name: model.layers.26.self_attn.k_proj.weight, type: torch.int8, ratio: 0.02001464180648327, diff: 780.91162109375, norm: 39017.015625
name: model.layers.26.self_attn.v_proj.weight, type: torch.int8, ratio: 0.014584471471607685, diff: 797.5130004882812, norm: 54682.33984375
name: model.layers.26.self_attn.o_proj.weight, type: torch.int8, ratio: 0.012773244641721249, diff: 1999.5804443359375, norm: 156544.4375
name: model.layers.26.mlp.gate_proj.weight, type: torch.int8, ratio: 0.012762420810759068, diff: 4230.75, norm: 331500.59375
name: model.layers.26.mlp.up_proj.weight, type: torch.int8, ratio: 0.01197065133601427, diff: 4266.78515625, norm: 356437.1875
name: model.layers.27.self_attn.q_proj.weight, type: torch.int8, ratio: 0.021692141890525818, diff: 1724.8121337890625, norm: 79513.2265625
name: model.layers.27.self_attn.k_proj.weight, type: torch.int8, ratio: 0.022214295342564583, diff: 771.5782470703125, norm: 34733.41015625
name: model.layers.27.self_attn.v_proj.weight, type: torch.int8, ratio: 0.01512036845088005, diff: 789.0164794921875, norm: 52182.359375
name: model.layers.27.self_attn.o_proj.weight, type: torch.int8, ratio: 0.012706267647445202, diff: 2044.836181640625, norm: 160931.296875
name: model.layers.27.mlp.gate_proj.weight, type: torch.int8, ratio: 0.013056527823209763, diff: 4202.30224609375, norm: 321854.5
name: model.layers.27.mlp.up_proj.weight, type: torch.int8, ratio: 0.012092426419258118, diff: 4251.19189453125, norm: 351558.21875
name: model.layers.28.self_attn.q_proj.weight, type: torch.int8, ratio: 0.022580983117222786, diff: 1717.9921875, norm: 76081.375
name: model.layers.28.self_attn.k_proj.weight, type: torch.int8, ratio: 0.023069234564900398, diff: 767.667236328125, norm: 33276.66796875
name: model.layers.28.self_attn.v_proj.weight, type: torch.int8, ratio: 0.014680596999824047, diff: 791.80615234375, norm: 53935.5546875
name: model.layers.28.self_attn.o_proj.weight, type: torch.int8, ratio: 0.013715998269617558, diff: 2082.7041015625, norm: 151844.875
name: model.layers.28.mlp.gate_proj.weight, type: torch.int8, ratio: 0.013920946978032589, diff: 4141.017578125, norm: 297466.65625
name: model.layers.28.mlp.up_proj.weight, type: torch.int8, ratio: 0.012165030464529991, diff: 4232.75048828125, norm: 347944.09375
name: model.layers.29.self_attn.q_proj.weight, type: torch.int8, ratio: 0.021882595494389534, diff: 1722.4056396484375, norm: 78711.2109375
name: model.layers.29.self_attn.k_proj.weight, type: torch.int8, ratio: 0.022888485342264175, diff: 769.3419189453125, norm: 33612.6171875
name: model.layers.29.self_attn.v_proj.weight, type: torch.int8, ratio: 0.014092504046857357, diff: 795.9328002929688, norm: 56479.16015625
name: model.layers.29.self_attn.o_proj.weight, type: torch.int8, ratio: 0.013071480207145214, diff: 1989.1568603515625, norm: 152175.328125
name: model.layers.29.mlp.gate_proj.weight, type: torch.int8, ratio: 0.013811975717544556, diff: 4142.4912109375, norm: 299920.25
name: model.layers.29.mlp.up_proj.weight, type: torch.int8, ratio: 0.011941208504140377, diff: 4246.794921875, norm: 355641.96875
name: model.layers.30.self_attn.q_proj.weight, type: torch.int8, ratio: 0.020492801442742348, diff: 1717.1334228515625, norm: 83792.03125
name: model.layers.30.self_attn.k_proj.weight, type: torch.int8, ratio: 0.022542599588632584, diff: 764.557373046875, norm: 33916.11328125
name: model.layers.30.self_attn.v_proj.weight, type: torch.int8, ratio: 0.012848728336393833, diff: 797.8088989257812, norm: 62092.44140625
name: model.layers.30.self_attn.o_proj.weight, type: torch.int8, ratio: 0.01314936950802803, diff: 2001.331787109375, norm: 152199.828125
name: model.layers.30.mlp.gate_proj.weight, type: torch.int8, ratio: 0.013595687225461006, diff: 4146.1982421875, norm: 304964.21875
name: model.layers.30.mlp.up_proj.weight, type: torch.int8, ratio: 0.011692766100168228, diff: 4257.94140625, norm: 364151.75
name: model.layers.31.self_attn.q_proj.weight, type: torch.int8, ratio: 0.019220631569623947, diff: 1712.346923828125, norm: 89089.0
name: model.layers.31.self_attn.k_proj.weight, type: torch.int8, ratio: 0.022073620930314064, diff: 759.9249877929688, norm: 34426.83984375
name: model.layers.31.self_attn.v_proj.weight, type: torch.int8, ratio: 0.011849673464894295, diff: 801.4649047851562, norm: 67636.03125
name: model.layers.31.self_attn.o_proj.weight, type: torch.int8, ratio: 0.0122581347823143, diff: 1939.3109130859375, norm: 158206.03125
name: model.layers.31.mlp.gate_proj.weight, type: torch.int8, ratio: 0.013689541257917881, diff: 4107.5439453125, norm: 300049.78125
name: model.layers.31.mlp.up_proj.weight, type: torch.int8, ratio: 0.011586875654757023, diff: 4233.3701171875, norm: 365359.0625
name: model.layers.32.self_attn.q_proj.weight, type: torch.int8, ratio: 0.022583339363336563, diff: 1702.3856201171875, norm: 75382.3671875
name: model.layers.32.self_attn.k_proj.weight, type: torch.int8, ratio: 0.026073481887578964, diff: 757.2337646484375, norm: 29042.294921875
name: model.layers.32.self_attn.v_proj.weight, type: torch.int8, ratio: 0.01420018170028925, diff: 785.9364013671875, norm: 55346.92578125
name: model.layers.32.self_attn.o_proj.weight, type: torch.int8, ratio: 0.013454499654471874, diff: 2049.998046875, norm: 152365.234375
name: model.layers.32.mlp.gate_proj.weight, type: torch.int8, ratio: 0.015363598242402077, diff: 4019.014892578125, norm: 261593.328125
name: model.layers.32.mlp.up_proj.weight, type: torch.int8, ratio: 0.011470956727862358, diff: 4217.24853515625, norm: 367645.75
name: model.layers.33.self_attn.q_proj.weight, type: torch.int8, ratio: 0.020645514130592346, diff: 1730.9915771484375, norm: 83843.46875
name: model.layers.33.self_attn.k_proj.weight, type: torch.int8, ratio: 0.023031050339341164, diff: 770.4881591796875, norm: 33454.3203125
name: model.layers.33.self_attn.v_proj.weight, type: torch.int8, ratio: 0.014749659225344658, diff: 789.5935668945312, norm: 53533.00390625
name: model.layers.33.self_attn.o_proj.weight, type: torch.int8, ratio: 0.013191408477723598, diff: 2016.724609375, norm: 152881.671875
name: model.layers.33.mlp.gate_proj.weight, type: torch.int8, ratio: 0.01485949195921421, diff: 4069.923828125, norm: 273893.875
name: model.layers.33.mlp.up_proj.weight, type: torch.int8, ratio: 0.011602076701819897, diff: 4246.68505859375, norm: 366028.0
name: model.layers.34.self_attn.q_proj.weight, type: torch.int8, ratio: 0.020842932164669037, diff: 1729.599609375, norm: 82982.546875
name: model.layers.34.self_attn.k_proj.weight, type: torch.int8, ratio: 0.022205406799912453, diff: 770.2006225585938, norm: 34685.2734375
name: model.layers.34.self_attn.v_proj.weight, type: torch.int8, ratio: 0.014410709962248802, diff: 792.9445190429688, norm: 55024.66796875
name: model.layers.34.self_attn.o_proj.weight, type: torch.int8, ratio: 0.01370988879352808, diff: 2060.526611328125, norm: 150294.921875
name: model.layers.34.mlp.gate_proj.weight, type: torch.int8, ratio: 0.014424367807805538, diff: 4088.961669921875, norm: 283475.96875
name: model.layers.34.mlp.up_proj.weight, type: torch.int8, ratio: 0.011771363206207752, diff: 4235.716796875, norm: 359832.3125
name: model.layers.35.self_attn.q_proj.weight, type: torch.int8, ratio: 0.02132449485361576, diff: 1737.574462890625, norm: 81482.5625
name: model.layers.35.self_attn.k_proj.weight, type: torch.int8, ratio: 0.02244487963616848, diff: 775.7164306640625, norm: 34560.953125
name: model.layers.35.self_attn.v_proj.weight, type: torch.int8, ratio: 0.014043443836271763, diff: 799.3121948242188, norm: 56917.10546875
name: model.layers.35.self_attn.o_proj.weight, type: torch.int8, ratio: 0.013356344774365425, diff: 2017.47314453125, norm: 151049.796875
name: model.layers.35.mlp.gate_proj.weight, type: torch.int8, ratio: 0.015199563466012478, diff: 4066.323974609375, norm: 267529.0
name: model.layers.35.mlp.up_proj.weight, type: torch.int8, ratio: 0.011877747252583504, diff: 4236.28515625, norm: 356657.28125
name: model.layers.36.self_attn.q_proj.weight, type: torch.int8, ratio: 0.021406253799796104, diff: 1748.100341796875, norm: 81663.0703125
name: model.layers.36.self_attn.k_proj.weight, type: torch.int8, ratio: 0.02322240173816681, diff: 778.6680908203125, norm: 33530.90234375
name: model.layers.36.self_attn.v_proj.weight, type: torch.int8, ratio: 0.015270636416971684, diff: 797.6703491210938, norm: 52235.56640625
name: model.layers.36.self_attn.o_proj.weight, type: torch.int8, ratio: 0.013358944095671177, diff: 2051.169189453125, norm: 153542.765625
name: model.layers.36.mlp.gate_proj.weight, type: torch.int8, ratio: 0.014708703383803368, diff: 4105.25244140625, norm: 279103.625
name: model.layers.36.mlp.up_proj.weight, type: torch.int8, ratio: 0.011979526840150356, diff: 4240.24658203125, norm: 353957.78125
name: model.layers.37.self_attn.q_proj.weight, type: torch.int8, ratio: 0.020302066579461098, diff: 1729.23193359375, norm: 85175.171875
name: model.layers.37.self_attn.k_proj.weight, type: torch.int8, ratio: 0.022020161151885986, diff: 770.5219116210938, norm: 34991.65625
name: model.layers.37.self_attn.v_proj.weight, type: torch.int8, ratio: 0.014986855909228325, diff: 788.4757690429688, norm: 52611.15234375
name: model.layers.37.self_attn.o_proj.weight, type: torch.int8, ratio: 0.012784380465745926, diff: 2027.0848388671875, norm: 158559.484375
name: model.layers.37.mlp.gate_proj.weight, type: torch.int8, ratio: 0.015638155862689018, diff: 4045.338623046875, norm: 258683.875
name: model.layers.37.mlp.up_proj.weight, type: torch.int8, ratio: 0.012085824273526669, diff: 4213.63818359375, norm: 348643.0
name: model.layers.38.self_attn.q_proj.weight, type: torch.int8, ratio: 0.019607307389378548, diff: 1734.5635986328125, norm: 88465.1640625
name: model.layers.38.self_attn.k_proj.weight, type: torch.int8, ratio: 0.02405434288084507, diff: 768.779541015625, norm: 31960.115234375
name: model.layers.38.self_attn.v_proj.weight, type: torch.int8, ratio: 0.014502913691103458, diff: 794.5967407226562, norm: 54788.765625
name: model.layers.38.self_attn.o_proj.weight, type: torch.int8, ratio: 0.013130084611475468, diff: 1982.0482177734375, norm: 150954.71875
name: model.layers.38.mlp.gate_proj.weight, type: torch.int8, ratio: 0.01524941623210907, diff: 4045.18017578125, norm: 265267.875
name: model.layers.38.mlp.up_proj.weight, type: torch.int8, ratio: 0.011971605010330677, diff: 4202.60400390625, norm: 351047.65625
name: model.layers.39.self_attn.q_proj.weight, type: torch.int8, ratio: 0.019087499007582664, diff: 1722.9652099609375, norm: 90266.6796875
name: model.layers.39.self_attn.k_proj.weight, type: torch.int8, ratio: 0.022666845470666885, diff: 763.983642578125, norm: 33704.89453125
name: model.layers.39.self_attn.v_proj.weight, type: torch.int8, ratio: 0.013416503556072712, diff: 796.5199584960938, norm: 59368.66796875
name: model.layers.39.self_attn.o_proj.weight, type: torch.int8, ratio: 0.014214416965842247, diff: 2110.2470703125, norm: 148458.21875
name: model.layers.39.mlp.gate_proj.weight, type: torch.int8, ratio: 0.015760960057377815, diff: 4018.220458984375, norm: 254947.703125
name: model.layers.39.mlp.up_proj.weight, type: torch.int8, ratio: 0.012070024386048317, diff: 4188.3603515625, norm: 347005.125
name: model.layers.40.self_attn.q_proj.weight, type: torch.int8, ratio: 0.019092988222837448, diff: 1737.375, norm: 90995.4453125
name: model.layers.40.self_attn.k_proj.weight, type: torch.int8, ratio: 0.023228492587804794, diff: 769.843505859375, norm: 33142.20703125
name: model.layers.40.self_attn.v_proj.weight, type: torch.int8, ratio: 0.014032633975148201, diff: 795.6776733398438, norm: 56701.94921875
name: model.layers.40.self_attn.o_proj.weight, type: torch.int8, ratio: 0.013450484722852707, diff: 2074.438232421875, norm: 154227.765625
name: model.layers.40.mlp.gate_proj.weight, type: torch.int8, ratio: 0.017045529559254646, diff: 4038.65625, norm: 236933.453125
name: model.layers.40.mlp.up_proj.weight, type: torch.int8, ratio: 0.01234046183526516, diff: 4225.697265625, norm: 342426.1875
name: model.layers.41.self_attn.q_proj.weight, type: torch.int8, ratio: 0.019236726686358452, diff: 1739.5728759765625, norm: 90429.7734375
name: model.layers.41.self_attn.k_proj.weight, type: torch.int8, ratio: 0.02273799106478691, diff: 772.5891723632812, norm: 33977.8984375
name: model.layers.41.self_attn.v_proj.weight, type: torch.int8, ratio: 0.014258750714361668, diff: 796.3291015625, norm: 55848.44921875
name: model.layers.41.self_attn.o_proj.weight, type: torch.int8, ratio: 0.013684375211596489, diff: 2069.3076171875, norm: 151216.8125
name: model.layers.41.mlp.gate_proj.weight, type: torch.int8, ratio: 0.013906201347708702, diff: 4089.6943359375, norm: 294091.40625
name: model.layers.41.mlp.up_proj.weight, type: torch.int8, ratio: 0.011941296048462391, diff: 4210.5, norm: 352599.90625
name: model.layers.42.self_attn.q_proj.weight, type: torch.int8, ratio: 0.018090279772877693, diff: 1725.9234619140625, norm: 95406.125
name: model.layers.42.self_attn.k_proj.weight, type: torch.int8, ratio: 0.019797731190919876, diff: 768.6690063476562, norm: 38826.1171875
name: model.layers.42.self_attn.v_proj.weight, type: torch.int8, ratio: 0.013948658481240273, diff: 787.2045288085938, norm: 56435.859375
name: model.layers.42.self_attn.o_proj.weight, type: torch.int8, ratio: 0.01315680705010891, diff: 2006.70849609375, norm: 152522.453125
name: model.layers.42.mlp.gate_proj.weight, type: torch.int8, ratio: 0.013515227474272251, diff: 4068.570068359375, norm: 301036.0
name: model.layers.42.mlp.up_proj.weight, type: torch.int8, ratio: 0.0120273781940341, diff: 4175.08544921875, norm: 347131.8125
name: model.layers.43.self_attn.q_proj.weight, type: torch.int8, ratio: 0.01775883510708809, diff: 1713.9049072265625, norm: 96509.984375
name: model.layers.43.self_attn.k_proj.weight, type: torch.int8, ratio: 0.019920647144317627, diff: 761.1787109375, norm: 38210.54296875
name: model.layers.43.self_attn.v_proj.weight, type: torch.int8, ratio: 0.014665360562503338, diff: 779.4959716796875, norm: 53152.1875
name: model.layers.43.self_attn.o_proj.weight, type: torch.int8, ratio: 0.013052803464233875, diff: 2048.03564453125, norm: 156903.890625
name: model.layers.43.mlp.gate_proj.weight, type: torch.int8, ratio: 0.013461356982588768, diff: 4055.18359375, norm: 301246.28125
name: model.layers.43.mlp.up_proj.weight, type: torch.int8, ratio: 0.01210116408765316, diff: 4153.5205078125, norm: 343233.125
name: model.layers.44.self_attn.q_proj.weight, type: torch.int8, ratio: 0.01911585032939911, diff: 1711.1993408203125, norm: 89517.3046875
name: model.layers.44.self_attn.k_proj.weight, type: torch.int8, ratio: 0.022228950634598732, diff: 758.079833984375, norm: 34103.265625
name: model.layers.44.self_attn.v_proj.weight, type: torch.int8, ratio: 0.01366726215928793, diff: 791.0410766601562, norm: 57878.53125
name: model.layers.44.self_attn.o_proj.weight, type: torch.int8, ratio: 0.014476556330919266, diff: 2131.94140625, norm: 147268.546875
name: model.layers.44.mlp.gate_proj.weight, type: torch.int8, ratio: 0.015371951274573803, diff: 4059.5712890625, norm: 264089.53125
name: model.layers.44.mlp.up_proj.weight, type: torch.int8, ratio: 0.01277746818959713, diff: 4180.767578125, norm: 327198.4375
name: model.layers.45.self_attn.q_proj.weight, type: torch.int8, ratio: 0.018427517265081406, diff: 1737.294677734375, norm: 94277.1953125
name: model.layers.45.self_attn.k_proj.weight, type: torch.int8, ratio: 0.022585412487387657, diff: 769.64794921875, norm: 34077.21484375
name: model.layers.45.self_attn.v_proj.weight, type: torch.int8, ratio: 0.013698507100343704, diff: 796.1237182617188, norm: 58117.5546875
name: model.layers.45.self_attn.o_proj.weight, type: torch.int8, ratio: 0.01390118058770895, diff: 2088.639404296875, norm: 150249.0625
name: model.layers.45.mlp.gate_proj.weight, type: torch.int8, ratio: 0.015594512224197388, diff: 4050.30126953125, norm: 259726.0625
name: model.layers.45.mlp.up_proj.weight, type: torch.int8, ratio: 0.012562613002955914, diff: 4188.9833984375, norm: 333448.40625
name: model.layers.46.self_attn.q_proj.weight, type: torch.int8, ratio: 0.017594939097762108, diff: 1736.213134765625, norm: 98676.8515625
name: model.layers.46.self_attn.k_proj.weight, type: torch.int8, ratio: 0.022033045068383217, diff: 768.2630004882812, norm: 34868.671875
name: model.layers.46.self_attn.v_proj.weight, type: torch.int8, ratio: 0.013047002255916595, diff: 799.1339111328125, norm: 61250.3828125
name: model.layers.46.self_attn.o_proj.weight, type: torch.int8, ratio: 0.013456032611429691, diff: 2043.9534912109375, norm: 151898.671875
name: model.layers.46.mlp.gate_proj.weight, type: torch.int8, ratio: 0.015656346455216408, diff: 4057.634033203125, norm: 259168.65625
name: model.layers.46.mlp.up_proj.weight, type: torch.int8, ratio: 0.012347019277513027, diff: 4207.783203125, norm: 340793.4375
name: model.layers.47.self_attn.q_proj.weight, type: torch.int8, ratio: 0.016477201133966446, diff: 1735.7572021484375, norm: 105342.96875
name: model.layers.47.self_attn.k_proj.weight, type: torch.int8, ratio: 0.022353170439600945, diff: 763.1087646484375, norm: 34138.7265625
name: model.layers.47.self_attn.v_proj.weight, type: torch.int8, ratio: 0.012492627836763859, diff: 804.258056640625, norm: 64378.61328125
name: model.layers.47.self_attn.o_proj.weight, type: torch.int8, ratio: 0.012523791752755642, diff: 2011.080322265625, norm: 160580.78125
name: model.layers.47.mlp.gate_proj.weight, type: torch.int8, ratio: 0.016152210533618927, diff: 4031.783935546875, norm: 249611.90625
name: model.layers.47.mlp.up_proj.weight, type: torch.int8, ratio: 0.012255478650331497, diff: 4195.82666015625, norm: 342363.34375
name: model.layers.48.self_attn.q_proj.weight, type: torch.int8, ratio: 0.017240164801478386, diff: 1738.2088623046875, norm: 100823.2109375
name: model.layers.48.self_attn.k_proj.weight, type: torch.int8, ratio: 0.022906117141246796, diff: 765.3404541015625, norm: 33412.0546875
name: model.layers.48.self_attn.v_proj.weight, type: torch.int8, ratio: 0.015528210438787937, diff: 782.7394409179688, norm: 50407.57421875
name: model.layers.48.self_attn.o_proj.weight, type: torch.int8, ratio: 0.012494735419750214, diff: 1999.54248046875, norm: 160030.796875
name: model.layers.48.mlp.gate_proj.weight, type: torch.int8, ratio: 0.015514381229877472, diff: 4050.15380859375, norm: 261058.03125
name: model.layers.48.mlp.up_proj.weight, type: torch.int8, ratio: 0.012075714766979218, diff: 4209.673828125, norm: 348606.59375
name: model.layers.49.self_attn.q_proj.weight, type: torch.int8, ratio: 0.016813158988952637, diff: 1728.0126953125, norm: 102777.3984375
name: model.layers.49.self_attn.k_proj.weight, type: torch.int8, ratio: 0.022727519273757935, diff: 759.7486572265625, norm: 33428.578125
name: model.layers.49.self_attn.v_proj.weight, type: torch.int8, ratio: 0.013392179273068905, diff: 793.1412353515625, norm: 59224.2109375
name: model.layers.49.self_attn.o_proj.weight, type: torch.int8, ratio: 0.012697591446340084, diff: 2028.299560546875, norm: 159738.921875
name: model.layers.49.mlp.gate_proj.weight, type: torch.int8, ratio: 0.016491159796714783, diff: 4034.544921875, norm: 244648.9375
name: model.layers.49.mlp.up_proj.weight, type: torch.int8, ratio: 0.012238438241183758, diff: 4198.20068359375, norm: 343034.03125
name: model.layers.50.self_attn.q_proj.weight, type: torch.int8, ratio: 0.0175637099891901, diff: 1736.47802734375, norm: 98867.3828125
name: model.layers.50.self_attn.k_proj.weight, type: torch.int8, ratio: 0.02503000944852829, diff: 762.1981201171875, norm: 30451.37109375
name: model.layers.50.self_attn.v_proj.weight, type: torch.int8, ratio: 0.015632590278983116, diff: 782.4110107421875, norm: 50049.9921875
name: model.layers.50.self_attn.o_proj.weight, type: torch.int8, ratio: 0.012488377280533314, diff: 2021.148681640625, norm: 161842.375
name: model.layers.50.mlp.gate_proj.weight, type: torch.int8, ratio: 0.017747046425938606, diff: 4031.796630859375, norm: 227181.265625
name: model.layers.50.mlp.up_proj.weight, type: torch.int8, ratio: 0.01226524356752634, diff: 4220.8623046875, norm: 344131.96875
name: model.layers.51.self_attn.q_proj.weight, type: torch.int8, ratio: 0.018343083560466766, diff: 1739.33349609375, norm: 94822.3046875
name: model.layers.51.self_attn.k_proj.weight, type: torch.int8, ratio: 0.021980466321110725, diff: 770.1194458007812, norm: 35036.5390625
name: model.layers.51.self_attn.v_proj.weight, type: torch.int8, ratio: 0.01658787950873375, diff: 783.751220703125, norm: 47248.4296875
name: model.layers.51.self_attn.o_proj.weight, type: torch.int8, ratio: 0.013107627630233765, diff: 2094.72705078125, norm: 159809.78125
name: model.layers.51.mlp.gate_proj.weight, type: torch.int8, ratio: 0.017697803676128387, diff: 4036.483154296875, norm: 228078.203125
name: model.layers.51.mlp.up_proj.weight, type: torch.int8, ratio: 0.012232719920575619, diff: 4225.947265625, norm: 345462.59375
name: model.layers.52.self_attn.q_proj.weight, type: torch.int8, ratio: 0.018681688234210014, diff: 1737.0477294921875, norm: 92981.3046875
name: model.layers.52.self_attn.k_proj.weight, type: torch.int8, ratio: 0.024922750890254974, diff: 765.849853515625, norm: 30728.9453125
name: model.layers.52.self_attn.v_proj.weight, type: torch.int8, ratio: 0.01598985120654106, diff: 785.46484375, norm: 49122.7109375
name: model.layers.52.self_attn.o_proj.weight, type: torch.int8, ratio: 0.013281453400850296, diff: 2090.891357421875, norm: 157429.40625
name: model.layers.52.mlp.gate_proj.weight, type: torch.int8, ratio: 0.01768462359905243, diff: 4051.459716796875, norm: 229095.046875
name: model.layers.52.mlp.up_proj.weight, type: torch.int8, ratio: 0.01232538465410471, diff: 4240.041015625, norm: 344008.8125
name: model.layers.53.self_attn.q_proj.weight, type: torch.int8, ratio: 0.018897123634815216, diff: 1739.970703125, norm: 92075.953125
name: model.layers.53.self_attn.k_proj.weight, type: torch.int8, ratio: 0.024918226525187492, diff: 767.4301147460938, norm: 30797.943359375
name: model.layers.53.self_attn.v_proj.weight, type: torch.int8, ratio: 0.01876850053668022, diff: 779.2688598632812, norm: 41520.0390625
name: model.layers.53.self_attn.o_proj.weight, type: torch.int8, ratio: 0.01239106897264719, diff: 2019.979248046875, norm: 163018.96875
name: model.layers.53.mlp.gate_proj.weight, type: torch.int8, ratio: 0.017434777691960335, diff: 4054.630615234375, norm: 232559.921875
name: model.layers.53.mlp.up_proj.weight, type: torch.int8, ratio: 0.012211750261485577, diff: 4250.83447265625, norm: 348093.78125
name: model.layers.54.self_attn.q_proj.weight, type: torch.int8, ratio: 0.017542697489261627, diff: 1745.8419189453125, norm: 99519.5859375
name: model.layers.54.self_attn.k_proj.weight, type: torch.int8, ratio: 0.024254653602838516, diff: 766.456787109375, norm: 31600.400390625
name: model.layers.54.self_attn.v_proj.weight, type: torch.int8, ratio: 0.017820389941334724, diff: 778.0655517578125, norm: 43661.53125
name: model.layers.54.self_attn.o_proj.weight, type: torch.int8, ratio: 0.011995440348982811, diff: 1973.8837890625, norm: 164552.84375
name: model.layers.54.mlp.gate_proj.weight, type: torch.int8, ratio: 0.017534609884023666, diff: 4051.512451171875, norm: 231058.03125
name: model.layers.54.mlp.up_proj.weight, type: torch.int8, ratio: 0.01213393546640873, diff: 4250.71142578125, norm: 350315.96875
name: model.layers.55.self_attn.q_proj.weight, type: torch.int8, ratio: 0.01800950989127159, diff: 1737.23974609375, norm: 96462.3515625
name: model.layers.55.self_attn.k_proj.weight, type: torch.int8, ratio: 0.022805336862802505, diff: 765.9791259765625, norm: 33587.71484375
name: model.layers.55.self_attn.v_proj.weight, type: torch.int8, ratio: 0.015079797245562077, diff: 789.2249145507812, norm: 52336.57421875
name: model.layers.55.self_attn.o_proj.weight, type: torch.int8, ratio: 0.012403453700244427, diff: 2013.82666015625, norm: 162360.15625
name: model.layers.55.mlp.gate_proj.weight, type: torch.int8, ratio: 0.017169656231999397, diff: 4040.156982421875, norm: 235307.984375
name: model.layers.55.mlp.up_proj.weight, type: torch.int8, ratio: 0.01207149401307106, diff: 4248.38818359375, norm: 351935.5625
name: model.layers.56.self_attn.q_proj.weight, type: torch.int8, ratio: 0.019578415900468826, diff: 1730.701904296875, norm: 88398.46875
name: model.layers.56.self_attn.k_proj.weight, type: torch.int8, ratio: 0.02575901336967945, diff: 764.25390625, norm: 29669.37890625
name: model.layers.56.self_attn.v_proj.weight, type: torch.int8, ratio: 0.017637526616454124, diff: 778.6212158203125, norm: 44145.71484375
name: model.layers.56.self_attn.o_proj.weight, type: torch.int8, ratio: 0.012649822048842907, diff: 2085.87744140625, norm: 164893.8125
name: model.layers.56.mlp.gate_proj.weight, type: torch.int8, ratio: 0.01703125424683094, diff: 4024.784912109375, norm: 236317.59375
name: model.layers.56.mlp.up_proj.weight, type: torch.int8, ratio: 0.012000638991594315, diff: 4239.28662109375, norm: 353255.0625
name: model.layers.57.self_attn.q_proj.weight, type: torch.int8, ratio: 0.017192872241139412, diff: 1734.1583251953125, norm: 100864.953125
name: model.layers.57.self_attn.k_proj.weight, type: torch.int8, ratio: 0.02201063185930252, diff: 762.5693359375, norm: 34645.5
name: model.layers.57.self_attn.v_proj.weight, type: torch.int8, ratio: 0.01892978698015213, diff: 770.4485473632812, norm: 40700.328125
name: model.layers.57.self_attn.o_proj.weight, type: torch.int8, ratio: 0.012458142824470997, diff: 2043.078125, norm: 163995.40625
name: model.layers.57.mlp.gate_proj.weight, type: torch.int8, ratio: 0.01604362390935421, diff: 4027.49560546875, norm: 251034.046875
name: model.layers.57.mlp.up_proj.weight, type: torch.int8, ratio: 0.01190460380166769, diff: 4234.01708984375, norm: 355662.15625
name: model.layers.58.self_attn.q_proj.weight, type: torch.int8, ratio: 0.018669186159968376, diff: 1723.4486083984375, norm: 92315.1484375
name: model.layers.58.self_attn.k_proj.weight, type: torch.int8, ratio: 0.02680506743490696, diff: 759.4478149414062, norm: 28332.248046875
name: model.layers.58.self_attn.v_proj.weight, type: torch.int8, ratio: 0.027558928355574608, diff: 755.890869140625, norm: 27428.166015625
name: model.layers.58.self_attn.o_proj.weight, type: torch.int8, ratio: 0.013240570202469826, diff: 2168.214599609375, norm: 163755.375
name: model.layers.58.mlp.gate_proj.weight, type: torch.int8, ratio: 0.015428791753947735, diff: 4025.185791015625, norm: 260887.953125
name: model.layers.58.mlp.up_proj.weight, type: torch.int8, ratio: 0.011848957277834415, diff: 4224.81640625, norm: 356555.96875
name: model.layers.59.self_attn.q_proj.weight, type: torch.int8, ratio: 0.020431047305464745, diff: 1707.2076416015625, norm: 83559.4765625
name: model.layers.59.self_attn.k_proj.weight, type: torch.int8, ratio: 0.023601099848747253, diff: 758.2037963867188, norm: 32125.78125
name: model.layers.59.self_attn.v_proj.weight, type: torch.int8, ratio: 0.017083056271076202, diff: 770.1071166992188, norm: 45080.171875
name: model.layers.59.self_attn.o_proj.weight, type: torch.int8, ratio: 0.012277414090931416, diff: 1999.76904296875, norm: 162881.9375
name: model.layers.59.mlp.gate_proj.weight, type: torch.int8, ratio: 0.015637733042240143, diff: 4017.66015625, norm: 256920.875
name: model.layers.59.mlp.up_proj.weight, type: torch.int8, ratio: 0.01213326957076788, diff: 4191.80615234375, norm: 345480.34375
name: model.layers.60.self_attn.q_proj.weight, type: torch.int8, ratio: 0.020669221878051758, diff: 1713.0174560546875, norm: 82877.6953125
name: model.layers.60.self_attn.k_proj.weight, type: torch.int8, ratio: 0.026558706536889076, diff: 757.7354125976562, norm: 28530.583984375
name: model.layers.60.self_attn.v_proj.weight, type: torch.int8, ratio: 0.016292855143547058, diff: 774.7399291992188, norm: 47550.8984375
name: model.layers.60.self_attn.o_proj.weight, type: torch.int8, ratio: 0.01320838462561369, diff: 2093.0205078125, norm: 158461.5
name: model.layers.60.mlp.gate_proj.weight, type: torch.int8, ratio: 0.017379742115736008, diff: 3980.89599609375, norm: 229053.8125
name: model.layers.60.mlp.up_proj.weight, type: torch.int8, ratio: 0.012452584691345692, diff: 4166.44189453125, norm: 334584.5
name: model.layers.61.self_attn.q_proj.weight, type: torch.int8, ratio: 0.02026064693927765, diff: 1720.8280029296875, norm: 84934.5078125
name: model.layers.61.self_attn.k_proj.weight, type: torch.int8, ratio: 0.026176350191235542, diff: 761.5293579101562, norm: 29092.265625
name: model.layers.61.self_attn.v_proj.weight, type: torch.int8, ratio: 0.017138002440333366, diff: 775.4005126953125, norm: 45244.51171875
name: model.layers.61.self_attn.o_proj.weight, type: torch.int8, ratio: 0.013444592244923115, diff: 2124.69091796875, norm: 158033.125
name: model.layers.61.mlp.gate_proj.weight, type: torch.int8, ratio: 0.018211208283901215, diff: 3958.754638671875, norm: 217380.109375
name: model.layers.61.mlp.up_proj.weight, type: torch.int8, ratio: 0.013146874494850636, diff: 4118.49951171875, norm: 313268.34375
name: model.layers.62.self_attn.q_proj.weight, type: torch.int8, ratio: 0.021962372586131096, diff: 1723.437255859375, norm: 78472.2734375
name: model.layers.62.self_attn.k_proj.weight, type: torch.int8, ratio: 0.023071974515914917, diff: 769.7129516601562, norm: 33361.3828125
name: model.layers.62.self_attn.v_proj.weight, type: torch.int8, ratio: 0.019625317305326462, diff: 774.91162109375, norm: 39485.3046875
name: model.layers.62.self_attn.o_proj.weight, type: torch.int8, ratio: 0.01321905292570591, diff: 2060.828857421875, norm: 155898.375
name: model.layers.62.mlp.gate_proj.weight, type: torch.int8, ratio: 0.02005048096179962, diff: 3934.2412109375, norm: 196216.796875
name: model.layers.62.mlp.up_proj.weight, type: torch.int8, ratio: 0.01470966637134552, diff: 4039.1796875, norm: 274593.5625
name: model.layers.63.self_attn.q_proj.weight, type: torch.int8, ratio: 0.021913331001996994, diff: 1704.1026611328125, norm: 77765.5703125
name: model.layers.63.self_attn.k_proj.weight, type: torch.int8, ratio: 0.026006709784269333, diff: 757.2667846679688, norm: 29118.130859375
name: model.layers.63.self_attn.v_proj.weight, type: torch.int8, ratio: 0.034226518124341965, diff: 751.3933715820312, norm: 21953.544921875
name: model.layers.63.self_attn.o_proj.weight, type: torch.int8, ratio: 0.01354179810732603, diff: 2070.8671875, norm: 152924.09375
name: model.layers.63.mlp.gate_proj.weight, type: torch.int8, ratio: 0.019066687673330307, diff: 3935.7255859375, norm: 206418.9375
name: model.layers.63.mlp.up_proj.weight, type: torch.int8, ratio: 0.01500095333904028, diff: 4028.42919921875, norm: 268544.875
name: model.layers.0.mlp.down_proj.weight, type: torch.int8, ratio: 0.018058929592370987, diff: 4102.99365234375, norm: 227200.265625
name: model.layers.1.mlp.down_proj.weight, type: torch.int8, ratio: 0.01028557401150465, diff: 752.33837890625, norm: 73145.0078125
name: model.layers.2.mlp.down_proj.weight, type: torch.int8, ratio: 0.008663145825266838, diff: 1135.583984375, norm: 131082.171875
name: model.layers.3.mlp.down_proj.weight, type: torch.int8, ratio: 0.011850951239466667, diff: 2168.705322265625, norm: 182998.421875
name: model.layers.4.mlp.down_proj.weight, type: torch.int8, ratio: 0.009312489069998264, diff: 2044.3145751953125, norm: 219523.96875
name: model.layers.5.mlp.down_proj.weight, type: torch.int8, ratio: 0.014606408774852753, diff: 3724.346435546875, norm: 254980.296875
name: model.layers.6.mlp.down_proj.weight, type: torch.int8, ratio: 0.011053313501179218, diff: 2893.05078125, norm: 261736.0625
name: model.layers.7.mlp.down_proj.weight, type: torch.int8, ratio: 0.012245502322912216, diff: 3529.39306640625, norm: 288219.53125
name: model.layers.8.mlp.down_proj.weight, type: torch.int8, ratio: 0.011565098538994789, diff: 3322.339599609375, norm: 287272.90625
name: model.layers.9.mlp.down_proj.weight, type: torch.int8, ratio: 0.014559687115252018, diff: 4088.8994140625, norm: 280837.03125
name: model.layers.10.mlp.down_proj.weight, type: torch.int8, ratio: 0.010443180799484253, diff: 2921.1962890625, norm: 279722.84375
name: model.layers.11.mlp.down_proj.weight, type: torch.int8, ratio: 0.014774249866604805, diff: 4279.6376953125, norm: 289668.6875
name: model.layers.12.mlp.down_proj.weight, type: torch.int8, ratio: 0.011649681255221367, diff: 3335.7763671875, norm: 286340.5625
name: model.layers.13.mlp.down_proj.weight, type: torch.int8, ratio: 0.013379061594605446, diff: 3757.39111328125, norm: 280841.15625
name: model.layers.14.mlp.down_proj.weight, type: torch.int8, ratio: 0.012601194903254509, diff: 3463.03759765625, norm: 274818.1875
name: model.layers.15.mlp.down_proj.weight, type: torch.int8, ratio: 0.012323464266955853, diff: 3344.570068359375, norm: 271398.53125
name: model.layers.16.mlp.down_proj.weight, type: torch.int8, ratio: 0.013175087980926037, diff: 3584.26416015625, norm: 272048.59375
name: model.layers.17.mlp.down_proj.weight, type: torch.int8, ratio: 0.013256690464913845, diff: 3592.6787109375, norm: 271008.71875
name: model.layers.18.mlp.down_proj.weight, type: torch.int8, ratio: 0.015285581350326538, diff: 4029.26025390625, norm: 263598.75
name: model.layers.19.mlp.down_proj.weight, type: torch.int8, ratio: 0.01324982289224863, diff: 3521.40673828125, norm: 265770.09375
name: model.layers.20.mlp.down_proj.weight, type: torch.int8, ratio: 0.01324114017188549, diff: 3568.970458984375, norm: 269536.5
name: model.layers.21.mlp.down_proj.weight, type: torch.int8, ratio: 0.015091431327164173, diff: 4076.2333984375, norm: 270102.5
name: model.layers.22.mlp.down_proj.weight, type: torch.int8, ratio: 0.012567921541631222, diff: 3331.4658203125, norm: 265076.90625
name: model.layers.23.mlp.down_proj.weight, type: torch.int8, ratio: 0.013336608186364174, diff: 3530.08642578125, norm: 264691.46875
name: model.layers.24.mlp.down_proj.weight, type: torch.int8, ratio: 0.014265209436416626, diff: 3929.629638671875, norm: 275469.46875
name: model.layers.25.mlp.down_proj.weight, type: torch.int8, ratio: 0.013958294875919819, diff: 3974.70068359375, norm: 284755.46875
name: model.layers.26.mlp.down_proj.weight, type: torch.int8, ratio: 0.014208138920366764, diff: 3983.39306640625, norm: 280359.9375
name: model.layers.27.mlp.down_proj.weight, type: torch.int8, ratio: 0.013642433099448681, diff: 3771.939208984375, norm: 276485.8125
name: model.layers.28.mlp.down_proj.weight, type: torch.int8, ratio: 0.014041746035218239, diff: 3851.685546875, norm: 274302.46875
name: model.layers.29.mlp.down_proj.weight, type: torch.int8, ratio: 0.01409708522260189, diff: 3839.603759765625, norm: 272368.625
name: model.layers.30.mlp.down_proj.weight, type: torch.int8, ratio: 0.014145384542644024, diff: 3900.7236328125, norm: 275759.46875
name: model.layers.31.mlp.down_proj.weight, type: torch.int8, ratio: 0.01373649388551712, diff: 3733.725830078125, norm: 271810.6875
name: model.layers.32.mlp.down_proj.weight, type: torch.int8, ratio: 0.014339515939354897, diff: 3869.371337890625, norm: 269839.75
name: model.layers.33.mlp.down_proj.weight, type: torch.int8, ratio: 0.013803093694150448, diff: 3730.8505859375, norm: 270290.90625
name: model.layers.34.mlp.down_proj.weight, type: torch.int8, ratio: 0.014446468092501163, diff: 3886.795166015625, norm: 269048.125
name: model.layers.35.mlp.down_proj.weight, type: torch.int8, ratio: 0.011075322516262531, diff: 3004.673095703125, norm: 271294.40625
name: model.layers.36.mlp.down_proj.weight, type: torch.int8, ratio: 0.014289244078099728, diff: 3855.028076171875, norm: 269785.3125
name: model.layers.37.mlp.down_proj.weight, type: torch.int8, ratio: 0.013575389049947262, diff: 3694.936767578125, norm: 272179.0625
name: model.layers.38.mlp.down_proj.weight, type: torch.int8, ratio: 0.01347337570041418, diff: 3589.3720703125, norm: 266404.8125
name: model.layers.39.mlp.down_proj.weight, type: torch.int8, ratio: 0.013151004910469055, diff: 3534.578857421875, norm: 268768.71875
name: model.layers.40.mlp.down_proj.weight, type: torch.int8, ratio: 0.01365214679390192, diff: 3815.172119140625, norm: 279455.84375
name: model.layers.41.mlp.down_proj.weight, type: torch.int8, ratio: 0.01334968488663435, diff: 3832.000732421875, norm: 287048.03125
name: model.layers.42.mlp.down_proj.weight, type: torch.int8, ratio: 0.013760675676167011, diff: 3712.005859375, norm: 269754.625
name: model.layers.43.mlp.down_proj.weight, type: torch.int8, ratio: 0.014035172760486603, diff: 3919.584716796875, norm: 279268.71875
name: model.layers.44.mlp.down_proj.weight, type: torch.int8, ratio: 0.01433071680366993, diff: 3974.32568359375, norm: 277329.15625
name: model.layers.45.mlp.down_proj.weight, type: torch.int8, ratio: 0.014702489599585533, diff: 4085.389892578125, norm: 277870.625
name: model.layers.46.mlp.down_proj.weight, type: torch.int8, ratio: 0.01448187418282032, diff: 4134.97607421875, norm: 285527.6875
name: model.layers.47.mlp.down_proj.weight, type: torch.int8, ratio: 0.014672381803393364, diff: 4186.705078125, norm: 285345.96875
name: model.layers.48.mlp.down_proj.weight, type: torch.int8, ratio: 0.014512812718749046, diff: 4133.3193359375, norm: 284804.84375
name: model.layers.49.mlp.down_proj.weight, type: torch.int8, ratio: 0.015032186172902584, diff: 4163.521484375, norm: 276973.78125
name: model.layers.50.mlp.down_proj.weight, type: torch.int8, ratio: 0.015410300344228745, diff: 4284.06298828125, norm: 277999.96875
name: model.layers.51.mlp.down_proj.weight, type: torch.int8, ratio: 0.01493769884109497, diff: 4279.23193359375, norm: 286471.96875
name: model.layers.52.mlp.down_proj.weight, type: torch.int8, ratio: 0.015141576528549194, diff: 4251.58203125, norm: 280788.59375
name: model.layers.53.mlp.down_proj.weight, type: torch.int8, ratio: 0.015105156227946281, diff: 4193.046875, norm: 277590.4375
name: model.layers.54.mlp.down_proj.weight, type: torch.int8, ratio: 0.01555496733635664, diff: 4181.509765625, norm: 268821.5
name: model.layers.55.mlp.down_proj.weight, type: torch.int8, ratio: 0.015261594206094742, diff: 4145.4296875, norm: 271624.9375
name: model.layers.56.mlp.down_proj.weight, type: torch.int8, ratio: 0.013975252397358418, diff: 3972.00390625, norm: 284216.96875
name: model.layers.57.mlp.down_proj.weight, type: torch.int8, ratio: 0.014346911571919918, diff: 3792.845947265625, norm: 264366.71875
name: model.layers.58.mlp.down_proj.weight, type: torch.int8, ratio: 0.01373957097530365, diff: 3807.09814453125, norm: 277090.03125
name: model.layers.59.mlp.down_proj.weight, type: torch.int8, ratio: 0.014489805325865746, diff: 3807.301025390625, norm: 262757.21875
name: model.layers.60.mlp.down_proj.weight, type: torch.int8, ratio: 0.010057022795081139, diff: 2559.21484375, norm: 254470.421875
name: model.layers.61.mlp.down_proj.weight, type: torch.int8, ratio: 0.012734293937683105, diff: 3058.188720703125, norm: 240153.765625
name: model.layers.62.mlp.down_proj.weight, type: torch.int8, ratio: 0.014053107239305973, diff: 2634.29638671875, norm: 187452.953125
name: model.layers.63.mlp.down_proj.weight, type: torch.int8, ratio: 0.012939255684614182, diff: 3049.530517578125, norm: 235680.515625
