name: model.layers.0.input_layernorm.weight, type: torch.float16, ratio: 0.0, diff: 0.0, norm: 7.120238780975342
name: model.layers.0.post_attention_layernorm.weight, type: torch.float16, ratio: 0.0, diff: 0.0, norm: 9.372815132141113
name: model.layers.1.input_layernorm.weight, type: torch.float16, ratio: 0.0, diff: 0.0, norm: 3.9955384731292725
name: model.layers.1.post_attention_layernorm.weight, type: torch.float16, ratio: 0.0, diff: 0.0, norm: 8.238039016723633
name: model.layers.2.input_layernorm.weight, type: torch.float16, ratio: 0.0, diff: 0.0, norm: 5.896356582641602
name: model.layers.2.post_attention_layernorm.weight, type: torch.float16, ratio: 0.0, diff: 0.0, norm: 10.610894203186035
name: model.layers.3.input_layernorm.weight, type: torch.float16, ratio: 0.0, diff: 0.0, norm: 7.24824857711792
name: model.layers.3.post_attention_layernorm.weight, type: torch.float16, ratio: 0.0, diff: 0.0, norm: 10.649105072021484
name: model.layers.4.input_layernorm.weight, type: torch.float16, ratio: 0.0, diff: 0.0, norm: 7.889464855194092
name: model.layers.4.post_attention_layernorm.weight, type: torch.float16, ratio: 0.0, diff: 0.0, norm: 11.224648475646973
name: model.layers.5.input_layernorm.weight, type: torch.float16, ratio: 0.0, diff: 0.0, norm: 8.9826021194458
name: model.layers.5.post_attention_layernorm.weight, type: torch.float16, ratio: 0.0, diff: 0.0, norm: 10.856331825256348
name: model.layers.6.input_layernorm.weight, type: torch.float16, ratio: 0.0, diff: 0.0, norm: 9.001517295837402
name: model.layers.6.post_attention_layernorm.weight, type: torch.float16, ratio: 0.0, diff: 0.0, norm: 10.75741958618164
name: model.layers.7.input_layernorm.weight, type: torch.float16, ratio: 0.0, diff: 0.0, norm: 9.259936332702637
name: model.layers.7.post_attention_layernorm.weight, type: torch.float16, ratio: 0.0, diff: 0.0, norm: 10.659889221191406
name: model.layers.8.input_layernorm.weight, type: torch.float16, ratio: 0.0, diff: 0.0, norm: 8.600118637084961
name: model.layers.8.post_attention_layernorm.weight, type: torch.float16, ratio: 0.0, diff: 0.0, norm: 10.186738014221191
name: model.layers.9.input_layernorm.weight, type: torch.float16, ratio: 0.0, diff: 0.0, norm: 9.289834022521973
name: model.layers.9.post_attention_layernorm.weight, type: torch.float16, ratio: 0.0, diff: 0.0, norm: 9.675407409667969
name: model.layers.10.input_layernorm.weight, type: torch.float16, ratio: 0.0, diff: 0.0, norm: 9.976518630981445
name: model.layers.10.post_attention_layernorm.weight, type: torch.float16, ratio: 0.0, diff: 0.0, norm: 9.933444023132324
name: model.layers.11.input_layernorm.weight, type: torch.float16, ratio: 0.0, diff: 0.0, norm: 9.346406936645508
name: model.layers.11.post_attention_layernorm.weight, type: torch.float16, ratio: 0.0, diff: 0.0, norm: 10.323241233825684
name: model.layers.12.input_layernorm.weight, type: torch.float16, ratio: 0.0, diff: 0.0, norm: 9.674421310424805
name: model.layers.12.post_attention_layernorm.weight, type: torch.float16, ratio: 0.0, diff: 0.0, norm: 10.232216835021973
name: model.layers.13.input_layernorm.weight, type: torch.float16, ratio: 0.0, diff: 0.0, norm: 9.507567405700684
name: model.layers.13.post_attention_layernorm.weight, type: torch.float16, ratio: 0.0, diff: 0.0, norm: 10.278350830078125
name: model.layers.14.input_layernorm.weight, type: torch.float16, ratio: 0.0, diff: 0.0, norm: 9.83479118347168
name: model.layers.14.post_attention_layernorm.weight, type: torch.float16, ratio: 0.0, diff: 0.0, norm: 10.324784278869629
name: model.layers.15.input_layernorm.weight, type: torch.float16, ratio: 0.0, diff: 0.0, norm: 10.127455711364746
name: model.layers.15.post_attention_layernorm.weight, type: torch.float16, ratio: 0.0, diff: 0.0, norm: 10.524303436279297
name: model.layers.16.input_layernorm.weight, type: torch.float16, ratio: 0.0, diff: 0.0, norm: 9.702197074890137
name: model.layers.16.post_attention_layernorm.weight, type: torch.float16, ratio: 0.0, diff: 0.0, norm: 10.511261940002441
name: model.layers.17.input_layernorm.weight, type: torch.float16, ratio: 0.0, diff: 0.0, norm: 10.144335746765137
name: model.layers.17.post_attention_layernorm.weight, type: torch.float16, ratio: 0.0, diff: 0.0, norm: 10.4639253616333
name: model.layers.18.input_layernorm.weight, type: torch.float16, ratio: 0.0, diff: 0.0, norm: 10.077400207519531
name: model.layers.18.post_attention_layernorm.weight, type: torch.float16, ratio: 0.0, diff: 0.0, norm: 10.409674644470215
name: model.layers.19.input_layernorm.weight, type: torch.float16, ratio: 0.0, diff: 0.0, norm: 10.277268409729004
name: model.layers.19.post_attention_layernorm.weight, type: torch.float16, ratio: 0.0, diff: 0.0, norm: 10.477888107299805
name: model.layers.20.input_layernorm.weight, type: torch.float16, ratio: 0.0, diff: 0.0, norm: 9.949557304382324
name: model.layers.20.post_attention_layernorm.weight, type: torch.float16, ratio: 0.0, diff: 0.0, norm: 10.423125267028809
name: model.layers.21.input_layernorm.weight, type: torch.float16, ratio: 0.0, diff: 0.0, norm: 10.358782768249512
name: model.layers.21.post_attention_layernorm.weight, type: torch.float16, ratio: 0.0, diff: 0.0, norm: 10.43017292022705
name: model.layers.22.input_layernorm.weight, type: torch.float16, ratio: 0.0, diff: 0.0, norm: 10.534526824951172
name: model.layers.22.post_attention_layernorm.weight, type: torch.float16, ratio: 0.0, diff: 0.0, norm: 10.505232810974121
name: model.layers.23.input_layernorm.weight, type: torch.float16, ratio: 0.0, diff: 0.0, norm: 10.673095703125
name: model.layers.23.post_attention_layernorm.weight, type: torch.float16, ratio: 0.0, diff: 0.0, norm: 10.612248420715332
name: model.layers.24.input_layernorm.weight, type: torch.float16, ratio: 0.0, diff: 0.0, norm: 10.711271286010742
name: model.layers.24.post_attention_layernorm.weight, type: torch.float16, ratio: 0.0, diff: 0.0, norm: 10.642823219299316
name: model.layers.25.input_layernorm.weight, type: torch.float16, ratio: 0.0, diff: 0.0, norm: 10.93313980102539
name: model.layers.25.post_attention_layernorm.weight, type: torch.float16, ratio: 0.0, diff: 0.0, norm: 10.511820793151855
name: model.layers.26.input_layernorm.weight, type: torch.float16, ratio: 0.0, diff: 0.0, norm: 10.738237380981445
name: model.layers.26.post_attention_layernorm.weight, type: torch.float16, ratio: 0.0, diff: 0.0, norm: 10.459291458129883
name: model.layers.27.input_layernorm.weight, type: torch.float16, ratio: 0.0, diff: 0.0, norm: 10.57494068145752
name: model.layers.27.post_attention_layernorm.weight, type: torch.float16, ratio: 0.0, diff: 0.0, norm: 10.37524127960205
name: model.layers.28.input_layernorm.weight, type: torch.float16, ratio: 0.0, diff: 0.0, norm: 10.525458335876465
name: model.layers.28.post_attention_layernorm.weight, type: torch.float16, ratio: 0.0, diff: 0.0, norm: 10.346620559692383
name: model.layers.29.input_layernorm.weight, type: torch.float16, ratio: 0.0, diff: 0.0, norm: 10.49751091003418
name: model.layers.29.post_attention_layernorm.weight, type: torch.float16, ratio: 0.0, diff: 0.0, norm: 10.25405216217041
name: model.layers.30.input_layernorm.weight, type: torch.float16, ratio: 0.0, diff: 0.0, norm: 10.436528205871582
name: model.layers.30.post_attention_layernorm.weight, type: torch.float16, ratio: 0.0, diff: 0.0, norm: 10.17623519897461
name: model.layers.31.input_layernorm.weight, type: torch.float16, ratio: 0.0, diff: 0.0, norm: 10.407622337341309
name: model.layers.31.post_attention_layernorm.weight, type: torch.float16, ratio: 0.0, diff: 0.0, norm: 10.230681419372559
name: model.layers.32.input_layernorm.weight, type: torch.float16, ratio: 0.0, diff: 0.0, norm: 9.945443153381348
name: model.layers.32.post_attention_layernorm.weight, type: torch.float16, ratio: 0.0, diff: 0.0, norm: 10.632494926452637
name: model.layers.33.input_layernorm.weight, type: torch.float16, ratio: 0.0, diff: 0.0, norm: 10.805109977722168
name: model.layers.33.post_attention_layernorm.weight, type: torch.float16, ratio: 0.0, diff: 0.0, norm: 10.81954288482666
name: model.layers.34.input_layernorm.weight, type: torch.float16, ratio: 0.0, diff: 0.0, norm: 10.927810668945312
name: model.layers.34.post_attention_layernorm.weight, type: torch.float16, ratio: 0.0, diff: 0.0, norm: 10.988478660583496
name: model.layers.35.input_layernorm.weight, type: torch.float16, ratio: 0.0, diff: 0.0, norm: 11.192906379699707
name: model.layers.35.post_attention_layernorm.weight, type: torch.float16, ratio: 0.0, diff: 0.0, norm: 11.205690383911133
name: model.layers.36.input_layernorm.weight, type: torch.float16, ratio: 0.0, diff: 0.0, norm: 11.348207473754883
name: model.layers.36.post_attention_layernorm.weight, type: torch.float16, ratio: 0.0, diff: 0.0, norm: 11.39952278137207
name: model.layers.37.input_layernorm.weight, type: torch.float16, ratio: 0.0, diff: 0.0, norm: 11.74176025390625
name: model.layers.37.post_attention_layernorm.weight, type: torch.float16, ratio: 0.0, diff: 0.0, norm: 11.50950813293457
name: model.layers.38.input_layernorm.weight, type: torch.float16, ratio: 0.0, diff: 0.0, norm: 11.966845512390137
name: model.layers.38.post_attention_layernorm.weight, type: torch.float16, ratio: 0.0, diff: 0.0, norm: 11.968639373779297
name: model.layers.39.input_layernorm.weight, type: torch.float16, ratio: 0.0, diff: 0.0, norm: 12.168485641479492
name: model.layers.39.post_attention_layernorm.weight, type: torch.float16, ratio: 0.0, diff: 0.0, norm: 11.63523006439209
name: model.layers.40.input_layernorm.weight, type: torch.float16, ratio: 0.0, diff: 0.0, norm: 12.03933334350586
name: model.layers.40.post_attention_layernorm.weight, type: torch.float16, ratio: 0.0, diff: 0.0, norm: 11.700135231018066
name: model.layers.41.input_layernorm.weight, type: torch.float16, ratio: 0.0, diff: 0.0, norm: 12.336387634277344
name: model.layers.41.post_attention_layernorm.weight, type: torch.float16, ratio: 0.0, diff: 0.0, norm: 11.646340370178223
name: model.layers.42.input_layernorm.weight, type: torch.float16, ratio: 0.0, diff: 0.0, norm: 11.955209732055664
name: model.layers.42.post_attention_layernorm.weight, type: torch.float16, ratio: 0.0, diff: 0.0, norm: 11.56373405456543
name: model.layers.43.input_layernorm.weight, type: torch.float16, ratio: 0.0, diff: 0.0, norm: 11.797900199890137
name: model.layers.43.post_attention_layernorm.weight, type: torch.float16, ratio: 0.0, diff: 0.0, norm: 11.399112701416016
name: model.layers.44.input_layernorm.weight, type: torch.float16, ratio: 0.0, diff: 0.0, norm: 11.549328804016113
name: model.layers.44.post_attention_layernorm.weight, type: torch.float16, ratio: 0.0, diff: 0.0, norm: 11.249601364135742
name: model.layers.45.input_layernorm.weight, type: torch.float16, ratio: 0.0, diff: 0.0, norm: 11.414796829223633
name: model.layers.45.post_attention_layernorm.weight, type: torch.float16, ratio: 0.0, diff: 0.0, norm: 11.034098625183105
name: model.layers.46.input_layernorm.weight, type: torch.float16, ratio: 0.0, diff: 0.0, norm: 11.1432523727417
name: model.layers.46.post_attention_layernorm.weight, type: torch.float16, ratio: 0.0, diff: 0.0, norm: 10.815650939941406
name: model.layers.47.input_layernorm.weight, type: torch.float16, ratio: 0.0, diff: 0.0, norm: 10.828455924987793
name: model.layers.47.post_attention_layernorm.weight, type: torch.float16, ratio: 0.0, diff: 0.0, norm: 10.719215393066406
name: model.layers.48.input_layernorm.weight, type: torch.float16, ratio: 0.0, diff: 0.0, norm: 10.575193405151367
name: model.layers.48.post_attention_layernorm.weight, type: torch.float16, ratio: 0.0, diff: 0.0, norm: 10.507678985595703
name: model.layers.49.input_layernorm.weight, type: torch.float16, ratio: 0.0, diff: 0.0, norm: 10.380974769592285
name: model.layers.49.post_attention_layernorm.weight, type: torch.float16, ratio: 0.0, diff: 0.0, norm: 10.34814167022705
name: model.layers.50.input_layernorm.weight, type: torch.float16, ratio: 0.0, diff: 0.0, norm: 10.179938316345215
name: model.layers.50.post_attention_layernorm.weight, type: torch.float16, ratio: 0.0, diff: 0.0, norm: 10.270453453063965
name: model.layers.51.input_layernorm.weight, type: torch.float16, ratio: 0.0, diff: 0.0, norm: 9.794480323791504
name: model.layers.51.post_attention_layernorm.weight, type: torch.float16, ratio: 0.0, diff: 0.0, norm: 10.27473258972168
name: model.layers.52.input_layernorm.weight, type: torch.float16, ratio: 0.0, diff: 0.0, norm: 9.987621307373047
name: model.layers.52.post_attention_layernorm.weight, type: torch.float16, ratio: 0.0, diff: 0.0, norm: 10.13826847076416
name: model.layers.53.input_layernorm.weight, type: torch.float16, ratio: 0.0, diff: 0.0, norm: 9.540464401245117
name: model.layers.53.post_attention_layernorm.weight, type: torch.float16, ratio: 0.0, diff: 0.0, norm: 10.096122741699219
name: model.layers.54.input_layernorm.weight, type: torch.float16, ratio: 0.0, diff: 0.0, norm: 9.476539611816406
name: model.layers.54.post_attention_layernorm.weight, type: torch.float16, ratio: 0.0, diff: 0.0, norm: 10.054816246032715
name: model.layers.55.input_layernorm.weight, type: torch.float16, ratio: 0.0, diff: 0.0, norm: 9.479330062866211
name: model.layers.55.post_attention_layernorm.weight, type: torch.float16, ratio: 0.0, diff: 0.0, norm: 10.010054588317871
name: model.layers.56.input_layernorm.weight, type: torch.float16, ratio: 0.0, diff: 0.0, norm: 9.450531959533691
name: model.layers.56.post_attention_layernorm.weight, type: torch.float16, ratio: 0.0, diff: 0.0, norm: 9.996697425842285
name: model.layers.57.input_layernorm.weight, type: torch.float16, ratio: 0.0, diff: 0.0, norm: 9.480677604675293
name: model.layers.57.post_attention_layernorm.weight, type: torch.float16, ratio: 0.0, diff: 0.0, norm: 10.013492584228516
name: model.layers.58.input_layernorm.weight, type: torch.float16, ratio: 0.0, diff: 0.0, norm: 9.057504653930664
name: model.layers.58.post_attention_layernorm.weight, type: torch.float16, ratio: 0.0, diff: 0.0, norm: 10.04149341583252
name: model.layers.59.input_layernorm.weight, type: torch.float16, ratio: 0.0, diff: 0.0, norm: 9.623790740966797
name: model.layers.59.post_attention_layernorm.weight, type: torch.float16, ratio: 0.0, diff: 0.0, norm: 10.406332015991211
name: model.layers.60.input_layernorm.weight, type: torch.float16, ratio: 0.0, diff: 0.0, norm: 9.78398323059082
name: model.layers.60.post_attention_layernorm.weight, type: torch.float16, ratio: 0.0, diff: 0.0, norm: 10.648512840270996
name: model.layers.61.input_layernorm.weight, type: torch.float16, ratio: 0.0, diff: 0.0, norm: 9.90872859954834
name: model.layers.61.post_attention_layernorm.weight, type: torch.float16, ratio: 0.0, diff: 0.0, norm: 10.622917175292969
name: model.layers.62.input_layernorm.weight, type: torch.float16, ratio: 0.0, diff: 0.0, norm: 10.64373779296875
name: model.layers.62.post_attention_layernorm.weight, type: torch.float16, ratio: 0.0, diff: 0.0, norm: 11.626633644104004
name: model.layers.63.input_layernorm.weight, type: torch.float16, ratio: 0.0, diff: 0.0, norm: 10.998443603515625
name: model.layers.63.post_attention_layernorm.weight, type: torch.float16, ratio: 0.0, diff: 0.0, norm: 12.302824974060059
name: model.layers.0.self_attn.q_proj.weight, type: torch.int8, ratio: 0.017298486083745956, diff: 1755.4130859375, norm: 101477.84375
name: model.layers.0.self_attn.k_proj.weight, type: torch.int8, ratio: 0.014901375398039818, diff: 795.9284057617188, norm: 53413.08203125
name: model.layers.0.self_attn.v_proj.weight, type: torch.int8, ratio: 0.012256858870387077, diff: 819.7511596679688, norm: 66881.015625
name: model.layers.0.self_attn.o_proj.weight, type: torch.int8, ratio: 0.01437146682292223, diff: 1971.43115234375, norm: 137176.75
name: model.layers.0.mlp.gate_proj.weight, type: torch.int8, ratio: 0.02574772946536541, diff: 5232.56640625, norm: 203224.375
name: model.layers.0.mlp.up_proj.weight, type: torch.int8, ratio: 0.023362312465906143, diff: 5247.8994140625, norm: 224630.984375
name: model.layers.1.self_attn.q_proj.weight, type: torch.int8, ratio: 0.05171797424554825, diff: 1293.6456298828125, norm: 25013.462890625
name: model.layers.1.self_attn.k_proj.weight, type: torch.int8, ratio: 0.04496622458100319, diff: 659.75146484375, norm: 14672.15625
name: model.layers.1.self_attn.v_proj.weight, type: torch.int8, ratio: 0.034931596368551254, diff: 850.3487548828125, norm: 24343.25390625
name: model.layers.1.self_attn.o_proj.weight, type: torch.int8, ratio: 0.01662149280309677, diff: 2242.972900390625, norm: 134944.125
name: model.layers.1.mlp.gate_proj.weight, type: torch.int8, ratio: 0.05541545897722244, diff: 2889.421630859375, norm: 52141.07421875
name: model.layers.1.mlp.up_proj.weight, type: torch.int8, ratio: 0.05279375612735748, diff: 3588.71533203125, norm: 67976.1328125
name: model.layers.2.self_attn.q_proj.weight, type: torch.int8, ratio: 0.05166350305080414, diff: 1740.498779296875, norm: 33689.13671875
name: model.layers.2.self_attn.k_proj.weight, type: torch.int8, ratio: 0.051622189581394196, diff: 797.1705932617188, norm: 15442.40234375
name: model.layers.2.self_attn.v_proj.weight, type: torch.int8, ratio: 0.025745168328285217, diff: 872.7067260742188, norm: 33897.8828125
name: model.layers.2.self_attn.o_proj.weight, type: torch.int8, ratio: 0.015080706216394901, diff: 2220.610595703125, norm: 147248.453125
name: model.layers.2.mlp.gate_proj.weight, type: torch.int8, ratio: 0.0482821986079216, diff: 3293.345703125, norm: 68210.3515625
name: model.layers.2.mlp.up_proj.weight, type: torch.int8, ratio: 0.04853101447224617, diff: 4532.896484375, norm: 93402.0546875
name: model.layers.3.self_attn.q_proj.weight, type: torch.int8, ratio: 0.03926766291260719, diff: 1971.098876953125, norm: 50196.4921875
name: model.layers.3.self_attn.k_proj.weight, type: torch.int8, ratio: 0.04277663677930832, diff: 885.9876098632812, norm: 20711.951171875
name: model.layers.3.self_attn.v_proj.weight, type: torch.int8, ratio: 0.025461742654442787, diff: 906.8053588867188, norm: 35614.42578125
name: model.layers.3.self_attn.o_proj.weight, type: torch.int8, ratio: 0.014486019499599934, diff: 2211.83154296875, norm: 152687.328125
name: model.layers.3.mlp.gate_proj.weight, type: torch.int8, ratio: 0.04509781301021576, diff: 3739.37353515625, norm: 82916.9609375
name: model.layers.3.mlp.up_proj.weight, type: torch.int8, ratio: 0.03605685383081436, diff: 4650.61572265625, norm: 128980.078125
name: model.layers.4.self_attn.q_proj.weight, type: torch.int8, ratio: 0.039010148495435715, diff: 1999.2200927734375, norm: 51248.71875
name: model.layers.4.self_attn.k_proj.weight, type: torch.int8, ratio: 0.04034373164176941, diff: 893.7119140625, norm: 22152.435546875
name: model.layers.4.self_attn.v_proj.weight, type: torch.int8, ratio: 0.023102417588233948, diff: 904.9972534179688, norm: 39173.26953125
name: model.layers.4.self_attn.o_proj.weight, type: torch.int8, ratio: 0.013432839885354042, diff: 2115.055419921875, norm: 157454.078125
name: model.layers.4.mlp.gate_proj.weight, type: torch.int8, ratio: 0.03671913221478462, diff: 3979.35400390625, norm: 108372.7734375
name: model.layers.4.mlp.up_proj.weight, type: torch.int8, ratio: 0.027479274198412895, diff: 4597.52587890625, norm: 167308.859375
name: model.layers.5.self_attn.q_proj.weight, type: torch.int8, ratio: 0.029575306922197342, diff: 2006.5732421875, norm: 67846.234375
name: model.layers.5.self_attn.k_proj.weight, type: torch.int8, ratio: 0.029756033793091774, diff: 896.6604614257812, norm: 30133.736328125
name: model.layers.5.self_attn.v_proj.weight, type: torch.int8, ratio: 0.022485647350549698, diff: 903.4329223632812, norm: 40178.203125
name: model.layers.5.self_attn.o_proj.weight, type: torch.int8, ratio: 0.012991437688469887, diff: 2106.20166015625, norm: 162122.296875
name: model.layers.5.mlp.gate_proj.weight, type: torch.int8, ratio: 0.0388706736266613, diff: 4286.36181640625, norm: 110272.3828125
name: model.layers.5.mlp.up_proj.weight, type: torch.int8, ratio: 0.02113688737154007, diff: 4795.0595703125, norm: 226857.40625
name: model.layers.6.self_attn.q_proj.weight, type: torch.int8, ratio: 0.03132073953747749, diff: 2009.1435546875, norm: 64147.3828125
name: model.layers.6.self_attn.k_proj.weight, type: torch.int8, ratio: 0.030629992485046387, diff: 898.5354614257812, norm: 29335.150390625
name: model.layers.6.self_attn.v_proj.weight, type: torch.int8, ratio: 0.019253861159086227, diff: 912.7694091796875, norm: 47407.0859375
name: model.layers.6.self_attn.o_proj.weight, type: torch.int8, ratio: 0.011393748223781586, diff: 1830.3775634765625, norm: 160647.53125
name: model.layers.6.mlp.gate_proj.weight, type: torch.int8, ratio: 0.05191358923912048, diff: 4232.1083984375, norm: 81522.171875
name: model.layers.6.mlp.up_proj.weight, type: torch.int8, ratio: 0.019564976915717125, diff: 4700.9990234375, norm: 240276.234375
name: model.layers.7.self_attn.q_proj.weight, type: torch.int8, ratio: 0.027660846710205078, diff: 1975.05419921875, norm: 71402.5234375
name: model.layers.7.self_attn.k_proj.weight, type: torch.int8, ratio: 0.02806410752236843, diff: 882.7083129882812, norm: 31453.283203125
name: model.layers.7.self_attn.v_proj.weight, type: torch.int8, ratio: 0.016727227717638016, diff: 900.7590942382812, norm: 53849.875
name: model.layers.7.self_attn.o_proj.weight, type: torch.int8, ratio: 0.01182571891695261, diff: 1927.22705078125, norm: 162969.125
name: model.layers.7.mlp.gate_proj.weight, type: torch.int8, ratio: 0.04392172023653984, diff: 4494.6357421875, norm: 102332.875
name: model.layers.7.mlp.up_proj.weight, type: torch.int8, ratio: 0.014582892879843712, diff: 4723.556640625, norm: 323910.8125
name: model.layers.8.self_attn.q_proj.weight, type: torch.int8, ratio: 0.03161514550447464, diff: 1935.67822265625, norm: 61226.296875
name: model.layers.8.self_attn.k_proj.weight, type: torch.int8, ratio: 0.030949262902140617, diff: 864.0352783203125, norm: 27917.798828125
name: model.layers.8.self_attn.v_proj.weight, type: torch.int8, ratio: 0.019725825637578964, diff: 876.522705078125, norm: 44435.28515625
name: model.layers.8.self_attn.o_proj.weight, type: torch.int8, ratio: 0.012539807707071304, diff: 1986.1981201171875, norm: 158391.4375
name: model.layers.8.mlp.gate_proj.weight, type: torch.int8, ratio: 0.03313109651207924, diff: 4460.77099609375, norm: 134640.0
name: model.layers.8.mlp.up_proj.weight, type: torch.int8, ratio: 0.013217229396104813, diff: 4709.15673828125, norm: 356289.25
name: model.layers.9.self_attn.q_proj.weight, type: torch.int8, ratio: 0.026355918496847153, diff: 1924.3955078125, norm: 73015.6875
name: model.layers.9.self_attn.k_proj.weight, type: torch.int8, ratio: 0.0277729332447052, diff: 858.6181030273438, norm: 30915.64453125
name: model.layers.9.self_attn.v_proj.weight, type: torch.int8, ratio: 0.017124561592936516, diff: 875.8652954101562, norm: 51146.7265625
name: model.layers.9.self_attn.o_proj.weight, type: torch.int8, ratio: 0.01292626466602087, diff: 2018.726806640625, norm: 156172.484375
name: model.layers.9.mlp.gate_proj.weight, type: torch.int8, ratio: 0.017613278701901436, diff: 4543.76416015625, norm: 257973.78125
name: model.layers.9.mlp.up_proj.weight, type: torch.int8, ratio: 0.012939704582095146, diff: 4705.27685546875, norm: 363630.9375
name: model.layers.10.self_attn.q_proj.weight, type: torch.int8, ratio: 0.020564956590533257, diff: 1922.2806396484375, norm: 93473.6015625
name: model.layers.10.self_attn.k_proj.weight, type: torch.int8, ratio: 0.021106071770191193, diff: 859.417236328125, norm: 40718.95703125
name: model.layers.10.self_attn.v_proj.weight, type: torch.int8, ratio: 0.015727413818240166, diff: 874.0480346679688, norm: 55574.80859375
name: model.layers.10.self_attn.o_proj.weight, type: torch.int8, ratio: 0.013119959272444248, diff: 2078.89892578125, norm: 158453.15625
name: model.layers.10.mlp.gate_proj.weight, type: torch.int8, ratio: 0.01786009594798088, diff: 4503.689453125, norm: 252164.90625
name: model.layers.10.mlp.up_proj.weight, type: torch.int8, ratio: 0.01283413078635931, diff: 4673.81103515625, norm: 364170.4375
name: model.layers.11.self_attn.q_proj.weight, type: torch.int8, ratio: 0.026661647483706474, diff: 1898.3861083984375, norm: 71202.8828125
name: model.layers.11.self_attn.k_proj.weight, type: torch.int8, ratio: 0.02722959965467453, diff: 849.60107421875, norm: 31201.37890625
name: model.layers.11.self_attn.v_proj.weight, type: torch.int8, ratio: 0.018822642043232918, diff: 861.5735473632812, norm: 45773.25390625
name: model.layers.11.self_attn.o_proj.weight, type: torch.int8, ratio: 0.013513491488993168, diff: 2102.45849609375, norm: 155582.1875
name: model.layers.11.mlp.gate_proj.weight, type: torch.int8, ratio: 0.016245923936367035, diff: 4545.01611328125, norm: 279763.46875
name: model.layers.11.mlp.up_proj.weight, type: torch.int8, ratio: 0.01255811844021082, diff: 4673.37939453125, norm: 372140.09375
name: model.layers.12.self_attn.q_proj.weight, type: torch.int8, ratio: 0.025537019595503807, diff: 1899.2867431640625, norm: 74373.859375
name: model.layers.12.self_attn.k_proj.weight, type: torch.int8, ratio: 0.026106150820851326, diff: 848.3236694335938, norm: 32495.1640625
name: model.layers.12.self_attn.v_proj.weight, type: torch.int8, ratio: 0.015306922607123852, diff: 875.5701293945312, norm: 57200.92578125
name: model.layers.12.self_attn.o_proj.weight, type: torch.int8, ratio: 0.012750697322189808, diff: 2010.42138671875, norm: 157671.484375
name: model.layers.12.mlp.gate_proj.weight, type: torch.int8, ratio: 0.013920176774263382, diff: 4603.61083984375, norm: 330714.96875
name: model.layers.12.mlp.up_proj.weight, type: torch.int8, ratio: 0.012433432042598724, diff: 4674.58837890625, norm: 375969.28125
name: model.layers.13.self_attn.q_proj.weight, type: torch.int8, ratio: 0.02561989426612854, diff: 1872.5596923828125, norm: 73090.0625
name: model.layers.13.self_attn.k_proj.weight, type: torch.int8, ratio: 0.02623715251684189, diff: 837.1935424804688, norm: 31908.705078125
name: model.layers.13.self_attn.v_proj.weight, type: torch.int8, ratio: 0.01620127633213997, diff: 855.8866577148438, norm: 52828.34765625
name: model.layers.13.self_attn.o_proj.weight, type: torch.int8, ratio: 0.013522165827453136, diff: 2113.769287109375, norm: 156318.84375
name: model.layers.13.mlp.gate_proj.weight, type: torch.int8, ratio: 0.013812636956572533, diff: 4551.27294921875, norm: 329500.65625
name: model.layers.13.mlp.up_proj.weight, type: torch.int8, ratio: 0.012391921132802963, diff: 4622.16552734375, norm: 372998.3125
name: model.layers.14.self_attn.q_proj.weight, type: torch.int8, ratio: 0.023079879581928253, diff: 1877.1038818359375, norm: 81330.75
name: model.layers.14.self_attn.k_proj.weight, type: torch.int8, ratio: 0.024324195459485054, diff: 837.5416259765625, norm: 34432.44921875
name: model.layers.14.self_attn.v_proj.weight, type: torch.int8, ratio: 0.015412171371281147, diff: 860.4010620117188, norm: 55826.078125
name: model.layers.14.self_attn.o_proj.weight, type: torch.int8, ratio: 0.012840637005865574, diff: 2067.480224609375, norm: 161010.71875
name: model.layers.14.mlp.gate_proj.weight, type: torch.int8, ratio: 0.013821972534060478, diff: 4550.267578125, norm: 329205.375
name: model.layers.14.mlp.up_proj.weight, type: torch.int8, ratio: 0.012413562275469303, diff: 4619.97607421875, norm: 372171.65625
name: model.layers.15.self_attn.q_proj.weight, type: torch.int8, ratio: 0.02254630997776985, diff: 1873.4219970703125, norm: 83092.1796875
name: model.layers.15.self_attn.k_proj.weight, type: torch.int8, ratio: 0.024132896214723587, diff: 836.2290649414062, norm: 34651.00390625
name: model.layers.15.self_attn.v_proj.weight, type: torch.int8, ratio: 0.01366890873759985, diff: 869.0310668945312, norm: 63577.20703125
name: model.layers.15.self_attn.o_proj.weight, type: torch.int8, ratio: 0.01273349579423666, diff: 2059.25439453125, norm: 161719.484375
name: model.layers.15.mlp.gate_proj.weight, type: torch.int8, ratio: 0.013967766426503658, diff: 4530.82861328125, norm: 324377.46875
name: model.layers.15.mlp.up_proj.weight, type: torch.int8, ratio: 0.0124908946454525, diff: 4605.8564453125, norm: 368737.125
name: model.layers.16.self_attn.q_proj.weight, type: torch.int8, ratio: 0.026615461334586143, diff: 1864.23095703125, norm: 70043.15625
name: model.layers.16.self_attn.k_proj.weight, type: torch.int8, ratio: 0.02738959714770317, diff: 833.328857421875, norm: 30425.013671875
name: model.layers.16.self_attn.v_proj.weight, type: torch.int8, ratio: 0.015101859346032143, diff: 862.7357788085938, norm: 57127.78515625
name: model.layers.16.self_attn.o_proj.weight, type: torch.int8, ratio: 0.013843752443790436, diff: 2126.967529296875, norm: 153640.96875
name: model.layers.16.mlp.gate_proj.weight, type: torch.int8, ratio: 0.013393991626799107, diff: 4552.888671875, norm: 339920.21875
name: model.layers.16.mlp.up_proj.weight, type: torch.int8, ratio: 0.012511058710515499, diff: 4595.80908203125, norm: 367339.75
name: model.layers.17.self_attn.q_proj.weight, type: torch.int8, ratio: 0.023753095418214798, diff: 1869.9112548828125, norm: 78722.84375
name: model.layers.17.self_attn.k_proj.weight, type: torch.int8, ratio: 0.0243338942527771, diff: 834.758056640625, norm: 34304.3359375
name: model.layers.17.self_attn.v_proj.weight, type: torch.int8, ratio: 0.015833428129553795, diff: 855.9036254882812, norm: 54056.74609375
name: model.layers.17.self_attn.o_proj.weight, type: torch.int8, ratio: 0.013544312678277493, diff: 2144.541015625, norm: 158335.171875
name: model.layers.17.mlp.gate_proj.weight, type: torch.int8, ratio: 0.013537910766899586, diff: 4538.255859375, norm: 335225.71875
name: model.layers.17.mlp.up_proj.weight, type: torch.int8, ratio: 0.012524059042334557, diff: 4587.43798828125, norm: 366290.03125
name: model.layers.18.self_attn.q_proj.weight, type: torch.int8, ratio: 0.025482207536697388, diff: 1860.8031005859375, norm: 73023.625
name: model.layers.18.self_attn.k_proj.weight, type: torch.int8, ratio: 0.02481609396636486, diff: 831.7655639648438, norm: 33517.18359375
name: model.layers.18.self_attn.v_proj.weight, type: torch.int8, ratio: 0.015594495460391045, diff: 851.88671875, norm: 54627.3984375
name: model.layers.18.self_attn.o_proj.weight, type: torch.int8, ratio: 0.013346342369914055, diff: 2079.091796875, norm: 155779.890625
name: model.layers.18.mlp.gate_proj.weight, type: torch.int8, ratio: 0.0135151082649827, diff: 4529.5712890625, norm: 335148.71875
name: model.layers.18.mlp.up_proj.weight, type: torch.int8, ratio: 0.012530512176454067, diff: 4570.95751953125, norm: 364786.15625
name: model.layers.19.self_attn.q_proj.weight, type: torch.int8, ratio: 0.024907177314162254, diff: 1854.940185546875, norm: 74474.125
name: model.layers.19.self_attn.k_proj.weight, type: torch.int8, ratio: 0.02368944138288498, diff: 830.1265258789062, norm: 35042.046875
name: model.layers.19.self_attn.v_proj.weight, type: torch.int8, ratio: 0.015175717882812023, diff: 851.9219360351562, norm: 56137.17578125
name: model.layers.19.self_attn.o_proj.weight, type: torch.int8, ratio: 0.013239618390798569, diff: 2043.193359375, norm: 154324.1875
name: model.layers.19.mlp.gate_proj.weight, type: torch.int8, ratio: 0.01348485890775919, diff: 4522.935546875, norm: 335408.4375
name: model.layers.19.mlp.up_proj.weight, type: torch.int8, ratio: 0.012496039271354675, diff: 4564.0576171875, norm: 365240.34375
name: model.layers.20.self_attn.q_proj.weight, type: torch.int8, ratio: 0.026723073795437813, diff: 1861.45751953125, norm: 69657.3125
name: model.layers.20.self_attn.k_proj.weight, type: torch.int8, ratio: 0.025912310928106308, diff: 833.3990478515625, norm: 32162.28125
name: model.layers.20.self_attn.v_proj.weight, type: torch.int8, ratio: 0.017100464552640915, diff: 848.069580078125, norm: 49593.36328125
name: model.layers.20.self_attn.o_proj.weight, type: torch.int8, ratio: 0.013183963485062122, diff: 2097.783447265625, norm: 159116.296875
name: model.layers.20.mlp.gate_proj.weight, type: torch.int8, ratio: 0.013868781737983227, diff: 4514.22314453125, norm: 325495.28125
name: model.layers.20.mlp.up_proj.weight, type: torch.int8, ratio: 0.012642869725823402, diff: 4566.72900390625, norm: 361209.84375
name: model.layers.21.self_attn.q_proj.weight, type: torch.int8, ratio: 0.024885360151529312, diff: 1863.2823486328125, norm: 74874.640625
name: model.layers.21.self_attn.k_proj.weight, type: torch.int8, ratio: 0.024567479267716408, diff: 833.5418701171875, norm: 33928.66796875
name: model.layers.21.self_attn.v_proj.weight, type: torch.int8, ratio: 0.016965806484222412, diff: 848.7868041992188, norm: 50029.265625
name: model.layers.21.self_attn.o_proj.weight, type: torch.int8, ratio: 0.013123724609613419, diff: 2092.9619140625, norm: 159479.265625
name: model.layers.21.mlp.gate_proj.weight, type: torch.int8, ratio: 0.01413420308381319, diff: 4504.17041015625, norm: 318671.6875
name: model.layers.21.mlp.up_proj.weight, type: torch.int8, ratio: 0.01275419257581234, diff: 4561.97021484375, norm: 357683.96875
name: model.layers.22.self_attn.q_proj.weight, type: torch.int8, ratio: 0.02520616538822651, diff: 1859.5867919921875, norm: 73775.078125
name: model.layers.22.self_attn.k_proj.weight, type: torch.int8, ratio: 0.026193059980869293, diff: 829.754150390625, norm: 31678.396484375
name: model.layers.22.self_attn.v_proj.weight, type: torch.int8, ratio: 0.016304239630699158, diff: 848.5971069335938, norm: 52047.63671875
name: model.layers.22.self_attn.o_proj.weight, type: torch.int8, ratio: 0.01332678459584713, diff: 2098.58154296875, norm: 157470.953125
name: model.layers.22.mlp.gate_proj.weight, type: torch.int8, ratio: 0.014420482330024242, diff: 4477.17041015625, norm: 310473.0
name: model.layers.22.mlp.up_proj.weight, type: torch.int8, ratio: 0.01262667216360569, diff: 4556.97705078125, norm: 360900.875
name: model.layers.23.self_attn.q_proj.weight, type: torch.int8, ratio: 0.02395494654774666, diff: 1857.299072265625, norm: 77533.0078125
name: model.layers.23.self_attn.k_proj.weight, type: torch.int8, ratio: 0.02479386329650879, diff: 829.9042358398438, norm: 33472.1640625
name: model.layers.23.self_attn.v_proj.weight, type: torch.int8, ratio: 0.014457926154136658, diff: 854.9338989257812, norm: 59132.5390625
name: model.layers.23.self_attn.o_proj.weight, type: torch.int8, ratio: 0.013232414610683918, diff: 2020.0472412109375, norm: 152659.0
name: model.layers.23.mlp.gate_proj.weight, type: torch.int8, ratio: 0.01444318238645792, diff: 4460.41357421875, norm: 308824.84375
name: model.layers.23.mlp.up_proj.weight, type: torch.int8, ratio: 0.012597046792507172, diff: 4545.46728515625, norm: 360835.9375
name: model.layers.24.self_attn.q_proj.weight, type: torch.int8, ratio: 0.02538631111383438, diff: 1860.391845703125, norm: 73283.265625
name: model.layers.24.self_attn.k_proj.weight, type: torch.int8, ratio: 0.02550981007516384, diff: 830.7893676757812, norm: 32567.447265625
name: model.layers.24.self_attn.v_proj.weight, type: torch.int8, ratio: 0.015409983694553375, diff: 853.5098266601562, norm: 55386.80859375
name: model.layers.24.self_attn.o_proj.weight, type: torch.int8, ratio: 0.013014604337513447, diff: 2063.37841796875, norm: 158543.3125
name: model.layers.24.mlp.gate_proj.weight, type: torch.int8, ratio: 0.013933969661593437, diff: 4495.3154296875, norm: 322615.5625
name: model.layers.24.mlp.up_proj.weight, type: torch.int8, ratio: 0.01252951379865408, diff: 4560.48876953125, norm: 363979.71875
name: model.layers.25.self_attn.q_proj.weight, type: torch.int8, ratio: 0.02442435547709465, diff: 1853.6968994140625, norm: 75895.4296875
name: model.layers.25.self_attn.k_proj.weight, type: torch.int8, ratio: 0.022803042083978653, diff: 830.2788696289062, norm: 36410.8828125
name: model.layers.25.self_attn.v_proj.weight, type: torch.int8, ratio: 0.015397894196212292, diff: 848.09375, norm: 55078.5546875
name: model.layers.25.self_attn.o_proj.weight, type: torch.int8, ratio: 0.01291704922914505, diff: 2028.4644775390625, norm: 157037.765625
name: model.layers.25.mlp.gate_proj.weight, type: torch.int8, ratio: 0.013296876102685928, diff: 4507.0771484375, norm: 338957.59375
name: model.layers.25.mlp.up_proj.weight, type: torch.int8, ratio: 0.012480885721743107, diff: 4541.849609375, norm: 363904.4375
name: model.layers.26.self_attn.q_proj.weight, type: torch.int8, ratio: 0.022041162475943565, diff: 1852.244873046875, norm: 84035.71875
name: model.layers.26.self_attn.k_proj.weight, type: torch.int8, ratio: 0.0211254321038723, diff: 829.555908203125, norm: 39268.1171875
name: model.layers.26.self_attn.v_proj.weight, type: torch.int8, ratio: 0.0153414411470294, diff: 845.83154296875, norm: 55133.7734375
name: model.layers.26.self_attn.o_proj.weight, type: torch.int8, ratio: 0.012889825738966465, diff: 2018.0047607421875, norm: 156557.953125
name: model.layers.26.mlp.gate_proj.weight, type: torch.int8, ratio: 0.013278312981128693, diff: 4486.517578125, norm: 337883.09375
name: model.layers.26.mlp.up_proj.weight, type: torch.int8, ratio: 0.012559931725263596, diff: 4515.6279296875, norm: 359526.46875
name: model.layers.27.self_attn.q_proj.weight, type: torch.int8, ratio: 0.023162124678492546, diff: 1841.399169921875, norm: 79500.4453125
name: model.layers.27.self_attn.k_proj.weight, type: torch.int8, ratio: 0.02349182590842247, diff: 822.3922119140625, norm: 35007.58984375
name: model.layers.27.self_attn.v_proj.weight, type: torch.int8, ratio: 0.01595205068588257, diff: 839.60107421875, norm: 52632.80078125
name: model.layers.27.self_attn.o_proj.weight, type: torch.int8, ratio: 0.012868454679846764, diff: 2070.59521484375, norm: 160904.734375
name: model.layers.27.mlp.gate_proj.weight, type: torch.int8, ratio: 0.013582154177129269, diff: 4455.6748046875, norm: 328053.625
name: model.layers.27.mlp.up_proj.weight, type: torch.int8, ratio: 0.012657996267080307, diff: 4495.17041015625, norm: 355124.96875
name: model.layers.28.self_attn.q_proj.weight, type: torch.int8, ratio: 0.02448354661464691, diff: 1836.7669677734375, norm: 75020.4609375
name: model.layers.28.self_attn.k_proj.weight, type: torch.int8, ratio: 0.02476980723440647, diff: 821.1869506835938, norm: 33152.73828125
name: model.layers.28.self_attn.v_proj.weight, type: torch.int8, ratio: 0.015563957393169403, diff: 842.4672241210938, norm: 54129.37109375
name: model.layers.28.self_attn.o_proj.weight, type: torch.int8, ratio: 0.013442925177514553, diff: 2041.4779052734375, norm: 151862.625
name: model.layers.28.mlp.gate_proj.weight, type: torch.int8, ratio: 0.014521555975079536, diff: 4402.90576171875, norm: 303197.9375
name: model.layers.28.mlp.up_proj.weight, type: torch.int8, ratio: 0.012832517735660076, diff: 4478.345703125, norm: 348984.1875
name: model.layers.29.self_attn.q_proj.weight, type: torch.int8, ratio: 0.023389915004372597, diff: 1837.6514892578125, norm: 78565.9765625
name: model.layers.29.self_attn.k_proj.weight, type: torch.int8, ratio: 0.024280721321702003, diff: 819.7774047851562, norm: 33762.48046875
name: model.layers.29.self_attn.v_proj.weight, type: torch.int8, ratio: 0.014996706508100033, diff: 844.0118408203125, norm: 56279.8125
name: model.layers.29.self_attn.o_proj.weight, type: torch.int8, ratio: 0.013362530618906021, diff: 2034.030029296875, norm: 152218.921875
name: model.layers.29.mlp.gate_proj.weight, type: torch.int8, ratio: 0.014345167204737663, diff: 4410.80078125, norm: 307476.4375
name: model.layers.29.mlp.up_proj.weight, type: torch.int8, ratio: 0.01261277124285698, diff: 4495.89404296875, norm: 356455.6875
name: model.layers.30.self_attn.q_proj.weight, type: torch.int8, ratio: 0.022091735154390335, diff: 1834.496337890625, norm: 83039.9375
name: model.layers.30.self_attn.k_proj.weight, type: torch.int8, ratio: 0.023785633966326714, diff: 817.6337890625, norm: 34375.109375
name: model.layers.30.self_attn.v_proj.weight, type: torch.int8, ratio: 0.013729429803788662, diff: 846.57958984375, norm: 61661.671875
name: model.layers.30.self_attn.o_proj.weight, type: torch.int8, ratio: 0.01322189625352621, diff: 2012.7674560546875, norm: 152229.859375
name: model.layers.30.mlp.gate_proj.weight, type: torch.int8, ratio: 0.014055619947612286, diff: 4403.3876953125, norm: 313283.0625
name: model.layers.30.mlp.up_proj.weight, type: torch.int8, ratio: 0.012397753074765205, diff: 4493.44921875, norm: 362440.625
name: model.layers.31.self_attn.q_proj.weight, type: torch.int8, ratio: 0.020684117451310158, diff: 1834.500244140625, norm: 88691.25
name: model.layers.31.self_attn.k_proj.weight, type: torch.int8, ratio: 0.023029744625091553, diff: 815.290771484375, norm: 35401.640625
name: model.layers.31.self_attn.v_proj.weight, type: torch.int8, ratio: 0.012599066831171513, diff: 852.04931640625, norm: 67627.96875
name: model.layers.31.self_attn.o_proj.weight, type: torch.int8, ratio: 0.012775410898029804, diff: 2022.2470703125, norm: 158292.140625
name: model.layers.31.mlp.gate_proj.weight, type: torch.int8, ratio: 0.014025978744029999, diff: 4379.193359375, norm: 312220.15625
name: model.layers.31.mlp.up_proj.weight, type: torch.int8, ratio: 0.01227644458413124, diff: 4486.26416015625, norm: 365436.75
name: model.layers.32.self_attn.q_proj.weight, type: torch.int8, ratio: 0.023887814953923225, diff: 1820.797607421875, norm: 76222.859375
name: model.layers.32.self_attn.k_proj.weight, type: torch.int8, ratio: 0.027215663343667984, diff: 809.3132934570312, norm: 29737.041015625
name: model.layers.32.self_attn.v_proj.weight, type: torch.int8, ratio: 0.015030605718493462, diff: 835.626708984375, norm: 55595.01171875
name: model.layers.32.self_attn.o_proj.weight, type: torch.int8, ratio: 0.013269561342895031, diff: 2022.3614501953125, norm: 152406.046875
name: model.layers.32.mlp.gate_proj.weight, type: torch.int8, ratio: 0.015332698822021484, diff: 4323.91015625, norm: 282005.8125
name: model.layers.32.mlp.up_proj.weight, type: torch.int8, ratio: 0.012177741155028343, diff: 4483.86572265625, norm: 368201.75
name: model.layers.33.self_attn.q_proj.weight, type: torch.int8, ratio: 0.021618157625198364, diff: 1842.3704833984375, norm: 85223.2890625
name: model.layers.33.self_attn.k_proj.weight, type: torch.int8, ratio: 0.023524003103375435, diff: 821.1272583007812, norm: 34905.93359375
name: model.layers.33.self_attn.v_proj.weight, type: torch.int8, ratio: 0.015654176473617554, diff: 838.5326538085938, norm: 53566.06640625
name: model.layers.33.self_attn.o_proj.weight, type: torch.int8, ratio: 0.013734904117882252, diff: 2100.110595703125, norm: 152903.1875
name: model.layers.33.mlp.gate_proj.weight, type: torch.int8, ratio: 0.014861888252198696, diff: 4365.7724609375, norm: 293756.25
name: model.layers.33.mlp.up_proj.weight, type: torch.int8, ratio: 0.012284682132303715, diff: 4506.931640625, norm: 366874.09375
name: model.layers.34.self_attn.q_proj.weight, type: torch.int8, ratio: 0.0221435334533453, diff: 1839.0693359375, norm: 83052.2109375
name: model.layers.34.self_attn.k_proj.weight, type: torch.int8, ratio: 0.023061051964759827, diff: 821.4468994140625, norm: 35620.53125
name: model.layers.34.self_attn.v_proj.weight, type: torch.int8, ratio: 0.015252630226314068, diff: 839.9934692382812, norm: 55072.0390625
name: model.layers.34.self_attn.o_proj.weight, type: torch.int8, ratio: 0.013878917321562767, diff: 2086.27197265625, norm: 150319.5
name: model.layers.34.mlp.gate_proj.weight, type: torch.int8, ratio: 0.014649425633251667, diff: 4368.4326171875, norm: 298198.21875
name: model.layers.34.mlp.up_proj.weight, type: torch.int8, ratio: 0.012427229434251785, diff: 4493.70166015625, norm: 361601.25
name: model.layers.35.self_attn.q_proj.weight, type: torch.int8, ratio: 0.02259405329823494, diff: 1840.31494140625, norm: 81451.296875
name: model.layers.35.self_attn.k_proj.weight, type: torch.int8, ratio: 0.023078875616192818, diff: 821.9890747070312, norm: 35616.51171875
name: model.layers.35.self_attn.v_proj.weight, type: torch.int8, ratio: 0.014677884988486767, diff: 842.9993896484375, norm: 57433.30078125
name: model.layers.35.self_attn.o_proj.weight, type: torch.int8, ratio: 0.013443585485219955, diff: 2031.51416015625, norm: 151114.015625
name: model.layers.35.mlp.gate_proj.weight, type: torch.int8, ratio: 0.015153135173022747, diff: 4355.2421875, norm: 287415.25
name: model.layers.35.mlp.up_proj.weight, type: torch.int8, ratio: 0.012502442114055157, diff: 4491.10888671875, norm: 359218.53125
name: model.layers.36.self_attn.q_proj.weight, type: torch.int8, ratio: 0.022504551336169243, diff: 1844.5806884765625, norm: 81964.78125
name: model.layers.36.self_attn.k_proj.weight, type: torch.int8, ratio: 0.02383907325565815, diff: 823.7736206054688, norm: 34555.60546875
name: model.layers.36.self_attn.v_proj.weight, type: torch.int8, ratio: 0.016068555414676666, diff: 840.0446166992188, norm: 52278.7890625
name: model.layers.36.self_attn.o_proj.weight, type: torch.int8, ratio: 0.013255199417471886, diff: 2035.7635498046875, norm: 153582.265625
name: model.layers.36.mlp.gate_proj.weight, type: torch.int8, ratio: 0.014789468608796597, diff: 4384.10693359375, norm: 296434.375
name: model.layers.36.mlp.up_proj.weight, type: torch.int8, ratio: 0.012639619410037994, diff: 4500.01025390625, norm: 356024.1875
name: model.layers.37.self_attn.q_proj.weight, type: torch.int8, ratio: 0.021260205656290054, diff: 1848.51806640625, norm: 86947.328125
name: model.layers.37.self_attn.k_proj.weight, type: torch.int8, ratio: 0.02265707217156887, diff: 824.3209228515625, norm: 36382.5
name: model.layers.37.self_attn.v_proj.weight, type: torch.int8, ratio: 0.01578368991613388, diff: 841.04638671875, norm: 53285.7890625
name: model.layers.37.self_attn.o_proj.weight, type: torch.int8, ratio: 0.012731474824249744, diff: 2018.0250244140625, norm: 158506.78125
name: model.layers.37.mlp.gate_proj.weight, type: torch.int8, ratio: 0.01584118977189064, diff: 4341.94970703125, norm: 274092.40625
name: model.layers.37.mlp.up_proj.weight, type: torch.int8, ratio: 0.012785481289029121, diff: 4482.74365234375, norm: 350612.03125
name: model.layers.38.self_attn.q_proj.weight, type: torch.int8, ratio: 0.020655997097492218, diff: 1851.7003173828125, norm: 89644.6796875
name: model.layers.38.self_attn.k_proj.weight, type: torch.int8, ratio: 0.024611568078398705, diff: 821.5284423828125, norm: 33379.76953125
name: model.layers.38.self_attn.v_proj.weight, type: torch.int8, ratio: 0.015601432882249355, diff: 844.396240234375, norm: 54122.9921875
name: model.layers.38.self_attn.o_proj.weight, type: torch.int8, ratio: 0.013775194995105267, diff: 2080.0322265625, norm: 150998.390625
name: model.layers.38.mlp.gate_proj.weight, type: torch.int8, ratio: 0.015416424721479416, diff: 4375.4560546875, norm: 283817.8125
name: model.layers.38.mlp.up_proj.weight, type: torch.int8, ratio: 0.012825152836740017, diff: 4498.74365234375, norm: 350775.0625
name: model.layers.39.self_attn.q_proj.weight, type: torch.int8, ratio: 0.020249564200639725, diff: 1859.4168701171875, norm: 91825.03125
name: model.layers.39.self_attn.k_proj.weight, type: torch.int8, ratio: 0.023321859538555145, diff: 826.2245483398438, norm: 35427.04296875
name: model.layers.39.self_attn.v_proj.weight, type: torch.int8, ratio: 0.014604995958507061, diff: 852.7913208007812, norm: 58390.3828125
name: model.layers.39.self_attn.o_proj.weight, type: torch.int8, ratio: 0.013847927562892437, diff: 2055.699462890625, norm: 148448.171875
name: model.layers.39.mlp.gate_proj.weight, type: torch.int8, ratio: 0.017071139067411423, diff: 4314.30126953125, norm: 252724.875
name: model.layers.39.mlp.up_proj.weight, type: torch.int8, ratio: 0.01295031514018774, diff: 4473.37353515625, norm: 345425.84375
name: model.layers.40.self_attn.q_proj.weight, type: torch.int8, ratio: 0.02074381150305271, diff: 1860.917236328125, norm: 89709.515625
name: model.layers.40.self_attn.k_proj.weight, type: torch.int8, ratio: 0.023962877690792084, diff: 826.6553344726562, norm: 34497.33203125
name: model.layers.40.self_attn.v_proj.weight, type: torch.int8, ratio: 0.015205170027911663, diff: 848.86279296875, norm: 55827.24609375
name: model.layers.40.self_attn.o_proj.weight, type: torch.int8, ratio: 0.013111591339111328, diff: 2022.5936279296875, norm: 154259.96875
name: model.layers.40.mlp.gate_proj.weight, type: torch.int8, ratio: 0.01712900586426258, diff: 4319.87060546875, norm: 252196.234375
name: model.layers.40.mlp.up_proj.weight, type: torch.int8, ratio: 0.012980572879314423, diff: 4479.60205078125, norm: 345100.5
name: model.layers.41.self_attn.q_proj.weight, type: torch.int8, ratio: 0.020712103694677353, diff: 1854.8487548828125, norm: 89553.859375
name: model.layers.41.self_attn.k_proj.weight, type: torch.int8, ratio: 0.023052625358104706, diff: 825.1618041992188, norm: 35794.69921875
name: model.layers.41.self_attn.v_proj.weight, type: torch.int8, ratio: 0.015318100340664387, diff: 847.5546875, norm: 55330.2734375
name: model.layers.41.self_attn.o_proj.weight, type: torch.int8, ratio: 0.013842122629284859, diff: 2094.410888671875, norm: 151307.0625
name: model.layers.41.mlp.gate_proj.weight, type: torch.int8, ratio: 0.014191634953022003, diff: 4382.724609375, norm: 308824.5
name: model.layers.41.mlp.up_proj.weight, type: torch.int8, ratio: 0.012627406977117062, diff: 4490.59375, norm: 355622.78125
name: model.layers.42.self_attn.q_proj.weight, type: torch.int8, ratio: 0.019291959702968597, diff: 1851.27978515625, norm: 95961.2109375
name: model.layers.42.self_attn.k_proj.weight, type: torch.int8, ratio: 0.020658116787672043, diff: 823.8682861328125, norm: 39881.09375
name: model.layers.42.self_attn.v_proj.weight, type: torch.int8, ratio: 0.01495298184454441, diff: 841.5491943359375, norm: 56279.69140625
name: model.layers.42.self_attn.o_proj.weight, type: torch.int8, ratio: 0.01328597217798233, diff: 2027.24072265625, norm: 152585.046875
name: model.layers.42.mlp.gate_proj.weight, type: torch.int8, ratio: 0.01426311582326889, diff: 4363.84619140625, norm: 305953.21875
name: model.layers.42.mlp.up_proj.weight, type: torch.int8, ratio: 0.012864523567259312, diff: 4463.765625, norm: 346982.59375
name: model.layers.43.self_attn.q_proj.weight, type: torch.int8, ratio: 0.018833624199032784, diff: 1849.767578125, norm: 98216.234375
name: model.layers.43.self_attn.k_proj.weight, type: torch.int8, ratio: 0.020637985318899155, diff: 822.5545654296875, norm: 39856.33984375
name: model.layers.43.self_attn.v_proj.weight, type: torch.int8, ratio: 0.01572883315384388, diff: 838.3173828125, norm: 53298.12890625
name: model.layers.43.self_attn.o_proj.weight, type: torch.int8, ratio: 0.013074737973511219, diff: 2051.641357421875, norm: 156916.4375
name: model.layers.43.mlp.gate_proj.weight, type: torch.int8, ratio: 0.014197386801242828, diff: 4349.00927734375, norm: 306324.625
name: model.layers.43.mlp.up_proj.weight, type: torch.int8, ratio: 0.0129557428881526, diff: 4442.9697265625, norm: 342934.375
name: model.layers.44.self_attn.q_proj.weight, type: torch.int8, ratio: 0.02069939114153385, diff: 1839.9031982421875, norm: 88886.828125
name: model.layers.44.self_attn.k_proj.weight, type: torch.int8, ratio: 0.022685809060931206, diff: 819.7255859375, norm: 36133.84765625
name: model.layers.44.self_attn.v_proj.weight, type: torch.int8, ratio: 0.014821752905845642, diff: 845.3862915039062, norm: 57036.86328125
name: model.layers.44.self_attn.o_proj.weight, type: torch.int8, ratio: 0.013886919245123863, diff: 2045.517822265625, norm: 147298.171875
name: model.layers.44.mlp.gate_proj.weight, type: torch.int8, ratio: 0.016469839960336685, diff: 4289.6298828125, norm: 260453.640625
name: model.layers.44.mlp.up_proj.weight, type: torch.int8, ratio: 0.013704958371818066, diff: 4399.4013671875, norm: 321008.0
name: model.layers.45.self_attn.q_proj.weight, type: torch.int8, ratio: 0.019608354195952415, diff: 1849.944580078125, norm: 94344.71875
name: model.layers.45.self_attn.k_proj.weight, type: torch.int8, ratio: 0.022713247686624527, diff: 821.9130249023438, norm: 36186.50390625
name: model.layers.45.self_attn.v_proj.weight, type: torch.int8, ratio: 0.014549327082931995, diff: 850.0035400390625, norm: 58422.1875
name: model.layers.45.self_attn.o_proj.weight, type: torch.int8, ratio: 0.013582584448158741, diff: 2039.701171875, norm: 150170.328125
name: model.layers.45.mlp.gate_proj.weight, type: torch.int8, ratio: 0.015161225572228432, diff: 4333.5654296875, norm: 285832.125
name: model.layers.45.mlp.up_proj.weight, type: torch.int8, ratio: 0.013070741668343544, diff: 4439.90234375, norm: 339682.5
name: model.layers.46.self_attn.q_proj.weight, type: torch.int8, ratio: 0.01868090219795704, diff: 1850.6229248046875, norm: 99064.96875
name: model.layers.46.self_attn.k_proj.weight, type: torch.int8, ratio: 0.022137781605124474, diff: 821.0006103515625, norm: 37085.94921875
name: model.layers.46.self_attn.v_proj.weight, type: torch.int8, ratio: 0.013900871388614178, diff: 852.119140625, norm: 61299.69140625
name: model.layers.46.self_attn.o_proj.weight, type: torch.int8, ratio: 0.01309601217508316, diff: 1989.6640625, norm: 151929.0
name: model.layers.46.mlp.gate_proj.weight, type: torch.int8, ratio: 0.015071415342390537, diff: 4326.66943359375, norm: 287077.84375
name: model.layers.46.mlp.up_proj.weight, type: torch.int8, ratio: 0.012788751162588596, diff: 4444.56494140625, norm: 347537.0625
name: model.layers.47.self_attn.q_proj.weight, type: torch.int8, ratio: 0.017111051827669144, diff: 1853.994873046875, norm: 108350.7265625
name: model.layers.47.self_attn.k_proj.weight, type: torch.int8, ratio: 0.022038383409380913, diff: 816.0717163085938, norm: 37029.5625
name: model.layers.47.self_attn.v_proj.weight, type: torch.int8, ratio: 0.013003353960812092, diff: 859.2589721679688, norm: 66079.796875
name: model.layers.47.self_attn.o_proj.weight, type: torch.int8, ratio: 0.012489072978496552, diff: 2006.852294921875, norm: 160688.65625
name: model.layers.47.mlp.gate_proj.weight, type: torch.int8, ratio: 0.015344960615038872, diff: 4309.03076171875, norm: 280810.8125
name: model.layers.47.mlp.up_proj.weight, type: torch.int8, ratio: 0.01266681868582964, diff: 4437.22705078125, norm: 350303.1875
name: model.layers.48.self_attn.q_proj.weight, type: torch.int8, ratio: 0.017752336338162422, diff: 1852.2254638671875, norm: 104336.9921875
name: model.layers.48.self_attn.k_proj.weight, type: torch.int8, ratio: 0.02271958254277706, diff: 815.0852661132812, norm: 35875.890625
name: model.layers.48.self_attn.v_proj.weight, type: torch.int8, ratio: 0.016266580671072006, diff: 834.209228515625, norm: 51283.625
name: model.layers.48.self_attn.o_proj.weight, type: torch.int8, ratio: 0.012191934511065483, diff: 1950.4140625, norm: 159975.765625
name: model.layers.48.mlp.gate_proj.weight, type: torch.int8, ratio: 0.014823000878095627, diff: 4327.287109375, norm: 291930.5625
name: model.layers.48.mlp.up_proj.weight, type: torch.int8, ratio: 0.012468275614082813, diff: 4450.158203125, norm: 356918.5
name: model.layers.49.self_attn.q_proj.weight, type: torch.int8, ratio: 0.01736043579876423, diff: 1848.498046875, norm: 106477.6328125
name: model.layers.49.self_attn.k_proj.weight, type: torch.int8, ratio: 0.02267986349761486, diff: 812.8991088867188, norm: 35842.328125
name: model.layers.49.self_attn.v_proj.weight, type: torch.int8, ratio: 0.013788757845759392, diff: 845.39697265625, norm: 61310.59765625
name: model.layers.49.self_attn.o_proj.weight, type: torch.int8, ratio: 0.012647190131247044, diff: 2021.221435546875, norm: 159815.84375
name: model.layers.49.mlp.gate_proj.weight, type: torch.int8, ratio: 0.015774494037032127, diff: 4301.3583984375, norm: 272678.0625
name: model.layers.49.mlp.up_proj.weight, type: torch.int8, ratio: 0.012578200548887253, diff: 4442.6767578125, norm: 353204.46875
name: model.layers.50.self_attn.q_proj.weight, type: torch.int8, ratio: 0.017899010330438614, diff: 1849.3060302734375, norm: 103318.8984375
name: model.layers.50.self_attn.k_proj.weight, type: torch.int8, ratio: 0.024927975609898567, diff: 812.445068359375, norm: 32591.69921875
name: model.layers.50.self_attn.v_proj.weight, type: torch.int8, ratio: 0.01597009226679802, diff: 832.7466430664062, norm: 52144.13671875
name: model.layers.50.self_attn.o_proj.weight, type: torch.int8, ratio: 0.012506849132478237, diff: 2025.2052001953125, norm: 161927.6875
name: model.layers.50.mlp.gate_proj.weight, type: torch.int8, ratio: 0.01705414243042469, diff: 4279.22265625, norm: 250919.84375
name: model.layers.50.mlp.up_proj.weight, type: torch.int8, ratio: 0.012585477903485298, diff: 4458.24169921875, norm: 354236.96875
name: model.layers.51.self_attn.q_proj.weight, type: torch.int8, ratio: 0.018663745373487473, diff: 1855.922119140625, norm: 99439.9609375
name: model.layers.51.self_attn.k_proj.weight, type: torch.int8, ratio: 0.022293735295534134, diff: 821.4201049804688, norm: 36845.33203125
name: model.layers.51.self_attn.v_proj.weight, type: torch.int8, ratio: 0.017222383990883827, diff: 834.7874145507812, norm: 48471.07421875
name: model.layers.51.self_attn.o_proj.weight, type: torch.int8, ratio: 0.012567417696118355, diff: 2008.541259765625, norm: 159821.3125
name: model.layers.51.mlp.gate_proj.weight, type: torch.int8, ratio: 0.01719718612730503, diff: 4291.48828125, norm: 249545.96875
name: model.layers.51.mlp.up_proj.weight, type: torch.int8, ratio: 0.012576024048030376, diff: 4472.36376953125, norm: 355626.21875
name: model.layers.52.self_attn.q_proj.weight, type: torch.int8, ratio: 0.019327126443386078, diff: 1854.08203125, norm: 95931.59375
name: model.layers.52.self_attn.k_proj.weight, type: torch.int8, ratio: 0.025459887459874153, diff: 819.1483154296875, norm: 32174.07421875
name: model.layers.52.self_attn.v_proj.weight, type: torch.int8, ratio: 0.016687486320734024, diff: 838.431884765625, norm: 50243.1484375
name: model.layers.52.self_attn.o_proj.weight, type: torch.int8, ratio: 0.01301700808107853, diff: 2050.8115234375, norm: 157548.609375
name: model.layers.52.mlp.gate_proj.weight, type: torch.int8, ratio: 0.017357807606458664, diff: 4304.138671875, norm: 247965.5625
name: model.layers.52.mlp.up_proj.weight, type: torch.int8, ratio: 0.012668667361140251, diff: 4488.87451171875, norm: 354328.875
name: model.layers.53.self_attn.q_proj.weight, type: torch.int8, ratio: 0.01969713345170021, diff: 1857.30908203125, norm: 94293.3671875
name: model.layers.53.self_attn.k_proj.weight, type: torch.int8, ratio: 0.025532931089401245, diff: 819.4559326171875, norm: 32094.080078125
name: model.layers.53.self_attn.v_proj.weight, type: torch.int8, ratio: 0.019678013399243355, diff: 831.9807739257812, norm: 42279.71484375
name: model.layers.53.self_attn.o_proj.weight, type: torch.int8, ratio: 0.011911295354366302, diff: 1942.615234375, norm: 163090.171875
name: model.layers.53.mlp.gate_proj.weight, type: torch.int8, ratio: 0.017054399475455284, diff: 4294.625, norm: 251819.1875
name: model.layers.53.mlp.up_proj.weight, type: torch.int8, ratio: 0.012511465698480606, diff: 4485.505859375, norm: 358511.625
name: model.layers.54.self_attn.q_proj.weight, type: torch.int8, ratio: 0.01807991787791252, diff: 1861.0537109375, norm: 102934.859375
name: model.layers.54.self_attn.k_proj.weight, type: torch.int8, ratio: 0.025013472884893417, diff: 815.58447265625, norm: 32605.806640625
name: model.layers.54.self_attn.v_proj.weight, type: torch.int8, ratio: 0.01858895644545555, diff: 828.5897827148438, norm: 44574.3046875
name: model.layers.54.self_attn.o_proj.weight, type: torch.int8, ratio: 0.011898074299097061, diff: 1958.0640869140625, norm: 164569.828125
name: model.layers.54.mlp.gate_proj.weight, type: torch.int8, ratio: 0.017278455197811127, diff: 4284.73046875, norm: 247981.109375
name: model.layers.54.mlp.up_proj.weight, type: torch.int8, ratio: 0.01246847677975893, diff: 4490.43896484375, norm: 360143.34375
name: model.layers.55.self_attn.q_proj.weight, type: torch.int8, ratio: 0.018651604652404785, diff: 1855.3304443359375, norm: 99472.96875
name: model.layers.55.self_attn.k_proj.weight, type: torch.int8, ratio: 0.023482536897063255, diff: 817.2637329101562, norm: 34803.04296875
name: model.layers.55.self_attn.v_proj.weight, type: torch.int8, ratio: 0.015697939321398735, diff: 838.4855346679688, norm: 53413.734375
name: model.layers.55.self_attn.o_proj.weight, type: torch.int8, ratio: 0.012337223626673222, diff: 2003.44677734375, norm: 162390.40625
name: model.layers.55.mlp.gate_proj.weight, type: torch.int8, ratio: 0.01706250198185444, diff: 4284.2685546875, norm: 251092.625
name: model.layers.55.mlp.up_proj.weight, type: torch.int8, ratio: 0.012489698827266693, diff: 4488.72998046875, norm: 359394.5625
name: model.layers.56.self_attn.q_proj.weight, type: torch.int8, ratio: 0.020472452044487, diff: 1845.4942626953125, norm: 90145.25
name: model.layers.56.self_attn.k_proj.weight, type: torch.int8, ratio: 0.026774588972330093, diff: 815.614501953125, norm: 30462.259765625
name: model.layers.56.self_attn.v_proj.weight, type: torch.int8, ratio: 0.018636122345924377, diff: 828.91552734375, norm: 44478.96875
name: model.layers.56.self_attn.o_proj.weight, type: torch.int8, ratio: 0.012704340741038322, diff: 2094.9990234375, norm: 164904.1875
name: model.layers.56.mlp.gate_proj.weight, type: torch.int8, ratio: 0.016943693161010742, diff: 4281.1142578125, norm: 252667.125
name: model.layers.56.mlp.up_proj.weight, type: torch.int8, ratio: 0.012446562759578228, diff: 4490.6455078125, norm: 360794.03125
name: model.layers.57.self_attn.q_proj.weight, type: torch.int8, ratio: 0.01806725189089775, diff: 1855.346923828125, norm: 102691.15625
name: model.layers.57.self_attn.k_proj.weight, type: torch.int8, ratio: 0.02291964925825596, diff: 819.16357421875, norm: 35740.66796875
name: model.layers.57.self_attn.v_proj.weight, type: torch.int8, ratio: 0.020281078293919563, diff: 823.3401489257812, norm: 40596.46875
name: model.layers.57.self_attn.o_proj.weight, type: torch.int8, ratio: 0.012670022435486317, diff: 2077.8720703125, norm: 163999.078125
name: model.layers.57.mlp.gate_proj.weight, type: torch.int8, ratio: 0.01630481518805027, diff: 4291.8369140625, norm: 263225.125
name: model.layers.57.mlp.up_proj.weight, type: torch.int8, ratio: 0.01250712014734745, diff: 4484.33984375, norm: 358542.96875
name: model.layers.58.self_attn.q_proj.weight, type: torch.int8, ratio: 0.0194227434694767, diff: 1843.943603515625, norm: 94937.3359375
name: model.layers.58.self_attn.k_proj.weight, type: torch.int8, ratio: 0.028018927201628685, diff: 813.7591552734375, norm: 29043.1953125
name: model.layers.58.self_attn.v_proj.weight, type: torch.int8, ratio: 0.029942985624074936, diff: 812.822265625, norm: 27145.666015625
name: model.layers.58.self_attn.o_proj.weight, type: torch.int8, ratio: 0.013585641980171204, diff: 2224.647216796875, norm: 163749.875
name: model.layers.58.mlp.gate_proj.weight, type: torch.int8, ratio: 0.0157454963773489, diff: 4303.4638671875, norm: 273313.96875
name: model.layers.58.mlp.up_proj.weight, type: torch.int8, ratio: 0.012477069161832333, diff: 4486.96826171875, norm: 359617.15625
name: model.layers.59.self_attn.q_proj.weight, type: torch.int8, ratio: 0.021314311772584915, diff: 1833.58203125, norm: 86025.859375
name: model.layers.59.self_attn.k_proj.weight, type: torch.int8, ratio: 0.024539606645703316, diff: 813.5447387695312, norm: 33152.3125
name: model.layers.59.self_attn.v_proj.weight, type: torch.int8, ratio: 0.018318751826882362, diff: 825.9340209960938, norm: 45086.80859375
name: model.layers.59.self_attn.o_proj.weight, type: torch.int8, ratio: 0.012621857225894928, diff: 2056.3671875, norm: 162921.125
name: model.layers.59.mlp.gate_proj.weight, type: torch.int8, ratio: 0.01600812003016472, diff: 4285.92041015625, norm: 267734.15625
name: model.layers.59.mlp.up_proj.weight, type: torch.int8, ratio: 0.0127843813970685, diff: 4451.40869140625, norm: 348191.15625
name: model.layers.60.self_attn.q_proj.weight, type: torch.int8, ratio: 0.021423691883683205, diff: 1839.6815185546875, norm: 85871.359375
name: model.layers.60.self_attn.k_proj.weight, type: torch.int8, ratio: 0.027648121118545532, diff: 813.60986328125, norm: 29427.310546875
name: model.layers.60.self_attn.v_proj.weight, type: torch.int8, ratio: 0.017531225457787514, diff: 830.4534912109375, norm: 47369.9609375
name: model.layers.60.self_attn.o_proj.weight, type: torch.int8, ratio: 0.013211296871304512, diff: 2093.206298828125, norm: 158440.640625
name: model.layers.60.mlp.gate_proj.weight, type: torch.int8, ratio: 0.01770710200071335, diff: 4279.3525390625, norm: 241674.359375
name: model.layers.60.mlp.up_proj.weight, type: torch.int8, ratio: 0.013181856833398342, diff: 4450.07421875, norm: 337590.84375
name: model.layers.61.self_attn.q_proj.weight, type: torch.int8, ratio: 0.02134101465344429, diff: 1859.63037109375, norm: 87138.796875
name: model.layers.61.self_attn.k_proj.weight, type: torch.int8, ratio: 0.027251671999692917, diff: 821.9202880859375, norm: 30160.361328125
name: model.layers.61.self_attn.v_proj.weight, type: torch.int8, ratio: 0.018643440678715706, diff: 838.020263671875, norm: 44949.87109375
name: model.layers.61.self_attn.o_proj.weight, type: torch.int8, ratio: 0.012920902110636234, diff: 2041.364501953125, norm: 157989.3125
name: model.layers.61.mlp.gate_proj.weight, type: torch.int8, ratio: 0.01916392892599106, diff: 4282.77978515625, norm: 223481.3125
name: model.layers.61.mlp.up_proj.weight, type: torch.int8, ratio: 0.013973944820463657, diff: 4436.83740234375, norm: 317507.875
name: model.layers.62.self_attn.q_proj.weight, type: torch.int8, ratio: 0.022989731281995773, diff: 1857.067626953125, norm: 80778.1328125
name: model.layers.62.self_attn.k_proj.weight, type: torch.int8, ratio: 0.024624111130833626, diff: 827.2079467773438, norm: 33593.4140625
name: model.layers.62.self_attn.v_proj.weight, type: torch.int8, ratio: 0.021159565076231956, diff: 834.059326171875, norm: 39417.6015625
name: model.layers.62.self_attn.o_proj.weight, type: torch.int8, ratio: 0.01338229700922966, diff: 2086.04443359375, norm: 155880.890625
name: model.layers.62.mlp.gate_proj.weight, type: torch.int8, ratio: 0.020014770328998566, diff: 4299.32470703125, norm: 214807.59375
name: model.layers.62.mlp.up_proj.weight, type: torch.int8, ratio: 0.015310169197618961, diff: 4400.90234375, norm: 287449.625
name: model.layers.63.self_attn.q_proj.weight, type: torch.int8, ratio: 0.021372633054852486, diff: 1897.2158203125, norm: 88768.4609375
name: model.layers.63.self_attn.k_proj.weight, type: torch.int8, ratio: 0.0281318761408329, diff: 841.1670532226562, norm: 29900.8515625
name: model.layers.63.self_attn.v_proj.weight, type: torch.int8, ratio: 0.03752613067626953, diff: 837.7953491210938, norm: 22325.65234375
name: model.layers.63.self_attn.o_proj.weight, type: torch.int8, ratio: 0.01381517481058836, diff: 2112.96337890625, norm: 152945.109375
name: model.layers.63.mlp.gate_proj.weight, type: torch.int8, ratio: 0.018426084890961647, diff: 4360.86376953125, norm: 236667.953125
name: model.layers.63.mlp.up_proj.weight, type: torch.int8, ratio: 0.014951158314943314, diff: 4449.07470703125, norm: 297573.90625
name: model.layers.0.mlp.down_proj.weight, type: torch.int8, ratio: 0.026568176224827766, diff: 6012.333984375, norm: 226298.328125
name: model.layers.1.mlp.down_proj.weight, type: torch.int8, ratio: 0.05375876650214195, diff: 3872.74365234375, norm: 72039.296875
name: model.layers.2.mlp.down_proj.weight, type: torch.int8, ratio: 0.028160760179162025, diff: 3702.927978515625, norm: 131492.46875
name: model.layers.3.mlp.down_proj.weight, type: torch.int8, ratio: 0.024108991026878357, diff: 4384.08544921875, norm: 181844.421875
name: model.layers.4.mlp.down_proj.weight, type: torch.int8, ratio: 0.02426924929022789, diff: 5461.15771484375, norm: 225023.765625
name: model.layers.5.mlp.down_proj.weight, type: torch.int8, ratio: 0.020569512620568275, diff: 5159.7451171875, norm: 250844.3125
name: model.layers.6.mlp.down_proj.weight, type: torch.int8, ratio: 0.02194897271692753, diff: 5672.01318359375, norm: 258418.15625
name: model.layers.7.mlp.down_proj.weight, type: torch.int8, ratio: 0.018663324415683746, diff: 5435.18701171875, norm: 291222.875
name: model.layers.8.mlp.down_proj.weight, type: torch.int8, ratio: 0.018418380990624428, diff: 5147.1015625, norm: 279454.625
name: model.layers.9.mlp.down_proj.weight, type: torch.int8, ratio: 0.01625758595764637, diff: 4542.73193359375, norm: 279422.28125
name: model.layers.10.mlp.down_proj.weight, type: torch.int8, ratio: 0.016144366934895515, diff: 4559.33984375, norm: 282410.5625
name: model.layers.11.mlp.down_proj.weight, type: torch.int8, ratio: 0.01591331884264946, diff: 4660.35986328125, norm: 292859.09375
name: model.layers.12.mlp.down_proj.weight, type: torch.int8, ratio: 0.015324528329074383, diff: 4407.95654296875, norm: 287640.59375
name: model.layers.13.mlp.down_proj.weight, type: torch.int8, ratio: 0.01576877571642399, diff: 4471.27490234375, norm: 283552.4375
name: model.layers.14.mlp.down_proj.weight, type: torch.int8, ratio: 0.01579979993402958, diff: 4442.037109375, norm: 281145.15625
name: model.layers.15.mlp.down_proj.weight, type: torch.int8, ratio: 0.016092177480459213, diff: 4426.89306640625, norm: 275095.96875
name: model.layers.16.mlp.down_proj.weight, type: torch.int8, ratio: 0.015988577157258987, diff: 4421.07568359375, norm: 276514.65625
name: model.layers.17.mlp.down_proj.weight, type: torch.int8, ratio: 0.015928059816360474, diff: 4362.47900390625, norm: 273886.40625
name: model.layers.18.mlp.down_proj.weight, type: torch.int8, ratio: 0.016277721151709557, diff: 4397.99072265625, norm: 270184.65625
name: model.layers.19.mlp.down_proj.weight, type: torch.int8, ratio: 0.01670670509338379, diff: 4440.9150390625, norm: 265816.34375
name: model.layers.20.mlp.down_proj.weight, type: torch.int8, ratio: 0.016537073999643326, diff: 4475.8310546875, norm: 270654.34375
name: model.layers.21.mlp.down_proj.weight, type: torch.int8, ratio: 0.016360333189368248, diff: 4451.6669921875, norm: 272101.25
name: model.layers.22.mlp.down_proj.weight, type: torch.int8, ratio: 0.016619723290205002, diff: 4434.91943359375, norm: 266846.78125
name: model.layers.23.mlp.down_proj.weight, type: torch.int8, ratio: 0.016736675053834915, diff: 4466.349609375, norm: 266860.03125
name: model.layers.24.mlp.down_proj.weight, type: torch.int8, ratio: 0.01575925573706627, diff: 4367.42529296875, norm: 277133.96875
name: model.layers.25.mlp.down_proj.weight, type: torch.int8, ratio: 0.015443065203726292, diff: 4354.90283203125, norm: 281997.3125
name: model.layers.26.mlp.down_proj.weight, type: torch.int8, ratio: 0.01564810238778591, diff: 4384.029296875, norm: 280163.625
name: model.layers.27.mlp.down_proj.weight, type: torch.int8, ratio: 0.016164736822247505, diff: 4419.6455078125, norm: 273412.78125
name: model.layers.28.mlp.down_proj.weight, type: torch.int8, ratio: 0.016236338764429092, diff: 4477.4482421875, norm: 275767.125
name: model.layers.29.mlp.down_proj.weight, type: torch.int8, ratio: 0.01600302942097187, diff: 4379.7861328125, norm: 273684.8125
name: model.layers.30.mlp.down_proj.weight, type: torch.int8, ratio: 0.015644526109099388, diff: 4336.19091796875, norm: 277169.84375
name: model.layers.31.mlp.down_proj.weight, type: torch.int8, ratio: 0.015689516440033913, diff: 4294.97900390625, norm: 273748.34375
name: model.layers.32.mlp.down_proj.weight, type: torch.int8, ratio: 0.01603446714580059, diff: 4383.91162109375, norm: 273405.5
name: model.layers.33.mlp.down_proj.weight, type: torch.int8, ratio: 0.016156300902366638, diff: 4387.42333984375, norm: 271561.125
name: model.layers.34.mlp.down_proj.weight, type: torch.int8, ratio: 0.016261838376522064, diff: 4432.80419921875, norm: 272589.375
name: model.layers.35.mlp.down_proj.weight, type: torch.int8, ratio: 0.01630331389605999, diff: 4449.42919921875, norm: 272915.625
name: model.layers.36.mlp.down_proj.weight, type: torch.int8, ratio: 0.016382550820708275, diff: 4496.87158203125, norm: 274491.53125
name: model.layers.37.mlp.down_proj.weight, type: torch.int8, ratio: 0.016218559816479683, diff: 4486.2880859375, norm: 276614.46875
name: model.layers.38.mlp.down_proj.weight, type: torch.int8, ratio: 0.016566602513194084, diff: 4518.69482421875, norm: 272759.28125
name: model.layers.39.mlp.down_proj.weight, type: torch.int8, ratio: 0.01654931902885437, diff: 4560.64306640625, norm: 275578.90625
name: model.layers.40.mlp.down_proj.weight, type: torch.int8, ratio: 0.01622093841433525, diff: 4483.82177734375, norm: 276421.84375
name: model.layers.41.mlp.down_proj.weight, type: torch.int8, ratio: 0.015429006889462471, diff: 4437.76513671875, norm: 287624.8125
name: model.layers.42.mlp.down_proj.weight, type: torch.int8, ratio: 0.016115421429276466, diff: 4445.509765625, norm: 275854.40625
name: model.layers.43.mlp.down_proj.weight, type: torch.int8, ratio: 0.01603143848478794, diff: 4487.90478515625, norm: 279944.0
name: model.layers.44.mlp.down_proj.weight, type: torch.int8, ratio: 0.0164293572306633, diff: 4588.68017578125, norm: 279297.59375
name: model.layers.45.mlp.down_proj.weight, type: torch.int8, ratio: 0.016079146414995193, diff: 4546.1669921875, norm: 282736.84375
name: model.layers.46.mlp.down_proj.weight, type: torch.int8, ratio: 0.01542066503316164, diff: 4466.771484375, norm: 289661.40625
name: model.layers.47.mlp.down_proj.weight, type: torch.int8, ratio: 0.015140809118747711, diff: 4438.0849609375, norm: 293120.71875
name: model.layers.48.mlp.down_proj.weight, type: torch.int8, ratio: 0.015150133520364761, diff: 4426.61376953125, norm: 292183.15625
name: model.layers.49.mlp.down_proj.weight, type: torch.int8, ratio: 0.01570790261030197, diff: 4521.056640625, norm: 287820.53125
name: model.layers.50.mlp.down_proj.weight, type: torch.int8, ratio: 0.015780726447701454, diff: 4568.20263671875, norm: 289479.875
name: model.layers.51.mlp.down_proj.weight, type: torch.int8, ratio: 0.015328183770179749, diff: 4525.12939453125, norm: 295216.28125
name: model.layers.52.mlp.down_proj.weight, type: torch.int8, ratio: 0.015842584893107414, diff: 4552.49462890625, norm: 287358.0625
name: model.layers.53.mlp.down_proj.weight, type: torch.int8, ratio: 0.015563572756946087, diff: 4471.51171875, norm: 287306.25
name: model.layers.54.mlp.down_proj.weight, type: torch.int8, ratio: 0.015958409756422043, diff: 4344.81298828125, norm: 272258.53125
name: model.layers.55.mlp.down_proj.weight, type: torch.int8, ratio: 0.01550283096730709, diff: 4367.1396484375, norm: 281699.5
name: model.layers.56.mlp.down_proj.weight, type: torch.int8, ratio: 0.014926556497812271, diff: 4351.73828125, norm: 291543.34375
name: model.layers.57.mlp.down_proj.weight, type: torch.int8, ratio: 0.01566746085882187, diff: 4300.17919921875, norm: 274465.625
name: model.layers.58.mlp.down_proj.weight, type: torch.int8, ratio: 0.01543336734175682, diff: 4343.28466796875, norm: 281421.71875
name: model.layers.59.mlp.down_proj.weight, type: torch.int8, ratio: 0.016719454899430275, diff: 4426.4453125, norm: 264748.1875
name: model.layers.60.mlp.down_proj.weight, type: torch.int8, ratio: 0.01758689060807228, diff: 4611.49755859375, norm: 262212.21875
name: model.layers.61.mlp.down_proj.weight, type: torch.int8, ratio: 0.019387368112802505, diff: 4808.65283203125, norm: 248030.203125
name: model.layers.62.mlp.down_proj.weight, type: torch.int8, ratio: 0.026068110018968582, diff: 5164.02587890625, norm: 198097.4375
name: model.layers.63.mlp.down_proj.weight, type: torch.int8, ratio: 0.02101779729127884, diff: 5283.970703125, norm: 251404.59375
