name: model.layers.0.input_layernorm.weight, type: torch.float16, ratio: 0.028515318408608437, diff: 0.2030358761548996, norm: 7.120238780975342
name: model.layers.0.post_attention_layernorm.weight, type: torch.float16, ratio: 0.07750384509563446, diff: 0.7264292240142822, norm: 9.372815132141113
name: model.layers.1.input_layernorm.weight, type: torch.float16, ratio: 2.2123348712921143, diff: 8.839468955993652, norm: 3.9955384731292725
name: model.layers.1.post_attention_layernorm.weight, type: torch.float16, ratio: 0.17905376851558685, diff: 1.4750518798828125, norm: 8.238039016723633
name: model.layers.2.input_layernorm.weight, type: torch.float16, ratio: 1.189391016960144, diff: 7.013073444366455, norm: 5.896356582641602
name: model.layers.2.post_attention_layernorm.weight, type: torch.float16, ratio: 0.0020132444333285093, diff: 0.021362323313951492, norm: 10.610894203186035
name: model.layers.3.input_layernorm.weight, type: torch.float16, ratio: 0.3283783197402954, diff: 2.3801677227020264, norm: 7.24824857711792
name: model.layers.3.post_attention_layernorm.weight, type: torch.float16, ratio: 0.014051124453544617, diff: 0.14963190257549286, norm: 10.649105072021484
name: model.layers.4.input_layernorm.weight, type: torch.float16, ratio: 0.33650195598602295, diff: 2.654820442199707, norm: 7.889464855194092
name: model.layers.4.post_attention_layernorm.weight, type: torch.float16, ratio: 0.0011353661539033055, diff: 0.012744085863232613, norm: 11.224648475646973
name: model.layers.5.input_layernorm.weight, type: torch.float16, ratio: 0.048097796738147736, diff: 0.4320433735847473, norm: 8.9826021194458
name: model.layers.5.post_attention_layernorm.weight, type: torch.float16, ratio: 0.006714898161590099, diff: 0.07289916276931763, norm: 10.856331825256348
name: model.layers.6.input_layernorm.weight, type: torch.float16, ratio: 0.037271954119205475, diff: 0.3355041444301605, norm: 9.001517295837402
name: model.layers.6.post_attention_layernorm.weight, type: torch.float16, ratio: 0.008423360995948315, diff: 0.09061363339424133, norm: 10.75741958618164
name: model.layers.7.input_layernorm.weight, type: torch.float16, ratio: 0.03128647804260254, diff: 0.28971078991889954, norm: 9.259936332702637
name: model.layers.7.post_attention_layernorm.weight, type: torch.float16, ratio: 0.008935411460697651, diff: 0.09525049477815628, norm: 10.659889221191406
name: model.layers.8.input_layernorm.weight, type: torch.float16, ratio: 0.012147990986704826, diff: 0.10447416454553604, norm: 8.600118637084961
name: model.layers.8.post_attention_layernorm.weight, type: torch.float16, ratio: 0.004911988042294979, diff: 0.05003713443875313, norm: 10.186738014221191
name: model.layers.9.input_layernorm.weight, type: torch.float16, ratio: 0.009940776973962784, diff: 0.09234816581010818, norm: 9.289834022521973
name: model.layers.9.post_attention_layernorm.weight, type: torch.float16, ratio: 0.008937793783843517, diff: 0.08647679537534714, norm: 9.675407409667969
name: model.layers.10.input_layernorm.weight, type: torch.float16, ratio: 0.006340823136270046, diff: 0.06325934082269669, norm: 9.976518630981445
name: model.layers.10.post_attention_layernorm.weight, type: torch.float16, ratio: 0.0051680575124919415, diff: 0.051336608827114105, norm: 9.933444023132324
name: model.layers.11.input_layernorm.weight, type: torch.float16, ratio: 0.01874196156859398, diff: 0.17517000436782837, norm: 9.346406936645508
name: model.layers.11.post_attention_layernorm.weight, type: torch.float16, ratio: 0.0014926752774044871, diff: 0.015409247018396854, norm: 10.323241233825684
name: model.layers.12.input_layernorm.weight, type: torch.float16, ratio: 0.025737127289175987, diff: 0.24899181723594666, norm: 9.674421310424805
name: model.layers.12.post_attention_layernorm.weight, type: torch.float16, ratio: 0.002384238876402378, diff: 0.024396048858761787, norm: 10.232216835021973
name: model.layers.13.input_layernorm.weight, type: torch.float16, ratio: 0.00913458876311779, diff: 0.08684772253036499, norm: 9.507567405700684
name: model.layers.13.post_attention_layernorm.weight, type: torch.float16, ratio: 0.0005376627668738365, diff: 0.0055262865498661995, norm: 10.278350830078125
name: model.layers.14.input_layernorm.weight, type: torch.float16, ratio: 0.007946765050292015, diff: 0.07815477252006531, norm: 9.83479118347168
name: model.layers.14.post_attention_layernorm.weight, type: torch.float16, ratio: 0.005685215350240469, diff: 0.0586986243724823, norm: 10.324784278869629
name: model.layers.15.input_layernorm.weight, type: torch.float16, ratio: 0.039027877151966095, diff: 0.39525309205055237, norm: 10.127455711364746
name: model.layers.15.post_attention_layernorm.weight, type: torch.float16, ratio: 0.0037620579823851585, diff: 0.03959304094314575, norm: 10.524303436279297
name: model.layers.16.input_layernorm.weight, type: torch.float16, ratio: 0.007637370377779007, diff: 0.07409927248954773, norm: 9.702197074890137
name: model.layers.16.post_attention_layernorm.weight, type: torch.float16, ratio: 0.0014645700575783849, diff: 0.015394479036331177, norm: 10.511261940002441
name: model.layers.17.input_layernorm.weight, type: torch.float16, ratio: 0.03383440524339676, diff: 0.3432275652885437, norm: 10.144335746765137
name: model.layers.17.post_attention_layernorm.weight, type: torch.float16, ratio: 0.0114622563123703, diff: 0.11994019895792007, norm: 10.4639253616333
name: model.layers.18.input_layernorm.weight, type: torch.float16, ratio: 0.006519040558487177, diff: 0.06569498032331467, norm: 10.077400207519531
name: model.layers.18.post_attention_layernorm.weight, type: torch.float16, ratio: 0.003779243677854538, diff: 0.03934069722890854, norm: 10.409674644470215
name: model.layers.19.input_layernorm.weight, type: torch.float16, ratio: 0.008963227272033691, diff: 0.09211748838424683, norm: 10.277268409729004
name: model.layers.19.post_attention_layernorm.weight, type: torch.float16, ratio: 0.001629436039365828, diff: 0.017073048278689384, norm: 10.477888107299805
name: model.layers.20.input_layernorm.weight, type: torch.float16, ratio: 0.030232563614845276, diff: 0.300800621509552, norm: 9.949557304382324
name: model.layers.20.post_attention_layernorm.weight, type: torch.float16, ratio: 0.0036853800993412733, diff: 0.03841317817568779, norm: 10.423125267028809
name: model.layers.21.input_layernorm.weight, type: torch.float16, ratio: 0.0030111302621662617, diff: 0.031191643327474594, norm: 10.358782768249512
name: model.layers.21.post_attention_layernorm.weight, type: torch.float16, ratio: 0.0029130475595593452, diff: 0.03038359060883522, norm: 10.43017292022705
name: model.layers.22.input_layernorm.weight, type: torch.float16, ratio: 0.003047614125534892, diff: 0.03210517391562462, norm: 10.534526824951172
name: model.layers.22.post_attention_layernorm.weight, type: torch.float16, ratio: 0.0007778330473229289, diff: 0.008171317167580128, norm: 10.505232810974121
name: model.layers.23.input_layernorm.weight, type: torch.float16, ratio: 0.009745494462549686, diff: 0.10401459038257599, norm: 10.673095703125
name: model.layers.23.post_attention_layernorm.weight, type: torch.float16, ratio: 0.0013952257577329874, diff: 0.014806482940912247, norm: 10.612248420715332
name: model.layers.24.input_layernorm.weight, type: torch.float16, ratio: 0.001992820529267192, diff: 0.02134564146399498, norm: 10.711271286010742
name: model.layers.24.post_attention_layernorm.weight, type: torch.float16, ratio: 0.0029407013207674026, diff: 0.031297363340854645, norm: 10.642823219299316
name: model.layers.25.input_layernorm.weight, type: torch.float16, ratio: 0.0258169062435627, diff: 0.28225985169410706, norm: 10.93313980102539
name: model.layers.25.post_attention_layernorm.weight, type: torch.float16, ratio: 0.0013256079982966185, diff: 0.013934553600847721, norm: 10.511820793151855
name: model.layers.26.input_layernorm.weight, type: torch.float16, ratio: 0.00563890440389514, diff: 0.06055189296603203, norm: 10.738237380981445
name: model.layers.26.post_attention_layernorm.weight, type: torch.float16, ratio: 0.005090050864964724, diff: 0.05323832482099533, norm: 10.459291458129883
name: model.layers.27.input_layernorm.weight, type: torch.float16, ratio: 0.00415841955691576, diff: 0.043975040316581726, norm: 10.57494068145752
name: model.layers.27.post_attention_layernorm.weight, type: torch.float16, ratio: 0.0009106057696044445, diff: 0.009447754360735416, norm: 10.37524127960205
name: model.layers.28.input_layernorm.weight, type: torch.float16, ratio: 0.0021195358131080866, diff: 0.022309085354208946, norm: 10.525458335876465
name: model.layers.28.post_attention_layernorm.weight, type: torch.float16, ratio: 0.0010961679508909583, diff: 0.011341633275151253, norm: 10.346620559692383
name: model.layers.29.input_layernorm.weight, type: torch.float16, ratio: 0.006263638846576214, diff: 0.06575261801481247, norm: 10.49751091003418
name: model.layers.29.post_attention_layernorm.weight, type: torch.float16, ratio: 0.0031709910836070776, diff: 0.0325155071914196, norm: 10.25405216217041
name: model.layers.30.input_layernorm.weight, type: torch.float16, ratio: 0.003194662043824792, diff: 0.0333411805331707, norm: 10.436528205871582
name: model.layers.30.post_attention_layernorm.weight, type: torch.float16, ratio: 0.0005893137422390282, diff: 0.005996995139867067, norm: 10.17623519897461
name: model.layers.31.input_layernorm.weight, type: torch.float16, ratio: 0.010631476528942585, diff: 0.11064839363098145, norm: 10.407622337341309
name: model.layers.31.post_attention_layernorm.weight, type: torch.float16, ratio: 0.0029398074839264154, diff: 0.03007623367011547, norm: 10.230681419372559
name: model.layers.32.input_layernorm.weight, type: torch.float16, ratio: 0.008433768525719643, diff: 0.0838775634765625, norm: 9.945443153381348
name: model.layers.32.post_attention_layernorm.weight, type: torch.float16, ratio: 0.0005038553499616683, diff: 0.00535723939538002, norm: 10.632494926452637
name: model.layers.33.input_layernorm.weight, type: torch.float16, ratio: 0.0019509295234456658, diff: 0.021080007776618004, norm: 10.805109977722168
name: model.layers.33.post_attention_layernorm.weight, type: torch.float16, ratio: 0.0013237809762358665, diff: 0.014322704635560513, norm: 10.81954288482666
name: model.layers.34.input_layernorm.weight, type: torch.float16, ratio: 0.013889361172914505, diff: 0.15178030729293823, norm: 10.927810668945312
name: model.layers.34.post_attention_layernorm.weight, type: torch.float16, ratio: 0.002509243320673704, diff: 0.027572767809033394, norm: 10.988478660583496
name: model.layers.35.input_layernorm.weight, type: torch.float16, ratio: 0.008910388685762882, diff: 0.0997331440448761, norm: 11.192906379699707
name: model.layers.35.post_attention_layernorm.weight, type: torch.float16, ratio: 0.0012161675840616226, diff: 0.013627997599542141, norm: 11.205690383911133
name: model.layers.36.input_layernorm.weight, type: torch.float16, ratio: 0.001844394369982183, diff: 0.020930569618940353, norm: 11.348207473754883
name: model.layers.36.post_attention_layernorm.weight, type: torch.float16, ratio: 0.003393574384972453, diff: 0.03868512809276581, norm: 11.39952278137207
name: model.layers.37.input_layernorm.weight, type: torch.float16, ratio: 0.0010170014575123787, diff: 0.011941387318074703, norm: 11.74176025390625
name: model.layers.37.post_attention_layernorm.weight, type: torch.float16, ratio: 0.0005923692951910198, diff: 0.006817879155278206, norm: 11.50950813293457
name: model.layers.38.input_layernorm.weight, type: torch.float16, ratio: 0.0011101070558652282, diff: 0.013284479267895222, norm: 11.966845512390137
name: model.layers.38.post_attention_layernorm.weight, type: torch.float16, ratio: 0.0006219186470843852, diff: 0.007443519774824381, norm: 11.968639373779297
name: model.layers.39.input_layernorm.weight, type: torch.float16, ratio: 0.00802885927259922, diff: 0.09769906103610992, norm: 12.168485641479492
name: model.layers.39.post_attention_layernorm.weight, type: torch.float16, ratio: 0.007073971442878246, diff: 0.08230728656053543, norm: 11.63523006439209
name: model.layers.40.input_layernorm.weight, type: torch.float16, ratio: 0.0014101046836003661, diff: 0.016976719722151756, norm: 12.03933334350586
name: model.layers.40.post_attention_layernorm.weight, type: torch.float16, ratio: 0.0013324660249054432, diff: 0.015590032562613487, norm: 11.700135231018066
name: model.layers.41.input_layernorm.weight, type: torch.float16, ratio: 0.002241200301796198, diff: 0.027648314833641052, norm: 12.336387634277344
name: model.layers.41.post_attention_layernorm.weight, type: torch.float16, ratio: 0.0008095512166619301, diff: 0.00942830927670002, norm: 11.646340370178223
name: model.layers.42.input_layernorm.weight, type: torch.float16, ratio: 0.002261233050376177, diff: 0.02703351527452469, norm: 11.955209732055664
name: model.layers.42.post_attention_layernorm.weight, type: torch.float16, ratio: 0.0007303791353479028, diff: 0.008445910178124905, norm: 11.56373405456543
name: model.layers.43.input_layernorm.weight, type: torch.float16, ratio: 0.0012589545221999288, diff: 0.014853020198643208, norm: 11.797900199890137
name: model.layers.43.post_attention_layernorm.weight, type: torch.float16, ratio: 0.0014360997593030334, diff: 0.016370262950658798, norm: 11.399112701416016
name: model.layers.44.input_layernorm.weight, type: torch.float16, ratio: 0.0011841011000797153, diff: 0.013675572350621223, norm: 11.549328804016113
name: model.layers.44.post_attention_layernorm.weight, type: torch.float16, ratio: 0.002263725036755204, diff: 0.025466004386544228, norm: 11.249601364135742
name: model.layers.45.input_layernorm.weight, type: torch.float16, ratio: 0.0012179601471871138, diff: 0.013902767561376095, norm: 11.414796829223633
name: model.layers.45.post_attention_layernorm.weight, type: torch.float16, ratio: 0.0011290468974038959, diff: 0.0124580143019557, norm: 11.034098625183105
name: model.layers.46.input_layernorm.weight, type: torch.float16, ratio: 0.0069472952745854855, diff: 0.07741546630859375, norm: 11.1432523727417
name: model.layers.46.post_attention_layernorm.weight, type: torch.float16, ratio: 0.0017315238947048783, diff: 0.018727557733654976, norm: 10.815650939941406
name: model.layers.47.input_layernorm.weight, type: torch.float16, ratio: 0.0003426038892939687, diff: 0.0037098710890859365, norm: 10.828455924987793
name: model.layers.47.post_attention_layernorm.weight, type: torch.float16, ratio: 0.00043250489397905767, diff: 0.004636113066226244, norm: 10.719215393066406
name: model.layers.48.input_layernorm.weight, type: torch.float16, ratio: 0.0016031720442697406, diff: 0.016953853890299797, norm: 10.575193405151367
name: model.layers.48.post_attention_layernorm.weight, type: torch.float16, ratio: 0.0005501219420693815, diff: 0.005780505016446114, norm: 10.507678985595703
name: model.layers.49.input_layernorm.weight, type: torch.float16, ratio: 0.000944848929066211, diff: 0.009808452799916267, norm: 10.380974769592285
name: model.layers.49.post_attention_layernorm.weight, type: torch.float16, ratio: 0.001375791267491877, diff: 0.014236883260309696, norm: 10.34814167022705
name: model.layers.50.input_layernorm.weight, type: torch.float16, ratio: 0.023049017414450645, diff: 0.2346375733613968, norm: 10.179938316345215
name: model.layers.50.post_attention_layernorm.weight, type: torch.float16, ratio: 0.0013611612375825644, diff: 0.013979743234813213, norm: 10.270453453063965
name: model.layers.51.input_layernorm.weight, type: torch.float16, ratio: 0.00030880660051479936, diff: 0.003024600213393569, norm: 9.794480323791504
name: model.layers.51.post_attention_layernorm.weight, type: torch.float16, ratio: 0.0004491717554628849, diff: 0.004615119658410549, norm: 10.27473258972168
name: model.layers.52.input_layernorm.weight, type: torch.float16, ratio: 0.005734493024647236, diff: 0.05727394297719002, norm: 9.987621307373047
name: model.layers.52.post_attention_layernorm.weight, type: torch.float16, ratio: 0.0009580872720107436, diff: 0.009713346138596535, norm: 10.13826847076416
name: model.layers.53.input_layernorm.weight, type: torch.float16, ratio: 0.0006518497248180211, diff: 0.006218948867172003, norm: 9.540464401245117
name: model.layers.53.post_attention_layernorm.weight, type: torch.float16, ratio: 0.00040283112321048975, diff: 0.004067032597959042, norm: 10.096122741699219
name: model.layers.54.input_layernorm.weight, type: torch.float16, ratio: 0.0003596438909880817, diff: 0.0034081796184182167, norm: 9.476539611816406
name: model.layers.54.post_attention_layernorm.weight, type: torch.float16, ratio: 0.0007054116576910019, diff: 0.007092784624546766, norm: 10.054816246032715
name: model.layers.55.input_layernorm.weight, type: torch.float16, ratio: 0.0017952137859538198, diff: 0.0170174241065979, norm: 9.479330062866211
name: model.layers.55.post_attention_layernorm.weight, type: torch.float16, ratio: 0.004299802705645561, diff: 0.04304125905036926, norm: 10.010054588317871
name: model.layers.56.input_layernorm.weight, type: torch.float16, ratio: 0.010791647247970104, diff: 0.10198680311441422, norm: 9.450531959533691
name: model.layers.56.post_attention_layernorm.weight, type: torch.float16, ratio: 0.004300673026591539, diff: 0.042992524802684784, norm: 9.996697425842285
name: model.layers.57.input_layernorm.weight, type: torch.float16, ratio: 0.00021494754764717072, diff: 0.0020378483459353447, norm: 9.480677604675293
name: model.layers.57.post_attention_layernorm.weight, type: torch.float16, ratio: 0.00043409239151515067, diff: 0.0043467809446156025, norm: 10.013492584228516
name: model.layers.58.input_layernorm.weight, type: torch.float16, ratio: 0.0038692422676831484, diff: 0.03504567965865135, norm: 9.057504653930664
name: model.layers.58.post_attention_layernorm.weight, type: torch.float16, ratio: 0.0021618397440761328, diff: 0.02170809917151928, norm: 10.04149341583252
name: model.layers.59.input_layernorm.weight, type: torch.float16, ratio: 0.0008754831505939364, diff: 0.00842546671628952, norm: 9.623790740966797
name: model.layers.59.post_attention_layernorm.weight, type: torch.float16, ratio: 0.008546456694602966, diff: 0.08893726766109467, norm: 10.406332015991211
name: model.layers.60.input_layernorm.weight, type: torch.float16, ratio: 0.015460682101547718, diff: 0.15126705169677734, norm: 9.78398323059082
name: model.layers.60.post_attention_layernorm.weight, type: torch.float16, ratio: 0.0009002965525723994, diff: 0.009586819447577, norm: 10.648512840270996
name: model.layers.61.input_layernorm.weight, type: torch.float16, ratio: 0.0010601109825074673, diff: 0.010504351928830147, norm: 9.90872859954834
name: model.layers.61.post_attention_layernorm.weight, type: torch.float16, ratio: 0.004229889716953039, diff: 0.04493376985192299, norm: 10.622917175292969
name: model.layers.62.input_layernorm.weight, type: torch.float16, ratio: 0.014409802854061127, diff: 0.15337416529655457, norm: 10.64373779296875
name: model.layers.62.post_attention_layernorm.weight, type: torch.float16, ratio: 0.0025943636428564787, diff: 0.0301637165248394, norm: 11.626633644104004
name: model.layers.63.input_layernorm.weight, type: torch.float16, ratio: 0.00011485371214803308, diff: 0.0012632120633497834, norm: 10.998443603515625
name: model.layers.63.post_attention_layernorm.weight, type: torch.float16, ratio: 0.0, diff: 0.0, norm: 12.302824974060059
name: model.layers.0.self_attn.q_proj.weight, type: torch.int8, ratio: 0.028225278481841087, diff: 2864.240478515625, norm: 101477.84375
name: model.layers.0.self_attn.k_proj.weight, type: torch.int8, ratio: 0.02357114665210247, diff: 1259.007568359375, norm: 53413.08203125
name: model.layers.0.self_attn.v_proj.weight, type: torch.int8, ratio: 0.03524453565478325, diff: 2357.1904296875, norm: 66881.015625
name: model.layers.0.self_attn.o_proj.weight, type: torch.int8, ratio: 0.031135711818933487, diff: 4271.095703125, norm: 137176.75
name: model.layers.0.mlp.gate_proj.weight, type: torch.int8, ratio: 0.0370151661336422, diff: 7522.3837890625, norm: 203224.375
name: model.layers.0.mlp.up_proj.weight, type: torch.int8, ratio: 0.03580368682742119, diff: 8042.6171875, norm: 224630.984375
name: model.layers.1.self_attn.q_proj.weight, type: torch.int8, ratio: 0.0561232827603817, diff: 1403.837646484375, norm: 25013.462890625
name: model.layers.1.self_attn.k_proj.weight, type: torch.int8, ratio: 0.049363378435373306, diff: 724.2672119140625, norm: 14672.15625
name: model.layers.1.self_attn.v_proj.weight, type: torch.int8, ratio: 0.04590413719415665, diff: 1117.4560546875, norm: 24343.25390625
name: model.layers.1.self_attn.o_proj.weight, type: torch.int8, ratio: 0.03251871094107628, diff: 4388.208984375, norm: 134944.125
name: model.layers.1.mlp.gate_proj.weight, type: torch.int8, ratio: 0.05665883794426918, diff: 2954.252685546875, norm: 52141.07421875
name: model.layers.1.mlp.up_proj.weight, type: torch.int8, ratio: 0.060150083154439926, diff: 4088.77001953125, norm: 67976.1328125
name: model.layers.2.self_attn.q_proj.weight, type: torch.int8, ratio: 0.05601407587528229, diff: 1887.06591796875, norm: 33689.13671875
name: model.layers.2.self_attn.k_proj.weight, type: torch.int8, ratio: 0.05544393137097359, diff: 856.1875, norm: 15442.40234375
name: model.layers.2.self_attn.v_proj.weight, type: torch.int8, ratio: 0.036684297025203705, diff: 1243.52001953125, norm: 33897.8828125
name: model.layers.2.self_attn.o_proj.weight, type: torch.int8, ratio: 0.028874948620796204, diff: 4251.79150390625, norm: 147248.453125
name: model.layers.2.mlp.gate_proj.weight, type: torch.int8, ratio: 0.05093933641910553, diff: 3474.590087890625, norm: 68210.3515625
name: model.layers.2.mlp.up_proj.weight, type: torch.int8, ratio: 0.0645478367805481, diff: 6028.90087890625, norm: 93402.0546875
name: model.layers.3.self_attn.q_proj.weight, type: torch.int8, ratio: 0.045373398810625076, diff: 2277.58544921875, norm: 50196.4921875
name: model.layers.3.self_attn.k_proj.weight, type: torch.int8, ratio: 0.04753948375582695, diff: 984.6354370117188, norm: 20711.951171875
name: model.layers.3.self_attn.v_proj.weight, type: torch.int8, ratio: 0.03984328359365463, diff: 1418.9957275390625, norm: 35614.42578125
name: model.layers.3.self_attn.o_proj.weight, type: torch.int8, ratio: 0.027798395603895187, diff: 4244.462890625, norm: 152687.328125
name: model.layers.3.mlp.gate_proj.weight, type: torch.int8, ratio: 0.04878200590610504, diff: 4044.855712890625, norm: 82916.9609375
name: model.layers.3.mlp.up_proj.weight, type: torch.int8, ratio: 0.055258601903915405, diff: 7127.2587890625, norm: 128980.078125
name: model.layers.4.self_attn.q_proj.weight, type: torch.int8, ratio: 0.04509543627500534, diff: 2311.083251953125, norm: 51248.71875
name: model.layers.4.self_attn.k_proj.weight, type: torch.int8, ratio: 0.044643696397542953, diff: 988.9666137695312, norm: 22152.435546875
name: model.layers.4.self_attn.v_proj.weight, type: torch.int8, ratio: 0.03394710645079613, diff: 1329.8192138671875, norm: 39173.26953125
name: model.layers.4.self_attn.o_proj.weight, type: torch.int8, ratio: 0.026418978348374367, diff: 4159.77587890625, norm: 157454.078125
name: model.layers.4.mlp.gate_proj.weight, type: torch.int8, ratio: 0.042542364448308945, diff: 4610.43408203125, norm: 108372.7734375
name: model.layers.4.mlp.up_proj.weight, type: torch.int8, ratio: 0.04700218886137009, diff: 7863.8828125, norm: 167308.859375
name: model.layers.5.self_attn.q_proj.weight, type: torch.int8, ratio: 0.038394831120967865, diff: 2604.94482421875, norm: 67846.234375
name: model.layers.5.self_attn.k_proj.weight, type: torch.int8, ratio: 0.03711137920618057, diff: 1118.3045654296875, norm: 30133.736328125
name: model.layers.5.self_attn.v_proj.weight, type: torch.int8, ratio: 0.03301240876317024, diff: 1326.3792724609375, norm: 40178.203125
name: model.layers.5.self_attn.o_proj.weight, type: torch.int8, ratio: 0.025586672127246857, diff: 4148.169921875, norm: 162122.296875
name: model.layers.5.mlp.gate_proj.weight, type: torch.int8, ratio: 0.04541846364736557, diff: 5008.40234375, norm: 110272.3828125
name: model.layers.5.mlp.up_proj.weight, type: torch.int8, ratio: 0.037521105259656906, diff: 8511.9404296875, norm: 226857.40625
name: model.layers.6.self_attn.q_proj.weight, type: torch.int8, ratio: 0.03962472453713417, diff: 2541.822265625, norm: 64147.3828125
name: model.layers.6.self_attn.k_proj.weight, type: torch.int8, ratio: 0.03787475451827049, diff: 1111.0616455078125, norm: 29335.150390625
name: model.layers.6.self_attn.v_proj.weight, type: torch.int8, ratio: 0.02979881875216961, diff: 1412.6751708984375, norm: 47407.0859375
name: model.layers.6.self_attn.o_proj.weight, type: torch.int8, ratio: 0.025530492886900902, diff: 4101.41064453125, norm: 160647.53125
name: model.layers.6.mlp.gate_proj.weight, type: torch.int8, ratio: 0.05747808516025543, diff: 4685.73828125, norm: 81522.171875
name: model.layers.6.mlp.up_proj.weight, type: torch.int8, ratio: 0.03374016657471657, diff: 8106.96044921875, norm: 240276.234375
name: model.layers.7.self_attn.q_proj.weight, type: torch.int8, ratio: 0.037065569311380386, diff: 2646.5751953125, norm: 71402.5234375
name: model.layers.7.self_attn.k_proj.weight, type: torch.int8, ratio: 0.036621250212192535, diff: 1151.8585205078125, norm: 31453.283203125
name: model.layers.7.self_attn.v_proj.weight, type: torch.int8, ratio: 0.02750808373093605, diff: 1481.306884765625, norm: 53849.875
name: model.layers.7.self_attn.o_proj.weight, type: torch.int8, ratio: 0.025135964155197144, diff: 4096.38623046875, norm: 162969.125
name: model.layers.7.mlp.gate_proj.weight, type: torch.int8, ratio: 0.05160946771502495, diff: 5281.34521484375, norm: 102332.875
name: model.layers.7.mlp.up_proj.weight, type: torch.int8, ratio: 0.029299572110176086, diff: 9490.4482421875, norm: 323910.8125
name: model.layers.8.self_attn.q_proj.weight, type: torch.int8, ratio: 0.040560200810432434, diff: 2483.350830078125, norm: 61226.296875
name: model.layers.8.self_attn.k_proj.weight, type: torch.int8, ratio: 0.039247434586286545, diff: 1095.7020263671875, norm: 27917.798828125
name: model.layers.8.self_attn.v_proj.weight, type: torch.int8, ratio: 0.03203139081597328, diff: 1423.323974609375, norm: 44435.28515625
name: model.layers.8.self_attn.o_proj.weight, type: torch.int8, ratio: 0.02594318799674511, diff: 4109.1787109375, norm: 158391.4375
name: model.layers.8.mlp.gate_proj.weight, type: torch.int8, ratio: 0.04365900158882141, diff: 5878.248046875, norm: 134640.0
name: model.layers.8.mlp.up_proj.weight, type: torch.int8, ratio: 0.02846955880522728, diff: 10143.3974609375, norm: 356289.25
name: model.layers.9.self_attn.q_proj.weight, type: torch.int8, ratio: 0.03662324324250221, diff: 2674.0712890625, norm: 73015.6875
name: model.layers.9.self_attn.k_proj.weight, type: torch.int8, ratio: 0.036552347242832184, diff: 1130.0394287109375, norm: 30915.64453125
name: model.layers.9.self_attn.v_proj.weight, type: torch.int8, ratio: 0.028384461998939514, diff: 1451.7723388671875, norm: 51146.7265625
name: model.layers.9.self_attn.o_proj.weight, type: torch.int8, ratio: 0.025972535833716393, diff: 4056.195556640625, norm: 156172.484375
name: model.layers.9.mlp.gate_proj.weight, type: torch.int8, ratio: 0.03087872825562954, diff: 7965.90234375, norm: 257973.78125
name: model.layers.9.mlp.up_proj.weight, type: torch.int8, ratio: 0.027828091755509377, diff: 10119.1552734375, norm: 363630.9375
name: model.layers.10.self_attn.q_proj.weight, type: torch.int8, ratio: 0.032240934669971466, diff: 3013.67626953125, norm: 93473.6015625
name: model.layers.10.self_attn.k_proj.weight, type: torch.int8, ratio: 0.03141270577907562, diff: 1279.0926513671875, norm: 40718.95703125
name: model.layers.10.self_attn.v_proj.weight, type: torch.int8, ratio: 0.028243916109204292, diff: 1569.6502685546875, norm: 55574.80859375
name: model.layers.10.self_attn.o_proj.weight, type: torch.int8, ratio: 0.026352658867836, diff: 4175.662109375, norm: 158453.15625
name: model.layers.10.mlp.gate_proj.weight, type: torch.int8, ratio: 0.03112833946943283, diff: 7849.474609375, norm: 252164.90625
name: model.layers.10.mlp.up_proj.weight, type: torch.int8, ratio: 0.027742112055420876, diff: 10102.857421875, norm: 364170.4375
name: model.layers.11.self_attn.q_proj.weight, type: torch.int8, ratio: 0.03674803674221039, diff: 2616.566162109375, norm: 71202.8828125
name: model.layers.11.self_attn.k_proj.weight, type: torch.int8, ratio: 0.035167012363672256, diff: 1097.25927734375, norm: 31201.37890625
name: model.layers.11.self_attn.v_proj.weight, type: torch.int8, ratio: 0.03032921440899372, diff: 1388.266845703125, norm: 45773.25390625
name: model.layers.11.self_attn.o_proj.weight, type: torch.int8, ratio: 0.026453841477632523, diff: 4115.74658203125, norm: 155582.1875
name: model.layers.11.mlp.gate_proj.weight, type: torch.int8, ratio: 0.02996809594333172, diff: 8383.978515625, norm: 279763.46875
name: model.layers.11.mlp.up_proj.weight, type: torch.int8, ratio: 0.027820680290460587, diff: 10353.1904296875, norm: 372140.09375
name: model.layers.12.self_attn.q_proj.weight, type: torch.int8, ratio: 0.036551568657159805, diff: 2718.481201171875, norm: 74373.859375
name: model.layers.12.self_attn.k_proj.weight, type: torch.int8, ratio: 0.035543765872716904, diff: 1155.00048828125, norm: 32495.1640625
name: model.layers.12.self_attn.v_proj.weight, type: torch.int8, ratio: 0.02827395685017109, diff: 1617.2965087890625, norm: 57200.92578125
name: model.layers.12.self_attn.o_proj.weight, type: torch.int8, ratio: 0.026912281289696693, diff: 4243.29931640625, norm: 157671.484375
name: model.layers.12.mlp.gate_proj.weight, type: torch.int8, ratio: 0.028352197259664536, diff: 9376.49609375, norm: 330714.96875
name: model.layers.12.mlp.up_proj.weight, type: torch.int8, ratio: 0.027625534683465958, diff: 10386.3525390625, norm: 375969.28125
name: model.layers.13.self_attn.q_proj.weight, type: torch.int8, ratio: 0.03693954646587372, diff: 2699.913818359375, norm: 73090.0625
name: model.layers.13.self_attn.k_proj.weight, type: torch.int8, ratio: 0.036178480833768845, diff: 1154.408447265625, norm: 31908.705078125
name: model.layers.13.self_attn.v_proj.weight, type: torch.int8, ratio: 0.028626788407564163, diff: 1512.305908203125, norm: 52828.34765625
name: model.layers.13.self_attn.o_proj.weight, type: torch.int8, ratio: 0.026932258158922195, diff: 4210.01953125, norm: 156318.84375
name: model.layers.13.mlp.gate_proj.weight, type: torch.int8, ratio: 0.02865772880613804, diff: 9442.740234375, norm: 329500.65625
name: model.layers.13.mlp.up_proj.weight, type: torch.int8, ratio: 0.02788081206381321, diff: 10399.49609375, norm: 372998.3125
name: model.layers.14.self_attn.q_proj.weight, type: torch.int8, ratio: 0.034790609031915665, diff: 2829.54638671875, norm: 81330.75
name: model.layers.14.self_attn.k_proj.weight, type: torch.int8, ratio: 0.03423565998673439, diff: 1178.817626953125, norm: 34432.44921875
name: model.layers.14.self_attn.v_proj.weight, type: torch.int8, ratio: 0.028568899258971214, diff: 1594.8896484375, norm: 55826.078125
name: model.layers.14.self_attn.o_proj.weight, type: torch.int8, ratio: 0.027176298201084137, diff: 4375.67529296875, norm: 161010.71875
name: model.layers.14.mlp.gate_proj.weight, type: torch.int8, ratio: 0.028938118368387222, diff: 9526.583984375, norm: 329205.375
name: model.layers.14.mlp.up_proj.weight, type: torch.int8, ratio: 0.02812313288450241, diff: 10466.6328125, norm: 372171.65625
name: model.layers.15.self_attn.q_proj.weight, type: torch.int8, ratio: 0.03520830720663071, diff: 2925.534912109375, norm: 83092.1796875
name: model.layers.15.self_attn.k_proj.weight, type: torch.int8, ratio: 0.03521066531538963, diff: 1220.0848388671875, norm: 34651.00390625
name: model.layers.15.self_attn.v_proj.weight, type: torch.int8, ratio: 0.02714434452354908, diff: 1725.7615966796875, norm: 63577.20703125
name: model.layers.15.self_attn.o_proj.weight, type: torch.int8, ratio: 0.027460122480988503, diff: 4440.8369140625, norm: 161719.484375
name: model.layers.15.mlp.gate_proj.weight, type: torch.int8, ratio: 0.029447566717863083, diff: 9552.126953125, norm: 324377.46875
name: model.layers.15.mlp.up_proj.weight, type: torch.int8, ratio: 0.028752828016877174, diff: 10602.2353515625, norm: 368737.125
name: model.layers.16.self_attn.q_proj.weight, type: torch.int8, ratio: 0.03798152878880501, diff: 2660.34619140625, norm: 70043.15625
name: model.layers.16.self_attn.k_proj.weight, type: torch.int8, ratio: 0.036928486078977585, diff: 1123.5496826171875, norm: 30425.013671875
name: model.layers.16.self_attn.v_proj.weight, type: torch.int8, ratio: 0.029156234115362167, diff: 1665.631103515625, norm: 57127.78515625
name: model.layers.16.self_attn.o_proj.weight, type: torch.int8, ratio: 0.02848130278289318, diff: 4375.89501953125, norm: 153640.96875
name: model.layers.16.mlp.gate_proj.weight, type: torch.int8, ratio: 0.0291356910020113, diff: 9903.810546875, norm: 339920.21875
name: model.layers.16.mlp.up_proj.weight, type: torch.int8, ratio: 0.028732087463140488, diff: 10554.4375, norm: 367339.75
name: model.layers.17.self_attn.q_proj.weight, type: torch.int8, ratio: 0.035461992025375366, diff: 2791.6689453125, norm: 78722.84375
name: model.layers.17.self_attn.k_proj.weight, type: torch.int8, ratio: 0.034574251621961594, diff: 1186.0467529296875, norm: 34304.3359375
name: model.layers.17.self_attn.v_proj.weight, type: torch.int8, ratio: 0.03036653622984886, diff: 1641.51611328125, norm: 54056.74609375
name: model.layers.17.self_attn.o_proj.weight, type: torch.int8, ratio: 0.028594648465514183, diff: 4527.53857421875, norm: 158335.171875
name: model.layers.17.mlp.gate_proj.weight, type: torch.int8, ratio: 0.029545482248067856, diff: 9904.4052734375, norm: 335225.71875
name: model.layers.17.mlp.up_proj.weight, type: torch.int8, ratio: 0.028905941173434258, diff: 10587.9580078125, norm: 366290.03125
name: model.layers.18.self_attn.q_proj.weight, type: torch.int8, ratio: 0.03700070455670357, diff: 2701.925537109375, norm: 73023.625
name: model.layers.18.self_attn.k_proj.weight, type: torch.int8, ratio: 0.035330768674612045, diff: 1184.1878662109375, norm: 33517.18359375
name: model.layers.18.self_attn.v_proj.weight, type: torch.int8, ratio: 0.029365042224526405, diff: 1604.1358642578125, norm: 54627.3984375
name: model.layers.18.self_attn.o_proj.weight, type: torch.int8, ratio: 0.027855180203914642, diff: 4339.27685546875, norm: 155779.890625
name: model.layers.18.mlp.gate_proj.weight, type: torch.int8, ratio: 0.029927736148238182, diff: 10030.2421875, norm: 335148.71875
name: model.layers.18.mlp.up_proj.weight, type: torch.int8, ratio: 0.02923450991511345, diff: 10664.3447265625, norm: 364786.15625
name: model.layers.19.self_attn.q_proj.weight, type: torch.int8, ratio: 0.0372370220720768, diff: 2773.194580078125, norm: 74474.125
name: model.layers.19.self_attn.k_proj.weight, type: torch.int8, ratio: 0.034551624208688736, diff: 1210.7596435546875, norm: 35042.046875
name: model.layers.19.self_attn.v_proj.weight, type: torch.int8, ratio: 0.02880443073809147, diff: 1616.9993896484375, norm: 56137.17578125
name: model.layers.19.self_attn.o_proj.weight, type: torch.int8, ratio: 0.0282236747443676, diff: 4355.595703125, norm: 154324.1875
name: model.layers.19.mlp.gate_proj.weight, type: torch.int8, ratio: 0.03014160320162773, diff: 10109.748046875, norm: 335408.4375
name: model.layers.19.mlp.up_proj.weight, type: torch.int8, ratio: 0.029365915805101395, diff: 10725.6171875, norm: 365240.34375
name: model.layers.20.self_attn.q_proj.weight, type: torch.int8, ratio: 0.03845755383372307, diff: 2678.849853515625, norm: 69657.3125
name: model.layers.20.self_attn.k_proj.weight, type: torch.int8, ratio: 0.03644140809774399, diff: 1172.038818359375, norm: 32162.28125
name: model.layers.20.self_attn.v_proj.weight, type: torch.int8, ratio: 0.031102068722248077, diff: 1542.4561767578125, norm: 49593.36328125
name: model.layers.20.self_attn.o_proj.weight, type: torch.int8, ratio: 0.029415853321552277, diff: 4680.54150390625, norm: 159116.296875
name: model.layers.20.mlp.gate_proj.weight, type: torch.int8, ratio: 0.03057011589407921, diff: 9950.4287109375, norm: 325495.28125
name: model.layers.20.mlp.up_proj.weight, type: torch.int8, ratio: 0.02952364832162857, diff: 10664.232421875, norm: 361209.84375
name: model.layers.21.self_attn.q_proj.weight, type: torch.int8, ratio: 0.03625188022851944, diff: 2714.346435546875, norm: 74874.640625
name: model.layers.21.self_attn.k_proj.weight, type: torch.int8, ratio: 0.034312956035137177, diff: 1164.19287109375, norm: 33928.66796875
name: model.layers.21.self_attn.v_proj.weight, type: torch.int8, ratio: 0.030774163082242012, diff: 1539.6087646484375, norm: 50029.265625
name: model.layers.21.self_attn.o_proj.weight, type: torch.int8, ratio: 0.029497571289539337, diff: 4704.2509765625, norm: 159479.265625
name: model.layers.21.mlp.gate_proj.weight, type: torch.int8, ratio: 0.031102254986763, diff: 9911.408203125, norm: 318671.6875
name: model.layers.21.mlp.up_proj.weight, type: torch.int8, ratio: 0.029873661696910858, diff: 10685.330078125, norm: 357683.96875
name: model.layers.22.self_attn.q_proj.weight, type: torch.int8, ratio: 0.03785669803619385, diff: 2792.880859375, norm: 73775.078125
name: model.layers.22.self_attn.k_proj.weight, type: torch.int8, ratio: 0.03675808757543564, diff: 1164.437255859375, norm: 31678.396484375
name: model.layers.22.self_attn.v_proj.weight, type: torch.int8, ratio: 0.02949494868516922, diff: 1535.142333984375, norm: 52047.63671875
name: model.layers.22.self_attn.o_proj.weight, type: torch.int8, ratio: 0.02847461774945259, diff: 4483.92529296875, norm: 157470.953125
name: model.layers.22.mlp.gate_proj.weight, type: torch.int8, ratio: 0.03182089328765869, diff: 9879.5283203125, norm: 310473.0
name: model.layers.22.mlp.up_proj.weight, type: torch.int8, ratio: 0.030266620218753815, diff: 10923.25, norm: 360900.875
name: model.layers.23.self_attn.q_proj.weight, type: torch.int8, ratio: 0.037267010658979416, diff: 2889.42333984375, norm: 77533.0078125
name: model.layers.23.self_attn.k_proj.weight, type: torch.int8, ratio: 0.03652925044298172, diff: 1222.7130126953125, norm: 33472.1640625
name: model.layers.23.self_attn.v_proj.weight, type: torch.int8, ratio: 0.02840753272175789, diff: 1679.8095703125, norm: 59132.5390625
name: model.layers.23.self_attn.o_proj.weight, type: torch.int8, ratio: 0.028684616088867188, diff: 4378.96484375, norm: 152659.0
name: model.layers.23.mlp.gate_proj.weight, type: torch.int8, ratio: 0.03224750980734825, diff: 9958.83203125, norm: 308824.84375
name: model.layers.23.mlp.up_proj.weight, type: torch.int8, ratio: 0.030617378652095795, diff: 11047.8505859375, norm: 360835.9375
name: model.layers.24.self_attn.q_proj.weight, type: torch.int8, ratio: 0.03910265862941742, diff: 2865.570556640625, norm: 73283.265625
name: model.layers.24.self_attn.k_proj.weight, type: torch.int8, ratio: 0.038086678832769394, diff: 1240.3858642578125, norm: 32567.447265625
name: model.layers.24.self_attn.v_proj.weight, type: torch.int8, ratio: 0.031035762280225754, diff: 1718.9718017578125, norm: 55386.80859375
name: model.layers.24.self_attn.o_proj.weight, type: torch.int8, ratio: 0.030713563784956932, diff: 4869.43017578125, norm: 158543.3125
name: model.layers.24.mlp.gate_proj.weight, type: torch.int8, ratio: 0.03233688324689865, diff: 10432.3818359375, norm: 322615.5625
name: model.layers.24.mlp.up_proj.weight, type: torch.int8, ratio: 0.031122323125600815, diff: 11327.89453125, norm: 363979.71875
name: model.layers.25.self_attn.q_proj.weight, type: torch.int8, ratio: 0.039416007697582245, diff: 2991.494873046875, norm: 75895.4296875
name: model.layers.25.self_attn.k_proj.weight, type: torch.int8, ratio: 0.037358175963163376, diff: 1360.244140625, norm: 36410.8828125
name: model.layers.25.self_attn.v_proj.weight, type: torch.int8, ratio: 0.03187376633286476, diff: 1755.5609130859375, norm: 55078.5546875
name: model.layers.25.self_attn.o_proj.weight, type: torch.int8, ratio: 0.031076783314347267, diff: 4880.228515625, norm: 157037.765625
name: model.layers.25.mlp.gate_proj.weight, type: torch.int8, ratio: 0.03229397162795067, diff: 10946.287109375, norm: 338957.59375
name: model.layers.25.mlp.up_proj.weight, type: torch.int8, ratio: 0.031379491090774536, diff: 11419.1357421875, norm: 363904.4375
name: model.layers.26.self_attn.q_proj.weight, type: torch.int8, ratio: 0.03605817258358002, diff: 3030.174560546875, norm: 84035.71875
name: model.layers.26.self_attn.k_proj.weight, type: torch.int8, ratio: 0.0336412750184536, diff: 1321.029541015625, norm: 39268.1171875
name: model.layers.26.self_attn.v_proj.weight, type: torch.int8, ratio: 0.03261291980743408, diff: 1798.0733642578125, norm: 55133.7734375
name: model.layers.26.self_attn.o_proj.weight, type: torch.int8, ratio: 0.031407322734594345, diff: 4917.06640625, norm: 156557.953125
name: model.layers.26.mlp.gate_proj.weight, type: torch.int8, ratio: 0.03271746635437012, diff: 11054.6787109375, norm: 337883.09375
name: model.layers.26.mlp.up_proj.weight, type: torch.int8, ratio: 0.03172585368156433, diff: 11406.2841796875, norm: 359526.46875
name: model.layers.27.self_attn.q_proj.weight, type: torch.int8, ratio: 0.03724180534482002, diff: 2960.740234375, norm: 79500.4453125
name: model.layers.27.self_attn.k_proj.weight, type: torch.int8, ratio: 0.035402603447437286, diff: 1239.35986328125, norm: 35007.58984375
name: model.layers.27.self_attn.v_proj.weight, type: torch.int8, ratio: 0.032298579812049866, diff: 1699.9647216796875, norm: 52632.80078125
name: model.layers.27.self_attn.o_proj.weight, type: torch.int8, ratio: 0.03167630359530449, diff: 5096.8671875, norm: 160904.734375
name: model.layers.27.mlp.gate_proj.weight, type: torch.int8, ratio: 0.03349415957927704, diff: 10987.880859375, norm: 328053.625
name: model.layers.27.mlp.up_proj.weight, type: torch.int8, ratio: 0.03222442790865898, diff: 11443.69921875, norm: 355124.96875
name: model.layers.28.self_attn.q_proj.weight, type: torch.int8, ratio: 0.04061569646000862, diff: 3047.00830078125, norm: 75020.4609375
name: model.layers.28.self_attn.k_proj.weight, type: torch.int8, ratio: 0.03916114941239357, diff: 1298.29931640625, norm: 33152.73828125
name: model.layers.28.self_attn.v_proj.weight, type: torch.int8, ratio: 0.02996201440691948, diff: 1621.824951171875, norm: 54129.37109375
name: model.layers.28.self_attn.o_proj.weight, type: torch.int8, ratio: 0.030691154301166534, diff: 4660.83935546875, norm: 151862.625
name: model.layers.28.mlp.gate_proj.weight, type: torch.int8, ratio: 0.034686241298913956, diff: 10516.796875, norm: 303197.9375
name: model.layers.28.mlp.up_proj.weight, type: torch.int8, ratio: 0.03271509334445, diff: 11417.05078125, norm: 348984.1875
name: model.layers.29.self_attn.q_proj.weight, type: torch.int8, ratio: 0.04178685322403908, diff: 3283.02490234375, norm: 78565.9765625
name: model.layers.29.self_attn.k_proj.weight, type: torch.int8, ratio: 0.04090649262070656, diff: 1381.1046142578125, norm: 33762.48046875
name: model.layers.29.self_attn.v_proj.weight, type: torch.int8, ratio: 0.031231222674250603, diff: 1757.6873779296875, norm: 56279.8125
name: model.layers.29.self_attn.o_proj.weight, type: torch.int8, ratio: 0.030905215069651604, diff: 4704.3583984375, norm: 152218.921875
name: model.layers.29.mlp.gate_proj.weight, type: torch.int8, ratio: 0.03517301380634308, diff: 10814.873046875, norm: 307476.4375
name: model.layers.29.mlp.up_proj.weight, type: torch.int8, ratio: 0.03276503086090088, diff: 11679.28125, norm: 356455.6875
name: model.layers.30.self_attn.q_proj.weight, type: torch.int8, ratio: 0.040239982306957245, diff: 3341.525634765625, norm: 83039.9375
name: model.layers.30.self_attn.k_proj.weight, type: torch.int8, ratio: 0.03982938826084137, diff: 1369.1395263671875, norm: 34375.109375
name: model.layers.30.self_attn.v_proj.weight, type: torch.int8, ratio: 0.030537905171513557, diff: 1883.018310546875, norm: 61661.671875
name: model.layers.30.self_attn.o_proj.weight, type: torch.int8, ratio: 0.03107346035540104, diff: 4730.30859375, norm: 152229.859375
name: model.layers.30.mlp.gate_proj.weight, type: torch.int8, ratio: 0.03560556843876839, diff: 11154.62109375, norm: 313283.0625
name: model.layers.30.mlp.up_proj.weight, type: torch.int8, ratio: 0.032699573785066605, diff: 11851.6533203125, norm: 362440.625
name: model.layers.31.self_attn.q_proj.weight, type: torch.int8, ratio: 0.03941117599606514, diff: 3495.426513671875, norm: 88691.25
name: model.layers.31.self_attn.k_proj.weight, type: torch.int8, ratio: 0.039824455976486206, diff: 1409.85107421875, norm: 35401.640625
name: model.layers.31.self_attn.v_proj.weight, type: torch.int8, ratio: 0.029841110110282898, diff: 2018.0936279296875, norm: 67627.96875
name: model.layers.31.self_attn.o_proj.weight, type: torch.int8, ratio: 0.03099238872528076, diff: 4905.8515625, norm: 158292.140625
name: model.layers.31.mlp.gate_proj.weight, type: torch.int8, ratio: 0.03583940863609314, diff: 11189.7861328125, norm: 312220.15625
name: model.layers.31.mlp.up_proj.weight, type: torch.int8, ratio: 0.03261134400963783, diff: 11917.3837890625, norm: 365436.75
name: model.layers.32.self_attn.q_proj.weight, type: torch.int8, ratio: 0.04311969876289368, diff: 3286.706787109375, norm: 76222.859375
name: model.layers.32.self_attn.k_proj.weight, type: torch.int8, ratio: 0.04342036694288254, diff: 1291.1932373046875, norm: 29737.041015625
name: model.layers.32.self_attn.v_proj.weight, type: torch.int8, ratio: 0.03186321631073952, diff: 1771.4359130859375, norm: 55595.01171875
name: model.layers.32.self_attn.o_proj.weight, type: torch.int8, ratio: 0.03163354471325874, diff: 4821.1435546875, norm: 152406.046875
name: model.layers.32.mlp.gate_proj.weight, type: torch.int8, ratio: 0.03633352741599083, diff: 10246.265625, norm: 282005.8125
name: model.layers.32.mlp.up_proj.weight, type: torch.int8, ratio: 0.03227885812520981, diff: 11885.1318359375, norm: 368201.75
name: model.layers.33.self_attn.q_proj.weight, type: torch.int8, ratio: 0.04046080633997917, diff: 3448.203125, norm: 85223.2890625
name: model.layers.33.self_attn.k_proj.weight, type: torch.int8, ratio: 0.0404120534658432, diff: 1410.6204833984375, norm: 34905.93359375
name: model.layers.33.self_attn.v_proj.weight, type: torch.int8, ratio: 0.03303962200880051, diff: 1769.802490234375, norm: 53566.06640625
name: model.layers.33.self_attn.o_proj.weight, type: torch.int8, ratio: 0.03182173892855644, diff: 4865.6455078125, norm: 152903.1875
name: model.layers.33.mlp.gate_proj.weight, type: torch.int8, ratio: 0.03639337047934532, diff: 10690.7802734375, norm: 293756.25
name: model.layers.33.mlp.up_proj.weight, type: torch.int8, ratio: 0.032473403960466385, diff: 11913.650390625, norm: 366874.09375
name: model.layers.34.self_attn.q_proj.weight, type: torch.int8, ratio: 0.041798170655965805, diff: 3471.430419921875, norm: 83052.2109375
name: model.layers.34.self_attn.k_proj.weight, type: torch.int8, ratio: 0.04246019199490547, diff: 1512.45458984375, norm: 35620.53125
name: model.layers.34.self_attn.v_proj.weight, type: torch.int8, ratio: 0.031765785068273544, diff: 1749.406494140625, norm: 55072.0390625
name: model.layers.34.self_attn.o_proj.weight, type: torch.int8, ratio: 0.030651245266199112, diff: 4607.47998046875, norm: 150319.5
name: model.layers.34.mlp.gate_proj.weight, type: torch.int8, ratio: 0.036800649017095566, diff: 10973.8876953125, norm: 298198.21875
name: model.layers.34.mlp.up_proj.weight, type: torch.int8, ratio: 0.03282848373055458, diff: 11870.8203125, norm: 361601.25
name: model.layers.35.self_attn.q_proj.weight, type: torch.int8, ratio: 0.04445619881153107, diff: 3621.01513671875, norm: 81451.296875
name: model.layers.35.self_attn.k_proj.weight, type: torch.int8, ratio: 0.045149292796850204, diff: 1608.060302734375, norm: 35616.51171875
name: model.layers.35.self_attn.v_proj.weight, type: torch.int8, ratio: 0.03280515968799591, diff: 1884.1085205078125, norm: 57433.30078125
name: model.layers.35.self_attn.o_proj.weight, type: torch.int8, ratio: 0.03124048002064228, diff: 4720.87451171875, norm: 151114.015625
name: model.layers.35.mlp.gate_proj.weight, type: torch.int8, ratio: 0.037513237446546555, diff: 10781.876953125, norm: 287415.25
name: model.layers.35.mlp.up_proj.weight, type: torch.int8, ratio: 0.0329393707215786, diff: 11832.4326171875, norm: 359218.53125
name: model.layers.36.self_attn.q_proj.weight, type: torch.int8, ratio: 0.04621521756052971, diff: 3788.020263671875, norm: 81964.78125
name: model.layers.36.self_attn.k_proj.weight, type: torch.int8, ratio: 0.04529128968715668, diff: 1565.0679931640625, norm: 34555.60546875
name: model.layers.36.self_attn.v_proj.weight, type: torch.int8, ratio: 0.03419061005115509, diff: 1787.4437255859375, norm: 52278.7890625
name: model.layers.36.self_attn.o_proj.weight, type: torch.int8, ratio: 0.032166752964258194, diff: 4940.24267578125, norm: 153582.265625
name: model.layers.36.mlp.gate_proj.weight, type: torch.int8, ratio: 0.03743539750576019, diff: 11097.138671875, norm: 296434.375
name: model.layers.36.mlp.up_proj.weight, type: torch.int8, ratio: 0.03310169279575348, diff: 11785.0029296875, norm: 356024.1875
name: model.layers.37.self_attn.q_proj.weight, type: torch.int8, ratio: 0.042231861501932144, diff: 3671.947509765625, norm: 86947.328125
name: model.layers.37.self_attn.k_proj.weight, type: torch.int8, ratio: 0.04180770367383957, diff: 1521.0687255859375, norm: 36382.5
name: model.layers.37.self_attn.v_proj.weight, type: torch.int8, ratio: 0.03276127949357033, diff: 1745.710693359375, norm: 53285.7890625
name: model.layers.37.self_attn.o_proj.weight, type: torch.int8, ratio: 0.03137487173080444, diff: 4973.1298828125, norm: 158506.78125
name: model.layers.37.mlp.gate_proj.weight, type: torch.int8, ratio: 0.03849228471517563, diff: 10550.443359375, norm: 274092.40625
name: model.layers.37.mlp.up_proj.weight, type: torch.int8, ratio: 0.033298593014478683, diff: 11674.8876953125, norm: 350612.03125
name: model.layers.38.self_attn.q_proj.weight, type: torch.int8, ratio: 0.04511343687772751, diff: 4044.1796875, norm: 89644.6796875
name: model.layers.38.self_attn.k_proj.weight, type: torch.int8, ratio: 0.047772809863090515, diff: 1594.6453857421875, norm: 33379.76953125
name: model.layers.38.self_attn.v_proj.weight, type: torch.int8, ratio: 0.03161575272679329, diff: 1711.1390380859375, norm: 54122.9921875
name: model.layers.38.self_attn.o_proj.weight, type: torch.int8, ratio: 0.030635302886366844, diff: 4625.88134765625, norm: 150998.390625
name: model.layers.38.mlp.gate_proj.weight, type: torch.int8, ratio: 0.038507524877786636, diff: 10929.12109375, norm: 283817.8125
name: model.layers.38.mlp.up_proj.weight, type: torch.int8, ratio: 0.03353909030556679, diff: 11764.6767578125, norm: 350775.0625
name: model.layers.39.self_attn.q_proj.weight, type: torch.int8, ratio: 0.045151032507419586, diff: 4145.9951171875, norm: 91825.03125
name: model.layers.39.self_attn.k_proj.weight, type: torch.int8, ratio: 0.04707356169819832, diff: 1667.6771240234375, norm: 35427.04296875
name: model.layers.39.self_attn.v_proj.weight, type: torch.int8, ratio: 0.03069033846259117, diff: 1792.0206298828125, norm: 58390.3828125
name: model.layers.39.self_attn.o_proj.weight, type: torch.int8, ratio: 0.030451247468590736, diff: 4520.43212890625, norm: 148448.171875
name: model.layers.39.mlp.gate_proj.weight, type: torch.int8, ratio: 0.039885275065898895, diff: 10080.0009765625, norm: 252724.875
name: model.layers.39.mlp.up_proj.weight, type: torch.int8, ratio: 0.03395693004131317, diff: 11729.6005859375, norm: 345425.84375
name: model.layers.40.self_attn.q_proj.weight, type: torch.int8, ratio: 0.04806099086999893, diff: 4311.5283203125, norm: 89709.515625
name: model.layers.40.self_attn.k_proj.weight, type: torch.int8, ratio: 0.04865502566099167, diff: 1678.4686279296875, norm: 34497.33203125
name: model.layers.40.self_attn.v_proj.weight, type: torch.int8, ratio: 0.033508606255054474, diff: 1870.6932373046875, norm: 55827.24609375
name: model.layers.40.self_attn.o_proj.weight, type: torch.int8, ratio: 0.03195425122976303, diff: 4929.26171875, norm: 154259.96875
name: model.layers.40.mlp.gate_proj.weight, type: torch.int8, ratio: 0.04023018851876259, diff: 10145.90234375, norm: 252196.234375
name: model.layers.40.mlp.up_proj.weight, type: torch.int8, ratio: 0.03423886373639107, diff: 11815.8486328125, norm: 345100.5
name: model.layers.41.self_attn.q_proj.weight, type: torch.int8, ratio: 0.05162324756383896, diff: 4623.06103515625, norm: 89553.859375
name: model.layers.41.self_attn.k_proj.weight, type: torch.int8, ratio: 0.05530525743961334, diff: 1979.635009765625, norm: 35794.69921875
name: model.layers.41.self_attn.v_proj.weight, type: torch.int8, ratio: 0.03396395593881607, diff: 1879.2349853515625, norm: 55330.2734375
name: model.layers.41.self_attn.o_proj.weight, type: torch.int8, ratio: 0.03276875987648964, diff: 4958.14453125, norm: 151307.0625
name: model.layers.41.mlp.gate_proj.weight, type: torch.int8, ratio: 0.0383182093501091, diff: 11833.6015625, norm: 308824.5
name: model.layers.41.mlp.up_proj.weight, type: torch.int8, ratio: 0.03407353162765503, diff: 12117.32421875, norm: 355622.78125
name: model.layers.42.self_attn.q_proj.weight, type: torch.int8, ratio: 0.04454115033149719, diff: 4274.22265625, norm: 95961.2109375
name: model.layers.42.self_attn.k_proj.weight, type: torch.int8, ratio: 0.04272545129060745, diff: 1703.937744140625, norm: 39881.09375
name: model.layers.42.self_attn.v_proj.weight, type: torch.int8, ratio: 0.0336795412003994, diff: 1895.47412109375, norm: 56279.69140625
name: model.layers.42.self_attn.o_proj.weight, type: torch.int8, ratio: 0.031934529542922974, diff: 4872.73193359375, norm: 152585.046875
name: model.layers.42.mlp.gate_proj.weight, type: torch.int8, ratio: 0.03878254443407059, diff: 11865.64453125, norm: 305953.21875
name: model.layers.42.mlp.up_proj.weight, type: torch.int8, ratio: 0.03441537916660309, diff: 11941.537109375, norm: 346982.59375
name: model.layers.43.self_attn.q_proj.weight, type: torch.int8, ratio: 0.043762702494859695, diff: 4298.2080078125, norm: 98216.234375
name: model.layers.43.self_attn.k_proj.weight, type: torch.int8, ratio: 0.04315357655286789, diff: 1719.943603515625, norm: 39856.33984375
name: model.layers.43.self_attn.v_proj.weight, type: torch.int8, ratio: 0.033014360815286636, diff: 1759.6036376953125, norm: 53298.12890625
name: model.layers.43.self_attn.o_proj.weight, type: torch.int8, ratio: 0.03191719949245453, diff: 5008.3330078125, norm: 156916.4375
name: model.layers.43.mlp.gate_proj.weight, type: torch.int8, ratio: 0.03891120105981827, diff: 11919.458984375, norm: 306324.625
name: model.layers.43.mlp.up_proj.weight, type: torch.int8, ratio: 0.03455235809087753, diff: 11849.19140625, norm: 342934.375
name: model.layers.44.self_attn.q_proj.weight, type: torch.int8, ratio: 0.04936225339770317, diff: 4387.654296875, norm: 88886.828125
name: model.layers.44.self_attn.k_proj.weight, type: torch.int8, ratio: 0.0495586022734642, diff: 1790.742919921875, norm: 36133.84765625
name: model.layers.44.self_attn.v_proj.weight, type: torch.int8, ratio: 0.02969255857169628, diff: 1693.5704345703125, norm: 57036.86328125
name: model.layers.44.self_attn.o_proj.weight, type: torch.int8, ratio: 0.030207451432943344, diff: 4449.50244140625, norm: 147298.171875
name: model.layers.44.mlp.gate_proj.weight, type: torch.int8, ratio: 0.04120885580778122, diff: 10732.99609375, norm: 260453.640625
name: model.layers.44.mlp.up_proj.weight, type: torch.int8, ratio: 0.035840943455696106, diff: 11505.2294921875, norm: 321008.0
name: model.layers.45.self_attn.q_proj.weight, type: torch.int8, ratio: 0.04990735650062561, diff: 4708.49560546875, norm: 94344.71875
name: model.layers.45.self_attn.k_proj.weight, type: torch.int8, ratio: 0.05375267192721367, diff: 1945.121337890625, norm: 36186.50390625
name: model.layers.45.self_attn.v_proj.weight, type: torch.int8, ratio: 0.03084779903292656, diff: 1802.1959228515625, norm: 58422.1875
name: model.layers.45.self_attn.o_proj.weight, type: torch.int8, ratio: 0.030583199113607407, diff: 4592.68896484375, norm: 150170.328125
name: model.layers.45.mlp.gate_proj.weight, type: torch.int8, ratio: 0.04061339423060417, diff: 11608.6123046875, norm: 285832.125
name: model.layers.45.mlp.up_proj.weight, type: torch.int8, ratio: 0.035008251667022705, diff: 11891.6904296875, norm: 339682.5
name: model.layers.46.self_attn.q_proj.weight, type: torch.int8, ratio: 0.047173865139484406, diff: 4673.27734375, norm: 99064.96875
name: model.layers.46.self_attn.k_proj.weight, type: torch.int8, ratio: 0.048393215984106064, diff: 1794.7083740234375, norm: 37085.94921875
name: model.layers.46.self_attn.v_proj.weight, type: torch.int8, ratio: 0.03004554845392704, diff: 1841.7828369140625, norm: 61299.69140625
name: model.layers.46.self_attn.o_proj.weight, type: torch.int8, ratio: 0.03065573237836361, diff: 4657.49462890625, norm: 151929.0
name: model.layers.46.mlp.gate_proj.weight, type: torch.int8, ratio: 0.04060724005103111, diff: 11657.4384765625, norm: 287077.84375
name: model.layers.46.mlp.up_proj.weight, type: torch.int8, ratio: 0.034883107990026474, diff: 12123.1728515625, norm: 347537.0625
name: model.layers.47.self_attn.q_proj.weight, type: torch.int8, ratio: 0.04459434002637863, diff: 4831.8291015625, norm: 108350.7265625
name: model.layers.47.self_attn.k_proj.weight, type: torch.int8, ratio: 0.04620474576950073, diff: 1710.9415283203125, norm: 37029.5625
name: model.layers.47.self_attn.v_proj.weight, type: torch.int8, ratio: 0.029119357466697693, diff: 1924.201171875, norm: 66079.796875
name: model.layers.47.self_attn.o_proj.weight, type: torch.int8, ratio: 0.030455155298113823, diff: 4893.7978515625, norm: 160688.65625
name: model.layers.47.mlp.gate_proj.weight, type: torch.int8, ratio: 0.04076220840215683, diff: 11446.46875, norm: 280810.8125
name: model.layers.47.mlp.up_proj.weight, type: torch.int8, ratio: 0.034695908427238464, diff: 12154.0869140625, norm: 350303.1875
name: model.layers.48.self_attn.q_proj.weight, type: torch.int8, ratio: 0.04708686098456383, diff: 4912.9013671875, norm: 104336.9921875
name: model.layers.48.self_attn.k_proj.weight, type: torch.int8, ratio: 0.05071678385138512, diff: 1819.509765625, norm: 35875.890625
name: model.layers.48.self_attn.v_proj.weight, type: torch.int8, ratio: 0.03101906180381775, diff: 1590.7698974609375, norm: 51283.625
name: model.layers.48.self_attn.o_proj.weight, type: torch.int8, ratio: 0.031092572957277298, diff: 4974.05810546875, norm: 159975.765625
name: model.layers.48.mlp.gate_proj.weight, type: torch.int8, ratio: 0.039926331490278244, diff: 11655.716796875, norm: 291930.5625
name: model.layers.48.mlp.up_proj.weight, type: torch.int8, ratio: 0.03440620005130768, diff: 12280.2099609375, norm: 356918.5
name: model.layers.49.self_attn.q_proj.weight, type: torch.int8, ratio: 0.04703811556100845, diff: 5008.50732421875, norm: 106477.6328125
name: model.layers.49.self_attn.k_proj.weight, type: torch.int8, ratio: 0.04951632767915726, diff: 1774.780517578125, norm: 35842.328125
name: model.layers.49.self_attn.v_proj.weight, type: torch.int8, ratio: 0.0300605371594429, diff: 1843.029541015625, norm: 61310.59765625
name: model.layers.49.self_attn.o_proj.weight, type: torch.int8, ratio: 0.03180243819952011, diff: 5082.533203125, norm: 159815.84375
name: model.layers.49.mlp.gate_proj.weight, type: torch.int8, ratio: 0.040376219898462296, diff: 11009.708984375, norm: 272678.0625
name: model.layers.49.mlp.up_proj.weight, type: torch.int8, ratio: 0.034336235374212265, diff: 12127.7119140625, norm: 353204.46875
name: model.layers.50.self_attn.q_proj.weight, type: torch.int8, ratio: 0.04943285509943962, diff: 5107.34814453125, norm: 103318.8984375
name: model.layers.50.self_attn.k_proj.weight, type: torch.int8, ratio: 0.055920038372278214, diff: 1822.529052734375, norm: 32591.69921875
name: model.layers.50.self_attn.v_proj.weight, type: torch.int8, ratio: 0.030808085575699806, diff: 1606.4610595703125, norm: 52144.13671875
name: model.layers.50.self_attn.o_proj.weight, type: torch.int8, ratio: 0.032335471361875534, diff: 5236.0078125, norm: 161927.6875
name: model.layers.50.mlp.gate_proj.weight, type: torch.int8, ratio: 0.040441058576107025, diff: 10147.4638671875, norm: 250919.84375
name: model.layers.50.mlp.up_proj.weight, type: torch.int8, ratio: 0.03387921676039696, diff: 12001.2705078125, norm: 354236.96875
name: model.layers.51.self_attn.q_proj.weight, type: torch.int8, ratio: 0.045940957963466644, diff: 4568.3671875, norm: 99439.9609375
name: model.layers.51.self_attn.k_proj.weight, type: torch.int8, ratio: 0.044944874942302704, diff: 1656.0087890625, norm: 36845.33203125
name: model.layers.51.self_attn.v_proj.weight, type: torch.int8, ratio: 0.03189055249094963, diff: 1545.7694091796875, norm: 48471.07421875
name: model.layers.51.self_attn.o_proj.weight, type: torch.int8, ratio: 0.03138105943799019, diff: 5015.3623046875, norm: 159821.3125
name: model.layers.51.mlp.gate_proj.weight, type: torch.int8, ratio: 0.03999627009034157, diff: 9980.908203125, norm: 249545.96875
name: model.layers.51.mlp.up_proj.weight, type: torch.int8, ratio: 0.033608511090278625, diff: 11952.0673828125, norm: 355626.21875
name: model.layers.52.self_attn.q_proj.weight, type: torch.int8, ratio: 0.05193300172686577, diff: 4982.015625, norm: 95931.59375
name: model.layers.52.self_attn.k_proj.weight, type: torch.int8, ratio: 0.06120917201042175, diff: 1969.348388671875, norm: 32174.07421875
name: model.layers.52.self_attn.v_proj.weight, type: torch.int8, ratio: 0.029594289138913155, diff: 1486.9102783203125, norm: 50243.1484375
name: model.layers.52.self_attn.o_proj.weight, type: torch.int8, ratio: 0.03183088079094887, diff: 5014.9111328125, norm: 157548.609375
name: model.layers.52.mlp.gate_proj.weight, type: torch.int8, ratio: 0.03965361416339874, diff: 9832.73046875, norm: 247965.5625
name: model.layers.52.mlp.up_proj.weight, type: torch.int8, ratio: 0.033479515463113785, diff: 11862.7587890625, norm: 354328.875
name: model.layers.53.self_attn.q_proj.weight, type: torch.int8, ratio: 0.04788852483034134, diff: 4515.5703125, norm: 94293.3671875
name: model.layers.53.self_attn.k_proj.weight, type: torch.int8, ratio: 0.053810954093933105, diff: 1727.0130615234375, norm: 32094.080078125
name: model.layers.53.self_attn.v_proj.weight, type: torch.int8, ratio: 0.03266002610325813, diff: 1380.8565673828125, norm: 42279.71484375
name: model.layers.53.self_attn.o_proj.weight, type: torch.int8, ratio: 0.031167972832918167, diff: 5083.18994140625, norm: 163090.171875
name: model.layers.53.mlp.gate_proj.weight, type: torch.int8, ratio: 0.03890981897711754, diff: 9798.2392578125, norm: 251819.1875
name: model.layers.53.mlp.up_proj.weight, type: torch.int8, ratio: 0.03303096815943718, diff: 11841.986328125, norm: 358511.625
name: model.layers.54.self_attn.q_proj.weight, type: torch.int8, ratio: 0.04591457173228264, diff: 4726.2099609375, norm: 102934.859375
name: model.layers.54.self_attn.k_proj.weight, type: torch.int8, ratio: 0.05208565294742584, diff: 1698.294677734375, norm: 32605.806640625
name: model.layers.54.self_attn.v_proj.weight, type: torch.int8, ratio: 0.03209927678108215, diff: 1430.802978515625, norm: 44574.3046875
name: model.layers.54.self_attn.o_proj.weight, type: torch.int8, ratio: 0.03161599114537239, diff: 5203.0380859375, norm: 164569.828125
name: model.layers.54.mlp.gate_proj.weight, type: torch.int8, ratio: 0.0388074666261673, diff: 9623.5185546875, norm: 247981.109375
name: model.layers.54.mlp.up_proj.weight, type: torch.int8, ratio: 0.03279095143079758, diff: 11809.443359375, norm: 360143.34375
name: model.layers.55.self_attn.q_proj.weight, type: torch.int8, ratio: 0.04481299966573715, diff: 4457.68212890625, norm: 99472.96875
name: model.layers.55.self_attn.k_proj.weight, type: torch.int8, ratio: 0.04896503686904907, diff: 1704.13232421875, norm: 34803.04296875
name: model.layers.55.self_attn.v_proj.weight, type: torch.int8, ratio: 0.02930196188390255, diff: 1565.127197265625, norm: 53413.734375
name: model.layers.55.self_attn.o_proj.weight, type: torch.int8, ratio: 0.03133760020136833, diff: 5088.92578125, norm: 162390.40625
name: model.layers.55.mlp.gate_proj.weight, type: torch.int8, ratio: 0.03842160478234291, diff: 9647.3818359375, norm: 251092.625
name: model.layers.55.mlp.up_proj.weight, type: torch.int8, ratio: 0.03264107182621956, diff: 11731.0234375, norm: 359394.5625
name: model.layers.56.self_attn.q_proj.weight, type: torch.int8, ratio: 0.048782967031002045, diff: 4397.552734375, norm: 90145.25
name: model.layers.56.self_attn.k_proj.weight, type: torch.int8, ratio: 0.058195676654577255, diff: 1772.7718505859375, norm: 30462.259765625
name: model.layers.56.self_attn.v_proj.weight, type: torch.int8, ratio: 0.030015219002962112, diff: 1335.0460205078125, norm: 44478.96875
name: model.layers.56.self_attn.o_proj.weight, type: torch.int8, ratio: 0.03140459582209587, diff: 5178.74951171875, norm: 164904.1875
name: model.layers.56.mlp.gate_proj.weight, type: torch.int8, ratio: 0.03826742619276047, diff: 9668.9208984375, norm: 252667.125
name: model.layers.56.mlp.up_proj.weight, type: torch.int8, ratio: 0.03251311182975769, diff: 11730.537109375, norm: 360794.03125
name: model.layers.57.self_attn.q_proj.weight, type: torch.int8, ratio: 0.046089861541986465, diff: 4733.02099609375, norm: 102691.15625
name: model.layers.57.self_attn.k_proj.weight, type: torch.int8, ratio: 0.05387752130627632, diff: 1925.61865234375, norm: 35740.66796875
name: model.layers.57.self_attn.v_proj.weight, type: torch.int8, ratio: 0.03272903338074684, diff: 1328.6832275390625, norm: 40596.46875
name: model.layers.57.self_attn.o_proj.weight, type: torch.int8, ratio: 0.03123500570654869, diff: 5122.51220703125, norm: 163999.078125
name: model.layers.57.mlp.gate_proj.weight, type: torch.int8, ratio: 0.03780059888958931, diff: 9950.0673828125, norm: 263225.125
name: model.layers.57.mlp.up_proj.weight, type: torch.int8, ratio: 0.03260811045765877, diff: 11691.408203125, norm: 358542.96875
name: model.layers.58.self_attn.q_proj.weight, type: torch.int8, ratio: 0.045790791511535645, diff: 4347.255859375, norm: 94937.3359375
name: model.layers.58.self_attn.k_proj.weight, type: torch.int8, ratio: 0.05581030622124672, diff: 1620.90966796875, norm: 29043.1953125
name: model.layers.58.self_attn.v_proj.weight, type: torch.int8, ratio: 0.03977036476135254, diff: 1079.593017578125, norm: 27145.666015625
name: model.layers.58.self_attn.o_proj.weight, type: torch.int8, ratio: 0.03130931779742241, diff: 5126.89697265625, norm: 163749.875
name: model.layers.58.mlp.gate_proj.weight, type: torch.int8, ratio: 0.03752891346812248, diff: 10257.1767578125, norm: 273313.96875
name: model.layers.58.mlp.up_proj.weight, type: torch.int8, ratio: 0.03244524449110031, diff: 11667.8671875, norm: 359617.15625
name: model.layers.59.self_attn.q_proj.weight, type: torch.int8, ratio: 0.05187511071562767, diff: 4462.60107421875, norm: 86025.859375
name: model.layers.59.self_attn.k_proj.weight, type: torch.int8, ratio: 0.05982756242156029, diff: 1983.4219970703125, norm: 33152.3125
name: model.layers.59.self_attn.v_proj.weight, type: torch.int8, ratio: 0.02820424735546112, diff: 1271.6395263671875, norm: 45086.80859375
name: model.layers.59.self_attn.o_proj.weight, type: torch.int8, ratio: 0.030077779665589333, diff: 4900.3056640625, norm: 162921.125
name: model.layers.59.mlp.gate_proj.weight, type: torch.int8, ratio: 0.03799233213067055, diff: 10171.8447265625, norm: 267734.15625
name: model.layers.59.mlp.up_proj.weight, type: torch.int8, ratio: 0.03272750601172447, diff: 11395.427734375, norm: 348191.15625
name: model.layers.60.self_attn.q_proj.weight, type: torch.int8, ratio: 0.0521932952105999, diff: 4481.9091796875, norm: 85871.359375
name: model.layers.60.self_attn.k_proj.weight, type: torch.int8, ratio: 0.06886021047830582, diff: 2026.370849609375, norm: 29427.310546875
name: model.layers.60.self_attn.v_proj.weight, type: torch.int8, ratio: 0.02690807357430458, diff: 1274.6343994140625, norm: 47369.9609375
name: model.layers.60.self_attn.o_proj.weight, type: torch.int8, ratio: 0.029247818514704704, diff: 4634.04296875, norm: 158440.640625
name: model.layers.60.mlp.gate_proj.weight, type: torch.int8, ratio: 0.0393717922270298, diff: 9515.15234375, norm: 241674.359375
name: model.layers.60.mlp.up_proj.weight, type: torch.int8, ratio: 0.032747864723205566, diff: 11055.37890625, norm: 337590.84375
name: model.layers.61.self_attn.q_proj.weight, type: torch.int8, ratio: 0.05322621017694473, diff: 4638.06787109375, norm: 87138.796875
name: model.layers.61.self_attn.k_proj.weight, type: torch.int8, ratio: 0.06935325264930725, diff: 2091.71923828125, norm: 30160.361328125
name: model.layers.61.self_attn.v_proj.weight, type: torch.int8, ratio: 0.028430461883544922, diff: 1277.945556640625, norm: 44949.87109375
name: model.layers.61.self_attn.o_proj.weight, type: torch.int8, ratio: 0.029010463505983353, diff: 4583.34326171875, norm: 157989.3125
name: model.layers.61.mlp.gate_proj.weight, type: torch.int8, ratio: 0.04027130827307701, diff: 8999.884765625, norm: 223481.3125
name: model.layers.61.mlp.up_proj.weight, type: torch.int8, ratio: 0.032789308577775955, diff: 10410.8642578125, norm: 317507.875
name: model.layers.62.self_attn.q_proj.weight, type: torch.int8, ratio: 0.0545821487903595, diff: 4409.0439453125, norm: 80778.1328125
name: model.layers.62.self_attn.k_proj.weight, type: torch.int8, ratio: 0.057565148919820786, diff: 1933.8099365234375, norm: 33593.4140625
name: model.layers.62.self_attn.v_proj.weight, type: torch.int8, ratio: 0.02872718684375286, diff: 1132.3568115234375, norm: 39417.6015625
name: model.layers.62.self_attn.o_proj.weight, type: torch.int8, ratio: 0.028473205864429474, diff: 4438.4287109375, norm: 155880.890625
name: model.layers.62.mlp.gate_proj.weight, type: torch.int8, ratio: 0.04025081545114517, diff: 8646.1806640625, norm: 214807.59375
name: model.layers.62.mlp.up_proj.weight, type: torch.int8, ratio: 0.03290426731109619, diff: 9458.3193359375, norm: 287449.625
name: model.layers.63.self_attn.q_proj.weight, type: torch.int8, ratio: 0.05152670666575432, diff: 4573.9462890625, norm: 88768.4609375
name: model.layers.63.self_attn.k_proj.weight, type: torch.int8, ratio: 0.06391298025846481, diff: 1911.0526123046875, norm: 29900.8515625
name: model.layers.63.self_attn.v_proj.weight, type: torch.int8, ratio: 0.04461067169904709, diff: 995.9623413085938, norm: 22325.65234375
name: model.layers.63.self_attn.o_proj.weight, type: torch.int8, ratio: 0.029924871399998665, diff: 4576.86279296875, norm: 152945.109375
name: model.layers.63.mlp.gate_proj.weight, type: torch.int8, ratio: 0.037661340087652206, diff: 8913.232421875, norm: 236667.953125
name: model.layers.63.mlp.up_proj.weight, type: torch.int8, ratio: 0.030779732391238213, diff: 9159.2451171875, norm: 297573.90625
name: model.layers.0.mlp.down_proj.weight, type: torch.int8, ratio: 0.03698670119047165, diff: 8370.0283203125, norm: 226298.328125
name: model.layers.1.mlp.down_proj.weight, type: torch.int8, ratio: 0.05897802487015724, diff: 4248.7353515625, norm: 72039.296875
name: model.layers.2.mlp.down_proj.weight, type: torch.int8, ratio: 0.037058066576719284, diff: 4872.8564453125, norm: 131492.46875
name: model.layers.3.mlp.down_proj.weight, type: torch.int8, ratio: 0.03409537672996521, diff: 6200.05419921875, norm: 181844.421875
name: model.layers.4.mlp.down_proj.weight, type: torch.int8, ratio: 0.03373609855771065, diff: 7591.42431640625, norm: 225023.765625
name: model.layers.5.mlp.down_proj.weight, type: torch.int8, ratio: 0.03137166425585747, diff: 7869.40380859375, norm: 250844.3125
name: model.layers.6.mlp.down_proj.weight, type: torch.int8, ratio: 0.032383568584918976, diff: 8368.501953125, norm: 258418.15625
name: model.layers.7.mlp.down_proj.weight, type: torch.int8, ratio: 0.030724767595529556, diff: 8947.7548828125, norm: 291222.875
name: model.layers.8.mlp.down_proj.weight, type: torch.int8, ratio: 0.031094999983906746, diff: 8689.6416015625, norm: 279454.625
name: model.layers.9.mlp.down_proj.weight, type: torch.int8, ratio: 0.03036576695740223, diff: 8484.8720703125, norm: 279422.28125
name: model.layers.10.mlp.down_proj.weight, type: torch.int8, ratio: 0.030209632590413094, diff: 8531.51953125, norm: 282410.5625
name: model.layers.11.mlp.down_proj.weight, type: torch.int8, ratio: 0.030149154365062714, diff: 8829.4541015625, norm: 292859.09375
name: model.layers.12.mlp.down_proj.weight, type: torch.int8, ratio: 0.030093738809227943, diff: 8656.1806640625, norm: 287640.59375
name: model.layers.13.mlp.down_proj.weight, type: torch.int8, ratio: 0.030521415174007416, diff: 8654.421875, norm: 283552.4375
name: model.layers.14.mlp.down_proj.weight, type: torch.int8, ratio: 0.030802367255091667, diff: 8659.9365234375, norm: 281145.15625
name: model.layers.15.mlp.down_proj.weight, type: torch.int8, ratio: 0.03146018087863922, diff: 8654.5693359375, norm: 275095.96875
name: model.layers.16.mlp.down_proj.weight, type: torch.int8, ratio: 0.031562820076942444, diff: 8727.58203125, norm: 276514.65625
name: model.layers.17.mlp.down_proj.weight, type: torch.int8, ratio: 0.03201938420534134, diff: 8769.673828125, norm: 273886.40625
name: model.layers.18.mlp.down_proj.weight, type: torch.int8, ratio: 0.03238341584801674, diff: 8749.501953125, norm: 270184.65625
name: model.layers.19.mlp.down_proj.weight, type: torch.int8, ratio: 0.0327560119330883, diff: 8707.0830078125, norm: 265816.34375
name: model.layers.20.mlp.down_proj.weight, type: torch.int8, ratio: 0.032893627882003784, diff: 8902.8037109375, norm: 270654.34375
name: model.layers.21.mlp.down_proj.weight, type: torch.int8, ratio: 0.03315773978829384, diff: 9022.2626953125, norm: 272101.25
name: model.layers.22.mlp.down_proj.weight, type: torch.int8, ratio: 0.03363793343305588, diff: 8976.173828125, norm: 266846.78125
name: model.layers.23.mlp.down_proj.weight, type: torch.int8, ratio: 0.03376805782318115, diff: 9011.3447265625, norm: 266860.03125
name: model.layers.24.mlp.down_proj.weight, type: torch.int8, ratio: 0.03409186750650406, diff: 9448.0146484375, norm: 277133.96875
name: model.layers.25.mlp.down_proj.weight, type: torch.int8, ratio: 0.03433239832520485, diff: 9681.64453125, norm: 281997.3125
name: model.layers.26.mlp.down_proj.weight, type: torch.int8, ratio: 0.03458643704652786, diff: 9689.861328125, norm: 280163.625
name: model.layers.27.mlp.down_proj.weight, type: torch.int8, ratio: 0.03518823906779289, diff: 9620.9140625, norm: 273412.78125
name: model.layers.28.mlp.down_proj.weight, type: torch.int8, ratio: 0.034943751990795135, diff: 9636.337890625, norm: 275767.125
name: model.layers.29.mlp.down_proj.weight, type: torch.int8, ratio: 0.035222504287958145, diff: 9639.8642578125, norm: 273684.8125
name: model.layers.30.mlp.down_proj.weight, type: torch.int8, ratio: 0.0353868268430233, diff: 9808.1611328125, norm: 277169.84375
name: model.layers.31.mlp.down_proj.weight, type: torch.int8, ratio: 0.03554902970790863, diff: 9731.48828125, norm: 273748.34375
name: model.layers.32.mlp.down_proj.weight, type: torch.int8, ratio: 0.03550559654831886, diff: 9707.42578125, norm: 273405.5
name: model.layers.33.mlp.down_proj.weight, type: torch.int8, ratio: 0.03600528836250305, diff: 9777.63671875, norm: 271561.125
name: model.layers.34.mlp.down_proj.weight, type: torch.int8, ratio: 0.03597360476851463, diff: 9806.0224609375, norm: 272589.375
name: model.layers.35.mlp.down_proj.weight, type: torch.int8, ratio: 0.03595317155122757, diff: 9812.1826171875, norm: 272915.625
name: model.layers.36.mlp.down_proj.weight, type: torch.int8, ratio: 0.03594575449824333, diff: 9866.8046875, norm: 274491.53125
name: model.layers.37.mlp.down_proj.weight, type: torch.int8, ratio: 0.0358983650803566, diff: 9930.0068359375, norm: 276614.46875
name: model.layers.38.mlp.down_proj.weight, type: torch.int8, ratio: 0.03620205819606781, diff: 9874.447265625, norm: 272759.28125
name: model.layers.39.mlp.down_proj.weight, type: torch.int8, ratio: 0.03626232221722603, diff: 9993.130859375, norm: 275578.90625
name: model.layers.40.mlp.down_proj.weight, type: torch.int8, ratio: 0.03676588088274002, diff: 10162.892578125, norm: 276421.84375
name: model.layers.41.mlp.down_proj.weight, type: torch.int8, ratio: 0.036742202937603, diff: 10567.9697265625, norm: 287624.8125
name: model.layers.42.mlp.down_proj.weight, type: torch.int8, ratio: 0.037041760981082916, diff: 10218.1328125, norm: 275854.40625
name: model.layers.43.mlp.down_proj.weight, type: torch.int8, ratio: 0.036781542003154755, diff: 10296.771484375, norm: 279944.0
name: model.layers.44.mlp.down_proj.weight, type: torch.int8, ratio: 0.0367976650595665, diff: 10277.4990234375, norm: 279297.59375
name: model.layers.45.mlp.down_proj.weight, type: torch.int8, ratio: 0.03675451874732971, diff: 10391.8564453125, norm: 282736.84375
name: model.layers.46.mlp.down_proj.weight, type: torch.int8, ratio: 0.03682349994778633, diff: 10666.3466796875, norm: 289661.40625
name: model.layers.47.mlp.down_proj.weight, type: torch.int8, ratio: 0.036668989807367325, diff: 10748.4404296875, norm: 293120.71875
name: model.layers.48.mlp.down_proj.weight, type: torch.int8, ratio: 0.03666297346353531, diff: 10712.3037109375, norm: 292183.15625
name: model.layers.49.mlp.down_proj.weight, type: torch.int8, ratio: 0.036547355353832245, diff: 10519.0791015625, norm: 287820.53125
name: model.layers.50.mlp.down_proj.weight, type: torch.int8, ratio: 0.03599393740296364, diff: 10419.5205078125, norm: 289479.875
name: model.layers.51.mlp.down_proj.weight, type: torch.int8, ratio: 0.035431817173957825, diff: 10460.0498046875, norm: 295216.28125
name: model.layers.52.mlp.down_proj.weight, type: torch.int8, ratio: 0.03536916524171829, diff: 10163.615234375, norm: 287358.0625
name: model.layers.53.mlp.down_proj.weight, type: torch.int8, ratio: 0.03499488905072212, diff: 10054.25, norm: 287306.25
name: model.layers.54.mlp.down_proj.weight, type: torch.int8, ratio: 0.03530328348278999, diff: 9611.6201171875, norm: 272258.53125
name: model.layers.55.mlp.down_proj.weight, type: torch.int8, ratio: 0.034757357090711594, diff: 9791.1298828125, norm: 281699.5
name: model.layers.56.mlp.down_proj.weight, type: torch.int8, ratio: 0.034344062209129333, diff: 10012.783203125, norm: 291543.34375
name: model.layers.57.mlp.down_proj.weight, type: torch.int8, ratio: 0.03484084829688072, diff: 9562.615234375, norm: 274465.625
name: model.layers.58.mlp.down_proj.weight, type: torch.int8, ratio: 0.034444283694028854, diff: 9693.369140625, norm: 281421.71875
name: model.layers.59.mlp.down_proj.weight, type: torch.int8, ratio: 0.034908611327409744, diff: 9241.9912109375, norm: 264748.1875
name: model.layers.60.mlp.down_proj.weight, type: torch.int8, ratio: 0.03485788032412529, diff: 9140.162109375, norm: 262212.21875
name: model.layers.61.mlp.down_proj.weight, type: torch.int8, ratio: 0.03531492501497269, diff: 8759.16796875, norm: 248030.203125
name: model.layers.62.mlp.down_proj.weight, type: torch.int8, ratio: 0.03915734589099884, diff: 7756.97021484375, norm: 198097.4375
name: model.layers.63.mlp.down_proj.weight, type: torch.int8, ratio: 0.03552582859992981, diff: 8931.3564453125, norm: 251404.59375
layernorm: model.layers.0.input_layernorm.weight, dead_neurons_mask ct: 3.0
layernorm: model.layers.0.post_attention_layernorm.weight, dead_neurons_mask ct: 21.0
layernorm: model.layers.1.input_layernorm.weight, dead_neurons_mask ct: 382.0
layernorm: model.layers.1.post_attention_layernorm.weight, dead_neurons_mask ct: 1147.0
layernorm: model.layers.2.input_layernorm.weight, dead_neurons_mask ct: 1027.0
layernorm: model.layers.2.post_attention_layernorm.weight, dead_neurons_mask ct: 6.0
layernorm: model.layers.3.input_layernorm.weight, dead_neurons_mask ct: 854.0
layernorm: model.layers.3.post_attention_layernorm.weight, dead_neurons_mask ct: 7.0
layernorm: model.layers.4.input_layernorm.weight, dead_neurons_mask ct: 312.0
layernorm: model.layers.4.post_attention_layernorm.weight, dead_neurons_mask ct: 3.0
layernorm: model.layers.5.input_layernorm.weight, dead_neurons_mask ct: 53.0
layernorm: model.layers.5.post_attention_layernorm.weight, dead_neurons_mask ct: 6.0
layernorm: model.layers.6.input_layernorm.weight, dead_neurons_mask ct: 31.0
layernorm: model.layers.6.post_attention_layernorm.weight, dead_neurons_mask ct: 3.0
layernorm: model.layers.7.input_layernorm.weight, dead_neurons_mask ct: 24.0
layernorm: model.layers.7.post_attention_layernorm.weight, dead_neurons_mask ct: 7.0
layernorm: model.layers.8.input_layernorm.weight, dead_neurons_mask ct: 18.0
layernorm: model.layers.8.post_attention_layernorm.weight, dead_neurons_mask ct: 3.0
layernorm: model.layers.9.input_layernorm.weight, dead_neurons_mask ct: 15.0
layernorm: model.layers.9.post_attention_layernorm.weight, dead_neurons_mask ct: 4.0
layernorm: model.layers.10.input_layernorm.weight, dead_neurons_mask ct: 9.0
layernorm: model.layers.10.post_attention_layernorm.weight, dead_neurons_mask ct: 1.0
layernorm: model.layers.11.input_layernorm.weight, dead_neurons_mask ct: 8.0
layernorm: model.layers.11.post_attention_layernorm.weight, dead_neurons_mask ct: 2.0
layernorm: model.layers.12.input_layernorm.weight, dead_neurons_mask ct: 8.0
layernorm: model.layers.12.post_attention_layernorm.weight, dead_neurons_mask ct: 2.0
layernorm: model.layers.13.input_layernorm.weight, dead_neurons_mask ct: 10.0
layernorm: model.layers.13.post_attention_layernorm.weight, dead_neurons_mask ct: 1.0
layernorm: model.layers.14.input_layernorm.weight, dead_neurons_mask ct: 9.0
layernorm: model.layers.14.post_attention_layernorm.weight, dead_neurons_mask ct: 2.0
layernorm: model.layers.15.input_layernorm.weight, dead_neurons_mask ct: 6.0
layernorm: model.layers.15.post_attention_layernorm.weight, dead_neurons_mask ct: 1.0
layernorm: model.layers.16.input_layernorm.weight, dead_neurons_mask ct: 5.0
layernorm: model.layers.16.post_attention_layernorm.weight, dead_neurons_mask ct: 1.0
layernorm: model.layers.17.input_layernorm.weight, dead_neurons_mask ct: 5.0
layernorm: model.layers.17.post_attention_layernorm.weight, dead_neurons_mask ct: 1.0
layernorm: model.layers.18.input_layernorm.weight, dead_neurons_mask ct: 4.0
layernorm: model.layers.18.post_attention_layernorm.weight, dead_neurons_mask ct: 1.0
layernorm: model.layers.19.input_layernorm.weight, dead_neurons_mask ct: 5.0
layernorm: model.layers.19.post_attention_layernorm.weight, dead_neurons_mask ct: 1.0
layernorm: model.layers.20.input_layernorm.weight, dead_neurons_mask ct: 4.0
layernorm: model.layers.20.post_attention_layernorm.weight, dead_neurons_mask ct: 1.0
layernorm: model.layers.21.input_layernorm.weight, dead_neurons_mask ct: 3.0
layernorm: model.layers.21.post_attention_layernorm.weight, dead_neurons_mask ct: 1.0
layernorm: model.layers.22.input_layernorm.weight, dead_neurons_mask ct: 4.0
layernorm: model.layers.22.post_attention_layernorm.weight, dead_neurons_mask ct: 0.0
layernorm: model.layers.23.input_layernorm.weight, dead_neurons_mask ct: 3.0
layernorm: model.layers.23.post_attention_layernorm.weight, dead_neurons_mask ct: 0.0
layernorm: model.layers.24.input_layernorm.weight, dead_neurons_mask ct: 4.0
layernorm: model.layers.24.post_attention_layernorm.weight, dead_neurons_mask ct: 1.0
layernorm: model.layers.25.input_layernorm.weight, dead_neurons_mask ct: 4.0
layernorm: model.layers.25.post_attention_layernorm.weight, dead_neurons_mask ct: 1.0
layernorm: model.layers.26.input_layernorm.weight, dead_neurons_mask ct: 3.0
layernorm: model.layers.26.post_attention_layernorm.weight, dead_neurons_mask ct: 1.0
layernorm: model.layers.27.input_layernorm.weight, dead_neurons_mask ct: 2.0
layernorm: model.layers.27.post_attention_layernorm.weight, dead_neurons_mask ct: 0.0
layernorm: model.layers.28.input_layernorm.weight, dead_neurons_mask ct: 3.0
layernorm: model.layers.28.post_attention_layernorm.weight, dead_neurons_mask ct: 1.0
layernorm: model.layers.29.input_layernorm.weight, dead_neurons_mask ct: 3.0
layernorm: model.layers.29.post_attention_layernorm.weight, dead_neurons_mask ct: 1.0
layernorm: model.layers.30.input_layernorm.weight, dead_neurons_mask ct: 3.0
layernorm: model.layers.30.post_attention_layernorm.weight, dead_neurons_mask ct: 1.0
layernorm: model.layers.31.input_layernorm.weight, dead_neurons_mask ct: 3.0
layernorm: model.layers.31.post_attention_layernorm.weight, dead_neurons_mask ct: 1.0
layernorm: model.layers.32.input_layernorm.weight, dead_neurons_mask ct: 4.0
layernorm: model.layers.32.post_attention_layernorm.weight, dead_neurons_mask ct: 2.0
layernorm: model.layers.33.input_layernorm.weight, dead_neurons_mask ct: 2.0
layernorm: model.layers.33.post_attention_layernorm.weight, dead_neurons_mask ct: 1.0
layernorm: model.layers.34.input_layernorm.weight, dead_neurons_mask ct: 3.0
layernorm: model.layers.34.post_attention_layernorm.weight, dead_neurons_mask ct: 1.0
layernorm: model.layers.35.input_layernorm.weight, dead_neurons_mask ct: 3.0
layernorm: model.layers.35.post_attention_layernorm.weight, dead_neurons_mask ct: 1.0
layernorm: model.layers.36.input_layernorm.weight, dead_neurons_mask ct: 2.0
layernorm: model.layers.36.post_attention_layernorm.weight, dead_neurons_mask ct: 2.0
layernorm: model.layers.37.input_layernorm.weight, dead_neurons_mask ct: 1.0
layernorm: model.layers.37.post_attention_layernorm.weight, dead_neurons_mask ct: 1.0
layernorm: model.layers.38.input_layernorm.weight, dead_neurons_mask ct: 3.0
layernorm: model.layers.38.post_attention_layernorm.weight, dead_neurons_mask ct: 1.0
layernorm: model.layers.39.input_layernorm.weight, dead_neurons_mask ct: 2.0
layernorm: model.layers.39.post_attention_layernorm.weight, dead_neurons_mask ct: 1.0
layernorm: model.layers.40.input_layernorm.weight, dead_neurons_mask ct: 2.0
layernorm: model.layers.40.post_attention_layernorm.weight, dead_neurons_mask ct: 1.0
layernorm: model.layers.41.input_layernorm.weight, dead_neurons_mask ct: 4.0
layernorm: model.layers.41.post_attention_layernorm.weight, dead_neurons_mask ct: 1.0
layernorm: model.layers.42.input_layernorm.weight, dead_neurons_mask ct: 1.0
layernorm: model.layers.42.post_attention_layernorm.weight, dead_neurons_mask ct: 1.0
layernorm: model.layers.43.input_layernorm.weight, dead_neurons_mask ct: 1.0
layernorm: model.layers.43.post_attention_layernorm.weight, dead_neurons_mask ct: 1.0
layernorm: model.layers.44.input_layernorm.weight, dead_neurons_mask ct: 2.0
layernorm: model.layers.44.post_attention_layernorm.weight, dead_neurons_mask ct: 1.0
layernorm: model.layers.45.input_layernorm.weight, dead_neurons_mask ct: 2.0
layernorm: model.layers.45.post_attention_layernorm.weight, dead_neurons_mask ct: 1.0
layernorm: model.layers.46.input_layernorm.weight, dead_neurons_mask ct: 1.0
layernorm: model.layers.46.post_attention_layernorm.weight, dead_neurons_mask ct: 1.0
layernorm: model.layers.47.input_layernorm.weight, dead_neurons_mask ct: 0.0
layernorm: model.layers.47.post_attention_layernorm.weight, dead_neurons_mask ct: 1.0
layernorm: model.layers.48.input_layernorm.weight, dead_neurons_mask ct: 0.0
layernorm: model.layers.48.post_attention_layernorm.weight, dead_neurons_mask ct: 1.0
layernorm: model.layers.49.input_layernorm.weight, dead_neurons_mask ct: 0.0
layernorm: model.layers.49.post_attention_layernorm.weight, dead_neurons_mask ct: 1.0
layernorm: model.layers.50.input_layernorm.weight, dead_neurons_mask ct: 2.0
layernorm: model.layers.50.post_attention_layernorm.weight, dead_neurons_mask ct: 1.0
layernorm: model.layers.51.input_layernorm.weight, dead_neurons_mask ct: 0.0
layernorm: model.layers.51.post_attention_layernorm.weight, dead_neurons_mask ct: 1.0
layernorm: model.layers.52.input_layernorm.weight, dead_neurons_mask ct: 2.0
layernorm: model.layers.52.post_attention_layernorm.weight, dead_neurons_mask ct: 1.0
layernorm: model.layers.53.input_layernorm.weight, dead_neurons_mask ct: 1.0
layernorm: model.layers.53.post_attention_layernorm.weight, dead_neurons_mask ct: 1.0
layernorm: model.layers.54.input_layernorm.weight, dead_neurons_mask ct: 0.0
layernorm: model.layers.54.post_attention_layernorm.weight, dead_neurons_mask ct: 1.0
layernorm: model.layers.55.input_layernorm.weight, dead_neurons_mask ct: 1.0
layernorm: model.layers.55.post_attention_layernorm.weight, dead_neurons_mask ct: 1.0
layernorm: model.layers.56.input_layernorm.weight, dead_neurons_mask ct: 3.0
layernorm: model.layers.56.post_attention_layernorm.weight, dead_neurons_mask ct: 1.0
layernorm: model.layers.57.input_layernorm.weight, dead_neurons_mask ct: 0.0
layernorm: model.layers.57.post_attention_layernorm.weight, dead_neurons_mask ct: 1.0
layernorm: model.layers.58.input_layernorm.weight, dead_neurons_mask ct: 3.0
layernorm: model.layers.58.post_attention_layernorm.weight, dead_neurons_mask ct: 2.0
layernorm: model.layers.59.input_layernorm.weight, dead_neurons_mask ct: 1.0
layernorm: model.layers.59.post_attention_layernorm.weight, dead_neurons_mask ct: 2.0
layernorm: model.layers.60.input_layernorm.weight, dead_neurons_mask ct: 2.0
layernorm: model.layers.60.post_attention_layernorm.weight, dead_neurons_mask ct: 0.0
layernorm: model.layers.61.input_layernorm.weight, dead_neurons_mask ct: 1.0
layernorm: model.layers.61.post_attention_layernorm.weight, dead_neurons_mask ct: 2.0
layernorm: model.layers.62.input_layernorm.weight, dead_neurons_mask ct: 2.0
layernorm: model.layers.62.post_attention_layernorm.weight, dead_neurons_mask ct: 2.0
layernorm: model.layers.63.input_layernorm.weight, dead_neurons_mask ct: 0.0
layernorm: model.layers.63.post_attention_layernorm.weight, dead_neurons_mask ct: 0.0
