name: model.layers.0.input_layernorm.weight, type: torch.float16, ratio: 0.0016148928552865982, diff: 0.011513526551425457, norm: 7.129591464996338
name: model.layers.0.post_attention_layernorm.weight, type: torch.float16, ratio: 0.006401839200407267, diff: 0.06015564128756523, norm: 9.396618843078613
name: model.layers.1.input_layernorm.weight, type: torch.float16, ratio: 0.22861149907112122, diff: 0.9147809743881226, norm: 4.001465320587158
name: model.layers.1.post_attention_layernorm.weight, type: torch.float16, ratio: 0.023211561143398285, diff: 0.19153955578804016, norm: 8.251903533935547
name: model.layers.2.input_layernorm.weight, type: torch.float16, ratio: 1.814108967781067, diff: 10.712503433227539, norm: 5.905104637145996
name: model.layers.2.post_attention_layernorm.weight, type: torch.float16, ratio: 0.00023047387367114425, diff: 0.0024495969992130995, norm: 10.628523826599121
name: model.layers.3.input_layernorm.weight, type: torch.float16, ratio: 0.08588434010744095, diff: 0.6244720816612244, norm: 7.271081924438477
name: model.layers.3.post_attention_layernorm.weight, type: torch.float16, ratio: 0.006951061077415943, diff: 0.07423964142799377, norm: 10.68033218383789
name: model.layers.4.input_layernorm.weight, type: torch.float16, ratio: 0.1021956205368042, diff: 0.8088169693946838, norm: 7.91439962387085
name: model.layers.4.post_attention_layernorm.weight, type: torch.float16, ratio: 0.0004679009725805372, diff: 0.005276322364807129, norm: 11.276578903198242
name: model.layers.5.input_layernorm.weight, type: torch.float16, ratio: 0.06547227501869202, diff: 0.5905293226242065, norm: 9.019532203674316
name: model.layers.5.post_attention_layernorm.weight, type: torch.float16, ratio: 0.001975265797227621, diff: 0.021511463448405266, norm: 10.890414237976074
name: model.layers.6.input_layernorm.weight, type: torch.float16, ratio: 0.01672845333814621, diff: 0.15111438930034637, norm: 9.033374786376953
name: model.layers.6.post_attention_layernorm.weight, type: torch.float16, ratio: 0.0009187055984511971, diff: 0.009914232417941093, norm: 10.791522979736328
name: model.layers.7.input_layernorm.weight, type: torch.float16, ratio: 0.04415152966976166, diff: 0.41042694449424744, norm: 9.29587173461914
name: model.layers.7.post_attention_layernorm.weight, type: torch.float16, ratio: 0.0025597698986530304, diff: 0.027409156784415245, norm: 10.707664489746094
name: model.layers.8.input_layernorm.weight, type: torch.float16, ratio: 0.008068324998021126, diff: 0.06965625286102295, norm: 8.63329792022705
name: model.layers.8.post_attention_layernorm.weight, type: torch.float16, ratio: 0.0014297098387032747, diff: 0.014616482891142368, norm: 10.22339153289795
name: model.layers.9.input_layernorm.weight, type: torch.float16, ratio: 0.008788181468844414, diff: 0.081974096596241, norm: 9.327765464782715
name: model.layers.9.post_attention_layernorm.weight, type: torch.float16, ratio: 0.0016741767758503556, diff: 0.01625145599246025, norm: 9.707132339477539
name: model.layers.10.input_layernorm.weight, type: torch.float16, ratio: 0.0025828396901488304, diff: 0.025838429108262062, norm: 10.003884315490723
name: model.layers.10.post_attention_layernorm.weight, type: torch.float16, ratio: 0.00024305509577970952, diff: 0.0024199741892516613, norm: 9.956483840942383
name: model.layers.11.input_layernorm.weight, type: torch.float16, ratio: 0.0008016497013159096, diff: 0.007511149626225233, norm: 9.36961555480957
name: model.layers.11.post_attention_layernorm.weight, type: torch.float16, ratio: 0.0004629580653272569, diff: 0.00479313638061285, norm: 10.353283882141113
name: model.layers.12.input_layernorm.weight, type: torch.float16, ratio: 0.006881226319819689, diff: 0.06680656224489212, norm: 9.708525657653809
name: model.layers.12.post_attention_layernorm.weight, type: torch.float16, ratio: 0.00014821672812104225, diff: 0.0015222326619550586, norm: 10.270316123962402
name: model.layers.13.input_layernorm.weight, type: torch.float16, ratio: 0.010199991054832935, diff: 0.09733167290687561, norm: 9.542328834533691
name: model.layers.13.post_attention_layernorm.weight, type: torch.float16, ratio: 0.00030843011336401105, diff: 0.0031789911445230246, norm: 10.3070068359375
name: model.layers.14.input_layernorm.weight, type: torch.float16, ratio: 0.006169439759105444, diff: 0.060784365981817245, norm: 9.852493286132812
name: model.layers.14.post_attention_layernorm.weight, type: torch.float16, ratio: 0.0012332991464063525, diff: 0.012757102958858013, norm: 10.343883514404297
name: model.layers.15.input_layernorm.weight, type: torch.float16, ratio: 0.916447103023529, diff: 9.310583114624023, norm: 10.159433364868164
name: model.layers.15.post_attention_layernorm.weight, type: torch.float16, ratio: 0.0004365966597106308, diff: 0.00460664601996541, norm: 10.551262855529785
name: model.layers.16.input_layernorm.weight, type: torch.float16, ratio: 0.002042182255536318, diff: 0.01986537128686905, norm: 9.727520942687988
name: model.layers.16.post_attention_layernorm.weight, type: torch.float16, ratio: 0.00034064726787619293, diff: 0.0035929938312619925, norm: 10.5475492477417
name: model.layers.17.input_layernorm.weight, type: torch.float16, ratio: 0.0069997962564229965, diff: 0.07119658589363098, norm: 10.171236991882324
name: model.layers.17.post_attention_layernorm.weight, type: torch.float16, ratio: 0.0020751901902258396, diff: 0.0217824038118124, norm: 10.49658203125
name: model.layers.18.input_layernorm.weight, type: torch.float16, ratio: 0.004726466257125139, diff: 0.04773252457380295, norm: 10.098987579345703
name: model.layers.18.post_attention_layernorm.weight, type: torch.float16, ratio: 0.00038575634243898094, diff: 0.004021825268864632, norm: 10.425817489624023
name: model.layers.19.input_layernorm.weight, type: torch.float16, ratio: 0.0014798109186813235, diff: 0.015228228643536568, norm: 10.290657997131348
name: model.layers.19.post_attention_layernorm.weight, type: torch.float16, ratio: 8.564382733311504e-05, diff: 0.0008981506107375026, norm: 10.487044334411621
name: model.layers.20.input_layernorm.weight, type: torch.float16, ratio: 0.002274853643029928, diff: 0.022676100954413414, norm: 9.968157768249512
name: model.layers.20.post_attention_layernorm.weight, type: torch.float16, ratio: 0.0001880930212792009, diff: 0.001964436611160636, norm: 10.443963050842285
name: model.layers.21.input_layernorm.weight, type: torch.float16, ratio: 0.000896691984962672, diff: 0.00930191483348608, norm: 10.373589515686035
name: model.layers.21.post_attention_layernorm.weight, type: torch.float16, ratio: 0.00018544466001912951, diff: 0.0019358413992449641, norm: 10.43891716003418
name: model.layers.22.input_layernorm.weight, type: torch.float16, ratio: 0.0010145314736291766, diff: 0.010715754702687263, norm: 10.56226921081543
name: model.layers.22.post_attention_layernorm.weight, type: torch.float16, ratio: 5.446171053336002e-05, diff: 0.0005736269522458315, norm: 10.532665252685547
name: model.layers.23.input_layernorm.weight, type: torch.float16, ratio: 0.0009545860229991376, diff: 0.010209145955741405, norm: 10.694841384887695
name: model.layers.23.post_attention_layernorm.weight, type: torch.float16, ratio: 0.00015834650548640639, diff: 0.0016839760355651379, norm: 10.634753227233887
name: model.layers.24.input_layernorm.weight, type: torch.float16, ratio: 0.00520679447799921, diff: 0.05589490383863449, norm: 10.734992980957031
name: model.layers.24.post_attention_layernorm.weight, type: torch.float16, ratio: 0.001258590491488576, diff: 0.0134124755859375, norm: 10.656743049621582
name: model.layers.25.input_layernorm.weight, type: torch.float16, ratio: 0.010286091826856136, diff: 0.11269231885671616, norm: 10.955795288085938
name: model.layers.25.post_attention_layernorm.weight, type: torch.float16, ratio: 0.00023565850278828293, diff: 0.002481242874637246, norm: 10.528976440429688
name: model.layers.26.input_layernorm.weight, type: torch.float16, ratio: 0.0019434202695265412, diff: 0.02089892327785492, norm: 10.753682136535645
name: model.layers.26.post_attention_layernorm.weight, type: torch.float16, ratio: 0.0017692390829324722, diff: 0.018517863005399704, norm: 10.466568946838379
name: model.layers.27.input_layernorm.weight, type: torch.float16, ratio: 0.000487905228510499, diff: 0.005164135247468948, norm: 10.58430004119873
name: model.layers.27.post_attention_layernorm.weight, type: torch.float16, ratio: 0.00026602682191878557, diff: 0.0027608871459960938, norm: 10.378228187561035
name: model.layers.28.input_layernorm.weight, type: torch.float16, ratio: 0.00013864335778634995, diff: 0.001460535917431116, norm: 10.5344820022583
name: model.layers.28.post_attention_layernorm.weight, type: torch.float16, ratio: 0.0002810687874443829, diff: 0.002910614013671875, norm: 10.355522155761719
name: model.layers.29.input_layernorm.weight, type: torch.float16, ratio: 0.0025388887152075768, diff: 0.02665330097079277, norm: 10.498018264770508
name: model.layers.29.post_attention_layernorm.weight, type: torch.float16, ratio: 0.0002591098891571164, diff: 0.0026559829711914062, norm: 10.250411987304688
name: model.layers.30.input_layernorm.weight, type: torch.float16, ratio: 0.0019591262098401785, diff: 0.02045178972184658, norm: 10.439240455627441
name: model.layers.30.post_attention_layernorm.weight, type: torch.float16, ratio: 0.0005728128016926348, diff: 0.005828857421875, norm: 10.175850868225098
name: model.layers.31.input_layernorm.weight, type: torch.float16, ratio: 0.0010677488753572106, diff: 0.011128602549433708, norm: 10.422491073608398
name: model.layers.31.post_attention_layernorm.weight, type: torch.float16, ratio: 8.610223449068144e-05, diff: 0.000881195068359375, norm: 10.234288215637207
name: model.layers.32.input_layernorm.weight, type: torch.float16, ratio: 0.006031428929418325, diff: 0.06009801849722862, norm: 9.964142799377441
name: model.layers.32.post_attention_layernorm.weight, type: torch.float16, ratio: 0.0007065035169944167, diff: 0.007526320405304432, norm: 10.652913093566895
name: model.layers.33.input_layernorm.weight, type: torch.float16, ratio: 0.00044938692008145154, diff: 0.004862500354647636, norm: 10.820298194885254
name: model.layers.33.post_attention_layernorm.weight, type: torch.float16, ratio: 0.00035110447788611054, diff: 0.0037994384765625, norm: 10.821390151977539
name: model.layers.34.input_layernorm.weight, type: torch.float16, ratio: 0.001244532992132008, diff: 0.013614334166049957, norm: 10.939311981201172
name: model.layers.34.post_attention_layernorm.weight, type: torch.float16, ratio: 0.0003775444347411394, diff: 0.0041484832763671875, norm: 10.988066673278809
name: model.layers.35.input_layernorm.weight, type: torch.float16, ratio: 0.0032082705292850733, diff: 0.035966090857982635, norm: 11.210429191589355
name: model.layers.35.post_attention_layernorm.weight, type: torch.float16, ratio: 0.00025823485339060426, diff: 0.002899169921875, norm: 11.226872444152832
name: model.layers.36.input_layernorm.weight, type: torch.float16, ratio: 0.00046182292862795293, diff: 0.005243457853794098, norm: 11.353827476501465
name: model.layers.36.post_attention_layernorm.weight, type: torch.float16, ratio: 0.0003623276425059885, diff: 0.0041354079730808735, norm: 11.413448333740234
name: model.layers.37.input_layernorm.weight, type: torch.float16, ratio: 1.2674505342147313e-05, diff: 0.000148773193359375, norm: 11.737988471984863
name: model.layers.37.post_attention_layernorm.weight, type: torch.float16, ratio: 0.00024329745792783797, diff: 0.002803802490234375, norm: 11.524174690246582
name: model.layers.38.input_layernorm.weight, type: torch.float16, ratio: 0.0010172602487728, diff: 0.012207011692225933, norm: 11.99989128112793
name: model.layers.38.post_attention_layernorm.weight, type: torch.float16, ratio: 0.0018011202337220311, diff: 0.02161407470703125, norm: 12.000350952148438
name: model.layers.39.input_layernorm.weight, type: torch.float16, ratio: 0.0004964260151609778, diff: 0.006060376297682524, norm: 12.208014488220215
name: model.layers.39.post_attention_layernorm.weight, type: torch.float16, ratio: 0.00011583461309783161, diff: 0.0013523101806640625, norm: 11.674490928649902
name: model.layers.40.input_layernorm.weight, type: torch.float16, ratio: 0.00010270348866470158, diff: 0.0012411139905452728, norm: 12.08443832397461
name: model.layers.40.post_attention_layernorm.weight, type: torch.float16, ratio: 0.00018692557932808995, diff: 0.002197265625, norm: 11.754761695861816
name: model.layers.41.input_layernorm.weight, type: torch.float16, ratio: 0.001594552188180387, diff: 0.019745539873838425, norm: 12.383125305175781
name: model.layers.41.post_attention_layernorm.weight, type: torch.float16, ratio: 0.0001295725378440693, diff: 0.001514434814453125, norm: 11.6879301071167
name: model.layers.42.input_layernorm.weight, type: torch.float16, ratio: 0.0001850231346907094, diff: 0.0022161691449582577, norm: 11.977794647216797
name: model.layers.42.post_attention_layernorm.weight, type: torch.float16, ratio: 0.0001623148564249277, diff: 0.001880645751953125, norm: 11.586405754089355
name: model.layers.43.input_layernorm.weight, type: torch.float16, ratio: 5.738845356972888e-05, diff: 0.00067901611328125, norm: 11.831929206848145
name: model.layers.43.post_attention_layernorm.weight, type: torch.float16, ratio: 0.00046866005868650973, diff: 0.00536346435546875, norm: 11.444252967834473
name: model.layers.44.input_layernorm.weight, type: torch.float16, ratio: 0.00014528515748679638, diff: 0.0016850084066390991, norm: 11.597939491271973
name: model.layers.44.post_attention_layernorm.weight, type: torch.float16, ratio: 0.0005495286895893514, diff: 0.0062103271484375, norm: 11.301188468933105
name: model.layers.45.input_layernorm.weight, type: torch.float16, ratio: 0.0006148972315713763, diff: 0.0070490590296685696, norm: 11.463800430297852
name: model.layers.45.post_attention_layernorm.weight, type: torch.float16, ratio: 0.0004466903046704829, diff: 0.004947662353515625, norm: 11.07627010345459
name: model.layers.46.input_layernorm.weight, type: torch.float16, ratio: 0.0003739608800970018, diff: 0.004184722900390625, norm: 11.190269470214844
name: model.layers.46.post_attention_layernorm.weight, type: torch.float16, ratio: 2.5647550501162186e-05, diff: 0.000278472900390625, norm: 10.857680320739746
name: model.layers.47.input_layernorm.weight, type: torch.float16, ratio: 5.760148269473575e-06, diff: 6.256569031393155e-05, norm: 10.86181926727295
name: model.layers.47.post_attention_layernorm.weight, type: torch.float16, ratio: 0.00017873082833830267, diff: 0.001922607421875, norm: 10.756999015808105
name: model.layers.48.input_layernorm.weight, type: torch.float16, ratio: 4.690964033216005e-06, diff: 4.973756585968658e-05, norm: 10.602845191955566
name: model.layers.48.post_attention_layernorm.weight, type: torch.float16, ratio: 0.00011103188444394618, diff: 0.0011692047119140625, norm: 10.530350685119629
name: model.layers.49.input_layernorm.weight, type: torch.float16, ratio: 1.2635630810109433e-05, diff: 0.00013138572103343904, norm: 10.39803409576416
name: model.layers.49.post_attention_layernorm.weight, type: torch.float16, ratio: 2.467811464157421e-05, diff: 0.000255584716796875, norm: 10.356736183166504
name: model.layers.50.input_layernorm.weight, type: torch.float16, ratio: 0.0037032882682979107, diff: 0.03777315095067024, norm: 10.199894905090332
name: model.layers.50.post_attention_layernorm.weight, type: torch.float16, ratio: 0.00021548116637859493, diff: 0.002216339111328125, norm: 10.285534858703613
name: model.layers.51.input_layernorm.weight, type: torch.float16, ratio: 0.0, diff: 0.0, norm: 9.808876991271973
name: model.layers.51.post_attention_layernorm.weight, type: torch.float16, ratio: 0.0002638425212353468, diff: 0.0027151107788085938, norm: 10.290648460388184
name: model.layers.52.input_layernorm.weight, type: torch.float16, ratio: 0.0007637725211679935, diff: 0.0076355719938874245, norm: 9.997180938720703
name: model.layers.52.post_attention_layernorm.weight, type: torch.float16, ratio: 0.00012340066314209253, diff: 0.001251220703125, norm: 10.139496803283691
name: model.layers.53.input_layernorm.weight, type: torch.float16, ratio: 2.3531578335678205e-05, diff: 0.00022451688710134476, norm: 9.541089057922363
name: model.layers.53.post_attention_layernorm.weight, type: torch.float16, ratio: 0.00014765070227440447, diff: 0.0014896392822265625, norm: 10.08894157409668
name: model.layers.54.input_layernorm.weight, type: torch.float16, ratio: 1.4097976418270264e-05, diff: 0.000133514404296875, norm: 9.470465660095215
name: model.layers.54.post_attention_layernorm.weight, type: torch.float16, ratio: 6.281686364673078e-05, diff: 0.000631205621175468, norm: 10.048346519470215
name: model.layers.55.input_layernorm.weight, type: torch.float16, ratio: 2.6199357307632454e-05, diff: 0.00024839508114382625, norm: 9.480960845947266
name: model.layers.55.post_attention_layernorm.weight, type: torch.float16, ratio: 0.000568538554944098, diff: 0.0056915283203125, norm: 10.010804176330566
name: model.layers.56.input_layernorm.weight, type: torch.float16, ratio: 0.0014965177979320288, diff: 0.014125791378319263, norm: 9.439106941223145
name: model.layers.56.post_attention_layernorm.weight, type: torch.float16, ratio: 0.00015241626533679664, diff: 0.001522064208984375, norm: 9.986231803894043
name: model.layers.57.input_layernorm.weight, type: torch.float16, ratio: 6.9255656853783876e-06, diff: 6.563053466379642e-05, norm: 9.47655963897705
name: model.layers.57.post_attention_layernorm.weight, type: torch.float16, ratio: 7.447682583006099e-05, diff: 0.0007457733154296875, norm: 10.013494491577148
name: model.layers.58.input_layernorm.weight, type: torch.float16, ratio: 0.0010025205556303263, diff: 0.009081822820007801, norm: 9.058989524841309
name: model.layers.58.post_attention_layernorm.weight, type: torch.float16, ratio: 0.0005761568900197744, diff: 0.005785026587545872, norm: 10.040714263916016
name: model.layers.59.input_layernorm.weight, type: torch.float16, ratio: 0.00016484782099723816, diff: 0.0015890904469415545, norm: 9.639741897583008
name: model.layers.59.post_attention_layernorm.weight, type: torch.float16, ratio: 0.00022604927653446794, diff: 0.002355139469727874, norm: 10.418699264526367
name: model.layers.60.input_layernorm.weight, type: torch.float16, ratio: 0.00020456439233385026, diff: 0.002004549838602543, norm: 9.799114227294922
name: model.layers.60.post_attention_layernorm.weight, type: torch.float16, ratio: 0.00015884984168224037, diff: 0.001693691243417561, norm: 10.662215232849121
name: model.layers.61.input_layernorm.weight, type: torch.float16, ratio: 0.0005647885263897479, diff: 0.005610457621514797, norm: 9.933732032775879
name: model.layers.61.post_attention_layernorm.weight, type: torch.float16, ratio: 0.00016362131282221526, diff: 0.001742688356898725, norm: 10.650741577148438
name: model.layers.62.input_layernorm.weight, type: torch.float16, ratio: 0.0037025362253189087, diff: 0.03952080383896828, norm: 10.673981666564941
name: model.layers.62.post_attention_layernorm.weight, type: torch.float16, ratio: 0.00025078540784306824, diff: 0.0029247684869915247, norm: 11.662434577941895
name: model.layers.63.input_layernorm.weight, type: torch.float16, ratio: 0.0, diff: 0.0, norm: 11.035544395446777
name: model.layers.63.post_attention_layernorm.weight, type: torch.float16, ratio: 0.0, diff: 0.0, norm: 12.297907829284668
name: model.layers.0.self_attn.q_proj.weight, type: torch.int8, ratio: 0.022679662331938744, diff: 2299.65869140625, norm: 101397.3984375
name: model.layers.0.self_attn.k_proj.weight, type: torch.int8, ratio: 0.019378842785954475, diff: 1034.90576171875, norm: 53403.8984375
name: model.layers.0.self_attn.v_proj.weight, type: torch.int8, ratio: 0.016048792749643326, diff: 1073.7769775390625, norm: 66907.0234375
name: model.layers.0.self_attn.o_proj.weight, type: torch.int8, ratio: 0.018462320789694786, diff: 2532.7138671875, norm: 137182.859375
name: model.layers.0.mlp.gate_proj.weight, type: torch.int8, ratio: 0.03130030259490013, diff: 6339.40869140625, norm: 202535.0625
name: model.layers.0.mlp.up_proj.weight, type: torch.int8, ratio: 0.028356878086924553, diff: 6353.6572265625, norm: 224060.53125
name: model.layers.1.self_attn.q_proj.weight, type: torch.int8, ratio: 0.07542966306209564, diff: 1897.864013671875, norm: 25160.7109375
name: model.layers.1.self_attn.k_proj.weight, type: torch.int8, ratio: 0.0632898360490799, diff: 936.2947998046875, norm: 14793.76171875
name: model.layers.1.self_attn.v_proj.weight, type: torch.int8, ratio: 0.045920781791210175, diff: 1119.778564453125, norm: 24385.005859375
name: model.layers.1.self_attn.o_proj.weight, type: torch.int8, ratio: 0.02304091490805149, diff: 3109.560791015625, norm: 134958.21875
name: model.layers.1.mlp.gate_proj.weight, type: torch.int8, ratio: 0.086097352206707, diff: 4496.166015625, norm: 52221.8828125
name: model.layers.1.mlp.up_proj.weight, type: torch.int8, ratio: 0.07709997147321701, diff: 5238.7314453125, norm: 67947.2578125
name: model.layers.2.self_attn.q_proj.weight, type: torch.int8, ratio: 0.07460299879312515, diff: 2593.476318359375, norm: 34763.69921875
name: model.layers.2.self_attn.k_proj.weight, type: torch.int8, ratio: 0.07429253309965134, diff: 1177.4952392578125, norm: 15849.4423828125
name: model.layers.2.self_attn.v_proj.weight, type: torch.int8, ratio: 0.036402154713869095, diff: 1241.408935546875, norm: 34102.62109375
name: model.layers.2.self_attn.o_proj.weight, type: torch.int8, ratio: 0.018278123810887337, diff: 2691.53271484375, norm: 147254.328125
name: model.layers.2.mlp.gate_proj.weight, type: torch.int8, ratio: 0.05687202885746956, diff: 4022.358154296875, norm: 70726.4765625
name: model.layers.2.mlp.up_proj.weight, type: torch.int8, ratio: 0.05430100858211517, diff: 5476.98681640625, norm: 100863.4453125
name: model.layers.3.self_attn.q_proj.weight, type: torch.int8, ratio: 0.05564441159367561, diff: 2809.35888671875, norm: 50487.7109375
name: model.layers.3.self_attn.k_proj.weight, type: torch.int8, ratio: 0.06046680361032486, diff: 1261.3472900390625, norm: 20860.162109375
name: model.layers.3.self_attn.v_proj.weight, type: torch.int8, ratio: 0.03569218888878822, diff: 1279.0789794921875, norm: 35836.3828125
name: model.layers.3.self_attn.o_proj.weight, type: torch.int8, ratio: 0.015932682901620865, diff: 2432.7451171875, norm: 152688.984375
name: model.layers.3.mlp.gate_proj.weight, type: torch.int8, ratio: 0.05040446296334267, diff: 4309.30029296875, norm: 85494.421875
name: model.layers.3.mlp.up_proj.weight, type: torch.int8, ratio: 0.039385952055454254, diff: 5369.916015625, norm: 136340.890625
name: model.layers.4.self_attn.q_proj.weight, type: torch.int8, ratio: 0.04630317911505699, diff: 2470.9541015625, norm: 53364.67578125
name: model.layers.4.self_attn.k_proj.weight, type: torch.int8, ratio: 0.04798727110028267, diff: 1108.3045654296875, norm: 23095.802734375
name: model.layers.4.self_attn.v_proj.weight, type: torch.int8, ratio: 0.02835095301270485, diff: 1116.3489990234375, norm: 39376.06640625
name: model.layers.4.self_attn.o_proj.weight, type: torch.int8, ratio: 0.014204451814293861, diff: 2236.558349609375, norm: 157454.75
name: model.layers.4.mlp.gate_proj.weight, type: torch.int8, ratio: 0.0412575900554657, diff: 4479.0205078125, norm: 108562.3359375
name: model.layers.4.mlp.up_proj.weight, type: torch.int8, ratio: 0.030790846794843674, diff: 5224.76953125, norm: 169685.796875
name: model.layers.5.self_attn.q_proj.weight, type: torch.int8, ratio: 0.03306980058550835, diff: 2250.19580078125, norm: 68043.828125
name: model.layers.5.self_attn.k_proj.weight, type: torch.int8, ratio: 0.03323129564523697, diff: 1006.1173095703125, norm: 30276.19921875
name: model.layers.5.self_attn.v_proj.weight, type: torch.int8, ratio: 0.02525950036942959, diff: 1015.8189086914062, norm: 40215.3203125
name: model.layers.5.self_attn.o_proj.weight, type: torch.int8, ratio: 0.01405851636081934, diff: 2279.2294921875, norm: 162124.46875
name: model.layers.5.mlp.gate_proj.weight, type: torch.int8, ratio: 0.042521629482507706, diff: 4679.57861328125, norm: 110051.7265625
name: model.layers.5.mlp.up_proj.weight, type: torch.int8, ratio: 0.02310466207563877, diff: 5238.69921875, norm: 226737.75
name: model.layers.6.self_attn.q_proj.weight, type: torch.int8, ratio: 0.034147996455430984, diff: 2197.132568359375, norm: 64341.48046875
name: model.layers.6.self_attn.k_proj.weight, type: torch.int8, ratio: 0.033355195075273514, diff: 983.0661010742188, norm: 29472.65234375
name: model.layers.6.self_attn.v_proj.weight, type: torch.int8, ratio: 0.021117210388183594, diff: 999.109130859375, norm: 47312.55078125
name: model.layers.6.self_attn.o_proj.weight, type: torch.int8, ratio: 0.013621203601360321, diff: 2188.258056640625, norm: 160650.859375
name: model.layers.6.mlp.gate_proj.weight, type: torch.int8, ratio: 0.05600476637482643, diff: 4560.72412109375, norm: 81434.5703125
name: model.layers.6.mlp.up_proj.weight, type: torch.int8, ratio: 0.021022988483309746, diff: 5060.92041015625, norm: 240732.6875
name: model.layers.7.self_attn.q_proj.weight, type: torch.int8, ratio: 0.030086645856499672, diff: 2128.618896484375, norm: 70749.625
name: model.layers.7.self_attn.k_proj.weight, type: torch.int8, ratio: 0.03052200935781002, diff: 951.154052734375, norm: 31162.890625
name: model.layers.7.self_attn.v_proj.weight, type: torch.int8, ratio: 0.01822100393474102, diff: 974.3202514648438, norm: 53472.3671875
name: model.layers.7.self_attn.o_proj.weight, type: torch.int8, ratio: 0.013030650094151497, diff: 2123.603271484375, norm: 162969.859375
name: model.layers.7.mlp.gate_proj.weight, type: torch.int8, ratio: 0.047703422605991364, diff: 4830.6171875, norm: 101263.53125
name: model.layers.7.mlp.up_proj.weight, type: torch.int8, ratio: 0.015736306086182594, diff: 5075.7734375, norm: 322551.78125
name: model.layers.8.self_attn.q_proj.weight, type: torch.int8, ratio: 0.03439030796289444, diff: 2067.4814453125, norm: 60118.14453125
name: model.layers.8.self_attn.k_proj.weight, type: torch.int8, ratio: 0.03368382900953293, diff: 924.1433715820312, norm: 27435.818359375
name: model.layers.8.self_attn.v_proj.weight, type: torch.int8, ratio: 0.02155577950179577, diff: 942.3406982421875, norm: 43716.3828125
name: model.layers.8.self_attn.o_proj.weight, type: torch.int8, ratio: 0.014636607840657234, diff: 2318.35791015625, norm: 158394.484375
name: model.layers.8.mlp.gate_proj.weight, type: torch.int8, ratio: 0.0353764072060585, diff: 4757.9716796875, norm: 134495.609375
name: model.layers.8.mlp.up_proj.weight, type: torch.int8, ratio: 0.014154596254229546, diff: 5026.62939453125, norm: 355123.46875
name: model.layers.9.self_attn.q_proj.weight, type: torch.int8, ratio: 0.028253983706235886, diff: 2053.225341796875, norm: 72670.296875
name: model.layers.9.self_attn.k_proj.weight, type: torch.int8, ratio: 0.029829498380422592, diff: 917.0899658203125, norm: 30744.3984375
name: model.layers.9.self_attn.v_proj.weight, type: torch.int8, ratio: 0.018416378647089005, diff: 939.4967041015625, norm: 51014.19140625
name: model.layers.9.self_attn.o_proj.weight, type: torch.int8, ratio: 0.013844153843820095, diff: 2162.096923828125, norm: 156174.0
name: model.layers.9.mlp.gate_proj.weight, type: torch.int8, ratio: 0.01736273244023323, diff: 4825.01171875, norm: 277894.71875
name: model.layers.9.mlp.up_proj.weight, type: torch.int8, ratio: 0.013543711975216866, diff: 4985.392578125, norm: 368096.46875
name: model.layers.10.self_attn.q_proj.weight, type: torch.int8, ratio: 0.021878397092223167, diff: 2032.15771484375, norm: 92884.2109375
name: model.layers.10.self_attn.k_proj.weight, type: torch.int8, ratio: 0.02236681804060936, diff: 909.0203247070312, norm: 40641.46875
name: model.layers.10.self_attn.v_proj.weight, type: torch.int8, ratio: 0.01680039055645466, diff: 928.2138671875, norm: 55249.5390625
name: model.layers.10.self_attn.o_proj.weight, type: torch.int8, ratio: 0.014517353847622871, diff: 2300.3564453125, norm: 158455.625
name: model.layers.10.mlp.gate_proj.weight, type: torch.int8, ratio: 0.018573008477687836, diff: 4745.9052734375, norm: 255527.0
name: model.layers.10.mlp.up_proj.weight, type: torch.int8, ratio: 0.013556743040680885, diff: 4934.36962890625, norm: 363979.0
name: model.layers.11.self_attn.q_proj.weight, type: torch.int8, ratio: 0.028273312374949455, diff: 2003.5380859375, norm: 70863.2265625
name: model.layers.11.self_attn.k_proj.weight, type: torch.int8, ratio: 0.028828397393226624, diff: 895.1373901367188, norm: 31050.54296875
name: model.layers.11.self_attn.v_proj.weight, type: torch.int8, ratio: 0.0200171060860157, diff: 913.489990234375, norm: 45635.46875
name: model.layers.11.self_attn.o_proj.weight, type: torch.int8, ratio: 0.014654537662863731, diff: 2280.003173828125, norm: 155583.421875
name: model.layers.11.mlp.gate_proj.weight, type: torch.int8, ratio: 0.01698308251798153, diff: 4785.3232421875, norm: 281770.0
name: model.layers.11.mlp.up_proj.weight, type: torch.int8, ratio: 0.013286655768752098, diff: 4934.82080078125, norm: 371411.8125
name: model.layers.12.self_attn.q_proj.weight, type: torch.int8, ratio: 0.027003251016139984, diff: 2001.2843017578125, norm: 74112.71875
name: model.layers.12.self_attn.k_proj.weight, type: torch.int8, ratio: 0.02763224206864834, diff: 894.0833129882812, norm: 32356.5234375
name: model.layers.12.self_attn.v_proj.weight, type: torch.int8, ratio: 0.016236158087849617, diff: 929.297607421875, norm: 57236.296875
name: model.layers.12.self_attn.o_proj.weight, type: torch.int8, ratio: 0.01361265778541565, diff: 2146.338623046875, norm: 157672.265625
name: model.layers.12.mlp.gate_proj.weight, type: torch.int8, ratio: 0.014603562653064728, diff: 4839.900390625, norm: 331419.15625
name: model.layers.12.mlp.up_proj.weight, type: torch.int8, ratio: 0.0131399380043149, diff: 4921.1240234375, norm: 374516.53125
name: model.layers.13.self_attn.q_proj.weight, type: torch.int8, ratio: 0.027030659839510918, diff: 1973.333251953125, norm: 73003.515625
name: model.layers.13.self_attn.k_proj.weight, type: torch.int8, ratio: 0.02776436321437359, diff: 882.2890625, norm: 31777.751953125
name: model.layers.13.self_attn.v_proj.weight, type: torch.int8, ratio: 0.01712174527347088, diff: 907.56982421875, norm: 53006.8515625
name: model.layers.13.self_attn.o_proj.weight, type: torch.int8, ratio: 0.014851756393909454, diff: 2321.642578125, norm: 156321.078125
name: model.layers.13.mlp.gate_proj.weight, type: torch.int8, ratio: 0.014572840183973312, diff: 4782.21923828125, norm: 328159.71875
name: model.layers.13.mlp.up_proj.weight, type: torch.int8, ratio: 0.01309871580451727, diff: 4869.0615234375, norm: 371720.53125
name: model.layers.14.self_attn.q_proj.weight, type: torch.int8, ratio: 0.024290865287184715, diff: 1975.5338134765625, norm: 81328.2578125
name: model.layers.14.self_attn.k_proj.weight, type: torch.int8, ratio: 0.02578219398856163, diff: 880.48681640625, norm: 34150.96484375
name: model.layers.14.self_attn.v_proj.weight, type: torch.int8, ratio: 0.01629660837352276, diff: 911.1849365234375, norm: 55912.55078125
name: model.layers.14.self_attn.o_proj.weight, type: torch.int8, ratio: 0.013521927408874035, diff: 2177.175048828125, norm: 161010.703125
name: model.layers.14.mlp.gate_proj.weight, type: torch.int8, ratio: 0.014588303864002228, diff: 4778.18505859375, norm: 327535.34375
name: model.layers.14.mlp.up_proj.weight, type: torch.int8, ratio: 0.013130087405443192, diff: 4866.58642578125, norm: 370643.875
name: model.layers.15.self_attn.q_proj.weight, type: torch.int8, ratio: 0.023554453626275063, diff: 1958.36279296875, norm: 83141.9296875
name: model.layers.15.self_attn.k_proj.weight, type: torch.int8, ratio: 0.02538352832198143, diff: 873.0469360351562, norm: 34394.23046875
name: model.layers.15.self_attn.v_proj.weight, type: torch.int8, ratio: 0.014379228465259075, diff: 915.0753784179688, norm: 63638.69921875
name: model.layers.15.self_attn.o_proj.weight, type: torch.int8, ratio: 0.013493276201188564, diff: 2182.1298828125, norm: 161719.796875
name: model.layers.15.mlp.gate_proj.weight, type: torch.int8, ratio: 0.014637473039329052, diff: 4743.3779296875, norm: 324057.15625
name: model.layers.15.mlp.up_proj.weight, type: torch.int8, ratio: 0.013140007853507996, diff: 4838.0673828125, norm: 368193.65625
name: model.layers.16.self_attn.q_proj.weight, type: torch.int8, ratio: 0.02774723246693611, diff: 1943.1976318359375, norm: 70032.125
name: model.layers.16.self_attn.k_proj.weight, type: torch.int8, ratio: 0.028666643425822258, diff: 868.344970703125, norm: 30291.12890625
name: model.layers.16.self_attn.v_proj.weight, type: torch.int8, ratio: 0.015816980972886086, diff: 908.5950927734375, norm: 57444.27734375
name: model.layers.16.self_attn.o_proj.weight, type: torch.int8, ratio: 0.01541915349662304, diff: 2369.0693359375, norm: 153644.578125
name: model.layers.16.mlp.gate_proj.weight, type: torch.int8, ratio: 0.014058622531592846, diff: 4761.91845703125, norm: 338718.71875
name: model.layers.16.mlp.up_proj.weight, type: torch.int8, ratio: 0.013144704513251781, diff: 4819.06103515625, norm: 366616.15625
name: model.layers.17.self_attn.q_proj.weight, type: torch.int8, ratio: 0.024669157341122627, diff: 1952.2049560546875, norm: 79135.453125
name: model.layers.17.self_attn.k_proj.weight, type: torch.int8, ratio: 0.025447653606534004, diff: 870.8633422851562, norm: 34221.75390625
name: model.layers.17.self_attn.v_proj.weight, type: torch.int8, ratio: 0.016525492072105408, diff: 903.5557250976562, norm: 54676.48046875
name: model.layers.17.self_attn.o_proj.weight, type: torch.int8, ratio: 0.014527523890137672, diff: 2300.240234375, norm: 158336.703125
name: model.layers.17.mlp.gate_proj.weight, type: torch.int8, ratio: 0.014170343987643719, diff: 4738.04443359375, norm: 334363.40625
name: model.layers.17.mlp.up_proj.weight, type: torch.int8, ratio: 0.013130122795701027, diff: 4801.08154296875, norm: 365653.96875
name: model.layers.18.self_attn.q_proj.weight, type: torch.int8, ratio: 0.02629082277417183, diff: 1937.6478271484375, norm: 73700.5390625
name: model.layers.18.self_attn.k_proj.weight, type: torch.int8, ratio: 0.025719892233610153, diff: 866.9469604492188, norm: 33707.25390625
name: model.layers.18.self_attn.v_proj.weight, type: torch.int8, ratio: 0.01626187562942505, diff: 898.0033569335938, norm: 55221.390625
name: model.layers.18.self_attn.o_proj.weight, type: torch.int8, ratio: 0.014772744849324226, diff: 2301.333984375, norm: 155782.421875
name: model.layers.18.mlp.gate_proj.weight, type: torch.int8, ratio: 0.01417241059243679, diff: 4734.62890625, norm: 334073.65625
name: model.layers.18.mlp.up_proj.weight, type: torch.int8, ratio: 0.013159320689737797, diff: 4791.7568359375, norm: 364134.0625
name: model.layers.19.self_attn.q_proj.weight, type: torch.int8, ratio: 0.025691451504826546, diff: 1931.2796630859375, norm: 75172.0703125
name: model.layers.19.self_attn.k_proj.weight, type: torch.int8, ratio: 0.024488292634487152, diff: 865.9457397460938, norm: 35361.62109375
name: model.layers.19.self_attn.v_proj.weight, type: torch.int8, ratio: 0.01593315415084362, diff: 895.83984375, norm: 56224.890625
name: model.layers.19.self_attn.o_proj.weight, type: torch.int8, ratio: 0.01498148962855339, diff: 2312.064453125, norm: 154328.078125
name: model.layers.19.mlp.gate_proj.weight, type: torch.int8, ratio: 0.014104769565165043, diff: 4725.08056640625, norm: 334998.78125
name: model.layers.19.mlp.up_proj.weight, type: torch.int8, ratio: 0.013105637393891811, diff: 4782.01611328125, norm: 364882.375
name: model.layers.20.self_attn.q_proj.weight, type: torch.int8, ratio: 0.027703266590833664, diff: 1939.5086669921875, norm: 70010.109375
name: model.layers.20.self_attn.k_proj.weight, type: torch.int8, ratio: 0.026980899274349213, diff: 868.2499389648438, norm: 32180.169921875
name: model.layers.20.self_attn.v_proj.weight, type: torch.int8, ratio: 0.017960384488105774, diff: 892.9367065429688, norm: 49717.015625
name: model.layers.20.self_attn.o_proj.weight, type: torch.int8, ratio: 0.014721304178237915, diff: 2342.447265625, norm: 159119.546875
name: model.layers.20.mlp.gate_proj.weight, type: torch.int8, ratio: 0.014625526033341885, diff: 4716.2578125, norm: 322467.5625
name: model.layers.20.mlp.up_proj.weight, type: torch.int8, ratio: 0.013288535177707672, diff: 4788.09765625, norm: 360317.9375
name: model.layers.21.self_attn.q_proj.weight, type: torch.int8, ratio: 0.02589344047009945, diff: 1940.598876953125, norm: 74945.578125
name: model.layers.21.self_attn.k_proj.weight, type: torch.int8, ratio: 0.025496836751699448, diff: 867.6802368164062, norm: 34030.8984375
name: model.layers.21.self_attn.v_proj.weight, type: torch.int8, ratio: 0.017774444073438644, diff: 890.941650390625, norm: 50124.8671875
name: model.layers.21.self_attn.o_proj.weight, type: torch.int8, ratio: 0.014237817376852036, diff: 2270.669189453125, norm: 159481.546875
name: model.layers.21.mlp.gate_proj.weight, type: torch.int8, ratio: 0.01480101514607668, diff: 4712.31494140625, norm: 318377.8125
name: model.layers.21.mlp.up_proj.weight, type: torch.int8, ratio: 0.013392843306064606, diff: 4785.47412109375, norm: 357315.78125
name: model.layers.22.self_attn.q_proj.weight, type: torch.int8, ratio: 0.026260225102305412, diff: 1937.692138671875, norm: 73788.1015625
name: model.layers.22.self_attn.k_proj.weight, type: torch.int8, ratio: 0.027188263833522797, diff: 864.7630004882812, norm: 31806.48046875
name: model.layers.22.self_attn.v_proj.weight, type: torch.int8, ratio: 0.01693270169198513, diff: 890.8894653320312, norm: 52613.54296875
name: model.layers.22.self_attn.o_proj.weight, type: torch.int8, ratio: 0.014343340881168842, diff: 2258.679931640625, norm: 157472.375
name: model.layers.22.mlp.gate_proj.weight, type: torch.int8, ratio: 0.015081249177455902, diff: 4677.78173828125, norm: 310172.03125
name: model.layers.22.mlp.up_proj.weight, type: torch.int8, ratio: 0.013255191966891289, diff: 4775.474609375, norm: 360272.0
name: model.layers.23.self_attn.q_proj.weight, type: torch.int8, ratio: 0.025161752477288246, diff: 1935.70654296875, norm: 76930.515625
name: model.layers.23.self_attn.k_proj.weight, type: torch.int8, ratio: 0.025926249101758003, diff: 864.142333984375, norm: 33330.7890625
name: model.layers.23.self_attn.v_proj.weight, type: torch.int8, ratio: 0.015058162622153759, diff: 899.5809936523438, norm: 59740.421875
name: model.layers.23.self_attn.o_proj.weight, type: torch.int8, ratio: 0.014474201016128063, diff: 2209.64013671875, norm: 152660.59375
name: model.layers.23.mlp.gate_proj.weight, type: torch.int8, ratio: 0.015119659714400768, diff: 4655.43310546875, norm: 307905.9375
name: model.layers.23.mlp.up_proj.weight, type: torch.int8, ratio: 0.013215579092502594, diff: 4762.1396484375, norm: 360342.875
name: model.layers.24.self_attn.q_proj.weight, type: torch.int8, ratio: 0.026688657701015472, diff: 1933.166259765625, norm: 72434.0
name: model.layers.24.self_attn.k_proj.weight, type: torch.int8, ratio: 0.026684636250138283, diff: 864.4061279296875, norm: 32393.400390625
name: model.layers.24.self_attn.v_proj.weight, type: torch.int8, ratio: 0.016102315858006477, diff: 896.7407836914062, norm: 55690.17578125
name: model.layers.24.self_attn.o_proj.weight, type: torch.int8, ratio: 0.013975696638226509, diff: 2215.771728515625, norm: 158544.640625
name: model.layers.24.mlp.gate_proj.weight, type: torch.int8, ratio: 0.014574769884347916, diff: 4697.31201171875, norm: 322290.65625
name: model.layers.24.mlp.up_proj.weight, type: torch.int8, ratio: 0.01315079815685749, diff: 4781.4189453125, norm: 363583.9375
name: model.layers.25.self_attn.q_proj.weight, type: torch.int8, ratio: 0.02559019811451435, diff: 1926.703369140625, norm: 75290.6796875
name: model.layers.25.self_attn.k_proj.weight, type: torch.int8, ratio: 0.023916425183415413, diff: 865.6593017578125, norm: 36195.1796875
name: model.layers.25.self_attn.v_proj.weight, type: torch.int8, ratio: 0.016139719635248184, diff: 890.795166015625, norm: 55192.73046875
name: model.layers.25.self_attn.o_proj.weight, type: torch.int8, ratio: 0.014104255475103855, diff: 2214.919677734375, norm: 157039.109375
name: model.layers.25.mlp.gate_proj.weight, type: torch.int8, ratio: 0.01391960121691227, diff: 4707.8740234375, norm: 338219.03125
name: model.layers.25.mlp.up_proj.weight, type: torch.int8, ratio: 0.013072623871266842, diff: 4753.1103515625, norm: 363592.6875
name: model.layers.26.self_attn.q_proj.weight, type: torch.int8, ratio: 0.023020222783088684, diff: 1924.1795654296875, norm: 83586.484375
name: model.layers.26.self_attn.k_proj.weight, type: torch.int8, ratio: 0.02201974205672741, diff: 861.640869140625, norm: 39130.37890625
name: model.layers.26.self_attn.v_proj.weight, type: torch.int8, ratio: 0.016096562147140503, diff: 890.5846557617188, norm: 55327.62890625
name: model.layers.26.self_attn.o_proj.weight, type: torch.int8, ratio: 0.01408477034419775, diff: 2205.107421875, norm: 156559.703125
name: model.layers.26.mlp.gate_proj.weight, type: torch.int8, ratio: 0.013883031904697418, diff: 4689.1494140625, norm: 337761.1875
name: model.layers.26.mlp.up_proj.weight, type: torch.int8, ratio: 0.013141677714884281, diff: 4726.41015625, norm: 359650.4375
name: model.layers.27.self_attn.q_proj.weight, type: torch.int8, ratio: 0.024197719991207123, diff: 1912.3438720703125, norm: 79029.921875
name: model.layers.27.self_attn.k_proj.weight, type: torch.int8, ratio: 0.02446824498474598, diff: 852.9114990234375, norm: 34857.89453125
name: model.layers.27.self_attn.v_proj.weight, type: torch.int8, ratio: 0.016678163781762123, diff: 881.61328125, norm: 52860.33203125
name: model.layers.27.self_attn.o_proj.weight, type: torch.int8, ratio: 0.013872256502509117, diff: 2232.124755859375, norm: 160905.671875
name: model.layers.27.mlp.gate_proj.weight, type: torch.int8, ratio: 0.014184299856424332, diff: 4652.19384765625, norm: 327981.90625
name: model.layers.27.mlp.up_proj.weight, type: torch.int8, ratio: 0.01323708612471819, diff: 4700.9541015625, norm: 355135.125
name: model.layers.28.self_attn.q_proj.weight, type: torch.int8, ratio: 0.025621624663472176, diff: 1906.9134521484375, norm: 74425.9375
name: model.layers.28.self_attn.k_proj.weight, type: torch.int8, ratio: 0.025831282138824463, diff: 851.8421020507812, norm: 32977.15234375
name: model.layers.28.self_attn.v_proj.weight, type: torch.int8, ratio: 0.016250111162662506, diff: 879.5947875976562, norm: 54128.5390625
name: model.layers.28.self_attn.o_proj.weight, type: torch.int8, ratio: 0.014705929905176163, diff: 2233.319091796875, norm: 151865.203125
name: model.layers.28.mlp.gate_proj.weight, type: torch.int8, ratio: 0.015193936415016651, diff: 4602.5068359375, norm: 302917.34375
name: model.layers.28.mlp.up_proj.weight, type: torch.int8, ratio: 0.013440054841339588, diff: 4695.33447265625, norm: 349353.8125
name: model.layers.29.self_attn.q_proj.weight, type: torch.int8, ratio: 0.02452751062810421, diff: 1910.3858642578125, norm: 77887.4765625
name: model.layers.29.self_attn.k_proj.weight, type: torch.int8, ratio: 0.025397518649697304, diff: 853.5414428710938, norm: 33607.27734375
name: model.layers.29.self_attn.v_proj.weight, type: torch.int8, ratio: 0.015744218602776527, diff: 885.5089111328125, norm: 56243.43359375
name: model.layers.29.self_attn.o_proj.weight, type: torch.int8, ratio: 0.01429673656821251, diff: 2176.25146484375, norm: 152220.15625
name: model.layers.29.mlp.gate_proj.weight, type: torch.int8, ratio: 0.01508339960128069, diff: 4593.93017578125, norm: 304568.625
name: model.layers.29.mlp.up_proj.weight, type: torch.int8, ratio: 0.013269747607409954, diff: 4701.263671875, norm: 354284.34375
name: model.layers.30.self_attn.q_proj.weight, type: torch.int8, ratio: 0.02314135432243347, diff: 1903.3087158203125, norm: 82247.078125
name: model.layers.30.self_attn.k_proj.weight, type: torch.int8, ratio: 0.024719608947634697, diff: 848.7708740234375, norm: 34335.93359375
name: model.layers.30.self_attn.v_proj.weight, type: torch.int8, ratio: 0.014402571134269238, diff: 885.8623046875, norm: 61507.234375
name: model.layers.30.self_attn.o_proj.weight, type: torch.int8, ratio: 0.014002401381731033, diff: 2131.590576171875, norm: 152230.359375
name: model.layers.30.mlp.gate_proj.weight, type: torch.int8, ratio: 0.01472952775657177, diff: 4587.6328125, norm: 311458.25
name: model.layers.30.mlp.up_proj.weight, type: torch.int8, ratio: 0.012990036979317665, diff: 4697.2197265625, norm: 361601.71875
name: model.layers.31.self_attn.q_proj.weight, type: torch.int8, ratio: 0.02159314602613449, diff: 1899.8292236328125, norm: 87982.9765625
name: model.layers.31.self_attn.k_proj.weight, type: torch.int8, ratio: 0.023957042023539543, diff: 845.2058715820312, norm: 35280.05859375
name: model.layers.31.self_attn.v_proj.weight, type: torch.int8, ratio: 0.013128358870744705, diff: 891.9769897460938, norm: 67942.765625
name: model.layers.31.self_attn.o_proj.weight, type: torch.int8, ratio: 0.013667373917996883, diff: 2163.436767578125, norm: 158292.0625
name: model.layers.31.mlp.gate_proj.weight, type: torch.int8, ratio: 0.014672430232167244, diff: 4564.4921875, norm: 311093.125
name: model.layers.31.mlp.up_proj.weight, type: torch.int8, ratio: 0.012823701836168766, diff: 4691.41015625, norm: 365839.0
name: model.layers.32.self_attn.q_proj.weight, type: torch.int8, ratio: 0.024822000414133072, diff: 1884.2255859375, norm: 75909.5
name: model.layers.32.self_attn.k_proj.weight, type: torch.int8, ratio: 0.028319984674453735, diff: 837.1762084960938, norm: 29561.322265625
name: model.layers.32.self_attn.v_proj.weight, type: torch.int8, ratio: 0.015628917142748833, diff: 871.9116821289062, norm: 55788.359375
name: model.layers.32.self_attn.o_proj.weight, type: torch.int8, ratio: 0.014048762619495392, diff: 2141.126220703125, norm: 152406.75
name: model.layers.32.mlp.gate_proj.weight, type: torch.int8, ratio: 0.016011523082852364, diff: 4504.603515625, norm: 281335.09375
name: model.layers.32.mlp.up_proj.weight, type: torch.int8, ratio: 0.012737260200083256, diff: 4699.9580078125, norm: 368992.84375
name: model.layers.33.self_attn.q_proj.weight, type: torch.int8, ratio: 0.022632546722888947, diff: 1910.71240234375, norm: 84423.21875
name: model.layers.33.self_attn.k_proj.weight, type: torch.int8, ratio: 0.02455156110227108, diff: 851.3377685546875, norm: 34675.50390625
name: model.layers.33.self_attn.v_proj.weight, type: torch.int8, ratio: 0.016265923157334328, diff: 876.2882080078125, norm: 53872.640625
name: model.layers.33.self_attn.o_proj.weight, type: torch.int8, ratio: 0.014673326164484024, diff: 2243.62353515625, norm: 152904.90625
name: model.layers.33.mlp.gate_proj.weight, type: torch.int8, ratio: 0.015445633791387081, diff: 4545.28857421875, norm: 294276.59375
name: model.layers.33.mlp.up_proj.weight, type: torch.int8, ratio: 0.012843852862715721, diff: 4713.90185546875, norm: 367016.1875
name: model.layers.34.self_attn.q_proj.weight, type: torch.int8, ratio: 0.022974444553256035, diff: 1905.9376220703125, norm: 82959.03125
name: model.layers.34.self_attn.k_proj.weight, type: torch.int8, ratio: 0.023982789367437363, diff: 850.8671875, norm: 35478.2421875
name: model.layers.34.self_attn.v_proj.weight, type: torch.int8, ratio: 0.015834340825676918, diff: 877.8746948242188, norm: 55441.1875
name: model.layers.34.self_attn.o_proj.weight, type: torch.int8, ratio: 0.015270018950104713, diff: 2295.405517578125, norm: 150321.0625
name: model.layers.34.mlp.gate_proj.weight, type: torch.int8, ratio: 0.015254292637109756, diff: 4568.0537109375, norm: 299460.21875
name: model.layers.34.mlp.up_proj.weight, type: torch.int8, ratio: 0.013039803132414818, diff: 4709.09228515625, norm: 361132.15625
name: model.layers.35.self_attn.q_proj.weight, type: torch.int8, ratio: 0.023472752422094345, diff: 1912.478515625, norm: 81476.53125
name: model.layers.35.self_attn.k_proj.weight, type: torch.int8, ratio: 0.024136675521731377, diff: 855.4244384765625, norm: 35440.85546875
name: model.layers.35.self_attn.v_proj.weight, type: torch.int8, ratio: 0.01537342555820942, diff: 882.9818725585938, norm: 57435.59765625
name: model.layers.35.self_attn.o_proj.weight, type: torch.int8, ratio: 0.014657222665846348, diff: 2214.922607421875, norm: 151114.75
name: model.layers.35.mlp.gate_proj.weight, type: torch.int8, ratio: 0.015792788937687874, diff: 4543.65283203125, norm: 287704.28125
name: model.layers.35.mlp.up_proj.weight, type: torch.int8, ratio: 0.013082196936011314, diff: 4702.83447265625, norm: 359483.53125
name: model.layers.36.self_attn.q_proj.weight, type: torch.int8, ratio: 0.02334480546414852, diff: 1923.8238525390625, norm: 82409.078125
name: model.layers.36.self_attn.k_proj.weight, type: torch.int8, ratio: 0.024848077446222305, diff: 856.302490234375, norm: 34461.51953125
name: model.layers.36.self_attn.v_proj.weight, type: torch.int8, ratio: 0.016736941412091255, diff: 879.8096313476562, norm: 52566.9296875
name: model.layers.36.self_attn.o_proj.weight, type: torch.int8, ratio: 0.014272610656917095, diff: 2192.03173828125, norm: 153583.09375
name: model.layers.36.mlp.gate_proj.weight, type: torch.int8, ratio: 0.015532626770436764, diff: 4595.50439453125, norm: 295861.375
name: model.layers.36.mlp.up_proj.weight, type: torch.int8, ratio: 0.013245133683085442, diff: 4723.62158203125, norm: 356630.71875
name: model.layers.37.self_attn.q_proj.weight, type: torch.int8, ratio: 0.02210170589387417, diff: 1921.987548828125, norm: 86961.046875
name: model.layers.37.self_attn.k_proj.weight, type: torch.int8, ratio: 0.02361653931438923, diff: 854.983642578125, norm: 36202.75
name: model.layers.37.self_attn.v_proj.weight, type: torch.int8, ratio: 0.016501957550644875, diff: 880.8370971679688, norm: 53377.734375
name: model.layers.37.self_attn.o_proj.weight, type: torch.int8, ratio: 0.013832167722284794, diff: 2192.509521484375, norm: 158508.015625
name: model.layers.37.mlp.gate_proj.weight, type: torch.int8, ratio: 0.01657661236822605, diff: 4534.70263671875, norm: 273560.28125
name: model.layers.37.mlp.up_proj.weight, type: torch.int8, ratio: 0.013378603383898735, diff: 4697.72509765625, norm: 351137.1875
name: model.layers.38.self_attn.q_proj.weight, type: torch.int8, ratio: 0.021467627957463264, diff: 1930.0533447265625, norm: 89905.2890625
name: model.layers.38.self_attn.k_proj.weight, type: torch.int8, ratio: 0.025592945516109467, diff: 855.072509765625, norm: 33410.4765625
name: model.layers.38.self_attn.v_proj.weight, type: torch.int8, ratio: 0.01620405539870262, diff: 883.787841796875, norm: 54541.15234375
name: model.layers.38.self_attn.o_proj.weight, type: torch.int8, ratio: 0.014924117363989353, diff: 2253.546630859375, norm: 151000.328125
name: model.layers.38.mlp.gate_proj.weight, type: torch.int8, ratio: 0.01612527295947075, diff: 4574.0185546875, norm: 283655.25
name: model.layers.38.mlp.up_proj.weight, type: torch.int8, ratio: 0.013406363315880299, diff: 4717.12939453125, norm: 351857.5
name: model.layers.39.self_attn.q_proj.weight, type: torch.int8, ratio: 0.02116316370666027, diff: 1940.7230224609375, norm: 91702.875
name: model.layers.39.self_attn.k_proj.weight, type: torch.int8, ratio: 0.024405423551797867, diff: 860.1331176757812, norm: 35243.5234375
name: model.layers.39.self_attn.v_proj.weight, type: torch.int8, ratio: 0.015213876031339169, diff: 890.173583984375, norm: 58510.63671875
name: model.layers.39.self_attn.o_proj.weight, type: torch.int8, ratio: 0.01493225246667862, diff: 2216.677490234375, norm: 148448.96875
name: model.layers.39.mlp.gate_proj.weight, type: torch.int8, ratio: 0.017668120563030243, diff: 4491.923828125, norm: 254238.921875
name: model.layers.39.mlp.up_proj.weight, type: torch.int8, ratio: 0.013515911065042019, diff: 4679.16455078125, norm: 346196.75
name: model.layers.40.self_attn.q_proj.weight, type: torch.int8, ratio: 0.02158927172422409, diff: 1942.0703125, norm: 89955.34375
name: model.layers.40.self_attn.k_proj.weight, type: torch.int8, ratio: 0.024908052757382393, diff: 859.0872802734375, norm: 34490.34375
name: model.layers.40.self_attn.v_proj.weight, type: torch.int8, ratio: 0.015791459009051323, diff: 889.7702026367188, norm: 56345.03125
name: model.layers.40.self_attn.o_proj.weight, type: torch.int8, ratio: 0.014048893004655838, diff: 2167.18798828125, norm: 154260.40625
name: model.layers.40.mlp.gate_proj.weight, type: torch.int8, ratio: 0.017413999885320663, diff: 4516.7138671875, norm: 259372.578125
name: model.layers.40.mlp.up_proj.weight, type: torch.int8, ratio: 0.013513781130313873, diff: 4697.79736328125, norm: 347630.125
name: model.layers.41.self_attn.q_proj.weight, type: torch.int8, ratio: 0.021861964836716652, diff: 1940.6485595703125, norm: 88768.2578125
name: model.layers.41.self_attn.k_proj.weight, type: torch.int8, ratio: 0.024251729249954224, diff: 864.167236328125, norm: 35633.22265625
name: model.layers.41.self_attn.v_proj.weight, type: torch.int8, ratio: 0.016038408502936363, diff: 888.0270385742188, norm: 55368.7734375
name: model.layers.41.self_attn.o_proj.weight, type: torch.int8, ratio: 0.014943880960345268, diff: 2261.146728515625, norm: 151309.203125
name: model.layers.41.mlp.gate_proj.weight, type: torch.int8, ratio: 0.014640618115663528, diff: 4588.90625, norm: 313436.65625
name: model.layers.41.mlp.up_proj.weight, type: torch.int8, ratio: 0.013184291310608387, diff: 4700.14453125, norm: 356495.8125
name: model.layers.42.self_attn.q_proj.weight, type: torch.int8, ratio: 0.020125366747379303, diff: 1929.0767822265625, norm: 95853.0
name: model.layers.42.self_attn.k_proj.weight, type: torch.int8, ratio: 0.0214034765958786, diff: 856.5278930664062, norm: 40018.16796875
name: model.layers.42.self_attn.v_proj.weight, type: torch.int8, ratio: 0.015726227313280106, diff: 881.6387939453125, norm: 56061.6875
name: model.layers.42.self_attn.o_proj.weight, type: torch.int8, ratio: 0.014537637121975422, diff: 2218.252685546875, norm: 152586.875
name: model.layers.42.mlp.gate_proj.weight, type: torch.int8, ratio: 0.014816788025200367, diff: 4568.7626953125, norm: 308350.40625
name: model.layers.42.mlp.up_proj.weight, type: torch.int8, ratio: 0.013408069498836994, diff: 4669.04541015625, norm: 348226.53125
name: model.layers.43.self_attn.q_proj.weight, type: torch.int8, ratio: 0.019638467580080032, diff: 1924.5509033203125, norm: 97999.0390625
name: model.layers.43.self_attn.k_proj.weight, type: torch.int8, ratio: 0.021398520097136497, diff: 853.9139404296875, norm: 39905.28125
name: model.layers.43.self_attn.v_proj.weight, type: torch.int8, ratio: 0.016468999907374382, diff: 875.0137329101562, norm: 53130.95703125
name: model.layers.43.self_attn.o_proj.weight, type: torch.int8, ratio: 0.014070522971451283, diff: 2207.91064453125, norm: 156917.453125
name: model.layers.43.mlp.gate_proj.weight, type: torch.int8, ratio: 0.014788462780416012, diff: 4546.1240234375, norm: 307410.1875
name: model.layers.43.mlp.up_proj.weight, type: torch.int8, ratio: 0.013503259047865868, diff: 4640.86376953125, norm: 343684.71875
name: model.layers.44.self_attn.q_proj.weight, type: torch.int8, ratio: 0.021641019731760025, diff: 1918.4171142578125, norm: 88647.2578125
name: model.layers.44.self_attn.k_proj.weight, type: torch.int8, ratio: 0.02363722212612629, diff: 852.54443359375, norm: 36067.87890625
name: model.layers.44.self_attn.v_proj.weight, type: torch.int8, ratio: 0.015396860428154469, diff: 880.3045043945312, norm: 57174.28515625
name: model.layers.44.self_attn.o_proj.weight, type: torch.int8, ratio: 0.014838500879704952, diff: 2185.710693359375, norm: 147299.96875
name: model.layers.44.mlp.gate_proj.weight, type: torch.int8, ratio: 0.01704479195177555, diff: 4482.306640625, norm: 262972.21875
name: model.layers.44.mlp.up_proj.weight, type: torch.int8, ratio: 0.014281483367085457, diff: 4602.03564453125, norm: 322237.9375
name: model.layers.45.self_attn.q_proj.weight, type: torch.int8, ratio: 0.02042861096560955, diff: 1932.1004638671875, norm: 94578.1640625
name: model.layers.45.self_attn.k_proj.weight, type: torch.int8, ratio: 0.02379475347697735, diff: 858.4043579101562, norm: 36075.36328125
name: model.layers.45.self_attn.v_proj.weight, type: torch.int8, ratio: 0.0151942428201437, diff: 885.2530517578125, norm: 58262.3984375
name: model.layers.45.self_attn.o_proj.weight, type: torch.int8, ratio: 0.014345003291964531, diff: 2154.205078125, norm: 150171.109375
name: model.layers.45.mlp.gate_proj.weight, type: torch.int8, ratio: 0.015774238854646683, diff: 4519.64404296875, norm: 286520.59375
name: model.layers.45.mlp.up_proj.weight, type: torch.int8, ratio: 0.01365694310516119, diff: 4631.99755859375, norm: 339167.96875
name: model.layers.46.self_attn.q_proj.weight, type: torch.int8, ratio: 0.019465474411845207, diff: 1926.8153076171875, norm: 98986.296875
name: model.layers.46.self_attn.k_proj.weight, type: torch.int8, ratio: 0.02302737347781658, diff: 850.7232055664062, norm: 36943.99609375
name: model.layers.46.self_attn.v_proj.weight, type: torch.int8, ratio: 0.014403429813683033, diff: 883.7601318359375, norm: 61357.6171875
name: model.layers.46.self_attn.o_proj.weight, type: torch.int8, ratio: 0.013763527385890484, diff: 2091.095458984375, norm: 151930.203125
name: model.layers.46.mlp.gate_proj.weight, type: torch.int8, ratio: 0.015564437955617905, diff: 4501.021484375, norm: 289186.25
name: model.layers.46.mlp.up_proj.weight, type: torch.int8, ratio: 0.0132974274456501, diff: 4625.85498046875, norm: 347875.9375
name: model.layers.47.self_attn.q_proj.weight, type: torch.int8, ratio: 0.01780966855585575, diff: 1926.7249755859375, norm: 108184.2109375
name: model.layers.47.self_attn.k_proj.weight, type: torch.int8, ratio: 0.02279595099389553, diff: 843.2905883789062, norm: 36993.0
name: model.layers.47.self_attn.v_proj.weight, type: torch.int8, ratio: 0.013464457355439663, diff: 890.330810546875, norm: 66124.5234375
name: model.layers.47.self_attn.o_proj.weight, type: torch.int8, ratio: 0.013102359138429165, diff: 2105.39306640625, norm: 160688.09375
name: model.layers.47.mlp.gate_proj.weight, type: torch.int8, ratio: 0.01589868776500225, diff: 4471.40283203125, norm: 281243.5
name: model.layers.47.mlp.up_proj.weight, type: torch.int8, ratio: 0.013169219717383385, diff: 4614.8291015625, norm: 350425.40625
name: model.layers.48.self_attn.q_proj.weight, type: torch.int8, ratio: 0.018479568883776665, diff: 1927.52978515625, norm: 104305.9921875
name: model.layers.48.self_attn.k_proj.weight, type: torch.int8, ratio: 0.023645371198654175, diff: 847.1239624023438, norm: 35826.20703125
name: model.layers.48.self_attn.v_proj.weight, type: torch.int8, ratio: 0.01681634970009327, diff: 862.6546020507812, norm: 51298.56640625
name: model.layers.48.self_attn.o_proj.weight, type: torch.int8, ratio: 0.012800618074834347, diff: 2047.811279296875, norm: 159977.53125
name: model.layers.48.mlp.gate_proj.weight, type: torch.int8, ratio: 0.015366406179964542, diff: 4492.0107421875, norm: 292326.6875
name: model.layers.48.mlp.up_proj.weight, type: torch.int8, ratio: 0.01294941920787096, diff: 4629.3271484375, norm: 357493.03125
name: model.layers.49.self_attn.q_proj.weight, type: torch.int8, ratio: 0.01818159967660904, diff: 1922.525146484375, norm: 105740.1484375
name: model.layers.49.self_attn.k_proj.weight, type: torch.int8, ratio: 0.023600777611136436, diff: 842.5123291015625, norm: 35698.5
name: model.layers.49.self_attn.v_proj.weight, type: torch.int8, ratio: 0.014282883144915104, diff: 874.867431640625, norm: 61252.859375
name: model.layers.49.self_attn.o_proj.weight, type: torch.int8, ratio: 0.01319925021380186, diff: 2109.455078125, norm: 159816.28125
name: model.layers.49.mlp.gate_proj.weight, type: torch.int8, ratio: 0.01629411056637764, diff: 4454.36865234375, norm: 273372.9375
name: model.layers.49.mlp.up_proj.weight, type: torch.int8, ratio: 0.013033301569521427, diff: 4614.6181640625, norm: 354063.625
name: model.layers.50.self_attn.q_proj.weight, type: torch.int8, ratio: 0.01889719069004059, diff: 1932.566162109375, norm: 102267.3828125
name: model.layers.50.self_attn.k_proj.weight, type: torch.int8, ratio: 0.026084275916218758, diff: 846.6109008789062, norm: 32456.751953125
name: model.layers.50.self_attn.v_proj.weight, type: torch.int8, ratio: 0.016553765162825584, diff: 863.4784545898438, norm: 52162.05859375
name: model.layers.50.self_attn.o_proj.weight, type: torch.int8, ratio: 0.013386616483330727, diff: 2167.68603515625, norm: 161929.34375
name: model.layers.50.mlp.gate_proj.weight, type: torch.int8, ratio: 0.017576074227690697, diff: 4428.83203125, norm: 251980.71875
name: model.layers.50.mlp.up_proj.weight, type: torch.int8, ratio: 0.013037432916462421, diff: 4635.30859375, norm: 355538.4375
name: model.layers.51.self_attn.q_proj.weight, type: torch.int8, ratio: 0.01944722607731819, diff: 1931.1387939453125, norm: 99301.5078125
name: model.layers.51.self_attn.k_proj.weight, type: torch.int8, ratio: 0.02299424819648266, diff: 851.455810546875, norm: 37029.078125
name: model.layers.51.self_attn.v_proj.weight, type: torch.int8, ratio: 0.017853012308478355, diff: 863.9727783203125, norm: 48393.671875
name: model.layers.51.self_attn.o_proj.weight, type: torch.int8, ratio: 0.013232850469648838, diff: 2114.901611328125, norm: 159822.078125
name: model.layers.51.mlp.gate_proj.weight, type: torch.int8, ratio: 0.017681848257780075, diff: 4441.60888671875, norm: 251195.953125
name: model.layers.51.mlp.up_proj.weight, type: torch.int8, ratio: 0.013033806346356869, diff: 4652.55029296875, norm: 356960.21875
name: model.layers.52.self_attn.q_proj.weight, type: torch.int8, ratio: 0.020301032811403275, diff: 1937.5631103515625, norm: 95441.6015625
name: model.layers.52.self_attn.k_proj.weight, type: torch.int8, ratio: 0.026453325524926186, diff: 855.4501953125, norm: 32338.09765625
name: model.layers.52.self_attn.v_proj.weight, type: torch.int8, ratio: 0.01723138801753521, diff: 867.8231201171875, norm: 50362.92578125
name: model.layers.52.self_attn.o_proj.weight, type: torch.int8, ratio: 0.014872748404741287, diff: 2343.2265625, norm: 157551.6875
name: model.layers.52.mlp.gate_proj.weight, type: torch.int8, ratio: 0.01788192056119442, diff: 4451.60107421875, norm: 248944.25
name: model.layers.52.mlp.up_proj.weight, type: torch.int8, ratio: 0.013116458430886269, diff: 4665.11279296875, norm: 355668.625
name: model.layers.53.self_attn.q_proj.weight, type: torch.int8, ratio: 0.02063087187707424, diff: 1932.398193359375, norm: 93665.3671875
name: model.layers.53.self_attn.k_proj.weight, type: torch.int8, ratio: 0.026355503126978874, diff: 852.1924438476562, norm: 32334.515625
name: model.layers.53.self_attn.v_proj.weight, type: torch.int8, ratio: 0.020227933302521706, diff: 860.3533935546875, norm: 42532.9375
name: model.layers.53.self_attn.o_proj.weight, type: torch.int8, ratio: 0.012846416793763638, diff: 2095.14453125, norm: 163091.75
name: model.layers.53.mlp.gate_proj.weight, type: torch.int8, ratio: 0.017631636932492256, diff: 4445.5595703125, norm: 252135.390625
name: model.layers.53.mlp.up_proj.weight, type: torch.int8, ratio: 0.01297105010598898, diff: 4666.439453125, norm: 359758.03125
name: model.layers.54.self_attn.q_proj.weight, type: torch.int8, ratio: 0.01883131079375744, diff: 1933.1414794921875, norm: 102655.703125
name: model.layers.54.self_attn.k_proj.weight, type: torch.int8, ratio: 0.025795578956604004, diff: 847.6668090820312, norm: 32860.93359375
name: model.layers.54.self_attn.v_proj.weight, type: torch.int8, ratio: 0.01916639134287834, diff: 854.2657470703125, norm: 44571.02734375
name: model.layers.54.self_attn.o_proj.weight, type: torch.int8, ratio: 0.01270182617008686, diff: 2090.340576171875, norm: 164570.078125
name: model.layers.54.mlp.gate_proj.weight, type: torch.int8, ratio: 0.017810678109526634, diff: 4436.234375, norm: 249077.21875
name: model.layers.54.mlp.up_proj.weight, type: torch.int8, ratio: 0.012915237806737423, diff: 4672.34130859375, norm: 361769.65625
name: model.layers.55.self_attn.q_proj.weight, type: torch.int8, ratio: 0.01937546394765377, diff: 1922.039794921875, norm: 99199.6796875
name: model.layers.55.self_attn.k_proj.weight, type: torch.int8, ratio: 0.024232560768723488, diff: 846.34033203125, norm: 34925.75
name: model.layers.55.self_attn.v_proj.weight, type: torch.int8, ratio: 0.01621018350124359, diff: 864.6149291992188, norm: 53337.76171875
name: model.layers.55.self_attn.o_proj.weight, type: torch.int8, ratio: 0.013268508017063141, diff: 2154.69775390625, norm: 162391.859375
name: model.layers.55.mlp.gate_proj.weight, type: torch.int8, ratio: 0.017633549869060516, diff: 4427.13916015625, norm: 251063.40625
name: model.layers.55.mlp.up_proj.weight, type: torch.int8, ratio: 0.012935538776218891, diff: 4658.64892578125, norm: 360143.40625
name: model.layers.56.self_attn.q_proj.weight, type: torch.int8, ratio: 0.02144632861018181, diff: 1919.341796875, norm: 89495.125
name: model.layers.56.self_attn.k_proj.weight, type: torch.int8, ratio: 0.027908073738217354, diff: 849.3297119140625, norm: 30433.119140625
name: model.layers.56.self_attn.v_proj.weight, type: torch.int8, ratio: 0.019176067784428596, diff: 855.342041015625, norm: 44604.6640625
name: model.layers.56.self_attn.o_proj.weight, type: torch.int8, ratio: 0.013555594719946384, diff: 2235.3955078125, norm: 164905.75
name: model.layers.56.mlp.gate_proj.weight, type: torch.int8, ratio: 0.017522253096103668, diff: 4423.1123046875, norm: 252428.28125
name: model.layers.56.mlp.up_proj.weight, type: torch.int8, ratio: 0.012898285873234272, diff: 4656.34814453125, norm: 361005.1875
name: model.layers.57.self_attn.q_proj.weight, type: torch.int8, ratio: 0.01883072219789028, diff: 1928.597900390625, norm: 102417.625
name: model.layers.57.self_attn.k_proj.weight, type: torch.int8, ratio: 0.023851556703448296, diff: 852.1742553710938, norm: 35728.24609375
name: model.layers.57.self_attn.v_proj.weight, type: torch.int8, ratio: 0.020851271227002144, diff: 848.54638671875, norm: 40695.1875
name: model.layers.57.self_attn.o_proj.weight, type: torch.int8, ratio: 0.013628974556922913, diff: 2235.16015625, norm: 164000.609375
name: model.layers.57.mlp.gate_proj.weight, type: torch.int8, ratio: 0.01689542829990387, diff: 4437.814453125, norm: 262663.625
name: model.layers.57.mlp.up_proj.weight, type: torch.int8, ratio: 0.01296143513172865, diff: 4651.986328125, norm: 358909.8125
name: model.layers.58.self_attn.q_proj.weight, type: torch.int8, ratio: 0.02026095800101757, diff: 1917.084228515625, norm: 94619.625
name: model.layers.58.self_attn.k_proj.weight, type: torch.int8, ratio: 0.02904469519853592, diff: 844.7969970703125, norm: 29086.103515625
name: model.layers.58.self_attn.v_proj.weight, type: torch.int8, ratio: 0.03075862117111683, diff: 837.3046264648438, norm: 27221.787109375
name: model.layers.58.self_attn.o_proj.weight, type: torch.int8, ratio: 0.014752904884517193, diff: 2415.796630859375, norm: 163750.578125
name: model.layers.58.mlp.gate_proj.weight, type: torch.int8, ratio: 0.01642022654414177, diff: 4464.21142578125, norm: 271872.71875
name: model.layers.58.mlp.up_proj.weight, type: torch.int8, ratio: 0.012968768365681171, diff: 4661.38037109375, norm: 359431.21875
name: model.layers.59.self_attn.q_proj.weight, type: torch.int8, ratio: 0.02238314226269722, diff: 1909.404296875, norm: 85305.4609375
name: model.layers.59.self_attn.k_proj.weight, type: torch.int8, ratio: 0.025872858241200447, diff: 851.0510864257812, norm: 32893.5859375
name: model.layers.59.self_attn.v_proj.weight, type: torch.int8, ratio: 0.018832119181752205, diff: 851.3236694335938, norm: 45205.94140625
name: model.layers.59.self_attn.o_proj.weight, type: torch.int8, ratio: 0.013314634561538696, diff: 2169.26123046875, norm: 162923.078125
name: model.layers.59.mlp.gate_proj.weight, type: torch.int8, ratio: 0.016717389225959778, diff: 4452.703125, norm: 266351.59375
name: model.layers.59.mlp.up_proj.weight, type: torch.int8, ratio: 0.013294851407408714, diff: 4625.85009765625, norm: 347942.96875
name: model.layers.60.self_attn.q_proj.weight, type: torch.int8, ratio: 0.02244498021900654, diff: 1914.08251953125, norm: 85278.8671875
name: model.layers.60.self_attn.k_proj.weight, type: torch.int8, ratio: 0.028896328061819077, diff: 851.8615112304688, norm: 29479.921875
name: model.layers.60.self_attn.v_proj.weight, type: torch.int8, ratio: 0.018083622679114342, diff: 856.4747314453125, norm: 47361.90234375
name: model.layers.60.self_attn.o_proj.weight, type: torch.int8, ratio: 0.014358602464199066, diff: 2275.023193359375, norm: 158443.21875
name: model.layers.60.mlp.gate_proj.weight, type: torch.int8, ratio: 0.018399512395262718, diff: 4431.94091796875, norm: 240872.734375
name: model.layers.60.mlp.up_proj.weight, type: torch.int8, ratio: 0.013666150160133839, diff: 4611.0478515625, norm: 337406.5
name: model.layers.61.self_attn.q_proj.weight, type: torch.int8, ratio: 0.022400368005037308, diff: 1940.4840087890625, norm: 86627.328125
name: model.layers.61.self_attn.k_proj.weight, type: torch.int8, ratio: 0.028597692027688026, diff: 863.9658813476562, norm: 30211.03515625
name: model.layers.61.self_attn.v_proj.weight, type: torch.int8, ratio: 0.01922847330570221, diff: 866.7733154296875, norm: 45077.59375
name: model.layers.61.self_attn.o_proj.weight, type: torch.int8, ratio: 0.013847822323441505, diff: 2187.82763671875, norm: 157990.734375
name: model.layers.61.mlp.gate_proj.weight, type: torch.int8, ratio: 0.01995549350976944, diff: 4454.8037109375, norm: 223236.953125
name: model.layers.61.mlp.up_proj.weight, type: torch.int8, ratio: 0.01457283180207014, diff: 4610.33251953125, norm: 316364.90625
name: model.layers.62.self_attn.q_proj.weight, type: torch.int8, ratio: 0.024126194417476654, diff: 1951.392333984375, norm: 80882.7265625
name: model.layers.62.self_attn.k_proj.weight, type: torch.int8, ratio: 0.025912579149007797, diff: 874.4026489257812, norm: 33744.33203125
name: model.layers.62.self_attn.v_proj.weight, type: torch.int8, ratio: 0.022023674100637436, diff: 866.817138671875, norm: 39358.42578125
name: model.layers.62.self_attn.o_proj.weight, type: torch.int8, ratio: 0.014226490631699562, diff: 2217.6533203125, norm: 155881.96875
name: model.layers.62.mlp.gate_proj.weight, type: torch.int8, ratio: 0.020937833935022354, diff: 4472.611328125, norm: 213613.859375
name: model.layers.62.mlp.up_proj.weight, type: torch.int8, ratio: 0.015945618972182274, diff: 4579.26611328125, norm: 287180.1875
name: model.layers.63.self_attn.q_proj.weight, type: torch.int8, ratio: 0.02265181764960289, diff: 1993.8123779296875, norm: 88019.9765625
name: model.layers.63.self_attn.k_proj.weight, type: torch.int8, ratio: 0.029713058844208717, diff: 886.8827514648438, norm: 29848.248046875
name: model.layers.63.self_attn.v_proj.weight, type: torch.int8, ratio: 0.03876402601599693, diff: 871.909423828125, norm: 22492.74609375
name: model.layers.63.self_attn.o_proj.weight, type: torch.int8, ratio: 0.01643611118197441, diff: 2513.911376953125, norm: 152950.5
name: model.layers.63.mlp.gate_proj.weight, type: torch.int8, ratio: 0.019364457577466965, diff: 4527.3798828125, norm: 233798.4375
name: model.layers.63.mlp.up_proj.weight, type: torch.int8, ratio: 0.015576387755572796, diff: 4622.150390625, norm: 296740.84375
name: model.layers.0.mlp.down_proj.weight, type: torch.int8, ratio: 0.028645098209381104, diff: 6579.2490234375, norm: 229681.5
name: model.layers.1.mlp.down_proj.weight, type: torch.int8, ratio: 0.08045694231987, diff: 6044.61181640625, norm: 75128.53125
name: model.layers.2.mlp.down_proj.weight, type: torch.int8, ratio: 0.04499449208378792, diff: 5828.9169921875, norm: 129547.34375
name: model.layers.3.mlp.down_proj.weight, type: torch.int8, ratio: 0.03850730508565903, diff: 6965.64208984375, norm: 180891.453125
name: model.layers.4.mlp.down_proj.weight, type: torch.int8, ratio: 0.040137503296136856, diff: 9000.0791015625, norm: 224231.171875
name: model.layers.5.mlp.down_proj.weight, type: torch.int8, ratio: 0.032238103449344635, diff: 8063.51123046875, norm: 250123.609375
name: model.layers.6.mlp.down_proj.weight, type: torch.int8, ratio: 0.03309861570596695, diff: 8490.33203125, norm: 256516.21875
name: model.layers.7.mlp.down_proj.weight, type: torch.int8, ratio: 0.028057871386408806, diff: 8147.08935546875, norm: 290367.34375
name: model.layers.8.mlp.down_proj.weight, type: torch.int8, ratio: 0.024800866842269897, diff: 6896.19482421875, norm: 278062.65625
name: model.layers.9.mlp.down_proj.weight, type: torch.int8, ratio: 0.01729058101773262, diff: 4832.20068359375, norm: 279470.125
name: model.layers.10.mlp.down_proj.weight, type: torch.int8, ratio: 0.01720236800611019, diff: 4802.1318359375, norm: 279155.28125
name: model.layers.11.mlp.down_proj.weight, type: torch.int8, ratio: 0.01734258607029915, diff: 5038.45751953125, norm: 290525.15625
name: model.layers.12.mlp.down_proj.weight, type: torch.int8, ratio: 0.016169926151633263, diff: 4632.79296875, norm: 286506.75
name: model.layers.13.mlp.down_proj.weight, type: torch.int8, ratio: 0.01678098551928997, diff: 4687.51806640625, norm: 279335.09375
name: model.layers.14.mlp.down_proj.weight, type: torch.int8, ratio: 0.016976499930024147, diff: 4636.88330078125, norm: 273135.40625
name: model.layers.15.mlp.down_proj.weight, type: torch.int8, ratio: 0.01680886559188366, diff: 4630.11083984375, norm: 275456.46875
name: model.layers.16.mlp.down_proj.weight, type: torch.int8, ratio: 0.01673763245344162, diff: 4615.34765625, norm: 275746.75
name: model.layers.17.mlp.down_proj.weight, type: torch.int8, ratio: 0.01651219092309475, diff: 4537.09521484375, norm: 274772.46875
name: model.layers.18.mlp.down_proj.weight, type: torch.int8, ratio: 0.017066847532987595, diff: 4585.62939453125, norm: 268686.375
name: model.layers.19.mlp.down_proj.weight, type: torch.int8, ratio: 0.017447683960199356, diff: 4658.8046875, norm: 267015.65625
name: model.layers.20.mlp.down_proj.weight, type: torch.int8, ratio: 0.0173486340790987, diff: 4691.06201171875, norm: 270399.5
name: model.layers.21.mlp.down_proj.weight, type: torch.int8, ratio: 0.01711304485797882, diff: 4665.484375, norm: 272627.375
name: model.layers.22.mlp.down_proj.weight, type: torch.int8, ratio: 0.017299193888902664, diff: 4634.71875, norm: 267915.3125
name: model.layers.23.mlp.down_proj.weight, type: torch.int8, ratio: 0.017519565299153328, diff: 4673.66845703125, norm: 266768.53125
name: model.layers.24.mlp.down_proj.weight, type: torch.int8, ratio: 0.01635618880391121, diff: 4534.76220703125, norm: 277250.53125
name: model.layers.25.mlp.down_proj.weight, type: torch.int8, ratio: 0.016011210158467293, diff: 4531.04052734375, norm: 282991.75
name: model.layers.26.mlp.down_proj.weight, type: torch.int8, ratio: 0.01628575660288334, diff: 4566.25732421875, norm: 280383.5
name: model.layers.27.mlp.down_proj.weight, type: torch.int8, ratio: 0.016838889569044113, diff: 4617.3671875, norm: 274208.53125
name: model.layers.28.mlp.down_proj.weight, type: torch.int8, ratio: 0.01698843017220497, diff: 4704.65087890625, norm: 276932.65625
name: model.layers.29.mlp.down_proj.weight, type: torch.int8, ratio: 0.01670628786087036, diff: 4570.65185546875, norm: 273588.71875
name: model.layers.30.mlp.down_proj.weight, type: torch.int8, ratio: 0.016317805275321007, diff: 4508.72607421875, norm: 276307.125
name: model.layers.31.mlp.down_proj.weight, type: torch.int8, ratio: 0.016322078183293343, diff: 4468.216796875, norm: 273752.9375
name: model.layers.32.mlp.down_proj.weight, type: torch.int8, ratio: 0.01667094975709915, diff: 4583.06396484375, norm: 274913.1875
name: model.layers.33.mlp.down_proj.weight, type: torch.int8, ratio: 0.01671472005546093, diff: 4586.19287109375, norm: 274380.46875
name: model.layers.34.mlp.down_proj.weight, type: torch.int8, ratio: 0.01705772429704666, diff: 4651.21435546875, norm: 272674.96875
name: model.layers.35.mlp.down_proj.weight, type: torch.int8, ratio: 0.017158279195427895, diff: 4679.7529296875, norm: 272740.21875
name: model.layers.36.mlp.down_proj.weight, type: torch.int8, ratio: 0.017265642061829567, diff: 4739.21142578125, norm: 274488.0
name: model.layers.37.mlp.down_proj.weight, type: torch.int8, ratio: 0.0172503050416708, diff: 4743.02587890625, norm: 274953.15625
name: model.layers.38.mlp.down_proj.weight, type: torch.int8, ratio: 0.01741478033363819, diff: 4771.6572265625, norm: 274000.4375
name: model.layers.39.mlp.down_proj.weight, type: torch.int8, ratio: 0.017474783584475517, diff: 4818.14306640625, norm: 275719.75
name: model.layers.40.mlp.down_proj.weight, type: torch.int8, ratio: 0.01694343239068985, diff: 4701.02734375, norm: 277454.25
name: model.layers.41.mlp.down_proj.weight, type: torch.int8, ratio: 0.01629507541656494, diff: 4639.4931640625, norm: 284717.5
name: model.layers.42.mlp.down_proj.weight, type: torch.int8, ratio: 0.016974400728940964, diff: 4654.5927734375, norm: 274212.5
name: model.layers.43.mlp.down_proj.weight, type: torch.int8, ratio: 0.01713695377111435, diff: 4713.52587890625, norm: 275050.40625
name: model.layers.44.mlp.down_proj.weight, type: torch.int8, ratio: 0.017343604937195778, diff: 4843.0419921875, norm: 279240.78125
name: model.layers.45.mlp.down_proj.weight, type: torch.int8, ratio: 0.016883842647075653, diff: 4776.52001953125, norm: 282904.78125
name: model.layers.46.mlp.down_proj.weight, type: torch.int8, ratio: 0.016127975657582283, diff: 4669.29443359375, norm: 289515.21875
name: model.layers.47.mlp.down_proj.weight, type: torch.int8, ratio: 0.0158778615295887, diff: 4635.5048828125, norm: 291947.6875
name: model.layers.48.mlp.down_proj.weight, type: torch.int8, ratio: 0.015892725437879562, diff: 4616.78076171875, norm: 290496.46875
name: model.layers.49.mlp.down_proj.weight, type: torch.int8, ratio: 0.01647864654660225, diff: 4740.20556640625, norm: 287657.46875
name: model.layers.50.mlp.down_proj.weight, type: torch.int8, ratio: 0.016485536471009254, diff: 4782.05322265625, norm: 290075.6875
name: model.layers.51.mlp.down_proj.weight, type: torch.int8, ratio: 0.01610404998064041, diff: 4722.39013671875, norm: 293242.40625
name: model.layers.52.mlp.down_proj.weight, type: torch.int8, ratio: 0.016594359651207924, diff: 4769.51318359375, norm: 287417.71875
name: model.layers.53.mlp.down_proj.weight, type: torch.int8, ratio: 0.01630820520222187, diff: 4697.24365234375, norm: 288029.46875
name: model.layers.54.mlp.down_proj.weight, type: torch.int8, ratio: 0.017712906002998352, diff: 4495.326171875, norm: 253788.171875
name: model.layers.55.mlp.down_proj.weight, type: torch.int8, ratio: 0.016388660296797752, diff: 4528.06982421875, norm: 276292.875
name: model.layers.56.mlp.down_proj.weight, type: torch.int8, ratio: 0.015767816454172134, diff: 4526.9150390625, norm: 287098.40625
name: model.layers.57.mlp.down_proj.weight, type: torch.int8, ratio: 0.01638616807758808, diff: 4464.216796875, norm: 272438.125
name: model.layers.58.mlp.down_proj.weight, type: torch.int8, ratio: 0.016131076961755753, diff: 4559.69287109375, norm: 282665.125
name: model.layers.59.mlp.down_proj.weight, type: torch.int8, ratio: 0.017364148050546646, diff: 4660.01123046875, norm: 268369.6875
name: model.layers.60.mlp.down_proj.weight, type: torch.int8, ratio: 0.019103940576314926, diff: 5003.39794921875, norm: 261903.984375
name: model.layers.61.mlp.down_proj.weight, type: torch.int8, ratio: 0.022040721029043198, diff: 5491.0009765625, norm: 249129.828125
name: model.layers.62.mlp.down_proj.weight, type: torch.int8, ratio: 0.03238508105278015, diff: 6540.0771484375, norm: 201947.21875
name: model.layers.63.mlp.down_proj.weight, type: torch.int8, ratio: 0.032548610121011734, diff: 8142.1767578125, norm: 250154.359375
layernorm: model.layers.0.input_layernorm.weight, dead_neurons_mask ct: 3.0
layernorm: model.layers.0.post_attention_layernorm.weight, dead_neurons_mask ct: 21.0
layernorm: model.layers.1.input_layernorm.weight, dead_neurons_mask ct: 383.0
layernorm: model.layers.1.post_attention_layernorm.weight, dead_neurons_mask ct: 1152.0
layernorm: model.layers.2.input_layernorm.weight, dead_neurons_mask ct: 1024.0
layernorm: model.layers.2.post_attention_layernorm.weight, dead_neurons_mask ct: 6.0
layernorm: model.layers.3.input_layernorm.weight, dead_neurons_mask ct: 854.0
layernorm: model.layers.3.post_attention_layernorm.weight, dead_neurons_mask ct: 8.0
layernorm: model.layers.4.input_layernorm.weight, dead_neurons_mask ct: 308.0
layernorm: model.layers.4.post_attention_layernorm.weight, dead_neurons_mask ct: 3.0
layernorm: model.layers.5.input_layernorm.weight, dead_neurons_mask ct: 53.0
layernorm: model.layers.5.post_attention_layernorm.weight, dead_neurons_mask ct: 6.0
layernorm: model.layers.6.input_layernorm.weight, dead_neurons_mask ct: 31.0
layernorm: model.layers.6.post_attention_layernorm.weight, dead_neurons_mask ct: 3.0
layernorm: model.layers.7.input_layernorm.weight, dead_neurons_mask ct: 24.0
layernorm: model.layers.7.post_attention_layernorm.weight, dead_neurons_mask ct: 7.0
layernorm: model.layers.8.input_layernorm.weight, dead_neurons_mask ct: 18.0
layernorm: model.layers.8.post_attention_layernorm.weight, dead_neurons_mask ct: 3.0
layernorm: model.layers.9.input_layernorm.weight, dead_neurons_mask ct: 15.0
layernorm: model.layers.9.post_attention_layernorm.weight, dead_neurons_mask ct: 4.0
layernorm: model.layers.10.input_layernorm.weight, dead_neurons_mask ct: 9.0
layernorm: model.layers.10.post_attention_layernorm.weight, dead_neurons_mask ct: 1.0
layernorm: model.layers.11.input_layernorm.weight, dead_neurons_mask ct: 8.0
layernorm: model.layers.11.post_attention_layernorm.weight, dead_neurons_mask ct: 2.0
layernorm: model.layers.12.input_layernorm.weight, dead_neurons_mask ct: 8.0
layernorm: model.layers.12.post_attention_layernorm.weight, dead_neurons_mask ct: 2.0
layernorm: model.layers.13.input_layernorm.weight, dead_neurons_mask ct: 10.0
layernorm: model.layers.13.post_attention_layernorm.weight, dead_neurons_mask ct: 1.0
layernorm: model.layers.14.input_layernorm.weight, dead_neurons_mask ct: 9.0
layernorm: model.layers.14.post_attention_layernorm.weight, dead_neurons_mask ct: 2.0
layernorm: model.layers.15.input_layernorm.weight, dead_neurons_mask ct: 6.0
layernorm: model.layers.15.post_attention_layernorm.weight, dead_neurons_mask ct: 1.0
layernorm: model.layers.16.input_layernorm.weight, dead_neurons_mask ct: 5.0
layernorm: model.layers.16.post_attention_layernorm.weight, dead_neurons_mask ct: 1.0
layernorm: model.layers.17.input_layernorm.weight, dead_neurons_mask ct: 5.0
layernorm: model.layers.17.post_attention_layernorm.weight, dead_neurons_mask ct: 1.0
layernorm: model.layers.18.input_layernorm.weight, dead_neurons_mask ct: 4.0
layernorm: model.layers.18.post_attention_layernorm.weight, dead_neurons_mask ct: 1.0
layernorm: model.layers.19.input_layernorm.weight, dead_neurons_mask ct: 5.0
layernorm: model.layers.19.post_attention_layernorm.weight, dead_neurons_mask ct: 1.0
layernorm: model.layers.20.input_layernorm.weight, dead_neurons_mask ct: 4.0
layernorm: model.layers.20.post_attention_layernorm.weight, dead_neurons_mask ct: 1.0
layernorm: model.layers.21.input_layernorm.weight, dead_neurons_mask ct: 3.0
layernorm: model.layers.21.post_attention_layernorm.weight, dead_neurons_mask ct: 1.0
layernorm: model.layers.22.input_layernorm.weight, dead_neurons_mask ct: 4.0
layernorm: model.layers.22.post_attention_layernorm.weight, dead_neurons_mask ct: 0.0
layernorm: model.layers.23.input_layernorm.weight, dead_neurons_mask ct: 3.0
layernorm: model.layers.23.post_attention_layernorm.weight, dead_neurons_mask ct: 0.0
layernorm: model.layers.24.input_layernorm.weight, dead_neurons_mask ct: 4.0
layernorm: model.layers.24.post_attention_layernorm.weight, dead_neurons_mask ct: 1.0
layernorm: model.layers.25.input_layernorm.weight, dead_neurons_mask ct: 4.0
layernorm: model.layers.25.post_attention_layernorm.weight, dead_neurons_mask ct: 1.0
layernorm: model.layers.26.input_layernorm.weight, dead_neurons_mask ct: 3.0
layernorm: model.layers.26.post_attention_layernorm.weight, dead_neurons_mask ct: 1.0
layernorm: model.layers.27.input_layernorm.weight, dead_neurons_mask ct: 2.0
layernorm: model.layers.27.post_attention_layernorm.weight, dead_neurons_mask ct: 0.0
layernorm: model.layers.28.input_layernorm.weight, dead_neurons_mask ct: 3.0
layernorm: model.layers.28.post_attention_layernorm.weight, dead_neurons_mask ct: 1.0
layernorm: model.layers.29.input_layernorm.weight, dead_neurons_mask ct: 3.0
layernorm: model.layers.29.post_attention_layernorm.weight, dead_neurons_mask ct: 1.0
layernorm: model.layers.30.input_layernorm.weight, dead_neurons_mask ct: 3.0
layernorm: model.layers.30.post_attention_layernorm.weight, dead_neurons_mask ct: 1.0
layernorm: model.layers.31.input_layernorm.weight, dead_neurons_mask ct: 3.0
layernorm: model.layers.31.post_attention_layernorm.weight, dead_neurons_mask ct: 1.0
layernorm: model.layers.32.input_layernorm.weight, dead_neurons_mask ct: 4.0
layernorm: model.layers.32.post_attention_layernorm.weight, dead_neurons_mask ct: 2.0
layernorm: model.layers.33.input_layernorm.weight, dead_neurons_mask ct: 2.0
layernorm: model.layers.33.post_attention_layernorm.weight, dead_neurons_mask ct: 1.0
layernorm: model.layers.34.input_layernorm.weight, dead_neurons_mask ct: 3.0
layernorm: model.layers.34.post_attention_layernorm.weight, dead_neurons_mask ct: 1.0
layernorm: model.layers.35.input_layernorm.weight, dead_neurons_mask ct: 3.0
layernorm: model.layers.35.post_attention_layernorm.weight, dead_neurons_mask ct: 1.0
layernorm: model.layers.36.input_layernorm.weight, dead_neurons_mask ct: 2.0
layernorm: model.layers.36.post_attention_layernorm.weight, dead_neurons_mask ct: 2.0
layernorm: model.layers.37.input_layernorm.weight, dead_neurons_mask ct: 1.0
layernorm: model.layers.37.post_attention_layernorm.weight, dead_neurons_mask ct: 1.0
layernorm: model.layers.38.input_layernorm.weight, dead_neurons_mask ct: 3.0
layernorm: model.layers.38.post_attention_layernorm.weight, dead_neurons_mask ct: 1.0
layernorm: model.layers.39.input_layernorm.weight, dead_neurons_mask ct: 2.0
layernorm: model.layers.39.post_attention_layernorm.weight, dead_neurons_mask ct: 1.0
layernorm: model.layers.40.input_layernorm.weight, dead_neurons_mask ct: 2.0
layernorm: model.layers.40.post_attention_layernorm.weight, dead_neurons_mask ct: 1.0
layernorm: model.layers.41.input_layernorm.weight, dead_neurons_mask ct: 4.0
layernorm: model.layers.41.post_attention_layernorm.weight, dead_neurons_mask ct: 1.0
layernorm: model.layers.42.input_layernorm.weight, dead_neurons_mask ct: 1.0
layernorm: model.layers.42.post_attention_layernorm.weight, dead_neurons_mask ct: 1.0
layernorm: model.layers.43.input_layernorm.weight, dead_neurons_mask ct: 1.0
layernorm: model.layers.43.post_attention_layernorm.weight, dead_neurons_mask ct: 1.0
layernorm: model.layers.44.input_layernorm.weight, dead_neurons_mask ct: 2.0
layernorm: model.layers.44.post_attention_layernorm.weight, dead_neurons_mask ct: 1.0
layernorm: model.layers.45.input_layernorm.weight, dead_neurons_mask ct: 2.0
layernorm: model.layers.45.post_attention_layernorm.weight, dead_neurons_mask ct: 1.0
layernorm: model.layers.46.input_layernorm.weight, dead_neurons_mask ct: 1.0
layernorm: model.layers.46.post_attention_layernorm.weight, dead_neurons_mask ct: 1.0
layernorm: model.layers.47.input_layernorm.weight, dead_neurons_mask ct: 0.0
layernorm: model.layers.47.post_attention_layernorm.weight, dead_neurons_mask ct: 1.0
layernorm: model.layers.48.input_layernorm.weight, dead_neurons_mask ct: 0.0
layernorm: model.layers.48.post_attention_layernorm.weight, dead_neurons_mask ct: 1.0
layernorm: model.layers.49.input_layernorm.weight, dead_neurons_mask ct: 0.0
layernorm: model.layers.49.post_attention_layernorm.weight, dead_neurons_mask ct: 1.0
layernorm: model.layers.50.input_layernorm.weight, dead_neurons_mask ct: 2.0
layernorm: model.layers.50.post_attention_layernorm.weight, dead_neurons_mask ct: 1.0
layernorm: model.layers.51.input_layernorm.weight, dead_neurons_mask ct: 0.0
layernorm: model.layers.51.post_attention_layernorm.weight, dead_neurons_mask ct: 1.0
layernorm: model.layers.52.input_layernorm.weight, dead_neurons_mask ct: 2.0
layernorm: model.layers.52.post_attention_layernorm.weight, dead_neurons_mask ct: 1.0
layernorm: model.layers.53.input_layernorm.weight, dead_neurons_mask ct: 1.0
layernorm: model.layers.53.post_attention_layernorm.weight, dead_neurons_mask ct: 1.0
layernorm: model.layers.54.input_layernorm.weight, dead_neurons_mask ct: 0.0
layernorm: model.layers.54.post_attention_layernorm.weight, dead_neurons_mask ct: 1.0
layernorm: model.layers.55.input_layernorm.weight, dead_neurons_mask ct: 1.0
layernorm: model.layers.55.post_attention_layernorm.weight, dead_neurons_mask ct: 1.0
layernorm: model.layers.56.input_layernorm.weight, dead_neurons_mask ct: 3.0
layernorm: model.layers.56.post_attention_layernorm.weight, dead_neurons_mask ct: 1.0
layernorm: model.layers.57.input_layernorm.weight, dead_neurons_mask ct: 0.0
layernorm: model.layers.57.post_attention_layernorm.weight, dead_neurons_mask ct: 1.0
layernorm: model.layers.58.input_layernorm.weight, dead_neurons_mask ct: 3.0
layernorm: model.layers.58.post_attention_layernorm.weight, dead_neurons_mask ct: 2.0
layernorm: model.layers.59.input_layernorm.weight, dead_neurons_mask ct: 1.0
layernorm: model.layers.59.post_attention_layernorm.weight, dead_neurons_mask ct: 2.0
layernorm: model.layers.60.input_layernorm.weight, dead_neurons_mask ct: 2.0
layernorm: model.layers.60.post_attention_layernorm.weight, dead_neurons_mask ct: 0.0
layernorm: model.layers.61.input_layernorm.weight, dead_neurons_mask ct: 1.0
layernorm: model.layers.61.post_attention_layernorm.weight, dead_neurons_mask ct: 2.0
layernorm: model.layers.62.input_layernorm.weight, dead_neurons_mask ct: 2.0
layernorm: model.layers.62.post_attention_layernorm.weight, dead_neurons_mask ct: 2.0
layernorm: model.layers.63.input_layernorm.weight, dead_neurons_mask ct: 0.0
layernorm: model.layers.63.post_attention_layernorm.weight, dead_neurons_mask ct: 0.0
